(2026-03-16T11:17:12.989495109) (2026-03-16T11:17:12.989503080) [Msg] Ignition Gazebo Server v6.17.1
(2026-03-16T11:17:12.991714718) (2026-03-16T11:17:12.991724989) [Msg] Loading SDF world file[/home/user/ros2_ws/install/mrsim_gazebo_sim/share/mrsim_gazebo_sim/worlds/example.world].
(2026-03-16T11:17:13.261127116) (2026-03-16T11:17:13.261138590) [Msg] Serving entity system service on [/entity/system/add]
(2026-03-16T11:17:13.294395647) (2026-03-16T11:17:13.294403111) [Dbg] [SystemManager.cc:73] Loaded system [ignition::gazebo::systems::ShaderParam] for entity [9]
(2026-03-16T11:17:13.297738951) (2026-03-16T11:17:13.297751471) [Dbg] [SystemManager.cc:73] Loaded system [mrsim_gazebo_sim::SetPegPosePlugin] for entity [10]
(2026-03-16T11:17:13.335834173) (2026-03-16T11:17:13.335841907) [Dbg] [SystemManager.cc:73] Loaded system [mrsim_gazebo_sim::MrsimDroneIgnPlugin] for entity [14]
(2026-03-16T11:17:13.337651933) (2026-03-16T11:17:13.337662777) [Dbg] [MulticopterMotorModel.cc:373] Listening to topic: qr4/gazebo/command/motor_speed
(2026-03-16T11:17:13.337917953) (2026-03-16T11:17:13.337925173) [Dbg] [SystemManager.cc:73] Loaded system [ignition::gazebo::systems::MulticopterMotorModel] for entity [14]
(2026-03-16T11:17:13.338501814) (2026-03-16T11:17:13.338510347) [Dbg] [MulticopterMotorModel.cc:373] Listening to topic: qr4/gazebo/command/motor_speed
(2026-03-16T11:17:13.338723602) (2026-03-16T11:17:13.338729550) [Dbg] [SystemManager.cc:73] Loaded system [ignition::gazebo::systems::MulticopterMotorModel] for entity [14]
(2026-03-16T11:17:13.339293382) (2026-03-16T11:17:13.339301208) [Dbg] [MulticopterMotorModel.cc:373] Listening to topic: qr4/gazebo/command/motor_speed
(2026-03-16T11:17:13.339450010) (2026-03-16T11:17:13.339456639) [Dbg] [SystemManager.cc:73] Loaded system [ignition::gazebo::systems::MulticopterMotorModel] for entity [14]
(2026-03-16T11:17:13.339827833) (2026-03-16T11:17:13.339834210) [Dbg] [MulticopterMotorModel.cc:373] Listening to topic: qr4/gazebo/command/motor_speed
(2026-03-16T11:17:13.339946184) (2026-03-16T11:17:13.339952128) [Dbg] [SystemManager.cc:73] Loaded system [ignition::gazebo::systems::MulticopterMotorModel] for entity [14]
(2026-03-16T11:17:13.341734918) (2026-03-16T11:17:13.341746415) [Msg] OdometryPublisher publishing odometry on [/model/qr4/odometry]
(2026-03-16T11:17:13.341903779) (2026-03-16T11:17:13.341910200) [Msg] OdometryPublisher publishing odometry with covariance on [/model/qr4/odometry_with_covariance]
(2026-03-16T11:17:13.342061423) (2026-03-16T11:17:13.342067170) [Msg] OdometryPublisher publishing Pose_V (TF) on [/model/qr4/pose]
(2026-03-16T11:17:13.342098748) (2026-03-16T11:17:13.342104050) [Dbg] [SystemManager.cc:73] Loaded system [ignition::gazebo::systems::OdometryPublisher] for entity [14]
(2026-03-16T11:17:13.354129257) (2026-03-16T11:17:13.354137952) [Dbg] [Sensors.cc:506] Configuring Sensors system
(2026-03-16T11:17:13.354231024) (2026-03-16T11:17:13.354234661) [Dbg] [Sensors.cc:431] SensorsPrivate::Run
(() (2026-03-16T11:17:13.354354020) 2026-03-16T11:17:13.354338291[Dbg] [Sensors.cc:411] 2026-03-16T11:17:13.354338291[Dbg] [Sensors.cc:411] ) (SensorsPrivate::RenderThread started
2026-03-16T11:17:13.354371988) ([Dbg] [SystemManager.cc:73] 2026-03-16T11:17:13.354391590) Loaded system [(2026-03-16T11:17:13.354402459) ignition::gazebo::systems::Sensors] for entity [1414Waiting for init
]
(2026-03-16T11:17:13.355012935) (2026-03-16T11:17:13.355019541) [Msg] Loaded level [3]
(2026-03-16T11:17:13.355050682) (2026-03-16T11:17:13.355054088) [Msg] No systems loaded from SDF, loading defaults
(2026-03-16T11:17:13.355200250) (2026-03-16T11:17:13.355204082) [Dbg] [ServerConfig.cc:1043] Loaded (3) plugins from file [/home/user/.ignition/gazebo/6/server.config]
(2026-03-16T11:17:13.381884780) (2026-03-16T11:17:13.381898365) [Dbg] [Physics.cc:804] Loaded [ignition::physics::dartsim::Plugin] from library [/usr/lib/x86_64-linux-gnu/ign-physics-5/engine-plugins/libignition-physics-dartsim-plugin.so]
(2026-03-16T11:17:13.383973491) (2026-03-16T11:17:13.383986008) [Dbg] [SystemManager.cc:73] Loaded system [gz::sim::systems::Physics] for entity [1]
(2026-03-16T11:17:13.387663397) (2026-03-16T11:17:13.387676266) [Msg] Create service on [/world/mrsim/create]
(2026-03-16T11:17:13.388017576) (2026-03-16T11:17:13.388024873) [Msg] Remove service on [/world/mrsim/remove]
(2026-03-16T11:17:13.388780391) (2026-03-16T11:17:13.388788084) [Msg] Pose service on [/world/mrsim/set_pose]
(2026-03-16T11:17:13.389108653) (2026-03-16T11:17:13.389115537) [Msg] Pose service on [/world/mrsim/set_pose_vector]
(2026-03-16T11:17:13.389400018) (2026-03-16T11:17:13.389406800) [Msg] Light configuration service on [/world/mrsim/light_config]
(2026-03-16T11:17:13.389897080) (2026-03-16T11:17:13.389903568) [Msg] Physics service on [/world/mrsim/set_physics]
(2026-03-16T11:17:13.390135426) (2026-03-16T11:17:13.390142505) [Msg] SphericalCoordinates service on [/world/mrsim/set_spherical_coordinates]
(2026-03-16T11:17:13.390356661) (2026-03-16T11:17:13.390364241) [Msg] Enable collision service on [/world/mrsim/enable_collision]
(2026-03-16T11:17:13.390542416) (2026-03-16T11:17:13.390548064) [Msg] Disable collision service on [/world/mrsim/disable_collision]
(2026-03-16T11:17:13.390938361) (2026-03-16T11:17:13.390945251) [Msg] Material service on [/world/mrsim/visual_config]
(2026-03-16T11:17:13.391165694) (2026-03-16T11:17:13.391171804) [Msg] Material service on [/world/mrsim/wheel_slip]
(2026-03-16T11:17:13.391254715) (2026-03-16T11:17:13.391260088) [Dbg] [SystemManager.cc:73] Loaded system [gz::sim::systems::UserCommands] for entity [1]
(2026-03-16T11:17:13.393858119) (2026-03-16T11:17:13.393870468) [Dbg] [SystemManager.cc:73] Loaded system [gz::sim::systems::SceneBroadcaster] for entity [1]
(2026-03-16T11:17:13.394778337) (2026-03-16T11:17:13.394787744) [Msg] Serving world controls on [/world/mrsim/control], [/world/mrsim/control/state] and [/world/mrsim/playback/control]
(2026-03-16T11:17:13.395056248) (2026-03-16T11:17:13.395063319) [Msg] Serving GUI information on [/world/mrsim/gui/info]
(2026-03-16T11:17:13.395094030) (2026-03-16T11:17:13.395099643) [Msg] World [mrsim] initialized with [1ms] physics profile.
(2026-03-16T11:17:13.395415759) (2026-03-16T11:17:13.395422996) [Msg] Serving world SDF generation service on [/world/mrsim/generate_world_sdf]
(2026-03-16T11:17:13.395748250) (2026-03-16T11:17:13.395754668) [Msg] Serving world names on [/gazebo/worlds]
(2026-03-16T11:17:13.395958957) (2026-03-16T11:17:13.395964223) [Msg] Resource path add service on [/gazebo/resource_paths/add].
(2026-03-16T11:17:13.396156175) (2026-03-16T11:17:13.396162360) [Msg] Resource path get service on [/gazebo/resource_paths/get].
(2026-03-16T11:17:13.496799473) (2026-03-16T11:17:13.496814303) [Msg] Resource path resolve service on [/gazebo/resource_paths/resolve].
(2026-03-16T11:17:13.497030650) (2026-03-16T11:17:13.497067974) [Msg] Resource paths published on [/gazebo/resource_paths].
(2026-03-16T11:17:13.497292914) (2026-03-16T11:17:13.497300696) [Msg] Server control service on [/server_control].
(2026-03-16T11:17:14.887866568) (2026-03-16T11:17:14.887878639) [Msg] Found no publishers on /stats, adding root stats topic
(2026-03-16T11:17:14.888174970) (2026-03-16T11:17:14.888182656) [Msg] Found no publishers on /clock, adding root clock topic
(2026-03-16T11:17:14.888414495) (2026-03-16T11:17:14.888420001) [Dbg] [SimulationRunner.cc:501] Creating PostUpdate worker threads: 4
(2026-03-16T11:17:14.888443303) (2026-03-16T11:17:14.888448689) [Dbg] [SimulationRunner.cc:512] Creating postupdate worker thread (0)
(2026-03-16T11:17:14.888550728) (2026-03-16T11:17:14.888557436) [Dbg] [SimulationRunner.cc:512] Creating postupdate worker thread (1)
(2026-03-16T11:17:14.888613410) (2026-03-16T11:17:14.888619216) [Dbg] [SimulationRunner.cc:512] Creating postupdate worker thread (2)
(2026-03-16T11:17:14.912831409) (2026-03-16T11:17:14.912846148) [Dbg] [SimulationFeatures.cc:71] Simulation timestep set to: 0.005
(2026-03-16T11:17:14.913624902) (2026-03-16T11:17:14.913634088) [Dbg] [Sensors.cc:610] Initialization needed
(2026-03-16T11:17:14.913698796) (2026-03-16T11:17:14.913705686) [Dbg] [Sensors.cc:270] Initializing render context
(2026-03-16T11:17:14.913897853) (2026-03-16T11:17:14.913903393) [Msg] Loading plugin [ignition-rendering-ogre2]
(2026-03-16T11:17:14.920138109) (2026-03-16T11:17:14.920155205) [Msg] Serving scene information on [/world/mrsim/scene/info]
(2026-03-16T11:17:14.920374956) (2026-03-16T11:17:14.920382321) [Msg] Serving graph information on [/world/mrsim/scene/graph]
(2026-03-16T11:17:14.920738269) (2026-03-16T11:17:14.920746704) [Msg] Serving full state on [/world/mrsim/state]
(2026-03-16T11:17:14.920864304) (2026-03-16T11:17:14.920871582) [Msg] Serving full state (async) on [/world/mrsim/state_async]
(2026-03-16T11:17:14.921988134) (2026-03-16T11:17:14.921998689) [Msg] Publishing scene information on [/world/mrsim/scene/info]
(2026-03-16T11:17:14.922339685) (2026-03-16T11:17:14.922347390) [Msg] Publishing entity deletions on [/world/mrsim/scene/deletion]
(2026-03-16T11:17:14.922638093) (2026-03-16T11:17:14.922646154) [Msg] Publishing state changes on [/world/mrsim/state]
(2026-03-16T11:17:14.922808430) (2026-03-16T11:17:14.922814666) [Msg] Publishing pose messages on [/world/mrsim/pose/info]
(2026-03-16T11:17:14.922981228) (2026-03-16T11:17:14.922987953) [Msg] Publishing dynamic pose messages on [/world/mrsim/dynamic_pose/info]
(2026-03-16T11:17:14.923382426) (2026-03-16T11:17:14.923388430) [Dbg] [EntityComponentManager.cc:1623] Updated state thread iterators: 8 threads processing around 6 entities each.
(2026-03-16T11:17:15.120878042) (2026-03-16T11:17:15.120884311) [Dbg] [RenderUtil.cc:2591] Create scene [scene]
((2026-03-16T11:17:15.148398201) (2026-03-16T11:17:15.1484087262026-03-16T11:17:15.1484087262026-03-16T11:17:15.148382707) (2026-03-16T11:17:15.148421156) ) [Dbg] [Sensors.cc:284] Rendering Thread initialized
[Dbg] [Sensors.cc:610] Initialization needed

[Dbg] [Sensors.cc:610] (2026-03-16T11:17:15.979660749) (2026-03-16T11:17:15.979669019) [Dbg] [CameraSensor.cc:394] Camera images for [qr4::base::camera] advertised on [/camera]
(2026-03-16T11:17:15.979776272) (2026-03-16T11:17:15.979783020) [Dbg] [CameraSensor.cc:705] Camera info for [qr4::base::camera] advertised on [/camera_info]
(2026-03-16T11:17:15.980073554) (2026-03-16T11:17:15.980077761) [Wrn] [Ogre2Camera.cc:390] Ogre2Camera::SetVisibilityMask: Mask bits c0000000 are set but will be ignored as they conflict with the reserved bits used internally by the ogre2 backend.
(2026-03-16T11:17:15.980233437) (2026-03-16T11:17:15.980237296) [Msg] Loading plugin [ignition-rendering-ogre2]
(2026-03-16T11:17:16.35416408) (2026-03-16T11:17:16.35425719) [Dbg] [CameraSensor.cc:518] Enabling camera sensor: 'qr4::base::camera' data generation.
(2026-03-16T11:17:36.510061043) (2026-03-16T11:17:36.510073852) [Dbg] [SignalHandler.cc:141] Received signal[2].
(2026-03-16T11:17:36.510111876) (2026-03-16T11:17:36.510116900) [Dbg] [ServerPrivate.cc:110] Server received signal[2]
(2026-03-16T11:17:36.510139914) (2026-03-16T11:17:36.510144243) [Dbg] [Sensors.cc:439] SensorsPrivate::Stop
(2026-03-16T11:17:36.512320709) (2026-03-16T11:17:36.512334116) [Dbg] [Sensors.cc:425] SensorsPrivate::RenderThread stopped
(2026-03-16T11:17:36.514509615) (2026-03-16T11:17:36.514524332) [Dbg] [gz.cc:410] Shutting down ign-gazebo-server
(2026-03-16T11:17:36.518629069) (2026-03-16T11:17:36.518642396) [Dbg] [SimulationRunner.cc:528] Exiting postupdate worker thread (2)
(2026-03-16T11:17:36.518759819) (2026-03-16T11:17:36.518766121) [Dbg] [SimulationRunner.cc:528] Exiting postupdate worker thread (0)
(2026-03-16T11:17:36.518809895) (2026-03-16T11:17:36.518816674) [Dbg] [SimulationRunner.cc:528] Exiting postupdate worker thread (1)
(2026-03-16T11:17:36.558925268) (2026-03-16T11:17:36.558937112) [Dbg] [Sensors.cc:439] SensorsPrivate::Stop
