(2026-03-16T11:16:34.968708326) (2026-03-16T11:16:34.968717032) [Msg] Ignition Gazebo Server v6.17.1
(2026-03-16T11:16:34.971345376) (2026-03-16T11:16:34.971367769) [Msg] Loading SDF world file[/home/user/ros2_ws/install/mrsim_gazebo_sim/share/mrsim_gazebo_sim/worlds/example.world].
(2026-03-16T11:16:35.169830326) (2026-03-16T11:16:35.169839057) [Msg] Serving entity system service on [/entity/system/add]
(2026-03-16T11:16:35.191482477) (2026-03-16T11:16:35.191495461) [Dbg] [SystemManager.cc:73] Loaded system [ignition::gazebo::systems::ShaderParam] for entity [9]
(2026-03-16T11:16:35.194313657) (2026-03-16T11:16:35.194321698) [Dbg] [SystemManager.cc:73] Loaded system [mrsim_gazebo_sim::SetPegPosePlugin] for entity [10]
(2026-03-16T11:16:35.218723873) (2026-03-16T11:16:35.218733837) [Dbg] [SystemManager.cc:73] Loaded system [mrsim_gazebo_sim::MrsimDroneIgnPlugin] for entity [14]
(2026-03-16T11:16:35.219982440) (2026-03-16T11:16:35.219989092) [Dbg] [MulticopterMotorModel.cc:373] Listening to topic: qr4/gazebo/command/motor_speed
(2026-03-16T11:16:35.220077367) (2026-03-16T11:16:35.220081803) [Dbg] [SystemManager.cc:73] Loaded system [ignition::gazebo::systems::MulticopterMotorModel] for entity [14]
(2026-03-16T11:16:35.220318362) (2026-03-16T11:16:35.220322720) [Dbg] [MulticopterMotorModel.cc:373] Listening to topic: qr4/gazebo/command/motor_speed
(2026-03-16T11:16:35.220374651) (2026-03-16T11:16:35.220378547) [Dbg] [SystemManager.cc:73] Loaded system [ignition::gazebo::systems::MulticopterMotorModel] for entity [14]
(2026-03-16T11:16:35.220597895) (2026-03-16T11:16:35.220602097) [Dbg] [MulticopterMotorModel.cc:373] Listening to topic: qr4/gazebo/command/motor_speed
(2026-03-16T11:16:35.220644214) (2026-03-16T11:16:35.220648037) [Dbg] [SystemManager.cc:73] Loaded system [ignition::gazebo::systems::MulticopterMotorModel] for entity [14]
(2026-03-16T11:16:35.220840607) (2026-03-16T11:16:35.220844630) [Dbg] [MulticopterMotorModel.cc:373] Listening to topic: qr4/gazebo/command/motor_speed
(2026-03-16T11:16:35.220887801) (2026-03-16T11:16:35.220891753) [Dbg] [SystemManager.cc:73] Loaded system [ignition::gazebo::systems::MulticopterMotorModel] for entity [14]
(2026-03-16T11:16:35.222138694) (2026-03-16T11:16:35.222146142) [Msg] OdometryPublisher publishing odometry on [/model/qr4/odometry]
(2026-03-16T11:16:35.222220585) (2026-03-16T11:16:35.222224808) [Msg] OdometryPublisher publishing odometry with covariance on [/model/qr4/odometry_with_covariance]
(2026-03-16T11:16:35.222281453) (2026-03-16T11:16:35.222285473) [Msg] OdometryPublisher publishing Pose_V (TF) on [/model/qr4/pose]
(2026-03-16T11:16:35.222305972) (2026-03-16T11:16:35.222309516) [Dbg] [SystemManager.cc:73] Loaded system [ignition::gazebo::systems::OdometryPublisher] for entity [14]
(2026-03-16T11:16:35.233653171) (2026-03-16T11:16:35.233659986) [Dbg] [Sensors.cc:506] Configuring Sensors system
(2026-03-16T11:16:35.233741980) (2026-03-16T11:16:35.233745542) [Dbg] [Sensors.cc:431] SensorsPrivate::Run
(2026-03-16T11:16:35.233827628) (2026-03-16T11:16:35.233831436) [Dbg] [SystemManager.cc:73] Loaded system [ignition::gazebo::systems::Sensors] for entity [14]
2026-03-16T11:16:35.233853228) (2026-03-16T11:16:35.233867790) [Dbg] [Sensors.cc:411] SensorsPrivate::RenderThread started
(2026-03-16T11:16:35.233886179) (2026-03-16T11:16:35.233890017) [Dbg] [Sensors.cc:258] Waiting for init
(2026-03-16T11:16:35.234166854) (2026-03-16T11:16:35.234170883) [Msg] Loaded level [3]
(2026-03-16T11:16:35.234187897) (2026-03-16T11:16:35.234191440) [Msg] No systems loaded from SDF, loading defaults
(2026-03-16T11:16:35.234578622) (2026-03-16T11:16:35.234582943) [Dbg] [ServerConfig.cc:1043] Loaded (3) plugins from file [/home/user/.ignition/gazebo/6/server.config]
(2026-03-16T11:16:35.264162368) (2026-03-16T11:16:35.264183765) [Dbg] [Physics.cc:804] Loaded [ignition::physics::dartsim::Plugin] from library [/usr/lib/x86_64-linux-gnu/ign-physics-5/engine-plugins/libignition-physics-dartsim-plugin.so]
(2026-03-16T11:16:35.264305107) (2026-03-16T11:16:35.264312030) [Dbg] [SystemManager.cc:73] Loaded system [gz::sim::systems::Physics] for entity [1]
(2026-03-16T11:16:35.266891833) (2026-03-16T11:16:35.266899205) [Msg] Create service on [/world/mrsim/create]
(2026-03-16T11:16:35.266977604) (2026-03-16T11:16:35.266981593) [Msg] Remove service on [/world/mrsim/remove]
(2026-03-16T11:16:35.267040190) (2026-03-16T11:16:35.267044125) [Msg] Pose service on [/world/mrsim/set_pose]
(2026-03-16T11:16:35.267081019) (2026-03-16T11:16:35.267084752) [Msg] Pose service on [/world/mrsim/set_pose_vector]
(2026-03-16T11:16:35.267173415) (2026-03-16T11:16:35.267177281) [Msg] Light configuration service on [/world/mrsim/light_config]
(2026-03-16T11:16:35.267291093) (2026-03-16T11:16:35.267295109) [Msg] Physics service on [/world/mrsim/set_physics]
(2026-03-16T11:16:35.267354953) (2026-03-16T11:16:35.267358817) [Msg] SphericalCoordinates service on [/world/mrsim/set_spherical_coordinates]
(2026-03-16T11:16:35.267392533) (2026-03-16T11:16:35.267396274) [Msg] Enable collision service on [/world/mrsim/enable_collision]
(2026-03-16T11:16:35.267427880) (2026-03-16T11:16:35.267431634) [Msg] Disable collision service on [/world/mrsim/disable_collision]
(2026-03-16T11:16:35.267524085) (2026-03-16T11:16:35.267528015) [Msg] Material service on [/world/mrsim/visual_config]
(2026-03-16T11:16:35.267582700) (2026-03-16T11:16:35.267586564) [Msg] Material service on [/world/mrsim/wheel_slip]
(2026-03-16T11:16:35.267607920) (2026-03-16T11:16:35.267611359) [Dbg] [SystemManager.cc:73] Loaded system [gz::sim::systems::UserCommands] for entity [1]
(2026-03-16T11:16:35.269251742) (2026-03-16T11:16:35.269258743) [Dbg] [SystemManager.cc:73] Loaded system [gz::sim::systems::SceneBroadcaster] for entity [1]
(2026-03-16T11:16:35.269558421) (2026-03-16T11:16:35.269565861) [Msg] Serving world controls on [/world/mrsim/control], [/world/mrsim/control/state] and [/world/mrsim/playback/control]
(2026-03-16T11:16:35.269667103) (2026-03-16T11:16:35.269673707) [Msg] Serving GUI information on [/world/mrsim/gui/info]
(2026-03-16T11:16:35.269697159) (2026-03-16T11:16:35.269700668) [Msg] World [mrsim] initialized with [1ms] physics profile.
(2026-03-16T11:16:35.269792440) (2026-03-16T11:16:35.269798799) [Msg] Serving world SDF generation service on [/world/mrsim/generate_world_sdf]
(2026-03-16T11:16:35.269871795) (2026-03-16T11:16:35.269877926) [Msg] Serving world names on [/gazebo/worlds]
(2026-03-16T11:16:35.269922390) (2026-03-16T11:16:35.269928749) [Msg] Resource path add service on [/gazebo/resource_paths/add].
(2026-03-16T11:16:35.269971204) (2026-03-16T11:16:35.269977406) [Msg] Resource path get service on [/gazebo/resource_paths/get].
(2026-03-16T11:16:35.270016820) (2026-03-16T11:16:35.270022402) [Msg] Resource path resolve service on [/gazebo/resource_paths/resolve].
(2026-03-16T11:16:35.270114004) (2026-03-16T11:16:35.270120541) [Msg] Resource paths published on [/gazebo/resource_paths].
(2026-03-16T11:16:35.370484156) (2026-03-16T11:16:35.370492313) [Msg] Server control service on [/server_control].
(2026-03-16T11:16:36.858534655) (2026-03-16T11:16:36.858547242) [Msg] Found no publishers on /stats, adding root stats topic
(2026-03-16T11:16:36.858751021) (2026-03-16T11:16:36.858758584) [Msg] Found no publishers on /clock, adding root clock topic
(2026-03-16T11:16:36.858932356) (2026-03-16T11:16:36.858939092) [Dbg] [SimulationRunner.cc:501] Creating PostUpdate worker threads: 4
(2026-03-16T11:16:36.858966153) (2026-03-16T11:16:36.858972191) [Dbg] [SimulationRunner.cc:512] Creating postupdate worker thread (0)
(2026-03-16T11:16:36.859059115) (2026-03-16T11:16:36.859065631) [Dbg] [SimulationRunner.cc:512] Creating postupdate worker thread (1)
(2026-03-16T11:16:36.859118642) (2026-03-16T11:16:36.859124805) [Dbg] [SimulationRunner.cc:512] Creating postupdate worker thread (2)
(2026-03-16T11:16:36.864547280) (2026-03-16T11:16:36.864557378) [Dbg] [SimulationFeatures.cc:71] Simulation timestep set to: 0.005
(2026-03-16T11:16:36.865088648) (2026-03-16T11:16:36.865095148) [Dbg] [Sensors.cc:610] Initialization needed
(2026-03-16T11:16:36.865130843) (2026-03-16T11:16:36.865139519) [Dbg] [Sensors.cc:270] Initializing render context
(2026-03-16T11:16:36.865253261) (2026-03-16T11:16:36.865260040) [Msg] Loading plugin [ignition-rendering-ogre2]
(2026-03-16T11:16:36.865767440) (2026-03-16T11:16:36.865773783) [Msg] Serving scene information on [/world/mrsim/scene/info]
(2026-03-16T11:16:36.865831128) (2026-03-16T11:16:36.865835993) [Msg] Serving graph information on [/world/mrsim/scene/graph]
(2026-03-16T11:16:36.865966654) (2026-03-16T11:16:36.865972288) [Msg] Serving full state on [/world/mrsim/state]
(2026-03-16T11:16:36.866046063) (2026-03-16T11:16:36.866052123) [Msg] Serving full state (async) on [/world/mrsim/state_async]
(2026-03-16T11:16:36.866180101) (2026-03-16T11:16:36.866213835) [Msg] Publishing scene information on [/world/mrsim/scene/info]
(2026-03-16T11:16:36.866271450) (2026-03-16T11:16:36.866277215) [Msg] Publishing entity deletions on [/world/mrsim/scene/deletion]
(2026-03-16T11:16:36.866343373) (2026-03-16T11:16:36.866348412) [Msg] Publishing state changes on [/world/mrsim/state]
(2026-03-16T11:16:36.866471452) (2026-03-16T11:16:36.866476817) [Msg] Publishing pose messages on [/world/mrsim/pose/info]
(2026-03-16T11:16:36.866552748) (2026-03-16T11:16:36.866558859) [Msg] Publishing dynamic pose messages on [/world/mrsim/dynamic_pose/info]
(2026-03-16T11:16:36.866767190) (2026-03-16T11:16:36.866771544) [Dbg] [EntityComponentManager.cc:1623] Updated state thread iterators: 8 threads processing around 6 entities each.
(2026-03-16T11:16:37.349751) (2026-03-16T11:16:37.355828) [Dbg] [RenderUtil.cc:2591] Create scene [scene]
((2026-03-16T11:16:37.249701192026-03-16T11:16:37.24982900) (2026-03-16T11:16:37.24990946) ) () (2026-03-16T11:16:37.25000842) [Dbg] [Sensors.cc:610] Rendering Thread initialized

(2026-03-16T11:16:37.920807080) (2026-03-16T11:16:37.920819534) [Dbg] [CameraSensor.cc:394] Camera images for [qr4::base::camera] advertised on [/camera]
(2026-03-16T11:16:37.921064073) (2026-03-16T11:16:37.921071138) [Dbg] [CameraSensor.cc:705] Camera info for [qr4::base::camera] advertised on [/camera_info]
(2026-03-16T11:16:37.921599688) (2026-03-16T11:16:37.921605794) [Wrn] [Ogre2Camera.cc:390] Ogre2Camera::SetVisibilityMask: Mask bits c0000000 are set but will be ignored as they conflict with the reserved bits used internally by the ogre2 backend.
(2026-03-16T11:16:37.921873855) (2026-03-16T11:16:37.921879597) [Msg] Loading plugin [ignition-rendering-ogre2]
(2026-03-16T11:16:37.999077217) (2026-03-16T11:16:37.999085384) [Dbg] [CameraSensor.cc:518] Enabling camera sensor: 'qr4::base::camera' data generation.
(2026-03-16T11:17:03.187692652) (2026-03-16T11:17:03.187702486) [Dbg] [SignalHandler.cc:141] Received signal[2].
(2026-03-16T11:17:03.187725878) (2026-03-16T11:17:03.187729488) [Dbg] [ServerPrivate.cc:110] Server received signal[2]
(2026-03-16T11:17:03.187747008) (2026-03-16T11:17:03.187750498) [Dbg] [Sensors.cc:439] SensorsPrivate::Stop
(2026-03-16T11:17:03.188261562) (2026-03-16T11:17:03.188267712) [Dbg] [Sensors.cc:425] SensorsPrivate::RenderThread stopped
(2026-03-16T11:17:03.191109660) (2026-03-16T11:17:03.191114832) [Dbg] [gz.cc:410] Shutting down ign-gazebo-server
((2026-03-16T11:17:03.1933795542026-03-16T11:17:03.1933795542026-03-16T11:17:03.193394419) (2026-03-16T11:17:03.193403229) [Dbg] [SimulationRunner.cc:528] ) (2026-03-16T11:17:03.193417032) Exiting postupdate worker thread () ) 2()()2026-03-16T11:17:03.193443183) [Dbg] [SimulationRunner.cc:528] 
[Dbg] [SimulationRunner.cc:528] 
[Dbg] [SimulationRunner.cc:528] Exiting postupdate worker thread (0)
Exiting postupdate worker thread (1)
[Dbg] [SimulationRunner.cc:528] 
(2026-03-16T11:17:03.213237621) (2026-03-16T11:17:03.213248475) [Dbg] [Sensors.cc:439] SensorsPrivate::Stop
