(2026-03-17T14:24:23.638323827) (2026-03-17T14:24:23.638331419) [Msg] Ignition Gazebo Server v6.17.1
(2026-03-17T14:24:23.640342891) (2026-03-17T14:24:23.640352279) [Msg] Loading SDF world file[/home/user/ros2_ws/install/mrsim_gazebo_sim/share/mrsim_gazebo_sim/worlds/example.world].
(2026-03-17T14:24:23.882012370) (2026-03-17T14:24:23.882028429) [Msg] Serving entity system service on [/entity/system/add]
(2026-03-17T14:24:23.904910554) (2026-03-17T14:24:23.904917850) [Dbg] [SystemManager.cc:73] Loaded system [ignition::gazebo::systems::ShaderParam] for entity [9]
(2026-03-17T14:24:23.907234230) (2026-03-17T14:24:23.907244381) [Dbg] [SystemManager.cc:73] Loaded system [mrsim_gazebo_sim::SetPegPosePlugin] for entity [10]
(2026-03-17T14:24:23.938302632) (2026-03-17T14:24:23.938327875) [Dbg] [SystemManager.cc:73] Loaded system [mrsim_gazebo_sim::MrsimDroneIgnPlugin] for entity [14]
(2026-03-17T14:24:23.940585366) (2026-03-17T14:24:23.940595654) [Dbg] [MulticopterMotorModel.cc:373] Listening to topic: qr4/gazebo/command/motor_speed
(2026-03-17T14:24:23.940747485) (2026-03-17T14:24:23.940753959) [Dbg] [SystemManager.cc:73] Loaded system [ignition::gazebo::systems::MulticopterMotorModel] for entity [14]
(2026-03-17T14:24:23.941136489) (2026-03-17T14:24:23.941144137) [Dbg] [MulticopterMotorModel.cc:373] Listening to topic: qr4/gazebo/command/motor_speed
(2026-03-17T14:24:23.941220094) (2026-03-17T14:24:23.941225630) [Dbg] [SystemManager.cc:73] Loaded system [ignition::gazebo::systems::MulticopterMotorModel] for entity [14]
(2026-03-17T14:24:23.941552487) (2026-03-17T14:24:23.941559025) [Dbg] [MulticopterMotorModel.cc:373] Listening to topic: qr4/gazebo/command/motor_speed
(2026-03-17T14:24:23.941624451) (2026-03-17T14:24:23.941630116) [Dbg] [SystemManager.cc:73] Loaded system [ignition::gazebo::systems::MulticopterMotorModel] for entity [14]
(2026-03-17T14:24:23.941930835) (2026-03-17T14:24:23.941937759) [Dbg] [MulticopterMotorModel.cc:373] Listening to topic: qr4/gazebo/command/motor_speed
(2026-03-17T14:24:23.942029797) (2026-03-17T14:24:23.942035493) [Dbg] [SystemManager.cc:73] Loaded system [ignition::gazebo::systems::MulticopterMotorModel] for entity [14]
(2026-03-17T14:24:23.943729543) (2026-03-17T14:24:23.943740682) [Msg] OdometryPublisher publishing odometry on [/model/qr4/odometry]
(2026-03-17T14:24:23.943844385) (2026-03-17T14:24:23.943850437) [Msg] OdometryPublisher publishing odometry with covariance on [/model/qr4/odometry_with_covariance]
(2026-03-17T14:24:23.943929319) (2026-03-17T14:24:23.943935149) [Msg] OdometryPublisher publishing Pose_V (TF) on [/model/qr4/pose]
(2026-03-17T14:24:23.943968233) (2026-03-17T14:24:23.943973857) [Dbg] [SystemManager.cc:73] Loaded system [ignition::gazebo::systems::OdometryPublisher] for entity [14]
(2026-03-17T14:24:23.955533894) (2026-03-17T14:24:23.955542195) [Dbg] [Sensors.cc:506] Configuring Sensors system
(2026-03-17T14:24:23.955648016) (2026-03-17T14:24:23.955652019) [Dbg] [Sensors.cc:431] SensorsPrivate::Run
(2026-03-17T14:24:23.955757031) ((2026-03-17T14:24:23.955766180) (2026-03-17T14:24:23.9557730922026-03-17T14:24:23.9557730922026-03-17T14:24:23.955777079) [Dbg] [Sensors.cc:411] ) SensorsPrivate::RenderThread started
(2026-03-17T14:24:23.955803295) (2026-03-17T14:24:23.955810016) ) ignition::gazebo::systems::Sensors] for entity [14]
Waiting for init
(2026-03-17T14:24:23.956245389) (2026-03-17T14:24:23.956250725) [Msg] Loaded level [3]
(2026-03-17T14:24:23.956273350) (2026-03-17T14:24:23.956277859) [Msg] No systems loaded from SDF, loading defaults
(2026-03-17T14:24:23.956433055) (2026-03-17T14:24:23.956437873) [Dbg] [ServerConfig.cc:1043] Loaded (3) plugins from file [/home/user/.ignition/gazebo/6/server.config]
(2026-03-17T14:24:23.979065604) (2026-03-17T14:24:23.979073900) [Dbg] [Physics.cc:804] Loaded [ignition::physics::dartsim::Plugin] from library [/usr/lib/x86_64-linux-gnu/ign-physics-5/engine-plugins/libignition-physics-dartsim-plugin.so]
(2026-03-17T14:24:23.979130741) (2026-03-17T14:24:23.979134294) [Dbg] [SystemManager.cc:73] Loaded system [gz::sim::systems::Physics] for entity [1]
(2026-03-17T14:24:23.981134009) (2026-03-17T14:24:23.981140841) [Msg] Create service on [/world/mrsim/create]
(2026-03-17T14:24:23.981224362) (2026-03-17T14:24:23.981229157) [Msg] Remove service on [/world/mrsim/remove]
(2026-03-17T14:24:23.981293096) (2026-03-17T14:24:23.981298399) [Msg] Pose service on [/world/mrsim/set_pose]
(2026-03-17T14:24:23.981340419) (2026-03-17T14:24:23.981345251) [Msg] Pose service on [/world/mrsim/set_pose_vector]
(2026-03-17T14:24:23.981441011) (2026-03-17T14:24:23.981446211) [Msg] Light configuration service on [/world/mrsim/light_config]
(2026-03-17T14:24:23.981556768) (2026-03-17T14:24:23.981562313) [Msg] Physics service on [/world/mrsim/set_physics]
(2026-03-17T14:24:23.981627458) (2026-03-17T14:24:23.981632701) [Msg] SphericalCoordinates service on [/world/mrsim/set_spherical_coordinates]
(2026-03-17T14:24:23.981671303) (2026-03-17T14:24:23.981676298) [Msg] Enable collision service on [/world/mrsim/enable_collision]
(2026-03-17T14:24:23.981712807) (2026-03-17T14:24:23.981717848) [Msg] Disable collision service on [/world/mrsim/disable_collision]
(2026-03-17T14:24:23.981859648) (2026-03-17T14:24:23.981865057) [Msg] Material service on [/world/mrsim/visual_config]
(2026-03-17T14:24:23.981970479) (2026-03-17T14:24:23.981976078) [Msg] Material service on [/world/mrsim/wheel_slip]
(2026-03-17T14:24:23.982005587) (2026-03-17T14:24:23.982010161) [Dbg] [SystemManager.cc:73] Loaded system [gz::sim::systems::UserCommands] for entity [1]
(2026-03-17T14:24:23.983629737) (2026-03-17T14:24:23.983638496) [Dbg] [SystemManager.cc:73] Loaded system [gz::sim::systems::SceneBroadcaster] for entity [1]
(2026-03-17T14:24:23.983976629) (2026-03-17T14:24:23.983983244) [Msg] Serving world controls on [/world/mrsim/control], [/world/mrsim/control/state] and [/world/mrsim/playback/control]
(2026-03-17T14:24:23.984060930) (2026-03-17T14:24:23.984067270) [Msg] Serving GUI information on [/world/mrsim/gui/info]
(2026-03-17T14:24:23.984091886) (2026-03-17T14:24:23.984095386) [Msg] World [mrsim] initialized with [1ms] physics profile.
(2026-03-17T14:24:23.984204779) (2026-03-17T14:24:23.984211403) [Msg] Serving world SDF generation service on [/world/mrsim/generate_world_sdf]
(2026-03-17T14:24:23.984303813) (2026-03-17T14:24:23.984310219) [Msg] Serving world names on [/gazebo/worlds]
(2026-03-17T14:24:23.984402303) (2026-03-17T14:24:23.984408364) [Msg] Resource path add service on [/gazebo/resource_paths/add].
(2026-03-17T14:24:23.984472537) (2026-03-17T14:24:23.984479675) [Msg] Resource path get service on [/gazebo/resource_paths/get].
(2026-03-17T14:24:23.984532039) (2026-03-17T14:24:23.984539800) [Msg] Resource path resolve service on [/gazebo/resource_paths/resolve].
(2026-03-17T14:24:23.984688504) (2026-03-17T14:24:23.984696024) [Msg] Resource paths published on [/gazebo/resource_paths].
(2026-03-17T14:24:23.984874218) (2026-03-17T14:24:23.984878617) [Msg] Server control service on [/server_control].
(2026-03-17T14:24:25.537759266) (2026-03-17T14:24:25.537768250) [Msg] Found no publishers on /stats, adding root stats topic
(2026-03-17T14:24:25.537922085) (2026-03-17T14:24:25.537926251) [Msg] Found no publishers on /clock, adding root clock topic
(2026-03-17T14:24:25.538075748) (2026-03-17T14:24:25.538081459) [Dbg] [SimulationRunner.cc:501] Creating PostUpdate worker threads: 4
(2026-03-17T14:24:25.538100809) (2026-03-17T14:24:25.538104439) [Dbg] [SimulationRunner.cc:512] Creating postupdate worker thread (0)
(2026-03-17T14:24:25.538192335) (2026-03-17T14:24:25.538197885) [Dbg] [SimulationRunner.cc:512] Creating postupdate worker thread (1)
(2026-03-17T14:24:25.538246024) (2026-03-17T14:24:25.538251227) [Dbg] [SimulationRunner.cc:512] Creating postupdate worker thread (2)
(2026-03-17T14:24:25.541648979) (2026-03-17T14:24:25.541655805) [Dbg] [SimulationFeatures.cc:71] Simulation timestep set to: 0.005
(2026-03-17T14:24:25.542027741) (2026-03-17T14:24:25.542033861) [Dbg] [Sensors.cc:610] Initialization needed
(2026-03-17T14:24:25.542065468) (2026-03-17T14:24:25.542069880) [Dbg] [Sensors.cc:270] Initializing render context
(2026-03-17T14:24:25.542181698) (2026-03-17T14:24:25.542186741) [Msg] Loading plugin [ignition-rendering-ogre2]
(2026-03-17T14:24:25.542924773) (2026-03-17T14:24:25.542933761) [Msg] Serving scene information on [/world/mrsim/scene/info]
(2026-03-17T14:24:25.543082159) (2026-03-17T14:24:25.543088703) [Msg] Serving graph information on [/world/mrsim/scene/graph]
(2026-03-17T14:24:25.543266061) (2026-03-17T14:24:25.543273433) [Msg] Serving full state on [/world/mrsim/state]
(2026-03-17T14:24:25.543425968) (2026-03-17T14:24:25.543432038) [Msg] Serving full state (async) on [/world/mrsim/state_async]
(2026-03-17T14:24:25.543527372) (2026-03-17T14:24:25.543533836) [Msg] Publishing scene information on [/world/mrsim/scene/info]
(2026-03-17T14:24:25.543638983) (2026-03-17T14:24:25.543645677) [Msg] Publishing entity deletions on [/world/mrsim/scene/deletion]
(2026-03-17T14:24:25.543815799) (2026-03-17T14:24:25.543820019) [Msg] Publishing state changes on [/world/mrsim/state]
(2026-03-17T14:24:25.543868226) (2026-03-17T14:24:25.543872270) [Msg] Publishing pose messages on [/world/mrsim/pose/info]
(2026-03-17T14:24:25.543917512) (2026-03-17T14:24:25.543921379) [Msg] Publishing dynamic pose messages on [/world/mrsim/dynamic_pose/info]
(2026-03-17T14:24:25.546555335) (2026-03-17T14:24:25.546566866) [Dbg] [EntityComponentManager.cc:1623] Updated state thread iterators: 8 threads processing around 6 entities each.
(2026-03-17T14:24:25.693040625) (2026-03-17T14:24:25.693050929) [Dbg] [RenderUtil.cc:2591] Create scene [scene]
((2026-03-17T14:24:25.719682208) ) (2026-03-17T14:24:25.719702375) ) (2026-03-17T14:24:25.7197130482026-03-17T14:24:25.719713048[Dbg] [Sensors.cc:284] ) Rendering Thread initialized

Initialization needed
(2026-03-17T14:24:26.591431353) (2026-03-17T14:24:26.591442208) [Dbg] [CameraSensor.cc:394] Camera images for [qr4::base::camera] advertised on [/camera]
(2026-03-17T14:24:26.591575624) (2026-03-17T14:24:26.591581536) [Dbg] [CameraSensor.cc:705] Camera info for [qr4::base::camera] advertised on [/camera_info]
(2026-03-17T14:24:26.591912727) (2026-03-17T14:24:26.591917964) [Wrn] [Ogre2Camera.cc:390] Ogre2Camera::SetVisibilityMask: Mask bits c0000000 are set but will be ignored as they conflict with the reserved bits used internally by the ogre2 backend.
(2026-03-17T14:24:26.592079969) (2026-03-17T14:24:26.592083735) [Msg] Loading plugin [ignition-rendering-ogre2]
(2026-03-17T14:24:26.649933595) (2026-03-17T14:24:26.649945947) [Dbg] [CameraSensor.cc:518] Enabling camera sensor: 'qr4::base::camera' data generation.
(2026-03-17T14:24:36.206619959) (2026-03-17T14:24:36.206630741) [Dbg] [SignalHandler.cc:141] Received signal[2].
(2026-03-17T14:24:36.206659276) (2026-03-17T14:24:36.206664093) [Dbg] [ServerPrivate.cc:110] Server received signal[2]
(2026-03-17T14:24:36.206685223) (2026-03-17T14:24:36.206689880) [Dbg] [Sensors.cc:439] SensorsPrivate::Stop
(2026-03-17T14:24:36.206976400) (2026-03-17T14:24:36.206984925) [Dbg] [Sensors.cc:425] SensorsPrivate::RenderThread stopped
(2026-03-17T14:24:36.207145659) (2026-03-17T14:24:36.207150885) [Dbg] [gz.cc:410] Shutting down ign-gazebo-server
(((2026-03-17T14:24:36.209930211) (2026-03-17T14:24:36.209946584) (2026-03-17T14:24:36.209955982) 2026-03-17T14:24:36.209927427) 2026-03-17T14:24:36.209927427) ) [Dbg] [SimulationRunner.cc:528] [Dbg] [SimulationRunner.cc:528] ([Dbg] [SimulationRunner.cc:528] [Dbg] [SimulationRunner.cc:528] (2026-03-17T14:24:36.209978331) [Dbg] [SimulationRunner.cc:528] [Dbg] [SimulationRunner.cc:528] [Dbg] [SimulationRunner.cc:528] Exiting postupdate worker thread (0)
1)
2)
(2026-03-17T14:24:36.234737435) (2026-03-17T14:24:36.234745023) [Dbg] [Sensors.cc:439] SensorsPrivate::Stop
