(2026-03-11T12:16:29.432499099) (2026-03-11T12:16:29.432505628) [Msg] Ignition Gazebo Server v6.17.1
(2026-03-11T12:16:29.433994225) (2026-03-11T12:16:29.434000630) [Msg] Loading SDF world file[/home/user/ros2_ws/install/mrsim_gazebo_sim/share/mrsim_gazebo_sim/worlds/example.world].
(2026-03-11T12:16:29.699505860) (2026-03-11T12:16:29.699521546) [Msg] Serving entity system service on [/entity/system/add]
(2026-03-11T12:16:29.736602119) (2026-03-11T12:16:29.736615371) [Dbg] [SystemManager.cc:73] Loaded system [ignition::gazebo::systems::ShaderParam] for entity [9]
(2026-03-11T12:16:29.740933643) (2026-03-11T12:16:29.740944098) [Dbg] [SystemManager.cc:73] Loaded system [mrsim_gazebo_sim::SetPegPosePlugin] for entity [10]
(2026-03-11T12:16:29.775285317) (2026-03-11T12:16:29.775299035) [Dbg] [SystemManager.cc:73] Loaded system [mrsim_gazebo_sim::MrsimDroneIgnPlugin] for entity [14]
(2026-03-11T12:16:29.777271472) (2026-03-11T12:16:29.777280625) [Dbg] [MulticopterMotorModel.cc:373] Listening to topic: qr4/gazebo/command/motor_speed
(2026-03-11T12:16:29.777458698) (2026-03-11T12:16:29.777465142) [Dbg] [SystemManager.cc:73] Loaded system [ignition::gazebo::systems::MulticopterMotorModel] for entity [14]
(2026-03-11T12:16:29.777808323) (2026-03-11T12:16:29.777814245) [Dbg] [MulticopterMotorModel.cc:373] Listening to topic: qr4/gazebo/command/motor_speed
(2026-03-11T12:16:29.777902386) (2026-03-11T12:16:29.777907668) [Dbg] [SystemManager.cc:73] Loaded system [ignition::gazebo::systems::MulticopterMotorModel] for entity [14]
(2026-03-11T12:16:29.778215108) (2026-03-11T12:16:29.778223460) [Dbg] [MulticopterMotorModel.cc:373] Listening to topic: qr4/gazebo/command/motor_speed
(2026-03-11T12:16:29.778301716) (2026-03-11T12:16:29.778307215) [Dbg] [SystemManager.cc:73] Loaded system [ignition::gazebo::systems::MulticopterMotorModel] for entity [14]
(2026-03-11T12:16:29.778602804) (2026-03-11T12:16:29.778610017) [Dbg] [MulticopterMotorModel.cc:373] Listening to topic: qr4/gazebo/command/motor_speed
(2026-03-11T12:16:29.778678969) (2026-03-11T12:16:29.778684481) [Dbg] [SystemManager.cc:73] Loaded system [ignition::gazebo::systems::MulticopterMotorModel] for entity [14]
(2026-03-11T12:16:29.780036312) (2026-03-11T12:16:29.780044443) [Msg] OdometryPublisher publishing odometry on [/model/qr4/odometry]
(2026-03-11T12:16:29.780133105) (2026-03-11T12:16:29.780138657) [Msg] OdometryPublisher publishing odometry with covariance on [/model/qr4/odometry_with_covariance]
(2026-03-11T12:16:29.780217633) (2026-03-11T12:16:29.780222793) [Msg] OdometryPublisher publishing Pose_V (TF) on [/model/qr4/pose]
(2026-03-11T12:16:29.780246965) (2026-03-11T12:16:29.780251548) [Dbg] [SystemManager.cc:73] Loaded system [ignition::gazebo::systems::OdometryPublisher] for entity [14]
(2026-03-11T12:16:29.795540360) (2026-03-11T12:16:29.795550349) [Dbg] [Sensors.cc:506] Configuring Sensors system
(2026-03-11T12:16:29.795643526) (2026-03-11T12:16:29.795648215) [Dbg] [Sensors.cc:431] SensorsPrivate::Run
(2026-03-11T12:16:29.795757212) (2026-03-11T12:16:29.795764578) [Dbg] [SystemManager.cc:73] (Loaded system [ignition::gazebo::systems::Sensors2026-03-11T12:16:29.795794297142026-03-11T12:16:29.79579429714) (2026-03-11T12:16:29.795809752) 14[Dbg] [Sensors.cc:411] SensorsPrivate::RenderThread started
(]2026-03-11T12:16:29.795842367
2026-03-11T12:16:29.795842367
((2026-03-11T12:16:29.795863090) [Dbg] [Sensors.cc:258] Waiting for init
(2026-03-11T12:16:29.796270386) (2026-03-11T12:16:29.796276036) [Msg] Loaded level [3]
(2026-03-11T12:16:29.796297988) (2026-03-11T12:16:29.796302467) [Msg] No systems loaded from SDF, loading defaults
(2026-03-11T12:16:29.796465756) (2026-03-11T12:16:29.796470601) [Dbg] [ServerConfig.cc:1043] Loaded (3) plugins from file [/home/user/.ignition/gazebo/6/server.config]
(2026-03-11T12:16:29.823741009) (2026-03-11T12:16:29.823751355) [Dbg] [Physics.cc:804] Loaded [ignition::physics::dartsim::Plugin] from library [/usr/lib/x86_64-linux-gnu/ign-physics-5/engine-plugins/libignition-physics-dartsim-plugin.so]
(2026-03-11T12:16:29.823811733) (2026-03-11T12:16:29.823816430) [Dbg] [SystemManager.cc:73] Loaded system [gz::sim::systems::Physics] for entity [1]
(2026-03-11T12:16:29.826032926) (2026-03-11T12:16:29.826052513) [Msg] Create service on [/world/mrsim/create]
(2026-03-11T12:16:29.826172984) (2026-03-11T12:16:29.826181714) [Msg] Remove service on [/world/mrsim/remove]
(2026-03-11T12:16:29.826279125) (2026-03-11T12:16:29.826288017) [Msg] Pose service on [/world/mrsim/set_pose]
(2026-03-11T12:16:29.826352356) (2026-03-11T12:16:29.826361123) [Msg] Pose service on [/world/mrsim/set_pose_vector]
(2026-03-11T12:16:29.826490867) (2026-03-11T12:16:29.826499419) [Msg] Light configuration service on [/world/mrsim/light_config]
(2026-03-11T12:16:29.826697563) (2026-03-11T12:16:29.826706587) [Msg] Physics service on [/world/mrsim/set_physics]
(2026-03-11T12:16:29.826803757) (2026-03-11T12:16:29.826812374) [Msg] SphericalCoordinates service on [/world/mrsim/set_spherical_coordinates]
(2026-03-11T12:16:29.826867961) (2026-03-11T12:16:29.826876473) [Msg] Enable collision service on [/world/mrsim/enable_collision]
(2026-03-11T12:16:29.826930244) (2026-03-11T12:16:29.826938561) [Msg] Disable collision service on [/world/mrsim/disable_collision]
(2026-03-11T12:16:29.827072364) (2026-03-11T12:16:29.827081049) [Msg] Material service on [/world/mrsim/visual_config]
(2026-03-11T12:16:29.827165724) (2026-03-11T12:16:29.827174304) [Msg] Material service on [/world/mrsim/wheel_slip]
(2026-03-11T12:16:29.827207047) (2026-03-11T12:16:29.827211641) [Dbg] [SystemManager.cc:73] Loaded system [gz::sim::systems::UserCommands] for entity [1]
(2026-03-11T12:16:29.828732754) (2026-03-11T12:16:29.828740637) [Dbg] [SystemManager.cc:73] Loaded system [gz::sim::systems::SceneBroadcaster] for entity [1]
(2026-03-11T12:16:29.829104971) (2026-03-11T12:16:29.829114271) [Msg] Serving world controls on [/world/mrsim/control], [/world/mrsim/control/state] and [/world/mrsim/playback/control]
(2026-03-11T12:16:29.829215050) (2026-03-11T12:16:29.829223812) [Msg] Serving GUI information on [/world/mrsim/gui/info]
(2026-03-11T12:16:29.829250259) (2026-03-11T12:16:29.829254978) [Msg] World [mrsim] initialized with [1ms] physics profile.
(2026-03-11T12:16:29.829371750) (2026-03-11T12:16:29.829380497) [Msg] Serving world SDF generation service on [/world/mrsim/generate_world_sdf]
(2026-03-11T12:16:29.829472286) (2026-03-11T12:16:29.829480555) [Msg] Serving world names on [/gazebo/worlds]
(2026-03-11T12:16:29.829538680) (2026-03-11T12:16:29.829547037) [Msg] Resource path add service on [/gazebo/resource_paths/add].
(2026-03-11T12:16:29.829602683) (2026-03-11T12:16:29.829611134) [Msg] Resource path get service on [/gazebo/resource_paths/get].
(2026-03-11T12:16:29.829718073) (2026-03-11T12:16:29.829726522) [Msg] Resource path resolve service on [/gazebo/resource_paths/resolve].
(2026-03-11T12:16:29.830012932) (2026-03-11T12:16:29.830021282) [Msg] Resource paths published on [/gazebo/resource_paths].
(2026-03-11T12:16:29.930680488) (2026-03-11T12:16:29.930699647) [Msg] Server control service on [/server_control].
(2026-03-11T12:16:31.330517783) (2026-03-11T12:16:31.330527544) [Msg] Found no publishers on /stats, adding root stats topic
(2026-03-11T12:16:31.330719758) (2026-03-11T12:16:31.330729058) [Msg] Found no publishers on /clock, adding root clock topic
(2026-03-11T12:16:31.330958612) (2026-03-11T12:16:31.330967299) [Dbg] [SimulationRunner.cc:501] Creating PostUpdate worker threads: 4
(2026-03-11T12:16:31.331002990) (2026-03-11T12:16:31.331010972) [Dbg] [SimulationRunner.cc:512] Creating postupdate worker thread (0)
(2026-03-11T12:16:31.331110309) (2026-03-11T12:16:31.331118630) [Dbg] [SimulationRunner.cc:512] Creating postupdate worker thread (1)
(2026-03-11T12:16:31.331174512) (2026-03-11T12:16:31.331182450) [Dbg] [SimulationRunner.cc:512] Creating postupdate worker thread (2)
(2026-03-11T12:16:31.336718032) (2026-03-11T12:16:31.336732379) [Dbg] [Sensors.cc:610] Initialization needed
(2026-03-11T12:16:31.336806296) (2026-03-11T12:16:31.336814577) [Dbg] [Sensors.cc:270] Initializing render context
(2026-03-11T12:16:31.337043722) (2026-03-11T12:16:31.337066509) [Msg] Loading plugin [ignition-rendering-ogre2]
(2026-03-11T12:16:31.337731783) (2026-03-11T12:16:31.337767065) [Msg] Serving scene information on [/world/mrsim/scene/info]
(2026-03-11T12:16:31.337855255) (2026-03-11T12:16:31.337864309) [Msg] Serving graph information on [/world/mrsim/scene/graph]
(2026-03-11T12:16:31.338039275) (2026-03-11T12:16:31.338075459) [Msg] Serving full state on [/world/mrsim/state]
(2026-03-11T12:16:31.338145847) (2026-03-11T12:16:31.338154621) [Msg] Serving full state (async) on [/world/mrsim/state_async]
(2026-03-11T12:16:31.338281578) (2026-03-11T12:16:31.338287723) [Msg] Publishing scene information on [/world/mrsim/scene/info]
(2026-03-11T12:16:31.338390267) (2026-03-11T12:16:31.338400069) [Msg] Publishing entity deletions on [/world/mrsim/scene/deletion]
(2026-03-11T12:16:31.338466618) (2026-03-11T12:16:31.338471965) [Msg] Publishing state changes on [/world/mrsim/state]
(2026-03-11T12:16:31.338638437) (2026-03-11T12:16:31.338643666) [Msg] Publishing pose messages on [/world/mrsim/pose/info]
(2026-03-11T12:16:31.338695331) (2026-03-11T12:16:31.338700196) [Msg] Publishing dynamic pose messages on [/world/mrsim/dynamic_pose/info]
(2026-03-11T12:16:31.338967592) (2026-03-11T12:16:31.338976014) [Dbg] [EntityComponentManager.cc:1623] Updated state thread iterators: 8 threads processing around 6 entities each.
(2026-03-11T12:16:31.503596641) (2026-03-11T12:16:31.503603800) [Dbg] [RenderUtil.cc:2591] Create scene [scene]
((2026-03-11T12:16:31.532628770) (2026-03-11T12:16:31.532661673) ) (2026-03-11T12:16:31.532673525) [Dbg] [Sensors.cc:284] [Dbg] [Sensors.cc:610] Rendering Thread initialized

Initialization needed
(2026-03-11T12:16:32.525883120) (2026-03-11T12:16:32.525892760) [Dbg] [CameraSensor.cc:394] Camera images for [qr4::base::camera] advertised on [/camera]
(2026-03-11T12:16:32.526022995) (2026-03-11T12:16:32.526028489) [Dbg] [CameraSensor.cc:705] Camera info for [qr4::base::camera] advertised on [/camera_info]
(2026-03-11T12:16:32.526390597) (2026-03-11T12:16:32.526396751) [Wrn] [Ogre2Camera.cc:390] Ogre2Camera::SetVisibilityMask: Mask bits c0000000 are set but will be ignored as they conflict with the reserved bits used internally by the ogre2 backend.
(2026-03-11T12:16:32.526599739) (2026-03-11T12:16:32.526604833) [Msg] Loading plugin [ignition-rendering-ogre2]
(2026-03-11T12:16:32.607700608) (2026-03-11T12:16:32.607714947) [Dbg] [CameraSensor.cc:518] Enabling camera sensor: 'qr4::base::camera' data generation.
(2026-03-11T12:16:36.947593451) (2026-03-11T12:16:36.947604699) [Dbg] [SimulationFeatures.cc:71] Simulation timestep set to: 0.005
(2026-03-11T12:17:06.877051958) (2026-03-11T12:17:06.877062944) [Dbg] [SignalHandler.cc:141] Received signal[2].
(2026-03-11T12:17:06.877088696) (2026-03-11T12:17:06.877096647) [Dbg] [ServerPrivate.cc:110] Server received signal[2]
(2026-03-11T12:17:06.877119893) (2026-03-11T12:17:06.877125068) [Dbg] [Sensors.cc:439] SensorsPrivate::Stop
(2026-03-11T12:17:06.885169213) (2026-03-11T12:17:06.885177777) [Dbg] [Sensors.cc:425] SensorsPrivate::RenderThread stopped
(2026-03-11T12:17:06.885332989) (2026-03-11T12:17:06.885340050) [Dbg] [gz.cc:410] Shutting down ign-gazebo-server
((((2026-03-11T12:17:06.8884220062026-03-11T12:17:06.8884422462026-03-11T12:17:06.8884220062026-03-11T12:17:06.8884422462026-03-11T12:17:06.8884220062026-03-11T12:17:06.8884422462026-03-11T12:17:06.888439680) (2026-03-11T12:17:06.888458095) (2026-03-11T12:17:06.888474227) ) [Dbg] [SimulationRunner.cc:528] ) (2026-03-11T12:17:06.888500246) Exiting postupdate worker thread (Exiting postupdate worker thread ([Dbg] [SimulationRunner.cc:528] [Dbg] [SimulationRunner.cc:528] [Dbg] [SimulationRunner.cc:528] Exiting postupdate worker thread (1)
Exiting postupdate worker thread ()
0)
(2026-03-11T12:17:06.925362272) (2026-03-11T12:17:06.925374129) [Dbg] [Sensors.cc:439] SensorsPrivate::Stop
