(2026-03-16T15:34:34.390595259) (2026-03-16T15:34:34.390601843) [Msg] Ignition Gazebo Server v6.17.1
(2026-03-16T15:34:34.392687090) (2026-03-16T15:34:34.392697322) [Msg] Loading SDF world file[/home/user/ros2_ws/install/mrsim_gazebo_sim/share/mrsim_gazebo_sim/worlds/example.world].
(2026-03-16T15:34:34.667221008) (2026-03-16T15:34:34.667233949) [Msg] Serving entity system service on [/entity/system/add]
(2026-03-16T15:34:34.702745206) (2026-03-16T15:34:34.702756377) [Dbg] [SystemManager.cc:73] Loaded system [ignition::gazebo::systems::ShaderParam] for entity [9]
(2026-03-16T15:34:34.707099539) (2026-03-16T15:34:34.707112613) [Dbg] [SystemManager.cc:73] Loaded system [mrsim_gazebo_sim::SetPegPosePlugin] for entity [10]
(2026-03-16T15:34:34.744633865) (2026-03-16T15:34:34.744644496) [Dbg] [SystemManager.cc:73] Loaded system [mrsim_gazebo_sim::MrsimDroneIgnPlugin] for entity [14]
(2026-03-16T15:34:34.746426451) (2026-03-16T15:34:34.746434801) [Dbg] [MulticopterMotorModel.cc:373] Listening to topic: qr4/gazebo/command/motor_speed
(2026-03-16T15:34:34.746579637) (2026-03-16T15:34:34.746586555) [Dbg] [SystemManager.cc:73] Loaded system [ignition::gazebo::systems::MulticopterMotorModel] for entity [14]
(2026-03-16T15:34:34.746949956) (2026-03-16T15:34:34.746957144) [Dbg] [MulticopterMotorModel.cc:373] Listening to topic: qr4/gazebo/command/motor_speed
(2026-03-16T15:34:34.747055447) (2026-03-16T15:34:34.747061721) [Dbg] [SystemManager.cc:73] Loaded system [ignition::gazebo::systems::MulticopterMotorModel] for entity [14]
(2026-03-16T15:34:34.747381415) (2026-03-16T15:34:34.747388607) [Dbg] [MulticopterMotorModel.cc:373] Listening to topic: qr4/gazebo/command/motor_speed
(2026-03-16T15:34:34.747476715) (2026-03-16T15:34:34.747483326) [Dbg] [SystemManager.cc:73] Loaded system [ignition::gazebo::systems::MulticopterMotorModel] for entity [14]
(2026-03-16T15:34:34.747788797) (2026-03-16T15:34:34.747795943) [Dbg] [MulticopterMotorModel.cc:373] Listening to topic: qr4/gazebo/command/motor_speed
(2026-03-16T15:34:34.747881687) (2026-03-16T15:34:34.747888264) [Dbg] [SystemManager.cc:73] Loaded system [ignition::gazebo::systems::MulticopterMotorModel] for entity [14]
(2026-03-16T15:34:34.749666135) (2026-03-16T15:34:34.749676435) [Msg] OdometryPublisher publishing odometry on [/model/qr4/odometry]
(2026-03-16T15:34:34.749800240) (2026-03-16T15:34:34.749806975) [Msg] OdometryPublisher publishing odometry with covariance on [/model/qr4/odometry_with_covariance]
(2026-03-16T15:34:34.749910413) (2026-03-16T15:34:34.749917426) [Msg] OdometryPublisher publishing Pose_V (TF) on [/model/qr4/pose]
(2026-03-16T15:34:34.749950570) (2026-03-16T15:34:34.749956385) [Dbg] [SystemManager.cc:73] Loaded system [ignition::gazebo::systems::OdometryPublisher] for entity [14]
(2026-03-16T15:34:34.770345613) (2026-03-16T15:34:34.770361478) [Dbg] [Sensors.cc:506] Configuring Sensors system
(2026-03-16T15:34:34.770556134) (2026-03-16T15:34:34.770562232) [Dbg] [Sensors.cc:431] SensorsPrivate::Run
((2026-03-16T15:34:34.770737174) (2026-03-16T15:34:34.770745122) (2026-03-16T15:34:34.770762659ignition::gazebo::systems::Sensors] for entity [14[Dbg] [Sensors.cc:411] ]
SensorsPrivate::RenderThread started
(2026-03-16T15:34:34.770817165) (2026-03-16T15:34:34.770825470) Waiting for init
(2026-03-16T15:34:34.771563406) (2026-03-16T15:34:34.771571425) [Msg] Loaded level [3]
(2026-03-16T15:34:34.771610188) (2026-03-16T15:34:34.771616127) [Msg] No systems loaded from SDF, loading defaults
(2026-03-16T15:34:34.771975258) (2026-03-16T15:34:34.771982310) [Dbg] [ServerConfig.cc:1043] Loaded (3) plugins from file [/home/user/.ignition/gazebo/6/server.config]
(2026-03-16T15:34:34.799524623) (2026-03-16T15:34:34.799536489) [Dbg] [Physics.cc:804] Loaded [ignition::physics::dartsim::Plugin] from library [/usr/lib/x86_64-linux-gnu/ign-physics-5/engine-plugins/libignition-physics-dartsim-plugin.so]
(2026-03-16T15:34:34.799616114) (2026-03-16T15:34:34.799622912) [Dbg] [SystemManager.cc:73] Loaded system [gz::sim::systems::Physics] for entity [1]
(2026-03-16T15:34:34.802376690) (2026-03-16T15:34:34.802387429) [Msg] Create service on [/world/mrsim/create]
(2026-03-16T15:34:34.802586437) (2026-03-16T15:34:34.802594444) [Msg] Remove service on [/world/mrsim/remove]
(2026-03-16T15:34:34.802740603) (2026-03-16T15:34:34.802747739) [Msg] Pose service on [/world/mrsim/set_pose]
(2026-03-16T15:34:34.802895798) (2026-03-16T15:34:34.802903155) [Msg] Pose service on [/world/mrsim/set_pose_vector]
(2026-03-16T15:34:34.803121916) (2026-03-16T15:34:34.803129468) [Msg] Light configuration service on [/world/mrsim/light_config]
(2026-03-16T15:34:34.803393849) (2026-03-16T15:34:34.803401620) [Msg] Physics service on [/world/mrsim/set_physics]
(2026-03-16T15:34:34.803610354) (2026-03-16T15:34:34.803617876) [Msg] SphericalCoordinates service on [/world/mrsim/set_spherical_coordinates]
(2026-03-16T15:34:34.803753578) (2026-03-16T15:34:34.803761202) [Msg] Enable collision service on [/world/mrsim/enable_collision]
(2026-03-16T15:34:34.803836769) (2026-03-16T15:34:34.803843488) [Msg] Disable collision service on [/world/mrsim/disable_collision]
(2026-03-16T15:34:34.804209770) (2026-03-16T15:34:34.804217382) [Msg] Material service on [/world/mrsim/visual_config]
(2026-03-16T15:34:34.804399863) (2026-03-16T15:34:34.804406605) [Msg] Material service on [/world/mrsim/wheel_slip]
(2026-03-16T15:34:34.804465827) (2026-03-16T15:34:34.804471818) [Dbg] [SystemManager.cc:73] Loaded system [gz::sim::systems::UserCommands] for entity [1]
(2026-03-16T15:34:34.806883047) (2026-03-16T15:34:34.806892768) [Dbg] [SystemManager.cc:73] Loaded system [gz::sim::systems::SceneBroadcaster] for entity [1]
(2026-03-16T15:34:34.807268114) (2026-03-16T15:34:34.807275614) [Msg] Serving world controls on [/world/mrsim/control], [/world/mrsim/control/state] and [/world/mrsim/playback/control]
(2026-03-16T15:34:34.807383630) (2026-03-16T15:34:34.807390164) [Msg] Serving GUI information on [/world/mrsim/gui/info]
(2026-03-16T15:34:34.807422055) (2026-03-16T15:34:34.807428212) [Msg] World [mrsim] initialized with [1ms] physics profile.
(2026-03-16T15:34:34.807562518) (2026-03-16T15:34:34.807569296) [Msg] Serving world SDF generation service on [/world/mrsim/generate_world_sdf]
(2026-03-16T15:34:34.807665560) (2026-03-16T15:34:34.807672086) [Msg] Serving world names on [/gazebo/worlds]
(2026-03-16T15:34:34.807727929) (2026-03-16T15:34:34.807734521) [Msg] Resource path add service on [/gazebo/resource_paths/add].
(2026-03-16T15:34:34.807796132) (2026-03-16T15:34:34.807802378) [Msg] Resource path get service on [/gazebo/resource_paths/get].
(2026-03-16T15:34:34.807863026) (2026-03-16T15:34:34.807869523) [Msg] Resource path resolve service on [/gazebo/resource_paths/resolve].
(2026-03-16T15:34:34.807941649) (2026-03-16T15:34:34.807947792) [Msg] Resource paths published on [/gazebo/resource_paths].
(2026-03-16T15:34:34.808063960) (2026-03-16T15:34:34.808070585) [Msg] Server control service on [/server_control].
(2026-03-16T15:34:36.290160156) (2026-03-16T15:34:36.290183828) [Msg] Found no publishers on /stats, adding root stats topic
(2026-03-16T15:34:36.290344060) (2026-03-16T15:34:36.290348417) [Msg] Found no publishers on /clock, adding root clock topic
(2026-03-16T15:34:36.290516527) (2026-03-16T15:34:36.290522467) [Dbg] [SimulationRunner.cc:501] Creating PostUpdate worker threads: 4
(2026-03-16T15:34:36.290573936) (2026-03-16T15:34:36.290579684) [Dbg] [SimulationRunner.cc:512] Creating postupdate worker thread (0)
(2026-03-16T15:34:36.290656278) (2026-03-16T15:34:36.290660253) [Dbg] [SimulationRunner.cc:512] Creating postupdate worker thread (1)
(2026-03-16T15:34:36.290699094) (2026-03-16T15:34:36.290702765) [Dbg] [SimulationRunner.cc:512] Creating postupdate worker thread (2)
(2026-03-16T15:34:36.294162660) (2026-03-16T15:34:36.294169396) [Dbg] [SimulationFeatures.cc:71] Simulation timestep set to: 0.005
(2026-03-16T15:34:36.294540131) (2026-03-16T15:34:36.294549340) [Dbg] [Sensors.cc:610] Initialization needed
(2026-03-16T15:34:36.294593310) (2026-03-16T15:34:36.294598365) [Dbg] [Sensors.cc:270] Initializing render context
(2026-03-16T15:34:36.294704670) (2026-03-16T15:34:36.294715322) [Msg] Loading plugin [ignition-rendering-ogre2]
(2026-03-16T15:34:36.295239671) (2026-03-16T15:34:36.295249155) [Msg] Serving scene information on [/world/mrsim/scene/info]
(2026-03-16T15:34:36.295317363) (2026-03-16T15:34:36.295323396) [Msg] Serving graph information on [/world/mrsim/scene/graph]
(2026-03-16T15:34:36.295456321) (2026-03-16T15:34:36.295462936) [Msg] Serving full state on [/world/mrsim/state]
(2026-03-16T15:34:36.295512501) (2026-03-16T15:34:36.295518839) [Msg] Serving full state (async) on [/world/mrsim/state_async]
(2026-03-16T15:34:36.295612593) (2026-03-16T15:34:36.295618374) [Msg] Publishing scene information on [/world/mrsim/scene/info]
(2026-03-16T15:34:36.295718852) (2026-03-16T15:34:36.295726023) [Msg] Publishing entity deletions on [/world/mrsim/scene/deletion]
(2026-03-16T15:34:36.295782369) (2026-03-16T15:34:36.295787315) [Msg] Publishing state changes on [/world/mrsim/state]
(2026-03-16T15:34:36.295841099) (2026-03-16T15:34:36.295849203) [Msg] Publishing pose messages on [/world/mrsim/pose/info]
(2026-03-16T15:34:36.295912309) (2026-03-16T15:34:36.295919171) [Msg] Publishing dynamic pose messages on [/world/mrsim/dynamic_pose/info]
(2026-03-16T15:34:36.296327659) (2026-03-16T15:34:36.296344978) [Dbg] [EntityComponentManager.cc:1623] Updated state thread iterators: 8 threads processing around 6 entities each.
(2026-03-16T15:34:36.430885800) (2026-03-16T15:34:36.430892168) [Dbg] [RenderUtil.cc:2591] Create scene [scene]
((2026-03-16T15:34:36.455150204) 2026-03-16T15:34:36.455165293) 2026-03-16T15:34:36.455165293() ) (2026-03-16T15:34:36.455179980) ) [Dbg] [Sensors.cc:610] Initialization needed
[Dbg] [Sensors.cc:284] Rendering Thread initialized
(2026-03-16T15:34:37.251925418) (2026-03-16T15:34:37.251936615) [Dbg] [CameraSensor.cc:394] Camera images for [qr4::base::camera] advertised on [/camera]
(2026-03-16T15:34:37.252075749) (2026-03-16T15:34:37.252094192) [Dbg] [CameraSensor.cc:705] Camera info for [qr4::base::camera] advertised on [/camera_info]
(2026-03-16T15:34:37.252419683) (2026-03-16T15:34:37.252424298) [Wrn] [Ogre2Camera.cc:390] Ogre2Camera::SetVisibilityMask: Mask bits c0000000 are set but will be ignored as they conflict with the reserved bits used internally by the ogre2 backend.
(2026-03-16T15:34:37.252586463) (2026-03-16T15:34:37.252590200) [Msg] Loading plugin [ignition-rendering-ogre2]
(2026-03-16T15:34:37.317671010) (2026-03-16T15:34:37.317687783) [Dbg] [CameraSensor.cc:518] Enabling camera sensor: 'qr4::base::camera' data generation.
(2026-03-16T15:34:48.941546923) (2026-03-16T15:34:48.941558934) [Dbg] [SignalHandler.cc:141] Received signal[2].
(2026-03-16T15:34:48.941587376) (2026-03-16T15:34:48.941590797) [Dbg] [ServerPrivate.cc:110] Server received signal[2]
(2026-03-16T15:34:48.941609207) (2026-03-16T15:34:48.941612551) [Dbg] [Sensors.cc:439] SensorsPrivate::Stop
(2026-03-16T15:34:48.944567225) (2026-03-16T15:34:48.944574435) [Dbg] [Sensors.cc:425] SensorsPrivate::RenderThread stopped
(2026-03-16T15:34:48.946122063) (2026-03-16T15:34:48.946128215) [Dbg] [gz.cc:410] Shutting down ign-gazebo-server
(2026-03-16T15:34:48.948413425) (2026-03-16T15:34:48.948420367) [Dbg] [SimulationRunner.cc:528] Exiting postupdate worker thread (2)
((2026-03-16T15:34:48.948491924) (2026-03-16T15:34:48.948494352) (2026-03-16T15:34:48.948513262) ) [Dbg] [SimulationRunner.cc:528] Exiting postupdate worker thread (1)
[Dbg] [SimulationRunner.cc:528] Exiting postupdate worker thread (0)
(2026-03-16T15:34:48.967723105) (2026-03-16T15:34:48.967732434) [Dbg] [Sensors.cc:439] SensorsPrivate::Stop
