(2026-03-18T10:20:30.438186695) (2026-03-18T10:20:30.438195795) [Msg] Ignition Gazebo Server v6.17.1
(2026-03-18T10:20:30.440378173) (2026-03-18T10:20:30.440388042) [Msg] Loading SDF world file[/home/user/ros2_ws/install/mrsim_gazebo_sim/share/mrsim_gazebo_sim/worlds/example.world].
(2026-03-18T10:20:30.763227491) (2026-03-18T10:20:30.763236109) [Msg] Serving entity system service on [/entity/system/add]
(2026-03-18T10:20:30.800759959) (2026-03-18T10:20:30.800770587) [Dbg] [SystemManager.cc:73] Loaded system [ignition::gazebo::systems::ShaderParam] for entity [9]
(2026-03-18T10:20:30.805729473) (2026-03-18T10:20:30.805749035) [Dbg] [SystemManager.cc:73] Loaded system [mrsim_gazebo_sim::SetPegPosePlugin] for entity [10]
(2026-03-18T10:20:30.849962276) (2026-03-18T10:20:30.849975370) [Dbg] [SystemManager.cc:73] Loaded system [mrsim_gazebo_sim::MrsimDroneIgnPlugin] for entity [14]
(2026-03-18T10:20:30.852487710) (2026-03-18T10:20:30.852499023) [Dbg] [MulticopterMotorModel.cc:373] Listening to topic: qr4/gazebo/command/motor_speed
(2026-03-18T10:20:30.852691857) (2026-03-18T10:20:30.852698248) [Dbg] [SystemManager.cc:73] Loaded system [ignition::gazebo::systems::MulticopterMotorModel] for entity [14]
(2026-03-18T10:20:30.853229920) (2026-03-18T10:20:30.853237764) [Dbg] [MulticopterMotorModel.cc:373] Listening to topic: qr4/gazebo/command/motor_speed
(2026-03-18T10:20:30.853382898) (2026-03-18T10:20:30.853389830) [Dbg] [SystemManager.cc:73] Loaded system [ignition::gazebo::systems::MulticopterMotorModel] for entity [14]
(2026-03-18T10:20:30.853824661) (2026-03-18T10:20:30.853831557) [Dbg] [MulticopterMotorModel.cc:373] Listening to topic: qr4/gazebo/command/motor_speed
(2026-03-18T10:20:30.853950103) (2026-03-18T10:20:30.853957167) [Dbg] [SystemManager.cc:73] Loaded system [ignition::gazebo::systems::MulticopterMotorModel] for entity [14]
(2026-03-18T10:20:30.854407704) (2026-03-18T10:20:30.854416121) [Dbg] [MulticopterMotorModel.cc:373] Listening to topic: qr4/gazebo/command/motor_speed
(2026-03-18T10:20:30.854553825) (2026-03-18T10:20:30.854560595) [Dbg] [SystemManager.cc:73] Loaded system [ignition::gazebo::systems::MulticopterMotorModel] for entity [14]
(2026-03-18T10:20:30.856732480) (2026-03-18T10:20:30.856746611) [Msg] OdometryPublisher publishing odometry on [/model/qr4/odometry]
(2026-03-18T10:20:30.856903478) (2026-03-18T10:20:30.856910372) [Msg] OdometryPublisher publishing odometry with covariance on [/model/qr4/odometry_with_covariance]
(2026-03-18T10:20:30.857028144) (2026-03-18T10:20:30.857034813) [Msg] OdometryPublisher publishing Pose_V (TF) on [/model/qr4/pose]
(2026-03-18T10:20:30.857072189) (2026-03-18T10:20:30.857077930) [Dbg] [SystemManager.cc:73] Loaded system [ignition::gazebo::systems::OdometryPublisher] for entity [14]
(2026-03-18T10:20:30.883118007) (2026-03-18T10:20:30.883129863) [Dbg] [Sensors.cc:506] Configuring Sensors system
(2026-03-18T10:20:30.883255859) (2026-03-18T10:20:30.883262308) [Dbg] [Sensors.cc:431] SensorsPrivate::Run
(2026-03-18T10:20:30.883431850) (2026-03-18T10:20:30.883441621) [Dbg] [Sensors.cc:411] SensorsPrivate::RenderThread started
(2026-03-18T10:20:30.883467459) (2026-03-18T10:20:30.883472697) [Dbg] [Sensors.cc:258] Waiting for init
(2026-03-18T10:20:30.887124015) (2026-03-18T10:20:30.887139698) [Dbg] [SystemManager.cc:73] Loaded system [ignition::gazebo::systems::Sensors] for entity [14]
(2026-03-18T10:20:30.888726372) (2026-03-18T10:20:30.888745119) [Msg] Loaded level [3]
(2026-03-18T10:20:30.888799418) (2026-03-18T10:20:30.888805053) [Msg] No systems loaded from SDF, loading defaults
(2026-03-18T10:20:30.889907294) (2026-03-18T10:20:30.889916873) [Dbg] [ServerConfig.cc:1043] Loaded (3) plugins from file [/home/user/.ignition/gazebo/6/server.config]
(2026-03-18T10:20:30.960471035) (2026-03-18T10:20:30.960483050) [Dbg] [Physics.cc:804] Loaded [ignition::physics::dartsim::Plugin] from library [/usr/lib/x86_64-linux-gnu/ign-physics-5/engine-plugins/libignition-physics-dartsim-plugin.so]
(2026-03-18T10:20:30.960558839) (2026-03-18T10:20:30.960565115) [Dbg] [SystemManager.cc:73] Loaded system [gz::sim::systems::Physics] for entity [1]
(2026-03-18T10:20:30.963999178) (2026-03-18T10:20:30.964009362) [Msg] Create service on [/world/mrsim/create]
(2026-03-18T10:20:30.964211657) (2026-03-18T10:20:30.964218560) [Msg] Remove service on [/world/mrsim/remove]
(2026-03-18T10:20:30.964397125) (2026-03-18T10:20:30.964404098) [Msg] Pose service on [/world/mrsim/set_pose]
(2026-03-18T10:20:30.964551471) (2026-03-18T10:20:30.964557273) [Msg] Pose service on [/world/mrsim/set_pose_vector]
(2026-03-18T10:20:30.964779486) (2026-03-18T10:20:30.964786656) [Msg] Light configuration service on [/world/mrsim/light_config]
(2026-03-18T10:20:30.965111229) (2026-03-18T10:20:30.965118314) [Msg] Physics service on [/world/mrsim/set_physics]
(2026-03-18T10:20:30.965299538) (2026-03-18T10:20:30.965306540) [Msg] SphericalCoordinates service on [/world/mrsim/set_spherical_coordinates]
(2026-03-18T10:20:30.965441512) (2026-03-18T10:20:30.965448262) [Msg] Enable collision service on [/world/mrsim/enable_collision]
(2026-03-18T10:20:30.965566177) (2026-03-18T10:20:30.965572234) [Msg] Disable collision service on [/world/mrsim/disable_collision]
(2026-03-18T10:20:30.965815852) (2026-03-18T10:20:30.965822734) [Msg] Material service on [/world/mrsim/visual_config]
(2026-03-18T10:20:30.966001434) (2026-03-18T10:20:30.966008427) [Msg] Material service on [/world/mrsim/wheel_slip]
(2026-03-18T10:20:30.966048067) (2026-03-18T10:20:30.966054021) [Dbg] [SystemManager.cc:73] Loaded system [gz::sim::systems::UserCommands] for entity [1]
(2026-03-18T10:20:30.968716751) (2026-03-18T10:20:30.968729130) [Dbg] [SystemManager.cc:73] Loaded system [gz::sim::systems::SceneBroadcaster] for entity [1]
(2026-03-18T10:20:30.969397992) (2026-03-18T10:20:30.969410424) [Msg] Serving world controls on [/world/mrsim/control], [/world/mrsim/control/state] and [/world/mrsim/playback/control]
(2026-03-18T10:20:30.969628972) (2026-03-18T10:20:30.969635853) [Msg] Serving GUI information on [/world/mrsim/gui/info]
(2026-03-18T10:20:30.969667002) (2026-03-18T10:20:30.969672072) [Msg] World [mrsim] initialized with [1ms] physics profile.
(2026-03-18T10:20:30.969960494) (2026-03-18T10:20:30.969968244) [Msg] Serving world SDF generation service on [/world/mrsim/generate_world_sdf]
(2026-03-18T10:20:30.970219754) (2026-03-18T10:20:30.970227744) [Msg] Serving world names on [/gazebo/worlds]
(2026-03-18T10:20:30.970335826) (2026-03-18T10:20:30.970346271) [Msg] Resource path add service on [/gazebo/resource_paths/add].
(2026-03-18T10:20:30.970469391) (2026-03-18T10:20:30.970475942) [Msg] Resource path get service on [/gazebo/resource_paths/get].
(2026-03-18T10:20:30.970582637) (2026-03-18T10:20:30.970588727) [Msg] Resource path resolve service on [/gazebo/resource_paths/resolve].
(2026-03-18T10:20:30.971078757) (2026-03-18T10:20:30.971086490) [Msg] Resource paths published on [/gazebo/resource_paths].
(2026-03-18T10:20:30.971317125) (2026-03-18T10:20:30.971324541) [Msg] Server control service on [/server_control].
(2026-03-18T10:20:32.326387863) (2026-03-18T10:20:32.326395715) [Msg] Found no publishers on /stats, adding root stats topic
(2026-03-18T10:20:32.326530218) (2026-03-18T10:20:32.326535712) [Msg] Found no publishers on /clock, adding root clock topic
(2026-03-18T10:20:32.326671573) (2026-03-18T10:20:32.326677702) [Dbg] [SimulationRunner.cc:501] Creating PostUpdate worker threads: 4
(2026-03-18T10:20:32.326694794) (2026-03-18T10:20:32.326698272) [Dbg] [SimulationRunner.cc:512] Creating postupdate worker thread (0)
(2026-03-18T10:20:32.326767090) (2026-03-18T10:20:32.326770753) [Dbg] [SimulationRunner.cc:512] Creating postupdate worker thread (1)
(2026-03-18T10:20:32.326798422) (2026-03-18T10:20:32.326801930) [Dbg] [SimulationRunner.cc:512] Creating postupdate worker thread (2)
(2026-03-18T10:20:32.330837714) (2026-03-18T10:20:32.330845582) [Dbg] [SimulationFeatures.cc:71] Simulation timestep set to: 0.005
(2026-03-18T10:20:32.331210815) (2026-03-18T10:20:32.331217046) [Dbg] [Sensors.cc:610] Initialization needed
(2026-03-18T10:20:32.331248464) (2026-03-18T10:20:32.331253659) [Dbg] [Sensors.cc:270] Initializing render context
(2026-03-18T10:20:32.331340629) (2026-03-18T10:20:32.331344405) [Msg] Loading plugin [ignition-rendering-ogre2]
(2026-03-18T10:20:32.332050916) (2026-03-18T10:20:32.332060480) [Msg] Serving scene information on [/world/mrsim/scene/info]
(2026-03-18T10:20:32.332140782) (2026-03-18T10:20:32.332147387) [Msg] Serving graph information on [/world/mrsim/scene/graph]
(2026-03-18T10:20:32.332325987) (2026-03-18T10:20:32.332332808) [Msg] Serving full state on [/world/mrsim/state]
(2026-03-18T10:20:32.332471891) (2026-03-18T10:20:32.332478207) [Msg] Serving full state (async) on [/world/mrsim/state_async]
(2026-03-18T10:20:32.332585660) (2026-03-18T10:20:32.332622058) [Msg] Publishing scene information on [/world/mrsim/scene/info]
(2026-03-18T10:20:32.332704033) (2026-03-18T10:20:32.332710278) [Msg] Publishing entity deletions on [/world/mrsim/scene/deletion]
(2026-03-18T10:20:32.332835557) (2026-03-18T10:20:32.332841933) [Msg] Publishing state changes on [/world/mrsim/state]
(2026-03-18T10:20:32.332975995) (2026-03-18T10:20:32.333012887) [Msg] Publishing pose messages on [/world/mrsim/pose/info]
(2026-03-18T10:20:32.333155230) (2026-03-18T10:20:32.333162151) [Msg] Publishing dynamic pose messages on [/world/mrsim/dynamic_pose/info]
(2026-03-18T10:20:32.333485316) (2026-03-18T10:20:32.333493188) [Dbg] [EntityComponentManager.cc:1623] Updated state thread iterators: 8 threads processing around 6 entities each.
(2026-03-18T10:20:32.475340156) (2026-03-18T10:20:32.475349587) [Dbg] [RenderUtil.cc:2591] Create scene [scene]
(2026-03-18T10:20:32.500488972) ((2026-03-18T10:20:32.500496295) 2026-03-18T10:20:32.500502152) ([Dbg] [Sensors.cc:284] 2026-03-18T10:20:32.500517568) Rendering Thread initialized
[Dbg] [Sensors.cc:610] Initialization needed
(2026-03-18T10:20:33.565304294) (2026-03-18T10:20:33.565318699) [Dbg] [CameraSensor.cc:394] Camera images for [qr4::base::camera] advertised on [/camera]
(2026-03-18T10:20:33.565550379) (2026-03-18T10:20:33.565556624) [Dbg] [CameraSensor.cc:705] Camera info for [qr4::base::camera] advertised on [/camera_info]
(2026-03-18T10:20:33.566171628) (2026-03-18T10:20:33.566181804) [Wrn] [Ogre2Camera.cc:390] Ogre2Camera::SetVisibilityMask: Mask bits c0000000 are set but will be ignored as they conflict with the reserved bits used internally by the ogre2 backend.
(2026-03-18T10:20:33.566493668) (2026-03-18T10:20:33.566499845) [Msg] Loading plugin [ignition-rendering-ogre2]
(2026-03-18T10:20:33.635190090) (2026-03-18T10:20:33.635203912) [Dbg] [CameraSensor.cc:518] Enabling camera sensor: 'qr4::base::camera' data generation.
(2026-03-18T10:20:49.923484043) (2026-03-18T10:20:49.923540281) [Dbg] [SignalHandler.cc:141] Received signal[2].
(2026-03-18T10:20:49.924273115) (2026-03-18T10:20:49.924278368) [Dbg] [ServerPrivate.cc:110] Server received signal[2]
(2026-03-18T10:20:49.924315275) (2026-03-18T10:20:49.924319219) [Dbg] [Sensors.cc:439] SensorsPrivate::Stop
(2026-03-18T10:20:49.929583296) (2026-03-18T10:20:49.929593417) [Dbg] [Sensors.cc:425] SensorsPrivate::RenderThread stopped
(2026-03-18T10:20:49.930012670) (2026-03-18T10:20:49.930021797) [Dbg] [gz.cc:410] Shutting down ign-gazebo-server
((() 2026-03-18T10:20:49.9345940462026-03-18T10:20:49.934601315) (((2026-03-18T10:20:49.934615900) ) (2026-03-18T10:20:49.934631846) [Dbg] [SimulationRunner.cc:528] 2026-03-18T10:20:49.934643268) Exiting postupdate worker thread (Exiting postupdate worker thread ([Dbg] [SimulationRunner.cc:528] Exiting postupdate worker thread (2)
[Dbg] [SimulationRunner.cc:528] Exiting postupdate worker thread (

0)
(2026-03-18T10:20:49.972335610) (2026-03-18T10:20:49.972396107) [Dbg] [Sensors.cc:439] SensorsPrivate::Stop
