(2026-03-17T13:42:30.289491869) (2026-03-17T13:42:30.289499784) [Msg] Ignition Gazebo Server v6.17.1
(2026-03-17T13:42:30.291619035) (2026-03-17T13:42:30.291628149) [Msg] Loading SDF world file[/home/user/ros2_ws/install/mrsim_gazebo_sim/share/mrsim_gazebo_sim/worlds/example.world].
(2026-03-17T13:42:30.545058009) (2026-03-17T13:42:30.545069644) [Msg] Serving entity system service on [/entity/system/add]
(2026-03-17T13:42:30.578324643) (2026-03-17T13:42:30.578337002) [Dbg] [SystemManager.cc:73] Loaded system [ignition::gazebo::systems::ShaderParam] for entity [9]
(2026-03-17T13:42:30.582099804) (2026-03-17T13:42:30.582111455) [Dbg] [SystemManager.cc:73] Loaded system [mrsim_gazebo_sim::SetPegPosePlugin] for entity [10]
(2026-03-17T13:42:30.626455867) (2026-03-17T13:42:30.626469405) [Dbg] [SystemManager.cc:73] Loaded system [mrsim_gazebo_sim::MrsimDroneIgnPlugin] for entity [14]
(2026-03-17T13:42:30.628504472) (2026-03-17T13:42:30.628514984) [Dbg] [MulticopterMotorModel.cc:373] Listening to topic: qr4/gazebo/command/motor_speed
(2026-03-17T13:42:30.628690235) (2026-03-17T13:42:30.628697536) [Dbg] [SystemManager.cc:73] Loaded system [ignition::gazebo::systems::MulticopterMotorModel] for entity [14]
(2026-03-17T13:42:30.629102174) (2026-03-17T13:42:30.629109164) [Dbg] [MulticopterMotorModel.cc:373] Listening to topic: qr4/gazebo/command/motor_speed
(2026-03-17T13:42:30.629211200) (2026-03-17T13:42:30.629217927) [Dbg] [SystemManager.cc:73] Loaded system [ignition::gazebo::systems::MulticopterMotorModel] for entity [14]
(2026-03-17T13:42:30.629630285) (2026-03-17T13:42:30.629637611) [Dbg] [MulticopterMotorModel.cc:373] Listening to topic: qr4/gazebo/command/motor_speed
(2026-03-17T13:42:30.629730652) (2026-03-17T13:42:30.629737157) [Dbg] [SystemManager.cc:73] Loaded system [ignition::gazebo::systems::MulticopterMotorModel] for entity [14]
(2026-03-17T13:42:30.630102750) (2026-03-17T13:42:30.630109150) [Dbg] [MulticopterMotorModel.cc:373] Listening to topic: qr4/gazebo/command/motor_speed
(2026-03-17T13:42:30.630192237) (2026-03-17T13:42:30.630198295) [Dbg] [SystemManager.cc:73] Loaded system [ignition::gazebo::systems::MulticopterMotorModel] for entity [14]
(2026-03-17T13:42:30.631879306) (2026-03-17T13:42:30.631888397) [Msg] OdometryPublisher publishing odometry on [/model/qr4/odometry]
(2026-03-17T13:42:30.632014249) (2026-03-17T13:42:30.632021145) [Msg] OdometryPublisher publishing odometry with covariance on [/model/qr4/odometry_with_covariance]
(2026-03-17T13:42:30.632169574) (2026-03-17T13:42:30.632175349) [Msg] OdometryPublisher publishing Pose_V (TF) on [/model/qr4/pose]
(2026-03-17T13:42:30.632204639) (2026-03-17T13:42:30.632209989) [Dbg] [SystemManager.cc:73] Loaded system [ignition::gazebo::systems::OdometryPublisher] for entity [14]
(2026-03-17T13:42:30.651957103) (2026-03-17T13:42:30.651967690) [Dbg] [Sensors.cc:506] Configuring Sensors system
(2026-03-17T13:42:30.652087290) (2026-03-17T13:42:30.652093723) [Dbg] [Sensors.cc:431] SensorsPrivate::Run
(2026-03-17T13:42:30.652204056) (2026-03-17T13:42:30.652211026) [Dbg] [SystemManager.cc:73] (ignition::gazebo::systems::Sensors2026-03-17T13:42:30.652225489) (2026-03-17T13:42:30.652242413) 14]
[Dbg] [Sensors.cc:411] SensorsPrivate::RenderThread started
(2026-03-17T13:42:30.652275288) (2026-03-17T13:42:30.652278808) [Dbg] [Sensors.cc:258] Waiting for init
(2026-03-17T13:42:30.652740559) (2026-03-17T13:42:30.652747530) [Msg] Loaded level [3]
(2026-03-17T13:42:30.652776611) (2026-03-17T13:42:30.652782492) [Msg] No systems loaded from SDF, loading defaults
(2026-03-17T13:42:30.652987502) (2026-03-17T13:42:30.652993938) [Dbg] [ServerConfig.cc:1043] Loaded (3) plugins from file [/home/user/.ignition/gazebo/6/server.config]
(2026-03-17T13:42:30.679539903) (2026-03-17T13:42:30.679552270) [Dbg] [Physics.cc:804] Loaded [ignition::physics::dartsim::Plugin] from library [/usr/lib/x86_64-linux-gnu/ign-physics-5/engine-plugins/libignition-physics-dartsim-plugin.so]
(2026-03-17T13:42:30.679635548) (2026-03-17T13:42:30.679641497) [Dbg] [SystemManager.cc:73] Loaded system [gz::sim::systems::Physics] for entity [1]
(2026-03-17T13:42:30.682486495) (2026-03-17T13:42:30.682497922) [Msg] Create service on [/world/mrsim/create]
(2026-03-17T13:42:30.682636455) (2026-03-17T13:42:30.682642808) [Msg] Remove service on [/world/mrsim/remove]
(2026-03-17T13:42:30.682781013) (2026-03-17T13:42:30.682787800) [Msg] Pose service on [/world/mrsim/set_pose]
(2026-03-17T13:42:30.682864342) (2026-03-17T13:42:30.682870520) [Msg] Pose service on [/world/mrsim/set_pose_vector]
(2026-03-17T13:42:30.683023401) (2026-03-17T13:42:30.683029441) [Msg] Light configuration service on [/world/mrsim/light_config]
(2026-03-17T13:42:30.683249215) (2026-03-17T13:42:30.683255589) [Msg] Physics service on [/world/mrsim/set_physics]
(2026-03-17T13:42:30.683361978) (2026-03-17T13:42:30.683368454) [Msg] SphericalCoordinates service on [/world/mrsim/set_spherical_coordinates]
(2026-03-17T13:42:30.683425946) (2026-03-17T13:42:30.683432519) [Msg] Enable collision service on [/world/mrsim/enable_collision]
(2026-03-17T13:42:30.683489474) (2026-03-17T13:42:30.683495446) [Msg] Disable collision service on [/world/mrsim/disable_collision]
(2026-03-17T13:42:30.683688383) (2026-03-17T13:42:30.683695092) [Msg] Material service on [/world/mrsim/visual_config]
(2026-03-17T13:42:30.683804895) (2026-03-17T13:42:30.683811606) [Msg] Material service on [/world/mrsim/wheel_slip]
(2026-03-17T13:42:30.683850441) (2026-03-17T13:42:30.683855620) [Dbg] [SystemManager.cc:73] Loaded system [gz::sim::systems::UserCommands] for entity [1]
(2026-03-17T13:42:30.686327877) (2026-03-17T13:42:30.686339921) [Dbg] [SystemManager.cc:73] Loaded system [gz::sim::systems::SceneBroadcaster] for entity [1]
(2026-03-17T13:42:30.686735629) (2026-03-17T13:42:30.686804847) [Msg] Serving world controls on [/world/mrsim/control], [/world/mrsim/control/state] and [/world/mrsim/playback/control]
(2026-03-17T13:42:30.686932482) (2026-03-17T13:42:30.686939176) [Msg] Serving GUI information on [/world/mrsim/gui/info]
(2026-03-17T13:42:30.686970266) (2026-03-17T13:42:30.686976148) [Msg] World [mrsim] initialized with [1ms] physics profile.
(2026-03-17T13:42:30.687135325) (2026-03-17T13:42:30.687142055) [Msg] Serving world SDF generation service on [/world/mrsim/generate_world_sdf]
(2026-03-17T13:42:30.687263010) (2026-03-17T13:42:30.687269690) [Msg] Serving world names on [/gazebo/worlds]
(2026-03-17T13:42:30.687359479) (2026-03-17T13:42:30.687365653) [Msg] Resource path add service on [/gazebo/resource_paths/add].
(2026-03-17T13:42:30.687497401) (2026-03-17T13:42:30.687503961) [Msg] Resource path get service on [/gazebo/resource_paths/get].
(2026-03-17T13:42:30.687565216) (2026-03-17T13:42:30.687579652) [Msg] Resource path resolve service on [/gazebo/resource_paths/resolve].
(2026-03-17T13:42:30.687688702) (2026-03-17T13:42:30.687694994) [Msg] Resource paths published on [/gazebo/resource_paths].
(2026-03-17T13:42:30.687802895) (2026-03-17T13:42:30.687809361) [Msg] Server control service on [/server_control].
(2026-03-17T13:42:31.627997769) (2026-03-17T13:42:31.628007447) [Dbg] [SignalHandler.cc:141] Received signal[2].
(2026-03-17T13:42:31.628034837) (2026-03-17T13:42:31.628039462) [Dbg] [ServerPrivate.cc:110] Server received signal[2]
(2026-03-17T13:42:31.628065968) (2026-03-17T13:42:31.628070539) [Dbg] [Sensors.cc:439] SensorsPrivate::Stop
(2026-03-17T13:42:31.628147673) (2026-03-17T13:42:31.628155361) [Dbg] [Sensors.cc:284] Rendering Thread initialized
(2026-03-17T13:42:31.628174053) (2026-03-17T13:42:31.628178684) [Dbg] [Sensors.cc:425] SensorsPrivate::RenderThread stopped
(2026-03-17T13:42:32.187862899) (2026-03-17T13:42:32.187891920) [Msg] Found no publishers on /stats, adding root stats topic
(2026-03-17T13:42:32.188312542) (2026-03-17T13:42:32.188327121) [Msg] Found no publishers on /clock, adding root clock topic
(2026-03-17T13:42:32.188454475) (2026-03-17T13:42:32.188467559) [Dbg] [gz.cc:410] Shutting down ign-gazebo-server
(2026-03-17T13:42:32.207018420) (2026-03-17T13:42:32.207025343) [Dbg] [Sensors.cc:439] SensorsPrivate::Stop
