(2026-03-17T14:18:05.94388354) (2026-03-17T14:18:05.94396786) [Msg] Ignition Gazebo Server v6.17.1
(2026-03-17T14:18:05.96826623) (2026-03-17T14:18:05.96838434) [Msg] Loading SDF world file[/home/user/ros2_ws/install/mrsim_gazebo_sim/share/mrsim_gazebo_sim/worlds/example.world].
(2026-03-17T14:18:05.403020325) (2026-03-17T14:18:05.403032671) [Msg] Serving entity system service on [/entity/system/add]
(2026-03-17T14:18:05.441290920) (2026-03-17T14:18:05.441302083) [Dbg] [SystemManager.cc:73] Loaded system [ignition::gazebo::systems::ShaderParam] for entity [9]
(2026-03-17T14:18:05.445634593) (2026-03-17T14:18:05.445646893) [Dbg] [SystemManager.cc:73] Loaded system [mrsim_gazebo_sim::SetPegPosePlugin] for entity [10]
(2026-03-17T14:18:05.492478862) (2026-03-17T14:18:05.492486037) [Dbg] [SystemManager.cc:73] Loaded system [mrsim_gazebo_sim::MrsimDroneIgnPlugin] for entity [14]
(2026-03-17T14:18:05.493712605) (2026-03-17T14:18:05.493718897) [Dbg] [MulticopterMotorModel.cc:373] Listening to topic: qr4/gazebo/command/motor_speed
(2026-03-17T14:18:05.493838082) (2026-03-17T14:18:05.493842619) [Dbg] [SystemManager.cc:73] Loaded system [ignition::gazebo::systems::MulticopterMotorModel] for entity [14]
(2026-03-17T14:18:05.494178078) (2026-03-17T14:18:05.494182564) [Dbg] [MulticopterMotorModel.cc:373] Listening to topic: qr4/gazebo/command/motor_speed
(2026-03-17T14:18:05.494277033) (2026-03-17T14:18:05.494282011) [Dbg] [SystemManager.cc:73] Loaded system [ignition::gazebo::systems::MulticopterMotorModel] for entity [14]
(2026-03-17T14:18:05.494634609) (2026-03-17T14:18:05.494639570) [Dbg] [MulticopterMotorModel.cc:373] Listening to topic: qr4/gazebo/command/motor_speed
(2026-03-17T14:18:05.494971330) (2026-03-17T14:18:05.494977731) [Dbg] [SystemManager.cc:73] Loaded system [ignition::gazebo::systems::MulticopterMotorModel] for entity [14]
(2026-03-17T14:18:05.495516615) (2026-03-17T14:18:05.495522908) [Dbg] [MulticopterMotorModel.cc:373] Listening to topic: qr4/gazebo/command/motor_speed
(2026-03-17T14:18:05.495626572) (2026-03-17T14:18:05.495632226) [Dbg] [SystemManager.cc:73] Loaded system [ignition::gazebo::systems::MulticopterMotorModel] for entity [14]
(2026-03-17T14:18:05.497886399) (2026-03-17T14:18:05.497898118) [Msg] OdometryPublisher publishing odometry on [/model/qr4/odometry]
(2026-03-17T14:18:05.498115106) (2026-03-17T14:18:05.498122270) [Msg] OdometryPublisher publishing odometry with covariance on [/model/qr4/odometry_with_covariance]
(2026-03-17T14:18:05.498941617) (2026-03-17T14:18:05.498954571) [Msg] OdometryPublisher publishing Pose_V (TF) on [/model/qr4/pose]
(2026-03-17T14:18:05.498998575) (2026-03-17T14:18:05.499003787) [Dbg] [SystemManager.cc:73] Loaded system [ignition::gazebo::systems::OdometryPublisher] for entity [14]
(2026-03-17T14:18:05.512441756) (2026-03-17T14:18:05.512450338) [Dbg] [Sensors.cc:506] Configuring Sensors system
(2026-03-17T14:18:05.512566460) (2026-03-17T14:18:05.512570610) [Dbg] [Sensors.cc:431] SensorsPrivate::Run
(2026-03-17T14:18:05.512667109) 2026-03-17T14:18:05.5126740262026-03-17T14:18:05.5126738852026-03-17T14:18:05.5126740262026-03-17T14:18:05.512673885) [Dbg] [Sensors.cc:411] SensorsPrivate::RenderThread started) (((2026-03-17T14:18:05.512706218) (2026-03-17T14:18:05.512713995) 2026-03-17T14:18:05.512711521[Dbg] [Sensors.cc:258] 2026-03-17T14:18:05.512711521[Dbg] [Sensors.cc:258] Waiting for init) Waiting for init) 
Loaded system [ignition::gazebo::systems::Sensors] for entity [14]
(2026-03-17T14:18:05.513154143) (2026-03-17T14:18:05.513158393) [Msg] Loaded level [3]
(2026-03-17T14:18:05.513179189) (2026-03-17T14:18:05.513182613) [Msg] No systems loaded from SDF, loading defaults
(2026-03-17T14:18:05.513312960) (2026-03-17T14:18:05.513316718) [Dbg] [ServerConfig.cc:1043] Loaded (3) plugins from file [/home/user/.ignition/gazebo/6/server.config]
(2026-03-17T14:18:05.533517753) (2026-03-17T14:18:05.533525815) [Dbg] [Physics.cc:804] Loaded [ignition::physics::dartsim::Plugin] from library [/usr/lib/x86_64-linux-gnu/ign-physics-5/engine-plugins/libignition-physics-dartsim-plugin.so]
(2026-03-17T14:18:05.533603696) (2026-03-17T14:18:05.533609079) [Dbg] [SystemManager.cc:73] Loaded system [gz::sim::systems::Physics] for entity [1]
(2026-03-17T14:18:05.536547387) (2026-03-17T14:18:05.536554698) [Msg] Create service on [/world/mrsim/create]
(2026-03-17T14:18:05.536709291) (2026-03-17T14:18:05.536713738) [Msg] Remove service on [/world/mrsim/remove]
(2026-03-17T14:18:05.537468748) (2026-03-17T14:18:05.537476316) [Msg] Pose service on [/world/mrsim/set_pose]
(2026-03-17T14:18:05.537902786) (2026-03-17T14:18:05.537913093) [Msg] Pose service on [/world/mrsim/set_pose_vector]
(2026-03-17T14:18:05.538538502) (2026-03-17T14:18:05.538546495) [Msg] Light configuration service on [/world/mrsim/light_config]
(2026-03-17T14:18:05.538858167) (2026-03-17T14:18:05.538865239) [Msg] Physics service on [/world/mrsim/set_physics]
(2026-03-17T14:18:05.540010434) (2026-03-17T14:18:05.540016936) [Msg] SphericalCoordinates service on [/world/mrsim/set_spherical_coordinates]
(2026-03-17T14:18:05.540368712) (2026-03-17T14:18:05.540374620) [Msg] Enable collision service on [/world/mrsim/enable_collision]
(2026-03-17T14:18:05.540512822) (2026-03-17T14:18:05.540517123) [Msg] Disable collision service on [/world/mrsim/disable_collision]
(2026-03-17T14:18:05.540671064) (2026-03-17T14:18:05.540677134) [Msg] Material service on [/world/mrsim/visual_config]
(2026-03-17T14:18:05.541100294) (2026-03-17T14:18:05.541384499) [Msg] Material service on [/world/mrsim/wheel_slip]
(2026-03-17T14:18:05.541410603) (2026-03-17T14:18:05.541414035) [Dbg] [SystemManager.cc:73] Loaded system [gz::sim::systems::UserCommands] for entity [1]
(2026-03-17T14:18:05.543067833) (2026-03-17T14:18:05.543073769) [Dbg] [SystemManager.cc:73] Loaded system [gz::sim::systems::SceneBroadcaster] for entity [1]
(2026-03-17T14:18:05.543452088) (2026-03-17T14:18:05.543458832) [Msg] Serving world controls on [/world/mrsim/control], [/world/mrsim/control/state] and [/world/mrsim/playback/control]
(2026-03-17T14:18:05.543642042) (2026-03-17T14:18:05.543647556) [Msg] Serving GUI information on [/world/mrsim/gui/info]
(2026-03-17T14:18:05.543979485) (2026-03-17T14:18:05.543984921) [Msg] World [mrsim] initialized with [1ms] physics profile.
(2026-03-17T14:18:05.544733589) (2026-03-17T14:18:05.544741038) [Msg] Serving world SDF generation service on [/world/mrsim/generate_world_sdf]
(2026-03-17T14:18:05.545808548) (2026-03-17T14:18:05.545815354) [Msg] Serving world names on [/gazebo/worlds]
(2026-03-17T14:18:05.545949893) (2026-03-17T14:18:05.545955409) [Msg] Resource path add service on [/gazebo/resource_paths/add].
(2026-03-17T14:18:05.546226434) (2026-03-17T14:18:05.546232386) [Msg] Resource path get service on [/gazebo/resource_paths/get].
(2026-03-17T14:18:05.546347225) (2026-03-17T14:18:05.546353178) [Msg] Resource path resolve service on [/gazebo/resource_paths/resolve].
(2026-03-17T14:18:05.547467977) (2026-03-17T14:18:05.547475961) [Msg] Resource paths published on [/gazebo/resource_paths].
(2026-03-17T14:18:05.547950794) (2026-03-17T14:18:05.547957847) [Msg] Server control service on [/server_control].
(2026-03-17T14:18:06.989913583) (2026-03-17T14:18:06.989926707) [Msg] Found no publishers on /stats, adding root stats topic
(2026-03-17T14:18:06.990114481) (2026-03-17T14:18:06.990121603) [Msg] Found no publishers on /clock, adding root clock topic
(2026-03-17T14:18:06.990356275) (2026-03-17T14:18:06.990361495) [Dbg] [SimulationRunner.cc:501] Creating PostUpdate worker threads: 4
(2026-03-17T14:18:06.990388117) (2026-03-17T14:18:06.990392744) [Dbg] [SimulationRunner.cc:512] Creating postupdate worker thread (0)
(2026-03-17T14:18:06.990468330) (2026-03-17T14:18:06.990474790) [Dbg] [SimulationRunner.cc:512] Creating postupdate worker thread (1)
(2026-03-17T14:18:06.990515866) (2026-03-17T14:18:06.990521906) [Dbg] [SimulationRunner.cc:512] Creating postupdate worker thread (2)
(2026-03-17T14:18:06.994649636) (2026-03-17T14:18:06.994657057) [Dbg] [SimulationFeatures.cc:71] Simulation timestep set to: 0.005
(2026-03-17T14:18:06.995049239) (2026-03-17T14:18:06.995057688) [Dbg] [Sensors.cc:610] Initialization needed
(2026-03-17T14:18:06.995112205) (2026-03-17T14:18:06.995117506) [Dbg] [Sensors.cc:270] Initializing render context
(2026-03-17T14:18:06.995230255) (2026-03-17T14:18:06.995235891) [Msg] Loading plugin [ignition-rendering-ogre2]
(2026-03-17T14:18:07.193633) (2026-03-17T14:18:07.212024) [Msg] Serving scene information on [/world/mrsim/scene/info]
(2026-03-17T14:18:07.297993) (2026-03-17T14:18:07.303837) [Msg] Serving graph information on [/world/mrsim/scene/graph]
(2026-03-17T14:18:07.467230) (2026-03-17T14:18:07.473324) [Msg] Serving full state on [/world/mrsim/state]
(2026-03-17T14:18:07.577286) (2026-03-17T14:18:07.583369) [Msg] Serving full state (async) on [/world/mrsim/state_async]
(2026-03-17T14:18:07.726662) (2026-03-17T14:18:07.731723) [Msg] Publishing scene information on [/world/mrsim/scene/info]
(2026-03-17T14:18:07.826466) (2026-03-17T14:18:07.832191) [Msg] Publishing entity deletions on [/world/mrsim/scene/deletion]
(2026-03-17T14:18:07.921004) (2026-03-17T14:18:07.926408) [Msg] Publishing state changes on [/world/mrsim/state]
(2026-03-17T14:18:07.1043778) (2026-03-17T14:18:07.1049580) [Msg] Publishing pose messages on [/world/mrsim/pose/info]
(2026-03-17T14:18:07.1134519) (2026-03-17T14:18:07.1139741) [Msg] Publishing dynamic pose messages on [/world/mrsim/dynamic_pose/info]
(2026-03-17T14:18:07.1629261) (2026-03-17T14:18:07.1639421) [Dbg] [EntityComponentManager.cc:1623] Updated state thread iterators: 8 threads processing around 6 entities each.
(2026-03-17T14:18:07.157495408) (2026-03-17T14:18:07.157502664) [Dbg] [RenderUtil.cc:2591] Create scene [scene]
((2026-03-17T14:18:07.1854567252026-03-17T14:18:07.1854567252026-03-17T14:18:07.185438249) () (2026-03-17T14:18:07.1854758462026-03-17T14:18:07.1854818052026-03-17T14:18:07.1854758462026-03-17T14:18:07.185481805) ) [Dbg] [Sensors.cc:610] Initialization needed
[Dbg] [Sensors.cc:284] Rendering Thread initialized
(2026-03-17T14:18:08.50234028) (2026-03-17T14:18:08.50244421) [Dbg] [CameraSensor.cc:394] Camera images for [qr4::base::camera] advertised on [/camera]
(2026-03-17T14:18:08.50379031) (2026-03-17T14:18:08.50385771) [Dbg] [CameraSensor.cc:705] Camera info for [qr4::base::camera] advertised on [/camera_info]
(2026-03-17T14:18:08.50785057) (2026-03-17T14:18:08.50792482) [Wrn] [Ogre2Camera.cc:390] Ogre2Camera::SetVisibilityMask: Mask bits c0000000 are set but will be ignored as they conflict with the reserved bits used internally by the ogre2 backend.
(2026-03-17T14:18:08.50973545) (2026-03-17T14:18:08.50977957) [Msg] Loading plugin [ignition-rendering-ogre2]
(2026-03-17T14:18:08.117086175) (2026-03-17T14:18:08.117094762) [Dbg] [CameraSensor.cc:518] Enabling camera sensor: 'qr4::base::camera' data generation.
(2026-03-17T14:18:18.75077710) (2026-03-17T14:18:18.75085556) [Dbg] [SignalHandler.cc:141] Received signal[2].
(2026-03-17T14:18:18.75104935) (2026-03-17T14:18:18.75108429) [Dbg] [ServerPrivate.cc:110] Server received signal[2]
(2026-03-17T14:18:18.75124030) (2026-03-17T14:18:18.75127437) [Dbg] [Sensors.cc:439] SensorsPrivate::Stop
(2026-03-17T14:18:18.75395540) (2026-03-17T14:18:18.75401330) [Dbg] [Sensors.cc:425] SensorsPrivate::RenderThread stopped
(2026-03-17T14:18:18.78817872) (2026-03-17T14:18:18.78843299) [Dbg] [gz.cc:410] Shutting down ign-gazebo-server
(((2026-03-17T14:18:18.815828232026-03-17T14:18:18.815828232026-03-17T14:18:18.81584993) (2026-03-17T14:18:18.81597754) ) (() ([Dbg] [SimulationRunner.cc:528] 2026-03-17T14:18:18.81618483) ) ) Exiting postupdate worker thread (1)
Exiting postupdate worker thread (0)
Exiting postupdate worker thread (Exiting postupdate worker thread (2)
(2026-03-17T14:18:18.104622456) (2026-03-17T14:18:18.104635557) [Dbg] [Sensors.cc:439] SensorsPrivate::Stop
