(2026-03-12T16:32:12.353938799) (2026-03-12T16:32:12.353946772) [Msg] Ignition Gazebo Server v6.17.1
(2026-03-12T16:32:12.355925983) (2026-03-12T16:32:12.355932927) [Msg] Loading SDF world file[/home/user/ros2_ws/install/mrsim_gazebo_sim/share/mrsim_gazebo_sim/worlds/example.world].
(2026-03-12T16:32:12.567545427) (2026-03-12T16:32:12.567553729) [Msg] Serving entity system service on [/entity/system/add]
(2026-03-12T16:32:12.597710504) (2026-03-12T16:32:12.597718863) [Dbg] [SystemManager.cc:73] Loaded system [ignition::gazebo::systems::ShaderParam] for entity [9]
(2026-03-12T16:32:12.600551034) (2026-03-12T16:32:12.600563005) [Dbg] [SystemManager.cc:73] Loaded system [mrsim_gazebo_sim::SetPegPosePlugin] for entity [10]
(2026-03-12T16:32:12.626041164) (2026-03-12T16:32:12.626053417) [Dbg] [SystemManager.cc:73] Loaded system [mrsim_gazebo_sim::MrsimDroneIgnPlugin] for entity [14]
(2026-03-12T16:32:12.628039599) (2026-03-12T16:32:12.628049360) [Dbg] [MulticopterMotorModel.cc:373] Listening to topic: qr4/gazebo/command/motor_speed
(2026-03-12T16:32:12.628185910) (2026-03-12T16:32:12.628191934) [Dbg] [SystemManager.cc:73] Loaded system [ignition::gazebo::systems::MulticopterMotorModel] for entity [14]
(2026-03-12T16:32:12.628588173) (2026-03-12T16:32:12.628596378) [Dbg] [MulticopterMotorModel.cc:373] Listening to topic: qr4/gazebo/command/motor_speed
(2026-03-12T16:32:12.628694118) (2026-03-12T16:32:12.628700391) [Dbg] [SystemManager.cc:73] Loaded system [ignition::gazebo::systems::MulticopterMotorModel] for entity [14]
(2026-03-12T16:32:12.629067699) (2026-03-12T16:32:12.629074671) [Dbg] [MulticopterMotorModel.cc:373] Listening to topic: qr4/gazebo/command/motor_speed
(2026-03-12T16:32:12.629145302) (2026-03-12T16:32:12.629151326) [Dbg] [SystemManager.cc:73] Loaded system [ignition::gazebo::systems::MulticopterMotorModel] for entity [14]
(2026-03-12T16:32:12.629477797) (2026-03-12T16:32:12.629484822) [Dbg] [MulticopterMotorModel.cc:373] Listening to topic: qr4/gazebo/command/motor_speed
(2026-03-12T16:32:12.629551784) (2026-03-12T16:32:12.629557824) [Dbg] [SystemManager.cc:73] Loaded system [ignition::gazebo::systems::MulticopterMotorModel] for entity [14]
(2026-03-12T16:32:12.631090267) (2026-03-12T16:32:12.631100929) [Msg] OdometryPublisher publishing odometry on [/model/qr4/odometry]
(2026-03-12T16:32:12.631196185) (2026-03-12T16:32:12.631202650) [Msg] OdometryPublisher publishing odometry with covariance on [/model/qr4/odometry_with_covariance]
(2026-03-12T16:32:12.631287313) (2026-03-12T16:32:12.631293590) [Msg] OdometryPublisher publishing Pose_V (TF) on [/model/qr4/pose]
(2026-03-12T16:32:12.631321318) (2026-03-12T16:32:12.631327038) [Dbg] [SystemManager.cc:73] Loaded system [ignition::gazebo::systems::OdometryPublisher] for entity [14]
(2026-03-12T16:32:12.646215516) (2026-03-12T16:32:12.646223556) [Dbg] [Sensors.cc:506] Configuring Sensors system
(2026-03-12T16:32:12.646308440) (2026-03-12T16:32:12.646312445) [Dbg] [Sensors.cc:431] SensorsPrivate::Run
(2026-03-12T16:32:12.646404505) (2026-03-12T16:32:12.646410493) [Dbg] [SystemManager.cc:73] (() (2026-03-12T16:32:12.6464364542026-03-12T16:32:12.646436454) ) ignition::gazebo::systems::Sensors] for entity [14]
SensorsPrivate::RenderThread started
(2026-03-12T16:32:12.646490787) (2026-03-12T16:32:12.646496204) [Dbg] [Sensors.cc:258] Waiting for init
(2026-03-12T16:32:12.646930530) (2026-03-12T16:32:12.646935408) [Msg] Loaded level [3]
(2026-03-12T16:32:12.646958251) (2026-03-12T16:32:12.646961597) [Msg] No systems loaded from SDF, loading defaults
(2026-03-12T16:32:12.647410178) (2026-03-12T16:32:12.647414039) [Dbg] [ServerConfig.cc:1043] Loaded (3) plugins from file [/home/user/.ignition/gazebo/6/server.config]
(2026-03-12T16:32:12.678159398) (2026-03-12T16:32:12.678170517) [Dbg] [Physics.cc:804] Loaded [ignition::physics::dartsim::Plugin] from library [/usr/lib/x86_64-linux-gnu/ign-physics-5/engine-plugins/libignition-physics-dartsim-plugin.so]
(2026-03-12T16:32:12.678250385) (2026-03-12T16:32:12.678255814) [Dbg] [SystemManager.cc:73] Loaded system [gz::sim::systems::Physics] for entity [1]
(2026-03-12T16:32:12.681360406) (2026-03-12T16:32:12.681371632) [Msg] Create service on [/world/mrsim/create]
(2026-03-12T16:32:12.681530831) (2026-03-12T16:32:12.681538054) [Msg] Remove service on [/world/mrsim/remove]
(2026-03-12T16:32:12.681734945) (2026-03-12T16:32:12.681742360) [Msg] Pose service on [/world/mrsim/set_pose]
(2026-03-12T16:32:12.681890963) (2026-03-12T16:32:12.681896588) [Msg] Pose service on [/world/mrsim/set_pose_vector]
(2026-03-12T16:32:12.682123710) (2026-03-12T16:32:12.682129737) [Msg] Light configuration service on [/world/mrsim/light_config]
(2026-03-12T16:32:12.682330241) (2026-03-12T16:32:12.682335923) [Msg] Physics service on [/world/mrsim/set_physics]
(2026-03-12T16:32:12.682439593) (2026-03-12T16:32:12.682444725) [Msg] SphericalCoordinates service on [/world/mrsim/set_spherical_coordinates]
(2026-03-12T16:32:12.682495837) (2026-03-12T16:32:12.682500718) [Msg] Enable collision service on [/world/mrsim/enable_collision]
(2026-03-12T16:32:12.682577073) (2026-03-12T16:32:12.682582061) [Msg] Disable collision service on [/world/mrsim/disable_collision]
(2026-03-12T16:32:12.682755635) (2026-03-12T16:32:12.682761999) [Msg] Material service on [/world/mrsim/visual_config]
(2026-03-12T16:32:12.682864041) (2026-03-12T16:32:12.682870063) [Msg] Material service on [/world/mrsim/wheel_slip]
(2026-03-12T16:32:12.682912207) (2026-03-12T16:32:12.682917428) [Dbg] [SystemManager.cc:73] Loaded system [gz::sim::systems::UserCommands] for entity [1]
(2026-03-12T16:32:12.685861115) (2026-03-12T16:32:12.685868898) [Dbg] [SystemManager.cc:73] Loaded system [gz::sim::systems::SceneBroadcaster] for entity [1]
(2026-03-12T16:32:12.686206475) (2026-03-12T16:32:12.686211512) [Msg] Serving world controls on [/world/mrsim/control], [/world/mrsim/control/state] and [/world/mrsim/playback/control]
(2026-03-12T16:32:12.686298893) (2026-03-12T16:32:12.686303906) [Msg] Serving GUI information on [/world/mrsim/gui/info]
(2026-03-12T16:32:12.686321891) (2026-03-12T16:32:12.686325410) [Msg] World [mrsim] initialized with [1ms] physics profile.
(2026-03-12T16:32:12.686425094) (2026-03-12T16:32:12.686429904) [Msg] Serving world SDF generation service on [/world/mrsim/generate_world_sdf]
(2026-03-12T16:32:12.686607741) (2026-03-12T16:32:12.686613420) [Msg] Serving world names on [/gazebo/worlds]
(2026-03-12T16:32:12.686696131) (2026-03-12T16:32:12.686700473) [Msg] Resource path add service on [/gazebo/resource_paths/add].
(2026-03-12T16:32:12.686812977) (2026-03-12T16:32:12.686817436) [Msg] Resource path get service on [/gazebo/resource_paths/get].
(2026-03-12T16:32:12.787220884) (2026-03-12T16:32:12.787231845) [Msg] Resource path resolve service on [/gazebo/resource_paths/resolve].
(2026-03-12T16:32:12.787317213) (2026-03-12T16:32:12.787321379) [Msg] Resource paths published on [/gazebo/resource_paths].
(2026-03-12T16:32:12.787477689) (2026-03-12T16:32:12.787484146) [Msg] Server control service on [/server_control].
(2026-03-12T16:32:14.252268222) (2026-03-12T16:32:14.252280579) [Msg] Found no publishers on /stats, adding root stats topic
(2026-03-12T16:32:14.252455406) (2026-03-12T16:32:14.252462016) [Msg] Found no publishers on /clock, adding root clock topic
(2026-03-12T16:32:14.252634036) (2026-03-12T16:32:14.252640521) [Dbg] [SimulationRunner.cc:501] Creating PostUpdate worker threads: 4
(2026-03-12T16:32:14.252666589) (2026-03-12T16:32:14.252672582) [Dbg] [SimulationRunner.cc:512] Creating postupdate worker thread (0)
(2026-03-12T16:32:14.252756981) (2026-03-12T16:32:14.252763244) [Dbg] [SimulationRunner.cc:512] Creating postupdate worker thread (1)
(2026-03-12T16:32:14.252803539) (2026-03-12T16:32:14.252808699) [Dbg] [SimulationRunner.cc:512] Creating postupdate worker thread (2)
(2026-03-12T16:32:14.256330467) (2026-03-12T16:32:14.256340248) [Dbg] [Sensors.cc:610] Initialization needed
(2026-03-12T16:32:14.256383539) (2026-03-12T16:32:14.256391163) [Dbg] [Sensors.cc:270] Initializing render context
(2026-03-12T16:32:14.256548369) (2026-03-12T16:32:14.256552399) [Msg] Loading plugin [ignition-rendering-ogre2]
(2026-03-12T16:32:14.257106696) (2026-03-12T16:32:14.257115037) [Msg] Serving scene information on [/world/mrsim/scene/info]
(2026-03-12T16:32:14.257201072) (2026-03-12T16:32:14.257206915) [Msg] Serving graph information on [/world/mrsim/scene/graph]
(2026-03-12T16:32:14.257323466) (2026-03-12T16:32:14.257327596) [Msg] Serving full state on [/world/mrsim/state]
(2026-03-12T16:32:14.257376946) (2026-03-12T16:32:14.257381905) [Msg] Serving full state (async) on [/world/mrsim/state_async]
(2026-03-12T16:32:14.257527480) (2026-03-12T16:32:14.257532190) [Msg] Publishing scene information on [/world/mrsim/scene/info]
(2026-03-12T16:32:14.257604487) (2026-03-12T16:32:14.257610937) [Msg] Publishing entity deletions on [/world/mrsim/scene/deletion]
(2026-03-12T16:32:14.257664579) (2026-03-12T16:32:14.257669494) [Msg] Publishing state changes on [/world/mrsim/state]
(2026-03-12T16:32:14.257717085) (2026-03-12T16:32:14.257723011) [Msg] Publishing pose messages on [/world/mrsim/pose/info]
(2026-03-12T16:32:14.257809098) (2026-03-12T16:32:14.257816101) [Msg] Publishing dynamic pose messages on [/world/mrsim/dynamic_pose/info]
(2026-03-12T16:32:14.258042970) (2026-03-12T16:32:14.258047782) [Dbg] [EntityComponentManager.cc:1623] Updated state thread iterators: 8 threads processing around 6 entities each.
(2026-03-12T16:32:14.390964776) (2026-03-12T16:32:14.390971925) [Dbg] [RenderUtil.cc:2591] Create scene [scene]
((2026-03-12T16:32:14.416118430) (2026-03-12T16:32:14.4161331722026-03-12T16:32:14.416139753) ) ) (2026-03-12T16:32:14.416152228) [Dbg] [Sensors.cc:284] Rendering Thread initialized
[Dbg] [Sensors.cc:284] [Dbg] [Sensors.cc:610] Initialization needed
(2026-03-12T16:32:15.248971861) (2026-03-12T16:32:15.248980256) [Dbg] [CameraSensor.cc:394] Camera images for [qr4::base::camera] advertised on [/camera]
(2026-03-12T16:32:15.249097188) (2026-03-12T16:32:15.249103372) [Dbg] [CameraSensor.cc:705] Camera info for [qr4::base::camera] advertised on [/camera_info]
(2026-03-12T16:32:15.249424524) (2026-03-12T16:32:15.249429395) [Wrn] [Ogre2Camera.cc:390] Ogre2Camera::SetVisibilityMask: Mask bits c0000000 are set but will be ignored as they conflict with the reserved bits used internally by the ogre2 backend.
(2026-03-12T16:32:15.249601242) (2026-03-12T16:32:15.249604951) [Msg] Loading plugin [ignition-rendering-ogre2]
(2026-03-12T16:32:15.309592171) (2026-03-12T16:32:15.309616118) [Dbg] [CameraSensor.cc:518] Enabling camera sensor: 'qr4::base::camera' data generation.
(2026-03-12T16:32:22.802013195) (2026-03-12T16:32:22.802021952) [Dbg] [SimulationFeatures.cc:71] Simulation timestep set to: 0.005
(2026-03-12T16:32:46.670877021) (2026-03-12T16:32:46.670889205) [Dbg] [SignalHandler.cc:141] Received signal[2].
(2026-03-12T16:32:46.670921242) (2026-03-12T16:32:46.670927468) [Dbg] [ServerPrivate.cc:110] Server received signal[2]
(2026-03-12T16:32:46.670951688) (2026-03-12T16:32:46.670956893) [Dbg] [Sensors.cc:439] SensorsPrivate::Stop
(2026-03-12T16:32:46.671367731) (2026-03-12T16:32:46.671376258) [Dbg] [Sensors.cc:425] SensorsPrivate::RenderThread stopped
(2026-03-12T16:32:46.671492374) (2026-03-12T16:32:46.671496030) [Dbg] [gz.cc:410] Shutting down ign-gazebo-server
(((2026-03-12T16:32:46.674773963) (2026-03-12T16:32:46.674805598) ) ([Dbg] [SimulationRunner.cc:528] ([Dbg] [SimulationRunner.cc:528] ) (2026-03-12T16:32:46.6748385982026-03-12T16:32:46.674844127) ) [Dbg] [SimulationRunner.cc:528] [Dbg] [SimulationRunner.cc:528] [Dbg] [SimulationRunner.cc:528] Exiting postupdate worker thread (2)
Exiting postupdate worker thread (20)
Exiting postupdate worker thread (1)
(2026-03-12T16:32:46.710955919) (2026-03-12T16:32:46.710970044) [Dbg] [Sensors.cc:439] SensorsPrivate::Stop
