(2026-03-10T16:42:36.628132700) (2026-03-10T16:42:36.628140947) [Msg] Ignition Gazebo Server v6.17.1
(2026-03-10T16:42:36.630834042) (2026-03-10T16:42:36.630844515) [Msg] Loading SDF world file[/home/user/ros2_ws/install/mrsim_gazebo_sim/share/mrsim_gazebo_sim/worlds/example.world].
(2026-03-10T16:42:36.887989704) (2026-03-10T16:42:36.888000871) [Msg] Serving entity system service on [/entity/system/add]
(2026-03-10T16:42:36.922625378) (2026-03-10T16:42:36.922638194) [Dbg] [SystemManager.cc:73] Loaded system [ignition::gazebo::systems::ShaderParam] for entity [9]
(2026-03-10T16:42:36.927128910) (2026-03-10T16:42:36.927140524) [Dbg] [SystemManager.cc:73] Loaded system [mrsim_gazebo_sim::SetPegPosePlugin] for entity [10]
(2026-03-10T16:42:36.964464271) (2026-03-10T16:42:36.964474563) [Dbg] [SystemManager.cc:73] Loaded system [mrsim_gazebo_sim::MrsimDroneIgnPlugin] for entity [14]
(2026-03-10T16:42:36.966452789) (2026-03-10T16:42:36.966462332) [Dbg] [MulticopterMotorModel.cc:373] Listening to topic: qr4/gazebo/command/motor_speed
(2026-03-10T16:42:36.966572268) (2026-03-10T16:42:36.966578975) [Dbg] [SystemManager.cc:73] Loaded system [ignition::gazebo::systems::MulticopterMotorModel] for entity [14]
(2026-03-10T16:42:36.966940054) (2026-03-10T16:42:36.966946463) [Dbg] [MulticopterMotorModel.cc:373] Listening to topic: qr4/gazebo/command/motor_speed
(2026-03-10T16:42:36.967019269) (2026-03-10T16:42:36.967025932) [Dbg] [SystemManager.cc:73] Loaded system [ignition::gazebo::systems::MulticopterMotorModel] for entity [14]
(2026-03-10T16:42:36.967351007) (2026-03-10T16:42:36.967357772) [Dbg] [MulticopterMotorModel.cc:373] Listening to topic: qr4/gazebo/command/motor_speed
(2026-03-10T16:42:36.967422918) (2026-03-10T16:42:36.967428861) [Dbg] [SystemManager.cc:73] Loaded system [ignition::gazebo::systems::MulticopterMotorModel] for entity [14]
(2026-03-10T16:42:36.967756316) (2026-03-10T16:42:36.967762944) [Dbg] [MulticopterMotorModel.cc:373] Listening to topic: qr4/gazebo/command/motor_speed
(2026-03-10T16:42:36.967828607) (2026-03-10T16:42:36.967835088) [Dbg] [SystemManager.cc:73] Loaded system [ignition::gazebo::systems::MulticopterMotorModel] for entity [14]
(2026-03-10T16:42:36.969362513) (2026-03-10T16:42:36.969370159) [Msg] OdometryPublisher publishing odometry on [/model/qr4/odometry]
(2026-03-10T16:42:36.969460211) (2026-03-10T16:42:36.969466599) [Msg] OdometryPublisher publishing odometry with covariance on [/model/qr4/odometry_with_covariance]
(2026-03-10T16:42:36.969541378) (2026-03-10T16:42:36.969547872) [Msg] OdometryPublisher publishing Pose_V (TF) on [/model/qr4/pose]
(2026-03-10T16:42:36.969576847) (2026-03-10T16:42:36.969582683) [Dbg] [SystemManager.cc:73] Loaded system [ignition::gazebo::systems::OdometryPublisher] for entity [14]
(2026-03-10T16:42:36.989410009) (2026-03-10T16:42:36.989422532) [Dbg] [Sensors.cc:506] Configuring Sensors system
(2026-03-10T16:42:36.989593776) (2026-03-10T16:42:36.989599820) [Dbg] [Sensors.cc:431] SensorsPrivate::Run
((2026-03-10T16:42:36.989729943) (2026-03-10T16:42:36.989760908) [Dbg] [SystemManager.cc:73] Loaded system [2026-03-10T16:42:36.989775367Loaded system [2026-03-10T16:42:36.989775367) 2026-03-10T16:42:36.989797096) ignition::gazebo::systems::Sensorsignition::gazebo::systems::Sensors[Dbg] [Sensors.cc:411] SensorsPrivate::RenderThread started
] for entity [14]
(2026-03-10T16:42:36.989852009) (2026-03-10T16:42:36.989857705) [Dbg] [Sensors.cc:258] Waiting for init
(2026-03-10T16:42:36.990341575) (2026-03-10T16:42:36.990348292) [Msg] Loaded level [3]
(2026-03-10T16:42:36.990378875) (2026-03-10T16:42:36.990384999) [Msg] No systems loaded from SDF, loading defaults
(2026-03-10T16:42:36.990597231) (2026-03-10T16:42:36.990603907) [Dbg] [ServerConfig.cc:1043] Loaded (3) plugins from file [/home/user/.ignition/gazebo/6/server.config]
(2026-03-10T16:42:37.18534668) (2026-03-10T16:42:37.18546831) [Dbg] [Physics.cc:804] Loaded [ignition::physics::dartsim::Plugin] from library [/usr/lib/x86_64-linux-gnu/ign-physics-5/engine-plugins/libignition-physics-dartsim-plugin.so]
(2026-03-10T16:42:37.18618177) (2026-03-10T16:42:37.18633035) [Dbg] [SystemManager.cc:73] Loaded system [gz::sim::systems::Physics] for entity [1]
(2026-03-10T16:42:37.21527036) (2026-03-10T16:42:37.21538507) [Msg] Create service on [/world/mrsim/create]
(2026-03-10T16:42:37.21661427) (2026-03-10T16:42:37.21668281) [Msg] Remove service on [/world/mrsim/remove]
(2026-03-10T16:42:37.21767905) (2026-03-10T16:42:37.21774281) [Msg] Pose service on [/world/mrsim/set_pose]
(2026-03-10T16:42:37.21837020) (2026-03-10T16:42:37.21843402) [Msg] Pose service on [/world/mrsim/set_pose_vector]
(2026-03-10T16:42:37.21989033) (2026-03-10T16:42:37.21995573) [Msg] Light configuration service on [/world/mrsim/light_config]
(2026-03-10T16:42:37.22162383) (2026-03-10T16:42:37.22168782) [Msg] Physics service on [/world/mrsim/set_physics]
(2026-03-10T16:42:37.22266340) (2026-03-10T16:42:37.22272879) [Msg] SphericalCoordinates service on [/world/mrsim/set_spherical_coordinates]
(2026-03-10T16:42:37.22329892) (2026-03-10T16:42:37.22336172) [Msg] Enable collision service on [/world/mrsim/enable_collision]
(2026-03-10T16:42:37.22388844) (2026-03-10T16:42:37.22395068) [Msg] Disable collision service on [/world/mrsim/disable_collision]
(2026-03-10T16:42:37.22544891) (2026-03-10T16:42:37.22551535) [Msg] Material service on [/world/mrsim/visual_config]
(2026-03-10T16:42:37.22636954) (2026-03-10T16:42:37.22643416) [Msg] Material service on [/world/mrsim/wheel_slip]
(2026-03-10T16:42:37.22678080) (2026-03-10T16:42:37.22684129) [Dbg] [SystemManager.cc:73] Loaded system [gz::sim::systems::UserCommands] for entity [1]
(2026-03-10T16:42:37.24707974) (2026-03-10T16:42:37.24717746) [Dbg] [SystemManager.cc:73] Loaded system [gz::sim::systems::SceneBroadcaster] for entity [1]
(2026-03-10T16:42:37.25033440) (2026-03-10T16:42:37.25040494) [Msg] Serving world controls on [/world/mrsim/control], [/world/mrsim/control/state] and [/world/mrsim/playback/control]
(2026-03-10T16:42:37.25145060) (2026-03-10T16:42:37.25151416) [Msg] Serving GUI information on [/world/mrsim/gui/info]
(2026-03-10T16:42:37.25181019) (2026-03-10T16:42:37.25186983) [Msg] World [mrsim] initialized with [1ms] physics profile.
(2026-03-10T16:42:37.25382299) (2026-03-10T16:42:37.25389354) [Msg] Serving world SDF generation service on [/world/mrsim/generate_world_sdf]
(2026-03-10T16:42:37.25492207) (2026-03-10T16:42:37.25498127) [Msg] Serving world names on [/gazebo/worlds]
(2026-03-10T16:42:37.25556611) (2026-03-10T16:42:37.25562846) [Msg] Resource path add service on [/gazebo/resource_paths/add].
(2026-03-10T16:42:37.25618288) (2026-03-10T16:42:37.25624098) [Msg] Resource path get service on [/gazebo/resource_paths/get].
(2026-03-10T16:42:37.25736416) (2026-03-10T16:42:37.25743579) [Msg] Resource path resolve service on [/gazebo/resource_paths/resolve].
(2026-03-10T16:42:37.25825795) (2026-03-10T16:42:37.25832053) [Msg] Resource paths published on [/gazebo/resource_paths].
(2026-03-10T16:42:37.126292396) (2026-03-10T16:42:37.126298961) [Msg] Server control service on [/server_control].
(2026-03-10T16:42:38.526407295) (2026-03-10T16:42:38.526418872) [Msg] Found no publishers on /stats, adding root stats topic
(2026-03-10T16:42:38.526563803) (2026-03-10T16:42:38.526568125) [Msg] Found no publishers on /clock, adding root clock topic
(2026-03-10T16:42:38.526721217) (2026-03-10T16:42:38.526728011) [Dbg] [SimulationRunner.cc:501] Creating PostUpdate worker threads: 4
(2026-03-10T16:42:38.526750770) (2026-03-10T16:42:38.526756627) [Dbg] [SimulationRunner.cc:512] Creating postupdate worker thread (0)
(2026-03-10T16:42:38.526869496) (2026-03-10T16:42:38.526875194) [Dbg] [SimulationRunner.cc:512] Creating postupdate worker thread (1)
(2026-03-10T16:42:38.526925287) (2026-03-10T16:42:38.526931386) [Dbg] [SimulationRunner.cc:512] Creating postupdate worker thread (2)
(2026-03-10T16:42:38.530115317) (2026-03-10T16:42:38.530123597) [Dbg] [Sensors.cc:610] Initialization needed
(2026-03-10T16:42:38.530195199) (2026-03-10T16:42:38.530205450) [Dbg] [Sensors.cc:270] Initializing render context
(2026-03-10T16:42:38.530348057) (2026-03-10T16:42:38.530352186) [Msg] Loading plugin [ignition-rendering-ogre2]
(2026-03-10T16:42:38.530712801) (2026-03-10T16:42:38.530721014) [Msg] Serving scene information on [/world/mrsim/scene/info]
(2026-03-10T16:42:38.530778388) (2026-03-10T16:42:38.530784833) [Msg] Serving graph information on [/world/mrsim/scene/graph]
(2026-03-10T16:42:38.530929000) (2026-03-10T16:42:38.530935391) [Msg] Serving full state on [/world/mrsim/state]
(2026-03-10T16:42:38.531013278) (2026-03-10T16:42:38.531020369) [Msg] Serving full state (async) on [/world/mrsim/state_async]
(2026-03-10T16:42:38.531163156) (2026-03-10T16:42:38.531168897) [Msg] Publishing scene information on [/world/mrsim/scene/info]
(2026-03-10T16:42:38.531259081) (2026-03-10T16:42:38.531262941) [Msg] Publishing entity deletions on [/world/mrsim/scene/deletion]
(2026-03-10T16:42:38.531323925) (2026-03-10T16:42:38.531327523) [Msg] Publishing state changes on [/world/mrsim/state]
(2026-03-10T16:42:38.531444180) (2026-03-10T16:42:38.531494915) [Msg] Publishing pose messages on [/world/mrsim/pose/info]
(2026-03-10T16:42:38.531539857) (2026-03-10T16:42:38.531546159) [Msg] Publishing dynamic pose messages on [/world/mrsim/dynamic_pose/info]
(2026-03-10T16:42:38.531747347) (2026-03-10T16:42:38.531751757) [Dbg] [EntityComponentManager.cc:1623] Updated state thread iterators: 8 threads processing around 6 entities each.
(2026-03-10T16:42:38.692820759) (2026-03-10T16:42:38.692827463) [Dbg] [RenderUtil.cc:2591] Create scene [scene]
((2026-03-10T16:42:38.717683289) (2026-03-10T16:42:38.717692027) ) (2026-03-10T16:42:38.717703031) [Dbg] [Sensors.cc:284] Rendering Thread initialized[Dbg] [Sensors.cc:284] [Dbg] [Sensors.cc:610] 
Initialization needed
(2026-03-10T16:42:39.577993316) (2026-03-10T16:42:39.578010103) [Dbg] [CameraSensor.cc:394] Camera images for [qr4::base::camera] advertised on [/camera]
(2026-03-10T16:42:39.578135039) (2026-03-10T16:42:39.578139155) [Dbg] [CameraSensor.cc:705] Camera info for [qr4::base::camera] advertised on [/camera_info]
(2026-03-10T16:42:39.578475600) (2026-03-10T16:42:39.578479895) [Wrn] [Ogre2Camera.cc:390] Ogre2Camera::SetVisibilityMask: Mask bits c0000000 are set but will be ignored as they conflict with the reserved bits used internally by the ogre2 backend.
(2026-03-10T16:42:39.578654588) (2026-03-10T16:42:39.578658487) [Msg] Loading plugin [ignition-rendering-ogre2]
(2026-03-10T16:42:39.644207874) (2026-03-10T16:42:39.644218099) [Dbg] [CameraSensor.cc:518] Enabling camera sensor: 'qr4::base::camera' data generation.
(2026-03-10T16:42:56.992863829) (2026-03-10T16:42:56.992875391) [Dbg] [SimulationFeatures.cc:71] Simulation timestep set to: 0.005
(2026-03-10T16:43:08.78611479) (2026-03-10T16:43:08.78619733) [Dbg] [SignalHandler.cc:141] Received signal[2].
(2026-03-10T16:43:08.78638386) (2026-03-10T16:43:08.78641847) [Dbg] [ServerPrivate.cc:110] Server received signal[2]
(2026-03-10T16:43:08.78656894) (2026-03-10T16:43:08.78660346) [Dbg] [Sensors.cc:439] SensorsPrivate::Stop
(2026-03-10T16:43:08.78979556) (2026-03-10T16:43:08.78984704) [Dbg] [Sensors.cc:425] SensorsPrivate::RenderThread stopped
(2026-03-10T16:43:08.79723836) (2026-03-10T16:43:08.79729895) [Dbg] [gz.cc:410] Shutting down ign-gazebo-server
(2026-03-10T16:43:08.81935623) (2026-03-10T16:43:08.81943877) [Dbg] [SimulationRunner.cc:528] Exiting postupdate worker thread (1)
((2026-03-10T16:43:08.82035071) (2026-03-10T16:43:08.820376202026-03-10T16:43:08.82045558) ) ([Dbg] [SimulationRunner.cc:528] ([Dbg] [SimulationRunner.cc:528] 2026-03-10T16:43:08.82071556) ) Exiting postupdate worker thread ([Dbg] [SimulationRunner.cc:528] 0Exiting postupdate worker thread ()
2)
(2026-03-10T16:43:08.121973419) (2026-03-10T16:43:08.121989545) [Dbg] [Sensors.cc:439] SensorsPrivate::Stop
