(2026-03-17T12:30:25.244119778) (2026-03-17T12:30:25.244126721) [Msg] Ignition Gazebo Server v6.17.1
(2026-03-17T12:30:25.246266016) (2026-03-17T12:30:25.246275713) [Msg] Loading SDF world file[/home/user/ros2_ws/install/mrsim_gazebo_sim/share/mrsim_gazebo_sim/worlds/example.world].
(2026-03-17T12:30:25.474066218) (2026-03-17T12:30:25.474074815) [Msg] Serving entity system service on [/entity/system/add]
(2026-03-17T12:30:25.495083663) (2026-03-17T12:30:25.495090615) [Dbg] [SystemManager.cc:73] Loaded system [ignition::gazebo::systems::ShaderParam] for entity [9]
(2026-03-17T12:30:25.497443678) (2026-03-17T12:30:25.497450090) [Dbg] [SystemManager.cc:73] Loaded system [mrsim_gazebo_sim::SetPegPosePlugin] for entity [10]
(2026-03-17T12:30:25.529079029) (2026-03-17T12:30:25.529089636) [Dbg] [SystemManager.cc:73] Loaded system [mrsim_gazebo_sim::MrsimDroneIgnPlugin] for entity [14]
(2026-03-17T12:30:25.530429201) (2026-03-17T12:30:25.530435919) [Dbg] [MulticopterMotorModel.cc:373] Listening to topic: qr4/gazebo/command/motor_speed
(2026-03-17T12:30:25.530567416) (2026-03-17T12:30:25.530571454) [Dbg] [SystemManager.cc:73] Loaded system [ignition::gazebo::systems::MulticopterMotorModel] for entity [14]
(2026-03-17T12:30:25.530817842) (2026-03-17T12:30:25.530822097) [Dbg] [MulticopterMotorModel.cc:373] Listening to topic: qr4/gazebo/command/motor_speed
(2026-03-17T12:30:25.530884917) (2026-03-17T12:30:25.530888753) [Dbg] [SystemManager.cc:73] Loaded system [ignition::gazebo::systems::MulticopterMotorModel] for entity [14]
(2026-03-17T12:30:25.531092687) (2026-03-17T12:30:25.531096955) [Dbg] [MulticopterMotorModel.cc:373] Listening to topic: qr4/gazebo/command/motor_speed
(2026-03-17T12:30:25.531149458) (2026-03-17T12:30:25.531153309) [Dbg] [SystemManager.cc:73] Loaded system [ignition::gazebo::systems::MulticopterMotorModel] for entity [14]
(2026-03-17T12:30:25.531341407) (2026-03-17T12:30:25.531347522) [Dbg] [MulticopterMotorModel.cc:373] Listening to topic: qr4/gazebo/command/motor_speed
(2026-03-17T12:30:25.531415246) (2026-03-17T12:30:25.531420059) [Dbg] [SystemManager.cc:73] Loaded system [ignition::gazebo::systems::MulticopterMotorModel] for entity [14]
(2026-03-17T12:30:25.532426337) (2026-03-17T12:30:25.532431227) [Msg] OdometryPublisher publishing odometry on [/model/qr4/odometry]
(2026-03-17T12:30:25.532488882) (2026-03-17T12:30:25.532492711) [Msg] OdometryPublisher publishing odometry with covariance on [/model/qr4/odometry_with_covariance]
(2026-03-17T12:30:25.532539107) (2026-03-17T12:30:25.532542869) [Msg] OdometryPublisher publishing Pose_V (TF) on [/model/qr4/pose]
(2026-03-17T12:30:25.532559697) (2026-03-17T12:30:25.532563049) [Dbg] [SystemManager.cc:73] Loaded system [ignition::gazebo::systems::OdometryPublisher] for entity [14]
(2026-03-17T12:30:25.545280293) (2026-03-17T12:30:25.545293393) [Dbg] [Sensors.cc:506] Configuring Sensors system
(2026-03-17T12:30:25.545419956) (2026-03-17T12:30:25.545423608) [Dbg] [Sensors.cc:431] SensorsPrivate::Run
(2026-03-17T12:30:25.545559139) ((2026-03-17T12:30:25.545572740) [Dbg] [SystemManager.cc:73] Loaded system [2026-03-17T12:30:25.545580958) (ignition::gazebo::systems::Sensorsignition::gazebo::systems::Sensors2026-03-17T12:30:25.545593009] for entity [14]
SensorsPrivate::RenderThread started
(2026-03-17T12:30:25.545631828) (2026-03-17T12:30:25.545637427) [Dbg] [Sensors.cc:258] Waiting for init
(2026-03-17T12:30:25.546075777) (2026-03-17T12:30:25.546080050) [Msg] Loaded level [3]
(2026-03-17T12:30:25.546098322) (2026-03-17T12:30:25.546101718) [Msg] No systems loaded from SDF, loading defaults
(2026-03-17T12:30:25.546236317) (2026-03-17T12:30:25.546239937) [Dbg] [ServerConfig.cc:1043] Loaded (3) plugins from file [/home/user/.ignition/gazebo/6/server.config]
(2026-03-17T12:30:25.564531115) (2026-03-17T12:30:25.564540783) [Dbg] [Physics.cc:804] Loaded [ignition::physics::dartsim::Plugin] from library [/usr/lib/x86_64-linux-gnu/ign-physics-5/engine-plugins/libignition-physics-dartsim-plugin.so]
(2026-03-17T12:30:25.564630708) (2026-03-17T12:30:25.564636064) [Dbg] [SystemManager.cc:73] Loaded system [gz::sim::systems::Physics] for entity [1]
(2026-03-17T12:30:25.566930217) (2026-03-17T12:30:25.566937512) [Msg] Create service on [/world/mrsim/create]
(2026-03-17T12:30:25.567023598) (2026-03-17T12:30:25.567028840) [Msg] Remove service on [/world/mrsim/remove]
(2026-03-17T12:30:25.567115094) (2026-03-17T12:30:25.567121656) [Msg] Pose service on [/world/mrsim/set_pose]
(2026-03-17T12:30:25.567172761) (2026-03-17T12:30:25.567178838) [Msg] Pose service on [/world/mrsim/set_pose_vector]
(2026-03-17T12:30:25.567294767) (2026-03-17T12:30:25.567300819) [Msg] Light configuration service on [/world/mrsim/light_config]
(2026-03-17T12:30:25.567442719) (2026-03-17T12:30:25.567449095) [Msg] Physics service on [/world/mrsim/set_physics]
(2026-03-17T12:30:25.567527569) (2026-03-17T12:30:25.567533692) [Msg] SphericalCoordinates service on [/world/mrsim/set_spherical_coordinates]
(2026-03-17T12:30:25.567594058) (2026-03-17T12:30:25.567599752) [Msg] Enable collision service on [/world/mrsim/enable_collision]
(2026-03-17T12:30:25.567652612) (2026-03-17T12:30:25.567658480) [Msg] Disable collision service on [/world/mrsim/disable_collision]
(2026-03-17T12:30:25.567783796) (2026-03-17T12:30:25.567789684) [Msg] Material service on [/world/mrsim/visual_config]
(2026-03-17T12:30:25.567858492) (2026-03-17T12:30:25.567864279) [Msg] Material service on [/world/mrsim/wheel_slip]
(2026-03-17T12:30:25.567891192) (2026-03-17T12:30:25.567894607) [Dbg] [SystemManager.cc:73] Loaded system [gz::sim::systems::UserCommands] for entity [1]
(2026-03-17T12:30:25.569227142) (2026-03-17T12:30:25.569233443) [Dbg] [SystemManager.cc:73] Loaded system [gz::sim::systems::SceneBroadcaster] for entity [1]
(2026-03-17T12:30:25.569476281) (2026-03-17T12:30:25.569481396) [Msg] Serving world controls on [/world/mrsim/control], [/world/mrsim/control/state] and [/world/mrsim/playback/control]
(2026-03-17T12:30:25.569550244) (2026-03-17T12:30:25.569555772) [Msg] Serving GUI information on [/world/mrsim/gui/info]
(2026-03-17T12:30:25.569573372) (2026-03-17T12:30:25.569576756) [Msg] World [mrsim] initialized with [1ms] physics profile.
(2026-03-17T12:30:25.569662419) (2026-03-17T12:30:25.569668240) [Msg] Serving world SDF generation service on [/world/mrsim/generate_world_sdf]
(2026-03-17T12:30:25.569730448) (2026-03-17T12:30:25.569735798) [Msg] Serving world names on [/gazebo/worlds]
(2026-03-17T12:30:25.569773928) (2026-03-17T12:30:25.569778931) [Msg] Resource path add service on [/gazebo/resource_paths/add].
(2026-03-17T12:30:25.569815707) (2026-03-17T12:30:25.569820803) [Msg] Resource path get service on [/gazebo/resource_paths/get].
(2026-03-17T12:30:25.569860280) (2026-03-17T12:30:25.569865233) [Msg] Resource path resolve service on [/gazebo/resource_paths/resolve].
(2026-03-17T12:30:25.569914797) (2026-03-17T12:30:25.569918545) [Msg] Resource paths published on [/gazebo/resource_paths].
(2026-03-17T12:30:25.569980950) (2026-03-17T12:30:25.569986451) [Msg] Server control service on [/server_control].
(2026-03-17T12:30:27.140231969) (2026-03-17T12:30:27.140240869) [Msg] Found no publishers on /stats, adding root stats topic
(2026-03-17T12:30:27.140454711) (2026-03-17T12:30:27.140461632) [Msg] Found no publishers on /clock, adding root clock topic
(2026-03-17T12:30:27.140655265) (2026-03-17T12:30:27.140661211) [Dbg] [SimulationRunner.cc:501] Creating PostUpdate worker threads: 4
(2026-03-17T12:30:27.140683000) (2026-03-17T12:30:27.140686424) [Dbg] [SimulationRunner.cc:512] Creating postupdate worker thread (0)
(2026-03-17T12:30:27.140802151) (2026-03-17T12:30:27.140806816) [Dbg] [SimulationRunner.cc:512] Creating postupdate worker thread (1)
(2026-03-17T12:30:27.140867976) (2026-03-17T12:30:27.140873431) [Dbg] [SimulationRunner.cc:512] Creating postupdate worker thread (2)
(2026-03-17T12:30:27.145344556) (2026-03-17T12:30:27.145354115) [Dbg] [SimulationFeatures.cc:71] Simulation timestep set to: 0.005
(2026-03-17T12:30:27.145866863) (2026-03-17T12:30:27.145872678) [Dbg] [Sensors.cc:610] Initialization needed
(2026-03-17T12:30:27.145960223) (2026-03-17T12:30:27.145969860) [Dbg] [Sensors.cc:270] Initializing render context
(2026-03-17T12:30:27.146205178) (2026-03-17T12:30:27.146209653) [Msg] Loading plugin [ignition-rendering-ogre2]
(2026-03-17T12:30:27.146716073) (2026-03-17T12:30:27.146725791) [Msg] Serving scene information on [/world/mrsim/scene/info]
(2026-03-17T12:30:27.146804118) (2026-03-17T12:30:27.146810464) [Msg] Serving graph information on [/world/mrsim/scene/graph]
(2026-03-17T12:30:27.146942872) (2026-03-17T12:30:27.146949263) [Msg] Serving full state on [/world/mrsim/state]
(2026-03-17T12:30:27.147011085) (2026-03-17T12:30:27.147017110) [Msg] Serving full state (async) on [/world/mrsim/state_async]
(2026-03-17T12:30:27.147092669) (2026-03-17T12:30:27.147098770) [Msg] Publishing scene information on [/world/mrsim/scene/info]
(2026-03-17T12:30:27.147185951) (2026-03-17T12:30:27.147192358) [Msg] Publishing entity deletions on [/world/mrsim/scene/deletion]
(2026-03-17T12:30:27.147239696) (2026-03-17T12:30:27.147245002) [Msg] Publishing state changes on [/world/mrsim/state]
(2026-03-17T12:30:27.147302930) (2026-03-17T12:30:27.147308601) [Msg] Publishing pose messages on [/world/mrsim/pose/info]
(2026-03-17T12:30:27.147378597) (2026-03-17T12:30:27.147385014) [Msg] Publishing dynamic pose messages on [/world/mrsim/dynamic_pose/info]
(2026-03-17T12:30:27.147565088) (2026-03-17T12:30:27.147579273) [Dbg] [EntityComponentManager.cc:1623] Updated state thread iterators: 8 threads processing around 6 entities each.
(2026-03-17T12:30:27.330125183) (2026-03-17T12:30:27.330134325) [Dbg] [RenderUtil.cc:2591] Create scene [scene]
((2026-03-17T12:30:27.358744887) (2026-03-17T12:30:27.358764548) ) (2026-03-17T12:30:27.358772041) Rendering Thread initialized
[Dbg] [Sensors.cc:284] [Dbg] [Sensors.cc:610] Initialization needed
(2026-03-17T12:30:28.172667148) (2026-03-17T12:30:28.172677431) [Dbg] [CameraSensor.cc:394] Camera images for [qr4::base::camera] advertised on [/camera]
(2026-03-17T12:30:28.172830944) (2026-03-17T12:30:28.172837275) [Dbg] [CameraSensor.cc:705] Camera info for [qr4::base::camera] advertised on [/camera_info]
(2026-03-17T12:30:28.173485139) (2026-03-17T12:30:28.173490683) [Wrn] [Ogre2Camera.cc:390] Ogre2Camera::SetVisibilityMask: Mask bits c0000000 are set but will be ignored as they conflict with the reserved bits used internally by the ogre2 backend.
(2026-03-17T12:30:28.173667583) (2026-03-17T12:30:28.173671411) [Msg] Loading plugin [ignition-rendering-ogre2]
(2026-03-17T12:30:28.242799246) (2026-03-17T12:30:28.242811584) [Dbg] [CameraSensor.cc:518] Enabling camera sensor: 'qr4::base::camera' data generation.
(2026-03-17T12:30:43.450110489) (2026-03-17T12:30:43.450120332) [Dbg] [SignalHandler.cc:141] Received signal[2].
(2026-03-17T12:30:43.450145736) (2026-03-17T12:30:43.450149461) [Dbg] [ServerPrivate.cc:110] Server received signal[2]
(2026-03-17T12:30:43.450168379) (2026-03-17T12:30:43.450172016) [Dbg] [Sensors.cc:439] SensorsPrivate::Stop
(2026-03-17T12:30:43.457090173) (2026-03-17T12:30:43.457099996) [Dbg] [Sensors.cc:425] SensorsPrivate::RenderThread stopped
(2026-03-17T12:30:43.459397669) (2026-03-17T12:30:43.459410197) [Dbg] [gz.cc:410] Shutting down ign-gazebo-server
(((2026-03-17T12:30:43.464738291) (2026-03-17T12:30:43.464747390) 2026-03-17T12:30:43.464741701) (2026-03-17T12:30:43.4647229022026-03-17T12:30:43.464762165) ) ) (2026-03-17T12:30:43.464785535) Exiting postupdate worker thread (0))[Dbg] [SimulationRunner.cc:528] Exiting postupdate worker thread ()
[Dbg] [SimulationRunner.cc:528] Exiting postupdate worker thread (2)
(2026-03-17T12:30:43.489169920) (2026-03-17T12:30:43.489176276) [Dbg] [Sensors.cc:439] SensorsPrivate::Stop
