(2026-03-17T13:40:26.186448732) (2026-03-17T13:40:26.186456795) [Msg] Ignition Gazebo Server v6.17.1
(2026-03-17T13:40:26.188694771) (2026-03-17T13:40:26.188705225) [Msg] Loading SDF world file[/home/user/ros2_ws/install/mrsim_gazebo_sim/share/mrsim_gazebo_sim/worlds/example.world].
(2026-03-17T13:40:26.441277757) (2026-03-17T13:40:26.441288642) [Msg] Serving entity system service on [/entity/system/add]
(2026-03-17T13:40:26.474188349) (2026-03-17T13:40:26.474199065) [Dbg] [SystemManager.cc:73] Loaded system [ignition::gazebo::systems::ShaderParam] for entity [9]
(2026-03-17T13:40:26.478215831) (2026-03-17T13:40:26.478227113) [Dbg] [SystemManager.cc:73] Loaded system [mrsim_gazebo_sim::SetPegPosePlugin] for entity [10]
(2026-03-17T13:40:26.512849755) (2026-03-17T13:40:26.512861138) [Dbg] [SystemManager.cc:73] Loaded system [mrsim_gazebo_sim::MrsimDroneIgnPlugin] for entity [14]
(2026-03-17T13:40:26.514720710) (2026-03-17T13:40:26.514730864) [Dbg] [MulticopterMotorModel.cc:373] Listening to topic: qr4/gazebo/command/motor_speed
(2026-03-17T13:40:26.514884666) (2026-03-17T13:40:26.514890437) [Dbg] [SystemManager.cc:73] Loaded system [ignition::gazebo::systems::MulticopterMotorModel] for entity [14]
(2026-03-17T13:40:26.515282503) (2026-03-17T13:40:26.515289149) [Dbg] [MulticopterMotorModel.cc:373] Listening to topic: qr4/gazebo/command/motor_speed
(2026-03-17T13:40:26.515373844) (2026-03-17T13:40:26.515379904) [Dbg] [SystemManager.cc:73] Loaded system [ignition::gazebo::systems::MulticopterMotorModel] for entity [14]
(2026-03-17T13:40:26.515745872) (2026-03-17T13:40:26.515752883) [Dbg] [MulticopterMotorModel.cc:373] Listening to topic: qr4/gazebo/command/motor_speed
(2026-03-17T13:40:26.515822166) (2026-03-17T13:40:26.515828262) [Dbg] [SystemManager.cc:73] Loaded system [ignition::gazebo::systems::MulticopterMotorModel] for entity [14]
(2026-03-17T13:40:26.516142631) (2026-03-17T13:40:26.516149050) [Dbg] [MulticopterMotorModel.cc:373] Listening to topic: qr4/gazebo/command/motor_speed
(2026-03-17T13:40:26.516214249) (2026-03-17T13:40:26.516220248) [Dbg] [SystemManager.cc:73] Loaded system [ignition::gazebo::systems::MulticopterMotorModel] for entity [14]
(2026-03-17T13:40:26.518011684) (2026-03-17T13:40:26.518020087) [Msg] OdometryPublisher publishing odometry on [/model/qr4/odometry]
(2026-03-17T13:40:26.518116941) (2026-03-17T13:40:26.518123670) [Msg] OdometryPublisher publishing odometry with covariance on [/model/qr4/odometry_with_covariance]
(2026-03-17T13:40:26.518201923) (2026-03-17T13:40:26.518208539) [Msg] OdometryPublisher publishing Pose_V (TF) on [/model/qr4/pose]
(2026-03-17T13:40:26.518238970) (2026-03-17T13:40:26.518244956) [Dbg] [SystemManager.cc:73] Loaded system [ignition::gazebo::systems::OdometryPublisher] for entity [14]
(2026-03-17T13:40:26.537673216) (2026-03-17T13:40:26.537684270) [Dbg] [Sensors.cc:506] Configuring Sensors system
(2026-03-17T13:40:26.537799385) (2026-03-17T13:40:26.537805998) [Dbg] [Sensors.cc:431] SensorsPrivate::Run
(2026-03-17T13:40:26.537921265) (2026-03-17T13:40:26.537927464) [Dbg] [SystemManager.cc:73] (Loaded system [(Loaded system [2026-03-17T13:40:26.537954746) (2026-03-17T13:40:26.537963405) ignition::gazebo::systems::Sensors[Dbg] [Sensors.cc:411] SensorsPrivate::RenderThread started
(] for entity [14) (2026-03-17T13:40:26.537996658) ]
[Dbg] [Sensors.cc:258] Waiting for init
(2026-03-17T13:40:26.538507502) (2026-03-17T13:40:26.538514544) [Msg] Loaded level [3]
(2026-03-17T13:40:26.538543001) (2026-03-17T13:40:26.538548915) [Msg] No systems loaded from SDF, loading defaults
(2026-03-17T13:40:26.538761513) (2026-03-17T13:40:26.538768162) [Dbg] [ServerConfig.cc:1043] Loaded (3) plugins from file [/home/user/.ignition/gazebo/6/server.config]
(2026-03-17T13:40:26.565520871) (2026-03-17T13:40:26.565533022) [Dbg] [Physics.cc:804] Loaded [ignition::physics::dartsim::Plugin] from library [/usr/lib/x86_64-linux-gnu/ign-physics-5/engine-plugins/libignition-physics-dartsim-plugin.so]
(2026-03-17T13:40:26.565603131) (2026-03-17T13:40:26.565608866) [Dbg] [SystemManager.cc:73] Loaded system [gz::sim::systems::Physics] for entity [1]
(2026-03-17T13:40:26.568335668) (2026-03-17T13:40:26.568346740) [Msg] Create service on [/world/mrsim/create]
(2026-03-17T13:40:26.568466054) (2026-03-17T13:40:26.568472468) [Msg] Remove service on [/world/mrsim/remove]
(2026-03-17T13:40:26.568565318) (2026-03-17T13:40:26.568571590) [Msg] Pose service on [/world/mrsim/set_pose]
(2026-03-17T13:40:26.568632689) (2026-03-17T13:40:26.568638866) [Msg] Pose service on [/world/mrsim/set_pose_vector]
(2026-03-17T13:40:26.568832509) (2026-03-17T13:40:26.568839675) [Msg] Light configuration service on [/world/mrsim/light_config]
(2026-03-17T13:40:26.569025175) (2026-03-17T13:40:26.569032205) [Msg] Physics service on [/world/mrsim/set_physics]
(2026-03-17T13:40:26.569134989) (2026-03-17T13:40:26.569141708) [Msg] SphericalCoordinates service on [/world/mrsim/set_spherical_coordinates]
(2026-03-17T13:40:26.569200161) (2026-03-17T13:40:26.569206445) [Msg] Enable collision service on [/world/mrsim/enable_collision]
(2026-03-17T13:40:26.569260349) (2026-03-17T13:40:26.569266815) [Msg] Disable collision service on [/world/mrsim/disable_collision]
(2026-03-17T13:40:26.569419148) (2026-03-17T13:40:26.569425781) [Msg] Material service on [/world/mrsim/visual_config]
(2026-03-17T13:40:26.569524249) (2026-03-17T13:40:26.569530900) [Msg] Material service on [/world/mrsim/wheel_slip]
(2026-03-17T13:40:26.569568238) (2026-03-17T13:40:26.569573128) [Dbg] [SystemManager.cc:73] Loaded system [gz::sim::systems::UserCommands] for entity [1]
(2026-03-17T13:40:26.571690701) (2026-03-17T13:40:26.571700095) [Dbg] [SystemManager.cc:73] Loaded system [gz::sim::systems::SceneBroadcaster] for entity [1]
(2026-03-17T13:40:26.572022147) (2026-03-17T13:40:26.572029361) [Msg] Serving world controls on [/world/mrsim/control], [/world/mrsim/control/state] and [/world/mrsim/playback/control]
(2026-03-17T13:40:26.572128652) (2026-03-17T13:40:26.572134753) [Msg] Serving GUI information on [/world/mrsim/gui/info]
(2026-03-17T13:40:26.572166214) (2026-03-17T13:40:26.572172168) [Msg] World [mrsim] initialized with [1ms] physics profile.
(2026-03-17T13:40:26.572295655) (2026-03-17T13:40:26.572301941) [Msg] Serving world SDF generation service on [/world/mrsim/generate_world_sdf]
(2026-03-17T13:40:26.572390570) (2026-03-17T13:40:26.572396425) [Msg] Serving world names on [/gazebo/worlds]
(2026-03-17T13:40:26.572447601) (2026-03-17T13:40:26.572453935) [Msg] Resource path add service on [/gazebo/resource_paths/add].
(2026-03-17T13:40:26.572556474) (2026-03-17T13:40:26.572562652) [Msg] Resource path get service on [/gazebo/resource_paths/get].
(2026-03-17T13:40:26.572649423) (2026-03-17T13:40:26.572655688) [Msg] Resource path resolve service on [/gazebo/resource_paths/resolve].
(2026-03-17T13:40:26.572733030) (2026-03-17T13:40:26.572739132) [Msg] Resource paths published on [/gazebo/resource_paths].
(2026-03-17T13:40:26.673079204) (2026-03-17T13:40:26.673089196) [Msg] Server control service on [/server_control].
(2026-03-17T13:40:28.84122267) (2026-03-17T13:40:28.84134745) [Msg] Found no publishers on /stats, adding root stats topic
(2026-03-17T13:40:28.84327244) (2026-03-17T13:40:28.84333617) [Msg] Found no publishers on /clock, adding root clock topic
(2026-03-17T13:40:28.84497970) (2026-03-17T13:40:28.84505202) [Dbg] [SimulationRunner.cc:501] Creating PostUpdate worker threads: 4
(2026-03-17T13:40:28.84532064) (2026-03-17T13:40:28.84537860) [Dbg] [SimulationRunner.cc:512] Creating postupdate worker thread (0)
(2026-03-17T13:40:28.84614355) (2026-03-17T13:40:28.84620276) [Dbg] [SimulationRunner.cc:512] Creating postupdate worker thread (1)
(2026-03-17T13:40:28.84662466) (2026-03-17T13:40:28.84668686) [Dbg] [SimulationRunner.cc:512] Creating postupdate worker thread (2)
(2026-03-17T13:40:28.89851072) (2026-03-17T13:40:28.89861507) [Dbg] [SimulationFeatures.cc:71] Simulation timestep set to: 0.005
(2026-03-17T13:40:28.91496092) (2026-03-17T13:40:28.91503960) [Dbg] [Sensors.cc:610] Initialization needed
(2026-03-17T13:40:28.91537582) (2026-03-17T13:40:28.91542250) [Dbg] [Sensors.cc:270] Initializing render context
(2026-03-17T13:40:28.91639199) (2026-03-17T13:40:28.91647439) [Msg] Serving scene information on [/world/mrsim/scene/info](2026-03-17T13:40:28.91684510) (
) [Msg] Loading plugin [ignition-rendering-ogre2]
(2026-03-17T13:40:28.91767535) (2026-03-17T13:40:28.91774249) [Msg] Serving graph information on [/world/mrsim/scene/graph]
(2026-03-17T13:40:28.91916197) (2026-03-17T13:40:28.91922588) [Msg] Serving full state on [/world/mrsim/state]
(2026-03-17T13:40:28.91990079) (2026-03-17T13:40:28.91996469) [Msg] Serving full state (async) on [/world/mrsim/state_async]
(2026-03-17T13:40:28.92101179) (2026-03-17T13:40:28.92107526) [Msg] Publishing scene information on [/world/mrsim/scene/info]
(2026-03-17T13:40:28.92222066) (2026-03-17T13:40:28.92228940) [Msg] Publishing entity deletions on [/world/mrsim/scene/deletion]
(2026-03-17T13:40:28.92336645) (2026-03-17T13:40:28.92343295) [Msg] Publishing state changes on [/world/mrsim/state]
(2026-03-17T13:40:28.92452874) (2026-03-17T13:40:28.92459588) [Msg] Publishing pose messages on [/world/mrsim/pose/info]
(2026-03-17T13:40:28.92531666) (2026-03-17T13:40:28.92538100) [Msg] Publishing dynamic pose messages on [/world/mrsim/dynamic_pose/info]
(2026-03-17T13:40:28.92830318) (2026-03-17T13:40:28.92837064) [Dbg] [EntityComponentManager.cc:1623] Updated state thread iterators: 8 threads processing around 6 entities each.
(2026-03-17T13:40:28.229454504) (2026-03-17T13:40:28.229460713) [Dbg] [RenderUtil.cc:2591] Create scene [scene]
((2026-03-17T13:40:28.253309925) (2026-03-17T13:40:28.253323836) ) (2026-03-17T13:40:28.253332286[Dbg] [Sensors.cc:284] ) [Dbg] [Sensors.cc:284] ) Rendering Thread initialized[Dbg] [Sensors.cc:610] Rendering Thread initialized[Dbg] [Sensors.cc:610] 
Initialization needed
(2026-03-17T13:40:29.72497343) (2026-03-17T13:40:29.72505795) [Dbg] [CameraSensor.cc:394] Camera images for [qr4::base::camera] advertised on [/camera]
(2026-03-17T13:40:29.72611455) (2026-03-17T13:40:29.72617795) [Dbg] [CameraSensor.cc:705] Camera info for [qr4::base::camera] advertised on [/camera_info]
(2026-03-17T13:40:29.72980739) (2026-03-17T13:40:29.72985599) [Wrn] [Ogre2Camera.cc:390] Ogre2Camera::SetVisibilityMask: Mask bits c0000000 are set but will be ignored as they conflict with the reserved bits used internally by the ogre2 backend.
(2026-03-17T13:40:29.73152898) (2026-03-17T13:40:29.73156740) [Msg] Loading plugin [ignition-rendering-ogre2]
(2026-03-17T13:40:29.129467850) (2026-03-17T13:40:29.129475594) [Dbg] [CameraSensor.cc:518] Enabling camera sensor: 'qr4::base::camera' data generation.
(2026-03-17T13:40:35.439231607) (2026-03-17T13:40:35.439239770) [Dbg] [SignalHandler.cc:141] Received signal[2].
(2026-03-17T13:40:35.439260049) (2026-03-17T13:40:35.439263639) [Dbg] [ServerPrivate.cc:110] Server received signal[2]
(2026-03-17T13:40:35.439278253) (2026-03-17T13:40:35.439281621) [Dbg] [Sensors.cc:439] SensorsPrivate::Stop
(2026-03-17T13:40:35.439557484) (2026-03-17T13:40:35.439588233) [Dbg] [Sensors.cc:425] SensorsPrivate::RenderThread stopped
(2026-03-17T13:40:35.440995900) (2026-03-17T13:40:35.441002033) [Dbg] [gz.cc:410] Shutting down ign-gazebo-server
(2026-03-17T13:40:35.443230700) (2026-03-17T13:40:35.443236394) [Dbg] [SimulationRunner.cc:528] Exiting postupdate worker thread (Exiting postupdate worker thread (((2026-03-17T13:40:35.443265038) () (2026-03-17T13:40:35.443282042) 2026-03-17T13:40:35.443276170) Exiting postupdate worker thread ([Dbg] [SimulationRunner.cc:528] Exiting postupdate worker thread (2))
1
)
(2026-03-17T13:40:35.463193776) (2026-03-17T13:40:35.463200832) [Dbg] [Sensors.cc:439] SensorsPrivate::Stop
