(2026-03-17T11:52:46.928393847) (2026-03-17T11:52:46.928402915) [Msg] Ignition Gazebo Server v6.17.1
(2026-03-17T11:52:46.930664883) (2026-03-17T11:52:46.930674743) [Msg] Loading SDF world file[/home/user/ros2_ws/install/mrsim_gazebo_sim/share/mrsim_gazebo_sim/worlds/example.world].
(2026-03-17T11:52:47.363903791) (2026-03-17T11:52:47.363915541) [Msg] Serving entity system service on [/entity/system/add]
(2026-03-17T11:52:47.397566162) (2026-03-17T11:52:47.397574112) [Dbg] [SystemManager.cc:73] Loaded system [ignition::gazebo::systems::ShaderParam] for entity [9]
(2026-03-17T11:52:47.400331866) (2026-03-17T11:52:47.400342798) [Dbg] [SystemManager.cc:73] Loaded system [mrsim_gazebo_sim::SetPegPosePlugin] for entity [10]
(2026-03-17T11:52:47.440380604) (2026-03-17T11:52:47.440393553) [Dbg] [SystemManager.cc:73] Loaded system [mrsim_gazebo_sim::MrsimDroneIgnPlugin] for entity [14]
(2026-03-17T11:52:47.442548135) (2026-03-17T11:52:47.442558031) [Dbg] [MulticopterMotorModel.cc:373] Listening to topic: qr4/gazebo/command/motor_speed
(2026-03-17T11:52:47.442765052) (2026-03-17T11:52:47.442772939) [Dbg] [SystemManager.cc:73] Loaded system [ignition::gazebo::systems::MulticopterMotorModel] for entity [14]
(2026-03-17T11:52:47.443231833) (2026-03-17T11:52:47.443239400) [Dbg] [MulticopterMotorModel.cc:373] Listening to topic: qr4/gazebo/command/motor_speed
(2026-03-17T11:52:47.443364303) (2026-03-17T11:52:47.443371292) [Dbg] [SystemManager.cc:73] Loaded system [ignition::gazebo::systems::MulticopterMotorModel] for entity [14]
(2026-03-17T11:52:47.443833580) (2026-03-17T11:52:47.443840906) [Dbg] [MulticopterMotorModel.cc:373] Listening to topic: qr4/gazebo/command/motor_speed
(2026-03-17T11:52:47.443942234) (2026-03-17T11:52:47.443947529) [Dbg] [SystemManager.cc:73] Loaded system [ignition::gazebo::systems::MulticopterMotorModel] for entity [14]
(2026-03-17T11:52:47.444284580) (2026-03-17T11:52:47.444292264) [Dbg] [MulticopterMotorModel.cc:373] Listening to topic: qr4/gazebo/command/motor_speed
(2026-03-17T11:52:47.444405530) (2026-03-17T11:52:47.444417590) [Dbg] [SystemManager.cc:73] Loaded system [ignition::gazebo::systems::MulticopterMotorModel] for entity [14]
(2026-03-17T11:52:47.446452203) (2026-03-17T11:52:47.446463355) [Msg] OdometryPublisher publishing odometry on [/model/qr4/odometry]
(2026-03-17T11:52:47.446611101) (2026-03-17T11:52:47.446617975) [Msg] OdometryPublisher publishing odometry with covariance on [/model/qr4/odometry_with_covariance]
(2026-03-17T11:52:47.446742788) (2026-03-17T11:52:47.446749657) [Msg] OdometryPublisher publishing Pose_V (TF) on [/model/qr4/pose]
(2026-03-17T11:52:47.446782401) (2026-03-17T11:52:47.446787990) [Dbg] [SystemManager.cc:73] Loaded system [ignition::gazebo::systems::OdometryPublisher] for entity [14]
(2026-03-17T11:52:47.467269412) (2026-03-17T11:52:47.467281155) [Dbg] [Sensors.cc:506] Configuring Sensors system
(2026-03-17T11:52:47.467413140) (2026-03-17T11:52:47.467419867) [Dbg] [Sensors.cc:431] SensorsPrivate::Run
(2026-03-17T11:52:47.467549138) (2026-03-17T11:52:47.467555869) [Dbg] [SystemManager.cc:73] Loaded system [ignition::gazebo::systems::Sensors] for entity [14]
(2026-03-17T11:52:47.470003151) (2026-03-17T11:52:47.470016114) [Dbg] [Sensors.cc:411] SensorsPrivate::RenderThread started
(2026-03-17T11:52:47.470048340) (2026-03-17T11:52:47.470053876) [Dbg] [Sensors.cc:258] Waiting for init
(2026-03-17T11:52:47.471250344) (2026-03-17T11:52:47.471259705) [Msg] Loaded level [3]
(2026-03-17T11:52:47.471291555) (2026-03-17T11:52:47.471296661) [Msg] No systems loaded from SDF, loading defaults
(2026-03-17T11:52:47.471531828) (2026-03-17T11:52:47.471538343) [Dbg] [ServerConfig.cc:1043] Loaded (3) plugins from file [/home/user/.ignition/gazebo/6/server.config]
(2026-03-17T11:52:47.507893741) (2026-03-17T11:52:47.507907010) [Dbg] [Physics.cc:804] Loaded [ignition::physics::dartsim::Plugin] from library [/usr/lib/x86_64-linux-gnu/ign-physics-5/engine-plugins/libignition-physics-dartsim-plugin.so]
(2026-03-17T11:52:47.507988336) (2026-03-17T11:52:47.507994133) [Dbg] [SystemManager.cc:73] Loaded system [gz::sim::systems::Physics] for entity [1]
(2026-03-17T11:52:47.511369813) (2026-03-17T11:52:47.511381859) [Msg] Create service on [/world/mrsim/create]
(2026-03-17T11:52:47.511608105) (2026-03-17T11:52:47.511615526) [Msg] Remove service on [/world/mrsim/remove]
(2026-03-17T11:52:47.511761662) (2026-03-17T11:52:47.511766977) [Msg] Pose service on [/world/mrsim/set_pose]
(2026-03-17T11:52:47.511871402) (2026-03-17T11:52:47.511877301) [Msg] Pose service on [/world/mrsim/set_pose_vector]
(2026-03-17T11:52:47.512074847) (2026-03-17T11:52:47.512081259) [Msg] Light configuration service on [/world/mrsim/light_config]
(2026-03-17T11:52:47.512412822) (2026-03-17T11:52:47.512420778) [Msg] Physics service on [/world/mrsim/set_physics]
(2026-03-17T11:52:47.512587090) (2026-03-17T11:52:47.512611914) [Msg] SphericalCoordinates service on [/world/mrsim/set_spherical_coordinates]
(2026-03-17T11:52:47.512712338) (2026-03-17T11:52:47.512717795) [Msg] Enable collision service on [/world/mrsim/enable_collision]
(2026-03-17T11:52:47.512814522) (2026-03-17T11:52:47.512820434) [Msg] Disable collision service on [/world/mrsim/disable_collision]
(2026-03-17T11:52:47.513071761) (2026-03-17T11:52:47.513079087) [Msg] Material service on [/world/mrsim/visual_config]
(2026-03-17T11:52:47.513241272) (2026-03-17T11:52:47.513247381) [Msg] Material service on [/world/mrsim/wheel_slip]
(2026-03-17T11:52:47.513287680) (2026-03-17T11:52:47.513292993) [Dbg] [SystemManager.cc:73] Loaded system [gz::sim::systems::UserCommands] for entity [1]
(2026-03-17T11:52:47.515434385) (2026-03-17T11:52:47.515445562) [Dbg] [SystemManager.cc:73] Loaded system [gz::sim::systems::SceneBroadcaster] for entity [1]
(2026-03-17T11:52:47.516006974) (2026-03-17T11:52:47.516015561) [Msg] Serving world controls on [/world/mrsim/control], [/world/mrsim/control/state] and [/world/mrsim/playback/control]
(2026-03-17T11:52:47.516177375) (2026-03-17T11:52:47.516183964) [Msg] Serving GUI information on [/world/mrsim/gui/info]
(2026-03-17T11:52:47.516213128) (2026-03-17T11:52:47.516218583) [Msg] World [mrsim] initialized with [1ms] physics profile.
(2026-03-17T11:52:47.516423435) (2026-03-17T11:52:47.516429548) [Msg] Serving world SDF generation service on [/world/mrsim/generate_world_sdf]
(2026-03-17T11:52:47.516590326) (2026-03-17T11:52:47.516596318) [Msg] Serving world names on [/gazebo/worlds]
(2026-03-17T11:52:47.516695810) (2026-03-17T11:52:47.516701446) [Msg] Resource path add service on [/gazebo/resource_paths/add].
(2026-03-17T11:52:47.516901983) (2026-03-17T11:52:47.516908400) [Msg] Resource path get service on [/gazebo/resource_paths/get].
(2026-03-17T11:52:47.517014665) (2026-03-17T11:52:47.517020111) [Msg] Resource path resolve service on [/gazebo/resource_paths/resolve].
(2026-03-17T11:52:47.517259673) (2026-03-17T11:52:47.517266067) [Msg] Resource paths published on [/gazebo/resource_paths].
(2026-03-17T11:52:47.517466209) (2026-03-17T11:52:47.517472009) [Msg] Server control service on [/server_control].
(2026-03-17T11:52:48.826031283) (2026-03-17T11:52:48.826048976) [Msg] Found no publishers on /stats, adding root stats topic
(2026-03-17T11:52:48.826399381) (2026-03-17T11:52:48.826405046) [Msg] Found no publishers on /clock, adding root clock topic
(2026-03-17T11:52:48.826646690) (2026-03-17T11:52:48.826652187) [Dbg] [SimulationRunner.cc:501] Creating PostUpdate worker threads: 4
(2026-03-17T11:52:48.826682724) (2026-03-17T11:52:48.826687907) [Dbg] [SimulationRunner.cc:512] Creating postupdate worker thread (0)
(2026-03-17T11:52:48.826817505) (2026-03-17T11:52:48.826824097) [Dbg] [SimulationRunner.cc:512] Creating postupdate worker thread (1)
(2026-03-17T11:52:48.826876617) (2026-03-17T11:52:48.826881514) [Dbg] [SimulationRunner.cc:512] Creating postupdate worker thread (2)
(2026-03-17T11:52:48.831835767) (2026-03-17T11:52:48.831847370) [Dbg] [SimulationFeatures.cc:71] Simulation timestep set to: 0.005
(2026-03-17T11:52:48.835482628) (2026-03-17T11:52:48.835491661) [Msg] Serving scene information on [/world/mrsim/scene/info]
(2026-03-17T11:52:48.835587939) (2026-03-17T11:52:48.835601988) [Msg] Serving graph information on [/world/mrsim/scene/graph]
(2026-03-17T11:52:48.835749885) (2026-03-17T11:52:48.835756169) [Msg] Serving full state on [/world/mrsim/state]
(2026-03-17T11:52:48.835816825) (2026-03-17T11:52:48.835822804) [Msg] Serving full state (async) on [/world/mrsim/state_async]
(2026-03-17T11:52:48.835909035) (2026-03-17T11:52:48.835914369) [Msg] Publishing scene information on [/world/mrsim/scene/info]
(2026-03-17T11:52:48.835993716) (2026-03-17T11:52:48.835998984) [Msg] Publishing entity deletions on [/world/mrsim/scene/deletion]
(2026-03-17T11:52:48.836040653) (2026-03-17T11:52:48.836046403) [Msg] Publishing state changes on [/world/mrsim/state]
(2026-03-17T11:52:48.836103878) (2026-03-17T11:52:48.836109058) [Msg] Publishing pose messages on [/world/mrsim/pose/info]
(2026-03-17T11:52:48.836170808) (2026-03-17T11:52:48.836175869) [Msg] Publishing dynamic pose messages on [/world/mrsim/dynamic_pose/info]
(2026-03-17T11:52:48.836392935) (2026-03-17T11:52:48.836405001) [Dbg] [Sensors.cc:610] Initialization needed
(2026-03-17T11:52:48.836442414) (2026-03-17T11:52:48.836448591) [Dbg] [Sensors.cc:270] Initializing render context
(2026-03-17T11:52:48.836562125) (2026-03-17T11:52:48.836568598) [Msg] Loading plugin [ignition-rendering-ogre2]
(2026-03-17T11:52:48.846269717) (2026-03-17T11:52:48.846741141) [Dbg] [EntityComponentManager.cc:1623] Updated state thread iterators: 8 threads processing around 6 entities each.
(2026-03-17T11:52:49.96045096) (2026-03-17T11:52:49.96054865) [Dbg] [RenderUtil.cc:2591] Create scene [scene]
((2026-03-17T11:52:49.126788895) (2026-03-17T11:52:49.1268009822026-03-17T11:52:49.126809008) ) ([Dbg] [Sensors.cc:284] ([Dbg] [Sensors.cc:284] 2026-03-17T11:52:49.126823442) Initialization needed

(2026-03-17T11:52:50.407289767) (2026-03-17T11:52:50.407302814) [Dbg] [CameraSensor.cc:394] Camera images for [qr4::base::camera] advertised on [/camera]
(2026-03-17T11:52:50.410053037) (2026-03-17T11:52:50.410066392) [Dbg] [CameraSensor.cc:705] Camera info for [qr4::base::camera] advertised on [/camera_info]
(2026-03-17T11:52:50.410590652) (2026-03-17T11:52:50.410596879) [Wrn] [Ogre2Camera.cc:390] Ogre2Camera::SetVisibilityMask: Mask bits c0000000 are set but will be ignored as they conflict with the reserved bits used internally by the ogre2 backend.
(2026-03-17T11:52:50.412828802) (2026-03-17T11:52:50.412840271) [Msg] Loading plugin [ignition-rendering-ogre2]
(2026-03-17T11:52:50.520274618) (2026-03-17T11:52:50.520287864) [Dbg] [CameraSensor.cc:518] Enabling camera sensor: 'qr4::base::camera' data generation.
(2026-03-17T11:53:05.375705357) (2026-03-17T11:53:05.375713323) [Dbg] [SignalHandler.cc:141] Received signal[2].
(2026-03-17T11:53:05.375731610) (2026-03-17T11:53:05.375735073) [Dbg] [ServerPrivate.cc:110] Server received signal[2]
(2026-03-17T11:53:05.375750398) (2026-03-17T11:53:05.375753745) [Dbg] [Sensors.cc:439] SensorsPrivate::Stop
(2026-03-17T11:53:05.376018966) (2026-03-17T11:53:05.376025037) [Dbg] [Sensors.cc:425] SensorsPrivate::RenderThread stopped
(2026-03-17T11:53:05.377842296) (2026-03-17T11:53:05.377847958) [Dbg] [gz.cc:410] Shutting down ign-gazebo-server
((2026-03-17T11:53:05.380072916(2026-03-17T11:53:05.380089898) (2026-03-17T11:53:05.380091250(2026-03-17T11:53:05.380091250(2026-03-17T11:53:05.380091250(2026-03-17T11:53:05.3801034192026-03-17T11:53:05.3801068132026-03-17T11:53:05.3801034192026-03-17T11:53:05.380106813) ) [Dbg] [SimulationRunner.cc:528] [Dbg] [SimulationRunner.cc:528] ) Exiting postupdate worker thread (2)
[Dbg] [SimulationRunner.cc:528] [Dbg] [SimulationRunner.cc:528] Exiting postupdate worker thread (1)
Exiting postupdate worker thread (Exiting postupdate worker thread (0)
(2026-03-17T11:53:05.398969601) (2026-03-17T11:53:05.398977026) [Dbg] [Sensors.cc:439] SensorsPrivate::Stop
