(2026-03-18T10:11:16.777614968) (2026-03-18T10:11:16.777622663) [Msg] Ignition Gazebo Server v6.17.1
(2026-03-18T10:11:16.779986384) (2026-03-18T10:11:16.779995610) [Msg] Loading SDF world file[/home/user/ros2_ws/install/mrsim_gazebo_sim/share/mrsim_gazebo_sim/worlds/example.world].
(2026-03-18T10:11:17.17128) (2026-03-18T10:11:17.24840) [Msg] Serving entity system service on [/entity/system/add]
(2026-03-18T10:11:17.21031568) (2026-03-18T10:11:17.21040149) [Dbg] [SystemManager.cc:73] Loaded system [ignition::gazebo::systems::ShaderParam] for entity [9]
(2026-03-18T10:11:17.23662096) (2026-03-18T10:11:17.23669813) [Dbg] [SystemManager.cc:73] Loaded system [mrsim_gazebo_sim::SetPegPosePlugin] for entity [10]
(2026-03-18T10:11:17.50091760) (2026-03-18T10:11:17.50099051) [Dbg] [SystemManager.cc:73] Loaded system [mrsim_gazebo_sim::MrsimDroneIgnPlugin] for entity [14]
(2026-03-18T10:11:17.51315579) (2026-03-18T10:11:17.51322995) [Dbg] [MulticopterMotorModel.cc:373] Listening to topic: qr4/gazebo/command/motor_speed
(2026-03-18T10:11:17.51497662) (2026-03-18T10:11:17.51503523) [Dbg] [SystemManager.cc:73] Loaded system [ignition::gazebo::systems::MulticopterMotorModel] for entity [14]
(2026-03-18T10:11:17.51774753) (2026-03-18T10:11:17.51779086) [Dbg] [MulticopterMotorModel.cc:373] Listening to topic: qr4/gazebo/command/motor_speed
(2026-03-18T10:11:17.51873799) (2026-03-18T10:11:17.51878878) [Dbg] [SystemManager.cc:73] Loaded system [ignition::gazebo::systems::MulticopterMotorModel] for entity [14]
(2026-03-18T10:11:17.52131701) (2026-03-18T10:11:17.52135875) [Dbg] [MulticopterMotorModel.cc:373] Listening to topic: qr4/gazebo/command/motor_speed
(2026-03-18T10:11:17.52217266) (2026-03-18T10:11:17.52222749) [Dbg] [SystemManager.cc:73] Loaded system [ignition::gazebo::systems::MulticopterMotorModel] for entity [14]
(2026-03-18T10:11:17.52459949) (2026-03-18T10:11:17.52464154) [Dbg] [MulticopterMotorModel.cc:373] Listening to topic: qr4/gazebo/command/motor_speed
(2026-03-18T10:11:17.52518102) (2026-03-18T10:11:17.52521870) [Dbg] [SystemManager.cc:73] Loaded system [ignition::gazebo::systems::MulticopterMotorModel] for entity [14]
(2026-03-18T10:11:17.53651105) (2026-03-18T10:11:17.53656682) [Msg] OdometryPublisher publishing odometry on [/model/qr4/odometry]
(2026-03-18T10:11:17.53730521) (2026-03-18T10:11:17.53735196) [Msg] OdometryPublisher publishing odometry with covariance on [/model/qr4/odometry_with_covariance]
(2026-03-18T10:11:17.53832298) (2026-03-18T10:11:17.53836178) [Msg] OdometryPublisher publishing Pose_V (TF) on [/model/qr4/pose]
(2026-03-18T10:11:17.53878160) (2026-03-18T10:11:17.53881698) [Dbg] [SystemManager.cc:73] Loaded system [ignition::gazebo::systems::OdometryPublisher] for entity [14]
(2026-03-18T10:11:17.66831790) (2026-03-18T10:11:17.66840316) [Dbg] [Sensors.cc:506] Configuring Sensors system
(2026-03-18T10:11:17.66928646) (2026-03-18T10:11:17.66932318) [Dbg] [Sensors.cc:431] SensorsPrivate::Run
(2026-03-18T10:11:17.67049533) (2026-03-18T10:11:17.67053473) [Dbg] [SystemManager.cc:73] Loaded system [ignition::gazebo::systems::Sensors] for entity [14(]
2026-03-18T10:11:17.67075540) (2026-03-18T10:11:17.67095453) [Dbg] [Sensors.cc:411] SensorsPrivate::RenderThread started
(2026-03-18T10:11:17.67113879) (2026-03-18T10:11:17.67117697) [Dbg] [Sensors.cc:258] Waiting for init
(2026-03-18T10:11:17.67430866) (2026-03-18T10:11:17.67435031) [Msg] Loaded level [3]
(2026-03-18T10:11:17.67452770) (2026-03-18T10:11:17.67456294) [Msg] No systems loaded from SDF, loading defaults
(2026-03-18T10:11:17.67591613) (2026-03-18T10:11:17.67595253) [Dbg] [ServerConfig.cc:1043] Loaded (3) plugins from file [/home/user/.ignition/gazebo/6/server.config]
(2026-03-18T10:11:17.87859074) (2026-03-18T10:11:17.87871901) [Dbg] [Physics.cc:804] Loaded [ignition::physics::dartsim::Plugin] from library [/usr/lib/x86_64-linux-gnu/ign-physics-5/engine-plugins/libignition-physics-dartsim-plugin.so]
(2026-03-18T10:11:17.87938934) (2026-03-18T10:11:17.87945027) [Dbg] [SystemManager.cc:73] Loaded system [gz::sim::systems::Physics] for entity [1]
(2026-03-18T10:11:17.90335983) (2026-03-18T10:11:17.90362706) [Msg] Create service on [/world/mrsim/create]
(2026-03-18T10:11:17.90453253) (2026-03-18T10:11:17.90459552) [Msg] Remove service on [/world/mrsim/remove]
(2026-03-18T10:11:17.90555594) (2026-03-18T10:11:17.90560012) [Msg] Pose service on [/world/mrsim/set_pose]
(2026-03-18T10:11:17.90647885) (2026-03-18T10:11:17.90653287) [Msg] Pose service on [/world/mrsim/set_pose_vector]
(2026-03-18T10:11:17.90792116) (2026-03-18T10:11:17.90797594) [Msg] Light configuration service on [/world/mrsim/light_config]
(2026-03-18T10:11:17.91009300) (2026-03-18T10:11:17.91035539) [Msg] Physics service on [/world/mrsim/set_physics]
(2026-03-18T10:11:17.91112679) (2026-03-18T10:11:17.91117588) [Msg] SphericalCoordinates service on [/world/mrsim/set_spherical_coordinates]
(2026-03-18T10:11:17.91181667) (2026-03-18T10:11:17.91186607) [Msg] Enable collision service on [/world/mrsim/enable_collision]
(2026-03-18T10:11:17.91245886) (2026-03-18T10:11:17.91251371) [Msg] Disable collision service on [/world/mrsim/disable_collision]
(2026-03-18T10:11:17.91420402) (2026-03-18T10:11:17.91425489) [Msg] Material service on [/world/mrsim/visual_config]
(2026-03-18T10:11:17.91517815) (2026-03-18T10:11:17.91523499) [Msg] Material service on [/world/mrsim/wheel_slip]
(2026-03-18T10:11:17.91569718) (2026-03-18T10:11:17.91573285) [Dbg] [SystemManager.cc:73] Loaded system [gz::sim::systems::UserCommands] for entity [1]
(2026-03-18T10:11:17.92867801) (2026-03-18T10:11:17.92874407) [Dbg] [SystemManager.cc:73] Loaded system [gz::sim::systems::SceneBroadcaster] for entity [1]
(2026-03-18T10:11:17.93144397) (2026-03-18T10:11:17.93149550) [Msg] Serving world controls on [/world/mrsim/control], [/world/mrsim/control/state] and [/world/mrsim/playback/control]
(2026-03-18T10:11:17.93243461) (2026-03-18T10:11:17.93248580) [Msg] Serving GUI information on [/world/mrsim/gui/info]
(2026-03-18T10:11:17.93299042) (2026-03-18T10:11:17.93302577) [Msg] World [mrsim] initialized with [1ms] physics profile.
(2026-03-18T10:11:17.93416678) (2026-03-18T10:11:17.93422301) [Msg] Serving world SDF generation service on [/world/mrsim/generate_world_sdf]
(2026-03-18T10:11:17.93515676) (2026-03-18T10:11:17.93521035) [Msg] Serving world names on [/gazebo/worlds]
(2026-03-18T10:11:17.93580787) (2026-03-18T10:11:17.93585897) [Msg] Resource path add service on [/gazebo/resource_paths/add].
(2026-03-18T10:11:17.93641229) (2026-03-18T10:11:17.93646376) [Msg] Resource path get service on [/gazebo/resource_paths/get].
(2026-03-18T10:11:17.93705179) (2026-03-18T10:11:17.93710262) [Msg] Resource path resolve service on [/gazebo/resource_paths/resolve].
(2026-03-18T10:11:17.93795660) (2026-03-18T10:11:17.93799681) [Msg] Resource paths published on [/gazebo/resource_paths].
(2026-03-18T10:11:17.93886817) (2026-03-18T10:11:17.93891474) [Msg] Server control service on [/server_control].
(2026-03-18T10:11:18.676900582) (2026-03-18T10:11:18.676912314) [Msg] Found no publishers on /stats, adding root stats topic
(2026-03-18T10:11:18.677063823) (2026-03-18T10:11:18.677068136) [Msg] Found no publishers on /clock, adding root clock topic
(2026-03-18T10:11:18.677227615) (2026-03-18T10:11:18.677233167) [Dbg] [SimulationRunner.cc:501] Creating PostUpdate worker threads: 4
(2026-03-18T10:11:18.677254265) (2026-03-18T10:11:18.677257783) [Dbg] [SimulationRunner.cc:512] Creating postupdate worker thread (0)
(2026-03-18T10:11:18.677329506) (2026-03-18T10:11:18.677335135) [Dbg] [SimulationRunner.cc:512] Creating postupdate worker thread (1)
(2026-03-18T10:11:18.677377050) (2026-03-18T10:11:18.677381287) [Dbg] [SimulationRunner.cc:512] Creating postupdate worker thread (2)
(2026-03-18T10:11:18.681575934) (2026-03-18T10:11:18.681585227) [Dbg] [SimulationFeatures.cc:71] Simulation timestep set to: 0.005
(2026-03-18T10:11:18.682133637) (2026-03-18T10:11:18.682141396) [Dbg] [Sensors.cc:610] Initialization needed
(2026-03-18T10:11:18.682177490) (2026-03-18T10:11:18.682183413) [Dbg] [Sensors.cc:270] Initializing render context
(2026-03-18T10:11:18.682328790) (2026-03-18T10:11:18.682334809) [Msg] Loading plugin [ignition-rendering-ogre2]
(2026-03-18T10:11:18.683182134) (2026-03-18T10:11:18.683223965) [Msg] Serving scene information on [/world/mrsim/scene/info]
(2026-03-18T10:11:18.683323415) (2026-03-18T10:11:18.683330132) [Msg] Serving graph information on [/world/mrsim/scene/graph]
(2026-03-18T10:11:18.683541280) (2026-03-18T10:11:18.683548309) [Msg] Serving full state on [/world/mrsim/state]
(2026-03-18T10:11:18.683659715) (2026-03-18T10:11:18.683667293) [Msg] Serving full state (async) on [/world/mrsim/state_async]
(2026-03-18T10:11:18.683796265) (2026-03-18T10:11:18.683822511) [Msg] Publishing scene information on [/world/mrsim/scene/info]
(2026-03-18T10:11:18.683947932) (2026-03-18T10:11:18.683976185) [Msg] Publishing entity deletions on [/world/mrsim/scene/deletion]
(2026-03-18T10:11:18.684029648) (2026-03-18T10:11:18.684035400) [Msg] Publishing state changes on [/world/mrsim/state]
(2026-03-18T10:11:18.684146282) (2026-03-18T10:11:18.684152622) [Msg] Publishing pose messages on [/world/mrsim/pose/info]
(2026-03-18T10:11:18.684239794) (2026-03-18T10:11:18.684245581) [Msg] Publishing dynamic pose messages on [/world/mrsim/dynamic_pose/info]
(2026-03-18T10:11:18.684597931) (2026-03-18T10:11:18.684605508) [Dbg] [EntityComponentManager.cc:1623] Updated state thread iterators: 8 threads processing around 6 entities each.
(2026-03-18T10:11:18.818943108) (2026-03-18T10:11:18.818949610) [Dbg] [RenderUtil.cc:2591] Create scene [scene]
((2026-03-18T10:11:18.842467246) ) () ((2026-03-18T10:11:18.842484325) 2026-03-18T10:11:18.842489465) [Dbg] [Sensors.cc:284] [Dbg] [Sensors.cc:610] Initialization needed


(2026-03-18T10:11:19.677281738) (2026-03-18T10:11:19.677292102) [Dbg] [CameraSensor.cc:394] Camera images for [qr4::base::camera] advertised on [/camera]
(2026-03-18T10:11:19.677672061) (2026-03-18T10:11:19.677678180) [Dbg] [CameraSensor.cc:705] Camera info for [qr4::base::camera] advertised on [/camera_info]
(2026-03-18T10:11:19.678023705) (2026-03-18T10:11:19.678030798) [Wrn] [Ogre2Camera.cc:390] Ogre2Camera::SetVisibilityMask: Mask bits c0000000 are set but will be ignored as they conflict with the reserved bits used internally by the ogre2 backend.
(2026-03-18T10:11:19.678238951) (2026-03-18T10:11:19.678245507) [Msg] Loading plugin [ignition-rendering-ogre2]
(2026-03-18T10:11:19.750425138) (2026-03-18T10:11:19.750435839) [Dbg] [CameraSensor.cc:518] Enabling camera sensor: 'qr4::base::camera' data generation.
(2026-03-18T10:11:41.248068658) (2026-03-18T10:11:41.248077149) [Dbg] [SignalHandler.cc:141] Received signal[2].
(2026-03-18T10:11:41.248097464) (2026-03-18T10:11:41.248100980) [Dbg] [ServerPrivate.cc:110] Server received signal[2]
(2026-03-18T10:11:41.248117479) (2026-03-18T10:11:41.248120878) [Dbg] [Sensors.cc:439] SensorsPrivate::Stop
(2026-03-18T10:11:41.248484134) (2026-03-18T10:11:41.248492674) [Dbg] [Sensors.cc:425] SensorsPrivate::RenderThread stopped
(2026-03-18T10:11:41.252345766) (2026-03-18T10:11:41.252373091) [Dbg] [gz.cc:410] Shutting down ign-gazebo-server
(((2026-03-18T10:11:41.256530345) (2026-03-18T10:11:41.2565516902026-03-18T10:11:41.2565413342026-03-18T10:11:41.2565598802026-03-18T10:11:41.2565413342026-03-18T10:11:41.256559880) (2026-03-18T10:11:41.256567291) ) (2026-03-18T10:11:41.256579237) ) ) Exiting postupdate worker thread (1)
Exiting postupdate worker thread (2)

0)
(2026-03-18T10:11:41.282766454) (2026-03-18T10:11:41.282779188) [Dbg] [Sensors.cc:439] SensorsPrivate::Stop
