(2026-03-17T16:32:31.41395318) (2026-03-17T16:32:31.41404365) [Msg] Ignition Gazebo Server v6.17.1
(2026-03-17T16:32:31.44030210) (2026-03-17T16:32:31.44042192) [Msg] Loading SDF world file[/home/user/ros2_ws/install/mrsim_gazebo_sim/share/mrsim_gazebo_sim/worlds/example.world].
(2026-03-17T16:32:31.408806809) (2026-03-17T16:32:31.408820077) [Msg] Serving entity system service on [/entity/system/add]
(2026-03-17T16:32:31.443852440) (2026-03-17T16:32:31.443863040) [Dbg] [SystemManager.cc:73] Loaded system [ignition::gazebo::systems::ShaderParam] for entity [9]
(2026-03-17T16:32:31.450037296) (2026-03-17T16:32:31.450052908) [Dbg] [SystemManager.cc:73] Loaded system [mrsim_gazebo_sim::SetPegPosePlugin] for entity [10]
(2026-03-17T16:32:31.494596184) (2026-03-17T16:32:31.494610605) [Dbg] [SystemManager.cc:73] Loaded system [mrsim_gazebo_sim::MrsimDroneIgnPlugin] for entity [14]
(2026-03-17T16:32:31.497190286) (2026-03-17T16:32:31.497203943) [Dbg] [MulticopterMotorModel.cc:373] Listening to topic: qr4/gazebo/command/motor_speed
(2026-03-17T16:32:31.497373820) (2026-03-17T16:32:31.497381869) [Dbg] [SystemManager.cc:73] Loaded system [ignition::gazebo::systems::MulticopterMotorModel] for entity [14]
(2026-03-17T16:32:31.497882149) (2026-03-17T16:32:31.497891238) [Dbg] [MulticopterMotorModel.cc:373] Listening to topic: qr4/gazebo/command/motor_speed
(2026-03-17T16:32:31.498003690) (2026-03-17T16:32:31.498012140) [Dbg] [SystemManager.cc:73] Loaded system [ignition::gazebo::systems::MulticopterMotorModel] for entity [14]
(2026-03-17T16:32:31.498460699) (2026-03-17T16:32:31.498470276) [Dbg] [MulticopterMotorModel.cc:373] Listening to topic: qr4/gazebo/command/motor_speed
(2026-03-17T16:32:31.498567405) (2026-03-17T16:32:31.498575867) [Dbg] [SystemManager.cc:73] Loaded system [ignition::gazebo::systems::MulticopterMotorModel] for entity [14]
(2026-03-17T16:32:31.499031623) (2026-03-17T16:32:31.499041578) [Dbg] [MulticopterMotorModel.cc:373] Listening to topic: qr4/gazebo/command/motor_speed
(2026-03-17T16:32:31.499170205) (2026-03-17T16:32:31.499178936) [Dbg] [SystemManager.cc:73] Loaded system [ignition::gazebo::systems::MulticopterMotorModel] for entity [14]
(2026-03-17T16:32:31.501528190) (2026-03-17T16:32:31.501541960) [Msg] OdometryPublisher publishing odometry on [/model/qr4/odometry]
(2026-03-17T16:32:31.501665951) (2026-03-17T16:32:31.501674356) [Msg] OdometryPublisher publishing odometry with covariance on [/model/qr4/odometry_with_covariance]
(2026-03-17T16:32:31.501790276) (2026-03-17T16:32:31.501798365) [Msg] OdometryPublisher publishing Pose_V (TF) on [/model/qr4/pose]
(2026-03-17T16:32:31.501838972) (2026-03-17T16:32:31.501846631) [Dbg] [SystemManager.cc:73] Loaded system [ignition::gazebo::systems::OdometryPublisher] for entity [14]
(2026-03-17T16:32:31.531205519) (2026-03-17T16:32:31.531221356) [Dbg] [Sensors.cc:506] Configuring Sensors system
(2026-03-17T16:32:31.531377170) (2026-03-17T16:32:31.531384655) [Dbg] [Sensors.cc:431] SensorsPrivate::Run
(2026-03-17T16:32:31.531572095) (2026-03-17T16:32:31.531582327) 2026-03-17T16:32:31.531602874) (2026-03-17T16:32:31.531629417) Loaded system [ignition::gazebo::systems::Sensors] for entity [14[Dbg] [Sensors.cc:411] ]
14[Dbg] [Sensors.cc:411] SensorsPrivate::RenderThread started
(2026-03-17T16:32:31.531710479) (2026-03-17T16:32:31.531717437) [Dbg] [Sensors.cc:258] Waiting for init
(2026-03-17T16:32:31.532402890) (2026-03-17T16:32:31.532413410) [Msg] Loaded level [3]
(2026-03-17T16:32:31.532454022) (2026-03-17T16:32:31.532461856) [Msg] No systems loaded from SDF, loading defaults
(2026-03-17T16:32:31.533051775) (2026-03-17T16:32:31.533062376) [Dbg] [ServerConfig.cc:1043] Loaded (3) plugins from file [/home/user/.ignition/gazebo/6/server.config]
(2026-03-17T16:32:31.585778750) (2026-03-17T16:32:31.585799261) [Dbg] [Physics.cc:804] Loaded [ignition::physics::dartsim::Plugin] from library [/usr/lib/x86_64-linux-gnu/ign-physics-5/engine-plugins/libignition-physics-dartsim-plugin.so]
(2026-03-17T16:32:31.585897125) (2026-03-17T16:32:31.585903647) [Dbg] [SystemManager.cc:73] Loaded system [gz::sim::systems::Physics] for entity [1]
(2026-03-17T16:32:31.590101640) (2026-03-17T16:32:31.590122680) [Msg] Create service on [/world/mrsim/create]
(2026-03-17T16:32:31.590287004) (2026-03-17T16:32:31.590317216) [Msg] Remove service on [/world/mrsim/remove]
(2026-03-17T16:32:31.590462504) (2026-03-17T16:32:31.590470345) [Msg] Pose service on [/world/mrsim/set_pose]
(2026-03-17T16:32:31.590719614) (2026-03-17T16:32:31.590729704) [Msg] Pose service on [/world/mrsim/set_pose_vector]
(2026-03-17T16:32:31.591091307) (2026-03-17T16:32:31.591099956) [Msg] Light configuration service on [/world/mrsim/light_config]
(2026-03-17T16:32:31.591491622) (2026-03-17T16:32:31.591502356) [Msg] Physics service on [/world/mrsim/set_physics]
(2026-03-17T16:32:31.591784695) (2026-03-17T16:32:31.591814821) [Msg] SphericalCoordinates service on [/world/mrsim/set_spherical_coordinates]
(2026-03-17T16:32:31.592025238) (2026-03-17T16:32:31.592033610) [Msg] Enable collision service on [/world/mrsim/enable_collision]
(2026-03-17T16:32:31.592110368) (2026-03-17T16:32:31.592118796) [Msg] Disable collision service on [/world/mrsim/disable_collision]
(2026-03-17T16:32:31.592413389) (2026-03-17T16:32:31.592420564) [Msg] Material service on [/world/mrsim/visual_config]
(2026-03-17T16:32:31.592647801) (2026-03-17T16:32:31.592655346) [Msg] Material service on [/world/mrsim/wheel_slip]
(2026-03-17T16:32:31.592702743) (2026-03-17T16:32:31.592709210) [Dbg] [SystemManager.cc:73] Loaded system [gz::sim::systems::UserCommands] for entity [1]
(2026-03-17T16:32:31.595431924) (2026-03-17T16:32:31.595442207) [Dbg] [SystemManager.cc:73] Loaded system [gz::sim::systems::SceneBroadcaster] for entity [1]
(2026-03-17T16:32:31.596165447) (2026-03-17T16:32:31.596178792) [Msg] Serving world controls on [/world/mrsim/control], [/world/mrsim/control/state] and [/world/mrsim/playback/control]
(2026-03-17T16:32:31.596384021) (2026-03-17T16:32:31.596414957) [Msg] Serving GUI information on [/world/mrsim/gui/info]
(2026-03-17T16:32:31.596444368) (2026-03-17T16:32:31.596449372) [Msg] World [mrsim] initialized with [1ms] physics profile.
(2026-03-17T16:32:31.596651597) (2026-03-17T16:32:31.596659743) [Msg] Serving world SDF generation service on [/world/mrsim/generate_world_sdf]
(2026-03-17T16:32:31.596838532) (2026-03-17T16:32:31.596865070) [Msg] Serving world names on [/gazebo/worlds]
(2026-03-17T16:32:31.597013461) (2026-03-17T16:32:31.597021479) [Msg] Resource path add service on [/gazebo/resource_paths/add].
(2026-03-17T16:32:31.597093377) (2026-03-17T16:32:31.597100779) [Msg] Resource path get service on [/gazebo/resource_paths/get].
(2026-03-17T16:32:31.697550823) (2026-03-17T16:32:31.697566848) [Msg] Resource path resolve service on [/gazebo/resource_paths/resolve].
(2026-03-17T16:32:31.697749360) (2026-03-17T16:32:31.697759397) [Msg] Resource paths published on [/gazebo/resource_paths].
(2026-03-17T16:32:31.698058775) (2026-03-17T16:32:31.698067837) [Msg] Server control service on [/server_control].
(2026-03-17T16:32:32.991969711) (2026-03-17T16:32:32.991986017) [Wrn] [SimulationRunner.cc:662] Found additional publishers on /stats, using namespaced stats topic only
(2026-03-17T16:32:32.992039906) (2026-03-17T16:32:32.992048864) [Dbg] [SimulationRunner.cc:664] Publishers [Address, Message Type]:
(2026-03-17T16:32:32.992070224) (2026-03-17T16:32:32.992078063) [Dbg] [SimulationRunner.cc:669]   tcp://172.17.0.1:44857, ignition.msgs.WorldStatistics
(2026-03-17T16:32:32.992268491) (2026-03-17T16:32:32.992276956) [Wrn] [SimulationRunner.cc:695] Found additional publishers on /clock, using namespaced clock topic only
(2026-03-17T16:32:32.992309416) (2026-03-17T16:32:32.992316921) [Dbg] [SimulationRunner.cc:697] Publishers [Address, Message Type]:
(2026-03-17T16:32:32.992335231) (2026-03-17T16:32:32.992468189) [Dbg] [SimulationRunner.cc:702]   tcp://172.17.0.1:44857, ignition.msgs.Clock
(2026-03-17T16:32:32.992729435) (2026-03-17T16:32:32.992738450) [Dbg] [SimulationRunner.cc:501] Creating PostUpdate worker threads: 4
(2026-03-17T16:32:32.992773866) (2026-03-17T16:32:32.992782121) [Dbg] [SimulationRunner.cc:512] Creating postupdate worker thread (0)
(2026-03-17T16:32:32.992900793) (2026-03-17T16:32:32.992909567) [Dbg] [SimulationRunner.cc:512] Creating postupdate worker thread (1)
(2026-03-17T16:32:32.992970474) (2026-03-17T16:32:32.992978887) [Dbg] [SimulationRunner.cc:512] Creating postupdate worker thread (2)
(2026-03-17T16:32:33.1178754) (2026-03-17T16:32:33.1188404) [Dbg] [SimulationFeatures.cc:71] Simulation timestep set to: 0.005
(2026-03-17T16:32:33.1724772) (2026-03-17T16:32:33.1740058) [Dbg] [Sensors.cc:610] Initialization needed
(2026-03-17T16:32:33.1812102) (2026-03-17T16:32:33.1824028) [Dbg] [Sensors.cc:270] Initializing render context
(2026-03-17T16:32:33.1947664) (2026-03-17T16:32:33.1953023) [Msg] Loading plugin [ignition-rendering-ogre2]
(2026-03-17T16:32:33.2689035) (2026-03-17T16:32:33.2696282) [Msg] Serving scene information on [/world/mrsim/scene/info]
(2026-03-17T16:32:33.2775008) (2026-03-17T16:32:33.2782064) [Msg] Serving graph information on [/world/mrsim/scene/graph]
(2026-03-17T16:32:33.2952875) (2026-03-17T16:32:33.2963839) [Msg] Serving full state on [/world/mrsim/state]
(2026-03-17T16:32:33.3147184) (2026-03-17T16:32:33.3158942) [Msg] Serving full state (async) on [/world/mrsim/state_async]
(2026-03-17T16:32:33.3325376) (2026-03-17T16:32:33.3333475) [Msg] Publishing scene information on [/world/mrsim/scene/info]
(2026-03-17T16:32:33.3812294) (2026-03-17T16:32:33.3820598) [Msg] Publishing entity deletions on [/world/mrsim/scene/deletion]
(2026-03-17T16:32:33.3908143) (2026-03-17T16:32:33.3914997) [Msg] Publishing state changes on [/world/mrsim/state]
(2026-03-17T16:32:33.3986309) (2026-03-17T16:32:33.3993009) [Msg] Publishing pose messages on [/world/mrsim/pose/info]
(2026-03-17T16:32:33.4109220) (2026-03-17T16:32:33.4116560) [Msg] Publishing dynamic pose messages on [/world/mrsim/dynamic_pose/info]
(2026-03-17T16:32:33.272953365) (2026-03-17T16:32:33.272962085) [Dbg] [RenderUtil.cc:2591] Create scene [scene]
((2026-03-17T16:32:33.316012198) (2026-03-17T16:32:33.316022229) ) (2026-03-17T16:32:33.316048992) [Dbg] [Sensors.cc:610] Initialization neededInitialization needed[Dbg] [Sensors.cc:284] 
Rendering Thread initialized
(2026-03-17T16:32:34.616504940) (2026-03-17T16:32:34.616522131) [Dbg] [CameraSensor.cc:394] Camera images for [qr4::base::camera] advertised on [/camera]
(2026-03-17T16:32:34.616773443) (2026-03-17T16:32:34.616784597) [Dbg] [CameraSensor.cc:705] Camera info for [qr4::base::camera] advertised on [/camera_info]
(2026-03-17T16:32:34.617380488) (2026-03-17T16:32:34.617391128) [Wrn] [Ogre2Camera.cc:390] Ogre2Camera::SetVisibilityMask: Mask bits c0000000 are set but will be ignored as they conflict with the reserved bits used internally by the ogre2 backend.
(2026-03-17T16:32:34.617712157) (2026-03-17T16:32:34.617720350) [Msg] Loading plugin [ignition-rendering-ogre2]
(2026-03-17T16:32:34.703424445) (2026-03-17T16:32:34.703449707) [Dbg] [CameraSensor.cc:518] Enabling camera sensor: 'qr4::base::camera' data generation.
(2026-03-17T16:32:37.297303458) (2026-03-17T16:32:37.297314671) [Dbg] [SignalHandler.cc:141] Received signal[2].
(2026-03-17T16:32:37.297340878) (2026-03-17T16:32:37.297345424) [Dbg] [ServerPrivate.cc:110] Server received signal[2]
(2026-03-17T16:32:37.297366144) (2026-03-17T16:32:37.297370495) [Dbg] [Sensors.cc:439] SensorsPrivate::Stop
(2026-03-17T16:32:37.297778448) (2026-03-17T16:32:37.297788057) [Dbg] [Sensors.cc:425] SensorsPrivate::RenderThread stopped
(2026-03-17T16:32:37.299019186) (2026-03-17T16:32:37.299031934) [Dbg] [gz.cc:410] Shutting down ign-gazebo-server
((2026-03-17T16:32:37.3035102862026-03-17T16:32:37.3035113722026-03-17T16:32:37.3035102862026-03-17T16:32:37.3035113722026-03-17T16:32:37.3035102862026-03-17T16:32:37.303511372(2026-03-17T16:32:37.303538301) (2026-03-17T16:32:37.303552653) ) ([Dbg] [SimulationRunner.cc:528] 2026-03-17T16:32:37.303584486) (Exiting postupdate worker thread (2026-03-17T16:32:37.3036141672) 
Exiting postupdate worker thread (Exiting postupdate worker thread (0)
)
(2026-03-17T16:32:37.333330828) (2026-03-17T16:32:37.333358899) [Dbg] [Sensors.cc:439] SensorsPrivate::Stop
