(2026-03-17T12:07:10.841710180) (2026-03-17T12:07:10.841717772) [Msg] Ignition Gazebo Server v6.17.1
(2026-03-17T12:07:10.844639258) (2026-03-17T12:07:10.844651956) [Msg] Loading SDF world file[/home/user/ros2_ws/install/mrsim_gazebo_sim/share/mrsim_gazebo_sim/worlds/example.world].
(2026-03-17T12:07:11.102375951) (2026-03-17T12:07:11.102388062) [Msg] Serving entity system service on [/entity/system/add]
(2026-03-17T12:07:11.136623839) (2026-03-17T12:07:11.136636002) [Dbg] [SystemManager.cc:73] Loaded system [ignition::gazebo::systems::ShaderParam] for entity [9]
(2026-03-17T12:07:11.140441893) (2026-03-17T12:07:11.140453204) [Dbg] [SystemManager.cc:73] Loaded system [mrsim_gazebo_sim::SetPegPosePlugin] for entity [10]
(2026-03-17T12:07:11.178837479) (2026-03-17T12:07:11.178856978) [Dbg] [SystemManager.cc:73] Loaded system [mrsim_gazebo_sim::MrsimDroneIgnPlugin] for entity [14]
(2026-03-17T12:07:11.180887759) (2026-03-17T12:07:11.180897870) [Dbg] [MulticopterMotorModel.cc:373] Listening to topic: qr4/gazebo/command/motor_speed
(2026-03-17T12:07:11.181046737) (2026-03-17T12:07:11.181053457) [Dbg] [SystemManager.cc:73] Loaded system [ignition::gazebo::systems::MulticopterMotorModel] for entity [14]
(2026-03-17T12:07:11.181440518) (2026-03-17T12:07:11.181448299) [Dbg] [MulticopterMotorModel.cc:373] Listening to topic: qr4/gazebo/command/motor_speed
(2026-03-17T12:07:11.181557209) (2026-03-17T12:07:11.181563481) [Dbg] [SystemManager.cc:73] Loaded system [ignition::gazebo::systems::MulticopterMotorModel] for entity [14]
(2026-03-17T12:07:11.181936717) (2026-03-17T12:07:11.181944054) [Dbg] [MulticopterMotorModel.cc:373] Listening to topic: qr4/gazebo/command/motor_speed
(2026-03-17T12:07:11.182025030) (2026-03-17T12:07:11.182031523) [Dbg] [SystemManager.cc:73] Loaded system [ignition::gazebo::systems::MulticopterMotorModel] for entity [14]
(2026-03-17T12:07:11.182389854) (2026-03-17T12:07:11.182397005) [Dbg] [MulticopterMotorModel.cc:373] Listening to topic: qr4/gazebo/command/motor_speed
(2026-03-17T12:07:11.182472199) (2026-03-17T12:07:11.182478306) [Dbg] [SystemManager.cc:73] Loaded system [ignition::gazebo::systems::MulticopterMotorModel] for entity [14]
(2026-03-17T12:07:11.184091893) (2026-03-17T12:07:11.184100301) [Msg] OdometryPublisher publishing odometry on [/model/qr4/odometry]
(2026-03-17T12:07:11.184222150) (2026-03-17T12:07:11.184228931) [Msg] OdometryPublisher publishing odometry with covariance on [/model/qr4/odometry_with_covariance]
(2026-03-17T12:07:11.184314397) (2026-03-17T12:07:11.184320912) [Msg] OdometryPublisher publishing Pose_V (TF) on [/model/qr4/pose]
(2026-03-17T12:07:11.184352024) (2026-03-17T12:07:11.184357914) [Dbg] [SystemManager.cc:73] Loaded system [ignition::gazebo::systems::OdometryPublisher] for entity [14]
(2026-03-17T12:07:11.204050970) (2026-03-17T12:07:11.204061214) [Dbg] [Sensors.cc:506] Configuring Sensors system
(2026-03-17T12:07:11.204177671) (2026-03-17T12:07:11.204183144) [Dbg] [Sensors.cc:431] SensorsPrivate::Run
(2026-03-17T12:07:11.204294314) (2026-03-17T12:07:11.204300186) ([Dbg] [SystemManager.cc:73] 2026-03-17T12:07:11.204315691(ignition::gazebo::systems::Sensorsignition::gazebo::systems::Sensors2026-03-17T12:07:11.204337322) ] for entity [) ] for entity [1414[Dbg] [Sensors.cc:411] SensorsPrivate::RenderThread started]

(2026-03-17T12:07:11.204376959) (2026-03-17T12:07:11.204380667) [Dbg] [Sensors.cc:258] Waiting for init
(2026-03-17T12:07:11.204856692) (2026-03-17T12:07:11.204864278) [Msg] Loaded level [3]
(2026-03-17T12:07:11.204892215) (2026-03-17T12:07:11.204897250) [Msg] No systems loaded from SDF, loading defaults
(2026-03-17T12:07:11.205125709) (2026-03-17T12:07:11.205131964) [Dbg] [ServerConfig.cc:1043] Loaded (3) plugins from file [/home/user/.ignition/gazebo/6/server.config]
(2026-03-17T12:07:11.232127133) (2026-03-17T12:07:11.232135035) [Dbg] [Physics.cc:804] Loaded [ignition::physics::dartsim::Plugin] from library [/usr/lib/x86_64-linux-gnu/ign-physics-5/engine-plugins/libignition-physics-dartsim-plugin.so]
(2026-03-17T12:07:11.232180041) (2026-03-17T12:07:11.232183615) [Dbg] [SystemManager.cc:73] Loaded system [gz::sim::systems::Physics] for entity [1]
(2026-03-17T12:07:11.233954651) (2026-03-17T12:07:11.233962006) [Msg] Create service on [/world/mrsim/create]
(2026-03-17T12:07:11.234043527) (2026-03-17T12:07:11.234049551) [Msg] Remove service on [/world/mrsim/remove]
(2026-03-17T12:07:11.234118114) (2026-03-17T12:07:11.234124558) [Msg] Pose service on [/world/mrsim/set_pose]
(2026-03-17T12:07:11.234171882) (2026-03-17T12:07:11.234176363) [Msg] Pose service on [/world/mrsim/set_pose_vector]
(2026-03-17T12:07:11.234270292) (2026-03-17T12:07:11.234274280) [Msg] Light configuration service on [/world/mrsim/light_config]
(2026-03-17T12:07:11.234386441) (2026-03-17T12:07:11.234391721) [Msg] Physics service on [/world/mrsim/set_physics]
(2026-03-17T12:07:11.234471537) (2026-03-17T12:07:11.234475674) [Msg] SphericalCoordinates service on [/world/mrsim/set_spherical_coordinates]
(2026-03-17T12:07:11.234512536) (2026-03-17T12:07:11.234516204) [Msg] Enable collision service on [/world/mrsim/enable_collision]
(2026-03-17T12:07:11.234548931) (2026-03-17T12:07:11.234552567) [Msg] Disable collision service on [/world/mrsim/disable_collision]
(2026-03-17T12:07:11.234648642) (2026-03-17T12:07:11.234653645) [Msg] Material service on [/world/mrsim/visual_config]
(2026-03-17T12:07:11.234723043) (2026-03-17T12:07:11.234726915) [Msg] Material service on [/world/mrsim/wheel_slip]
(2026-03-17T12:07:11.234747322) (2026-03-17T12:07:11.234750762) [Dbg] [SystemManager.cc:73] Loaded system [gz::sim::systems::UserCommands] for entity [1]
(2026-03-17T12:07:11.235949176) (2026-03-17T12:07:11.235954121) [Dbg] [SystemManager.cc:73] Loaded system [gz::sim::systems::SceneBroadcaster] for entity [1]
(2026-03-17T12:07:11.236205678) (2026-03-17T12:07:11.236213022) [Msg] Serving world controls on [/world/mrsim/control], [/world/mrsim/control/state] and [/world/mrsim/playback/control]
(2026-03-17T12:07:11.236287054) (2026-03-17T12:07:11.236293352) [Msg] Serving GUI information on [/world/mrsim/gui/info]
(2026-03-17T12:07:11.236313383) (2026-03-17T12:07:11.236316813) [Msg] World [mrsim] initialized with [1ms] physics profile.
(2026-03-17T12:07:11.236403850) (2026-03-17T12:07:11.236410271) [Msg] Serving world SDF generation service on [/world/mrsim/generate_world_sdf]
(2026-03-17T12:07:11.236522511) (2026-03-17T12:07:11.236527698) [Msg] Serving world names on [/gazebo/worlds]
(2026-03-17T12:07:11.236606584) (2026-03-17T12:07:11.236610761) [Msg] Resource path add service on [/gazebo/resource_paths/add].
(2026-03-17T12:07:11.236668575) (2026-03-17T12:07:11.236674243) [Msg] Resource path get service on [/gazebo/resource_paths/get].
(2026-03-17T12:07:11.236724027) (2026-03-17T12:07:11.236730001) [Msg] Resource path resolve service on [/gazebo/resource_paths/resolve].
(2026-03-17T12:07:11.236787264) (2026-03-17T12:07:11.236791136) [Msg] Resource paths published on [/gazebo/resource_paths].
(2026-03-17T12:07:11.337142346) (2026-03-17T12:07:11.337154271) [Msg] Server control service on [/server_control].
(2026-03-17T12:07:12.740041199) (2026-03-17T12:07:12.740051917) [Msg] Found no publishers on /stats, adding root stats topic
(2026-03-17T12:07:12.740227200) (2026-03-17T12:07:12.740234521) [Msg] Found no publishers on /clock, adding root clock topic
(2026-03-17T12:07:12.740418589) (2026-03-17T12:07:12.740425620) [Dbg] [SimulationRunner.cc:501] Creating PostUpdate worker threads: 4
(2026-03-17T12:07:12.740453145) (2026-03-17T12:07:12.740459533) [Dbg] [SimulationRunner.cc:512] Creating postupdate worker thread (0)
(2026-03-17T12:07:12.740562438) (2026-03-17T12:07:12.740568972) [Dbg] [SimulationRunner.cc:512] Creating postupdate worker thread (1)
(2026-03-17T12:07:12.740615386) (2026-03-17T12:07:12.740621286) [Dbg] [SimulationRunner.cc:512] Creating postupdate worker thread (2)
(2026-03-17T12:07:12.744613551) (2026-03-17T12:07:12.744620737) [Dbg] [SimulationFeatures.cc:71] Simulation timestep set to: 0.005
(2026-03-17T12:07:12.745019084) (2026-03-17T12:07:12.745026039) [Dbg] [Sensors.cc:610] Initialization needed
(2026-03-17T12:07:12.745058960) (2026-03-17T12:07:12.745071876) [Dbg] [Sensors.cc:270] Initializing render context
(2026-03-17T12:07:12.745149076) (2026-03-17T12:07:12.745152775) [Msg] Loading plugin [ignition-rendering-ogre2]
(2026-03-17T12:07:12.745849444) (2026-03-17T12:07:12.745858591) [Msg] Serving scene information on [/world/mrsim/scene/info]
(2026-03-17T12:07:12.745942417) (2026-03-17T12:07:12.745948304) [Msg] Serving graph information on [/world/mrsim/scene/graph]
(2026-03-17T12:07:12.746093297) (2026-03-17T12:07:12.746098081) [Msg] Serving full state on [/world/mrsim/state]
(2026-03-17T12:07:12.746146825) (2026-03-17T12:07:12.746152198) [Msg] Serving full state (async) on [/world/mrsim/state_async]
(2026-03-17T12:07:12.746222857) (2026-03-17T12:07:12.746228718) [Msg] Publishing scene information on [/world/mrsim/scene/info]
(2026-03-17T12:07:12.746308867) (2026-03-17T12:07:12.746315105) [Msg] Publishing entity deletions on [/world/mrsim/scene/deletion]
(2026-03-17T12:07:12.746352209) (2026-03-17T12:07:12.746357417) [Msg] Publishing state changes on [/world/mrsim/state]
(2026-03-17T12:07:12.746419408) (2026-03-17T12:07:12.746425634) [Msg] Publishing pose messages on [/world/mrsim/pose/info]
(2026-03-17T12:07:12.746473796) (2026-03-17T12:07:12.746480242) [Msg] Publishing dynamic pose messages on [/world/mrsim/dynamic_pose/info]
(2026-03-17T12:07:12.746673521) (2026-03-17T12:07:12.746678222) [Dbg] [EntityComponentManager.cc:1623] Updated state thread iterators: 8 threads processing around 6 entities each.
(2026-03-17T12:07:12.882014082) (2026-03-17T12:07:12.882020245) [Dbg] [RenderUtil.cc:2591] Create scene [scene]
(2026-03-17T12:07:12.905807898) (2026-03-17T12:07:12.905816373) ([Dbg] [Sensors.cc:284] ([Dbg] [Sensors.cc:284] 2026-03-17T12:07:12.905836454) ) 
2026-03-17T12:07:12.905849794) [Dbg] [Sensors.cc:610] Initialization needed
(2026-03-17T12:07:13.716676899) (2026-03-17T12:07:13.716687655) [Dbg] [CameraSensor.cc:394] Camera images for [qr4::base::camera] advertised on [/camera]
(2026-03-17T12:07:13.716889551) (2026-03-17T12:07:13.716905213) [Dbg] [CameraSensor.cc:705] Camera info for [qr4::base::camera] advertised on [/camera_info]
(2026-03-17T12:07:13.717267478) (2026-03-17T12:07:13.717272363) [Wrn] [Ogre2Camera.cc:390] Ogre2Camera::SetVisibilityMask: Mask bits c0000000 are set but will be ignored as they conflict with the reserved bits used internally by the ogre2 backend.
(2026-03-17T12:07:13.717436267) (2026-03-17T12:07:13.717440152) [Msg] Loading plugin [ignition-rendering-ogre2]
(2026-03-17T12:07:13.774390072) (2026-03-17T12:07:13.774397298) [Dbg] [CameraSensor.cc:518] Enabling camera sensor: 'qr4::base::camera' data generation.
(2026-03-17T12:07:32.184365646) (2026-03-17T12:07:32.184373273) [Dbg] [SignalHandler.cc:141] Received signal[2].
(2026-03-17T12:07:32.184392624) (2026-03-17T12:07:32.184396010) [Dbg] [ServerPrivate.cc:110] Server received signal[2]
(2026-03-17T12:07:32.184410264) (2026-03-17T12:07:32.184413788) [Dbg] [Sensors.cc:439] SensorsPrivate::Stop
(2026-03-17T12:07:32.195113234) (2026-03-17T12:07:32.195121661) [Dbg] [Sensors.cc:425] SensorsPrivate::RenderThread stopped
(2026-03-17T12:07:32.199196959) (2026-03-17T12:07:32.199207785) [Dbg] [gz.cc:410] Shutting down ign-gazebo-server
((2026-03-17T12:07:32.201377393) ((2026-03-17T12:07:32.201384955) 2026-03-17T12:07:32.2013961852026-03-17T12:07:32.2013805612026-03-17T12:07:32.2013961852026-03-17T12:07:32.201380561) (2026-03-17T12:07:32.2014192032026-03-17T12:07:32.201419203[Dbg] [SimulationRunner.cc:528] Exiting postupdate worker thread () ) (2026-03-17T12:07:32.201438208) 11[Dbg] [SimulationRunner.cc:528] Exiting postupdate worker thread (
0)
Exiting postupdate worker thread (2)
(2026-03-17T12:07:32.221335511) (2026-03-17T12:07:32.221343863) [Dbg] [Sensors.cc:439] SensorsPrivate::Stop
