(2026-03-13T16:34:17.160713084) (2026-03-13T16:34:17.160724791) [Msg] Ignition Gazebo Server v6.17.1
(2026-03-13T16:34:17.163524303) (2026-03-13T16:34:17.163536645) [Msg] Loading SDF world file[/home/user/ros2_ws/install/mrsim_gazebo_sim/share/mrsim_gazebo_sim/worlds/example.world].
(2026-03-13T16:34:17.449872190) (2026-03-13T16:34:17.449948176) [Msg] Serving entity system service on [/entity/system/add]
(2026-03-13T16:34:17.478653747) (2026-03-13T16:34:17.478673375) [Dbg] [SystemManager.cc:73] Loaded system [ignition::gazebo::systems::ShaderParam] for entity [9]
(2026-03-13T16:34:17.482022721) (2026-03-13T16:34:17.482032515) [Dbg] [SystemManager.cc:73] Loaded system [mrsim_gazebo_sim::SetPegPosePlugin] for entity [10]
(2026-03-13T16:34:17.519345291) (2026-03-13T16:34:17.519358188) [Dbg] [SystemManager.cc:73] Loaded system [mrsim_gazebo_sim::MrsimDroneIgnPlugin] for entity [14]
(2026-03-13T16:34:17.521361899) (2026-03-13T16:34:17.521372119) [Dbg] [MulticopterMotorModel.cc:373] Listening to topic: qr4/gazebo/command/motor_speed
(2026-03-13T16:34:17.521515807) (2026-03-13T16:34:17.521522633) [Dbg] [SystemManager.cc:73] Loaded system [ignition::gazebo::systems::MulticopterMotorModel] for entity [14]
(2026-03-13T16:34:17.521961323) (2026-03-13T16:34:17.521967764) [Dbg] [MulticopterMotorModel.cc:373] Listening to topic: qr4/gazebo/command/motor_speed
(2026-03-13T16:34:17.522044116) (2026-03-13T16:34:17.522049747) [Dbg] [SystemManager.cc:73] Loaded system [ignition::gazebo::systems::MulticopterMotorModel] for entity [14]
(2026-03-13T16:34:17.522417462) (2026-03-13T16:34:17.522424884) [Dbg] [MulticopterMotorModel.cc:373] Listening to topic: qr4/gazebo/command/motor_speed
(2026-03-13T16:34:17.522563962) (2026-03-13T16:34:17.522572414) [Dbg] [SystemManager.cc:73] Loaded system [ignition::gazebo::systems::MulticopterMotorModel] for entity [14]
(2026-03-13T16:34:17.523609887) (2026-03-13T16:34:17.523617870) [Dbg] [MulticopterMotorModel.cc:373] Listening to topic: qr4/gazebo/command/motor_speed
(2026-03-13T16:34:17.523719280) (2026-03-13T16:34:17.523726570) [Dbg] [SystemManager.cc:73] Loaded system [ignition::gazebo::systems::MulticopterMotorModel] for entity [14]
(2026-03-13T16:34:17.526307692) (2026-03-13T16:34:17.526316900) [Msg] OdometryPublisher publishing odometry on [/model/qr4/odometry]
(2026-03-13T16:34:17.526428383) (2026-03-13T16:34:17.526434418) [Msg] OdometryPublisher publishing odometry with covariance on [/model/qr4/odometry_with_covariance]
(2026-03-13T16:34:17.526571838) (2026-03-13T16:34:17.526579472) [Msg] OdometryPublisher publishing Pose_V (TF) on [/model/qr4/pose]
(2026-03-13T16:34:17.526607803) (2026-03-13T16:34:17.526613250) [Dbg] [SystemManager.cc:73] Loaded system [ignition::gazebo::systems::OdometryPublisher] for entity [14]
(2026-03-13T16:34:17.542140376) (2026-03-13T16:34:17.542153174) [Dbg] [Sensors.cc:506] Configuring Sensors system
(2026-03-13T16:34:17.542292980) (2026-03-13T16:34:17.542301213) [Dbg] [Sensors.cc:431] SensorsPrivate::Run
(2026-03-13T16:34:17.542433826) (2026-03-13T16:34:17.542441064) [Dbg] [SystemManager.cc:73] Loaded system [ignition::gazebo::systems::Sensors] for entity [14]
(2026-03-13T16:34:17.542525919) (2026-03-13T16:34:17.542534276) [Dbg] [Sensors.cc:411] SensorsPrivate::RenderThread started
(2026-03-13T16:34:17.542556197) (2026-03-13T16:34:17.542560825) [Dbg] [Sensors.cc:258] Waiting for init
(2026-03-13T16:34:17.543029927) (2026-03-13T16:34:17.543038793) [Msg] Loaded level [3]
(2026-03-13T16:34:17.543070189) (2026-03-13T16:34:17.543076193) [Msg] No systems loaded from SDF, loading defaults
(2026-03-13T16:34:17.543329529) (2026-03-13T16:34:17.543337350) [Dbg] [ServerConfig.cc:1043] Loaded (3) plugins from file [/home/user/.ignition/gazebo/6/server.config]
(2026-03-13T16:34:17.569199582) (2026-03-13T16:34:17.569211669) [Dbg] [Physics.cc:804] Loaded [ignition::physics::dartsim::Plugin] from library [/usr/lib/x86_64-linux-gnu/ign-physics-5/engine-plugins/libignition-physics-dartsim-plugin.so]
(2026-03-13T16:34:17.569290745) (2026-03-13T16:34:17.569297349) [Dbg] [SystemManager.cc:73] Loaded system [gz::sim::systems::Physics] for entity [1]
(2026-03-13T16:34:17.572564714) (2026-03-13T16:34:17.572576514) [Msg] Create service on [/world/mrsim/create]
(2026-03-13T16:34:17.572735791) (2026-03-13T16:34:17.572741898) [Msg] Remove service on [/world/mrsim/remove]
(2026-03-13T16:34:17.572962451) (2026-03-13T16:34:17.572970950) [Msg] Pose service on [/world/mrsim/set_pose]
(2026-03-13T16:34:17.573103427) (2026-03-13T16:34:17.573110591) [Msg] Pose service on [/world/mrsim/set_pose_vector]
(2026-03-13T16:34:17.573365857) (2026-03-13T16:34:17.573375411) [Msg] Light configuration service on [/world/mrsim/light_config]
(2026-03-13T16:34:17.573688764) (2026-03-13T16:34:17.573697536) [Msg] Physics service on [/world/mrsim/set_physics]
(2026-03-13T16:34:17.574046934) (2026-03-13T16:34:17.574073027) [Msg] SphericalCoordinates service on [/world/mrsim/set_spherical_coordinates]
(2026-03-13T16:34:17.574245372) (2026-03-13T16:34:17.574253035) [Msg] Enable collision service on [/world/mrsim/enable_collision]
(2026-03-13T16:34:17.574381734) (2026-03-13T16:34:17.574388949) [Msg] Disable collision service on [/world/mrsim/disable_collision]
(2026-03-13T16:34:17.574635384) (2026-03-13T16:34:17.574644532) [Msg] Material service on [/world/mrsim/visual_config]
(2026-03-13T16:34:17.574839694) (2026-03-13T16:34:17.574848409) [Msg] Material service on [/world/mrsim/wheel_slip]
(2026-03-13T16:34:17.574905198) (2026-03-13T16:34:17.574973323) [Dbg] [SystemManager.cc:73] Loaded system [gz::sim::systems::UserCommands] for entity [1]
(2026-03-13T16:34:17.577754917) (2026-03-13T16:34:17.577767449) [Dbg] [SystemManager.cc:73] Loaded system [gz::sim::systems::SceneBroadcaster] for entity [1]
(2026-03-13T16:34:17.578224144) (2026-03-13T16:34:17.578232619) [Msg] Serving world controls on [/world/mrsim/control], [/world/mrsim/control/state] and [/world/mrsim/playback/control]
(2026-03-13T16:34:17.578417666) (2026-03-13T16:34:17.578425446) [Msg] Serving GUI information on [/world/mrsim/gui/info]
(2026-03-13T16:34:17.578465032) (2026-03-13T16:34:17.578471932) [Msg] World [mrsim] initialized with [1ms] physics profile.
(2026-03-13T16:34:17.578711958) (2026-03-13T16:34:17.578720025) [Msg] Serving world SDF generation service on [/world/mrsim/generate_world_sdf]
(2026-03-13T16:34:17.578897705) (2026-03-13T16:34:17.578909153) [Msg] Serving world names on [/gazebo/worlds]
(2026-03-13T16:34:17.579055701) (2026-03-13T16:34:17.579063371) [Msg] Resource path add service on [/gazebo/resource_paths/add].
(2026-03-13T16:34:17.579156188) (2026-03-13T16:34:17.579164792) [Msg] Resource path get service on [/gazebo/resource_paths/get].
(2026-03-13T16:34:17.679642930) (2026-03-13T16:34:17.679658176) [Msg] Resource path resolve service on [/gazebo/resource_paths/resolve].
(2026-03-13T16:34:17.679849640) (2026-03-13T16:34:17.679858679) [Msg] Resource paths published on [/gazebo/resource_paths].
(2026-03-13T16:34:17.680126037) (2026-03-13T16:34:17.680135840) [Msg] Server control service on [/server_control].
(2026-03-13T16:34:19.56922163) (2026-03-13T16:34:19.56936564) [Msg] Found no publishers on /stats, adding root stats topic
(2026-03-13T16:34:19.57255660) (2026-03-13T16:34:19.57267719) [Msg] Found no publishers on /clock, adding root clock topic
(2026-03-13T16:34:19.57548353) (2026-03-13T16:34:19.57559101) [Dbg] [SimulationRunner.cc:501] Creating PostUpdate worker threads: 4
(2026-03-13T16:34:19.57599204) (2026-03-13T16:34:19.57608813) [Dbg] [SimulationRunner.cc:512] Creating postupdate worker thread (0)
(2026-03-13T16:34:19.57721484) (2026-03-13T16:34:19.57731824) [Dbg] [SimulationRunner.cc:512] Creating postupdate worker thread (1)
(2026-03-13T16:34:19.57814219) (2026-03-13T16:34:19.57823954) [Dbg] [SimulationRunner.cc:512] Creating postupdate worker thread (2)
(2026-03-13T16:34:19.62845554) (2026-03-13T16:34:19.62854161) [Dbg] [SimulationFeatures.cc:71] Simulation timestep set to: 0.005
(2026-03-13T16:34:19.63355041) (2026-03-13T16:34:19.63366402) [Dbg] [Sensors.cc:610] Initialization needed
(2026-03-13T16:34:19.63519846) (2026-03-13T16:34:19.63566030) [Dbg] [Sensors.cc:270] Initializing render context
(2026-03-13T16:34:19.63821481) (2026-03-13T16:34:19.63827510) [Msg] Loading plugin [ignition-rendering-ogre2]
(2026-03-13T16:34:19.64147074) (2026-03-13T16:34:19.64162006) [Msg] Serving scene information on [/world/mrsim/scene/info]
(2026-03-13T16:34:19.64372585) (2026-03-13T16:34:19.64383291) [Msg] Serving graph information on [/world/mrsim/scene/graph]
(2026-03-13T16:34:19.64688832) (2026-03-13T16:34:19.64701615) [Msg] Serving full state on [/world/mrsim/state]
(2026-03-13T16:34:19.64806863) (2026-03-13T16:34:19.64821214) [Msg] Serving full state (async) on [/world/mrsim/state_async]
(2026-03-13T16:34:19.65256416) (2026-03-13T16:34:19.65266260) [Msg] Publishing scene information on [/world/mrsim/scene/info]
(2026-03-13T16:34:19.65407508) (2026-03-13T16:34:19.65415860) [Msg] Publishing entity deletions on [/world/mrsim/scene/deletion]
(2026-03-13T16:34:19.65484933) (2026-03-13T16:34:19.65493016) [Msg] Publishing state changes on [/world/mrsim/state]
(2026-03-13T16:34:19.65574568) (2026-03-13T16:34:19.65581740) [Msg] Publishing pose messages on [/world/mrsim/pose/info]
(2026-03-13T16:34:19.65670770) (2026-03-13T16:34:19.65678389) [Msg] Publishing dynamic pose messages on [/world/mrsim/dynamic_pose/info]
(2026-03-13T16:34:19.65979819) (2026-03-13T16:34:19.65987492) [Dbg] [EntityComponentManager.cc:1623] Updated state thread iterators: 8 threads processing around 6 entities each.
(2026-03-13T16:34:19.236231401) (2026-03-13T16:34:19.236238961) [Dbg] [RenderUtil.cc:2591] Create scene [scene]
(() () (2026-03-13T16:34:19.266255575) ) [Dbg] [Sensors.cc:284] [Dbg] [Sensors.cc:610] Rendering Thread initialized
[Dbg] [Sensors.cc:284] [Dbg] [Sensors.cc:610] Initialization needed
(2026-03-13T16:34:20.300423699) (2026-03-13T16:34:20.300435924) [Dbg] [CameraSensor.cc:394] Camera images for [qr4::base::camera] advertised on [/camera]
(2026-03-13T16:34:20.300676364) (2026-03-13T16:34:20.300716633) [Dbg] [CameraSensor.cc:705] Camera info for [qr4::base::camera] advertised on [/camera_info]
(2026-03-13T16:34:20.301122160) (2026-03-13T16:34:20.301128685) [Wrn] [Ogre2Camera.cc:390] Ogre2Camera::SetVisibilityMask: Mask bits c0000000 are set but will be ignored as they conflict with the reserved bits used internally by the ogre2 backend.
(2026-03-13T16:34:20.301321193) (2026-03-13T16:34:20.301326260) [Msg] Loading plugin [ignition-rendering-ogre2]
(2026-03-13T16:34:20.365050055) (2026-03-13T16:34:20.365062853) [Dbg] [CameraSensor.cc:518] Enabling camera sensor: 'qr4::base::camera' data generation.
(2026-03-13T16:34:30.188112645) (2026-03-13T16:34:30.188142850) [Dbg] [SignalHandler.cc:141] Received signal[2].
(2026-03-13T16:34:30.188220539) (2026-03-13T16:34:30.188235986) [Dbg] [ServerPrivate.cc:110] Server received signal[2]
(2026-03-13T16:34:30.188282418) (2026-03-13T16:34:30.188311173) [Dbg] [Sensors.cc:439] SensorsPrivate::Stop
(2026-03-13T16:34:30.188869271) (2026-03-13T16:34:30.188888086) [Dbg] [Sensors.cc:425] SensorsPrivate::RenderThread stopped
(2026-03-13T16:34:30.191648207) (2026-03-13T16:34:30.191665570) [Dbg] [gz.cc:410] Shutting down ign-gazebo-server
(2026-03-13T16:34:30.196684330) 2026-03-13T16:34:30.196693933() ) (2026-03-13T16:34:30.196759764) (2026-03-13T16:34:30.1967900742026-03-13T16:34:30.1967681862026-03-13T16:34:30.1967900742026-03-13T16:34:30.196768186) ) ) [Dbg] [SimulationRunner.cc:528] 2026-03-13T16:34:30.196825890) [Dbg] [SimulationRunner.cc:528] Exiting postupdate worker thread (Exiting postupdate worker thread (Exiting postupdate worker thread (0)1)
)
)
(2026-03-13T16:34:30.233199739) (2026-03-13T16:34:30.233214033) [Dbg] [Sensors.cc:439] SensorsPrivate::Stop
