(2026-03-18T09:45:39.167831563) (2026-03-18T09:45:39.167842645) [Msg] Ignition Gazebo Server v6.17.1
(2026-03-18T09:45:39.170661871) (2026-03-18T09:45:39.170674132) [Msg] Loading SDF world file[/home/user/ros2_ws/install/mrsim_gazebo_sim/share/mrsim_gazebo_sim/worlds/example.world].
(2026-03-18T09:45:39.493757668) (2026-03-18T09:45:39.493772350) [Msg] Serving entity system service on [/entity/system/add]
(2026-03-18T09:45:39.533393868) (2026-03-18T09:45:39.533402733) [Dbg] [SystemManager.cc:73] Loaded system [ignition::gazebo::systems::ShaderParam] for entity [9]
(2026-03-18T09:45:39.536371384) (2026-03-18T09:45:39.536380870) [Dbg] [SystemManager.cc:73] Loaded system [mrsim_gazebo_sim::SetPegPosePlugin] for entity [10]
(2026-03-18T09:45:39.568318009) (2026-03-18T09:45:39.568327562) [Dbg] [SystemManager.cc:73] Loaded system [mrsim_gazebo_sim::MrsimDroneIgnPlugin] for entity [14]
(2026-03-18T09:45:39.569947775) (2026-03-18T09:45:39.569955935) [Dbg] [MulticopterMotorModel.cc:373] Listening to topic: qr4/gazebo/command/motor_speed
(2026-03-18T09:45:39.570077961) (2026-03-18T09:45:39.570083176) [Dbg] [SystemManager.cc:73] Loaded system [ignition::gazebo::systems::MulticopterMotorModel] for entity [14]
(2026-03-18T09:45:39.570386122) (2026-03-18T09:45:39.570391806) [Dbg] [MulticopterMotorModel.cc:373] Listening to topic: qr4/gazebo/command/motor_speed
(2026-03-18T09:45:39.570476371) (2026-03-18T09:45:39.570483475) [Dbg] [SystemManager.cc:73] Loaded system [ignition::gazebo::systems::MulticopterMotorModel] for entity [14]
(2026-03-18T09:45:39.570779631) (2026-03-18T09:45:39.570785692) [Dbg] [MulticopterMotorModel.cc:373] Listening to topic: qr4/gazebo/command/motor_speed
(2026-03-18T09:45:39.570850552) (2026-03-18T09:45:39.570855529) [Dbg] [SystemManager.cc:73] Loaded system [ignition::gazebo::systems::MulticopterMotorModel] for entity [14]
(2026-03-18T09:45:39.571098351) (2026-03-18T09:45:39.571103750) [Dbg] [MulticopterMotorModel.cc:373] Listening to topic: qr4/gazebo/command/motor_speed
(2026-03-18T09:45:39.571159871) (2026-03-18T09:45:39.571164644) [Dbg] [SystemManager.cc:73] Loaded system [ignition::gazebo::systems::MulticopterMotorModel] for entity [14]
(2026-03-18T09:45:39.572630210) (2026-03-18T09:45:39.572638488) [Msg] OdometryPublisher publishing odometry on [/model/qr4/odometry]
(2026-03-18T09:45:39.572715153) (2026-03-18T09:45:39.572720488) [Msg] OdometryPublisher publishing odometry with covariance on [/model/qr4/odometry_with_covariance]
(2026-03-18T09:45:39.572789626) (2026-03-18T09:45:39.572796643) [Msg] OdometryPublisher publishing Pose_V (TF) on [/model/qr4/pose]
(2026-03-18T09:45:39.572830075) (2026-03-18T09:45:39.572834806) [Dbg] [SystemManager.cc:73] Loaded system [ignition::gazebo::systems::OdometryPublisher] for entity [14]
(2026-03-18T09:45:39.585042166) (2026-03-18T09:45:39.585050927) [Dbg] [Sensors.cc:506] Configuring Sensors system
(2026-03-18T09:45:39.585141497) (2026-03-18T09:45:39.585146130) [Dbg] [Sensors.cc:431] SensorsPrivate::Run
(2026-03-18T09:45:39.585236464) (2026-03-18T09:45:39.585241233) [Dbg] [SystemManager.cc:73] Loaded system [ignition::gazebo::systems::Sensors] for entity [14]
(2026-03-18T09:45:39.585335527) (2026-03-18T09:45:39.585344969) [Dbg] [Sensors.cc:411] SensorsPrivate::RenderThread started
(2026-03-18T09:45:39.585370239) (2026-03-18T09:45:39.585375650) [Dbg] [Sensors.cc:258] Waiting for init
(2026-03-18T09:45:39.585632021) (2026-03-18T09:45:39.585636885) [Msg] Loaded level [3]
(2026-03-18T09:45:39.585658021) (2026-03-18T09:45:39.585662357) [Msg] No systems loaded from SDF, loading defaults
(2026-03-18T09:45:39.585819521) (2026-03-18T09:45:39.585824329) [Dbg] [ServerConfig.cc:1043] Loaded (3) plugins from file [/home/user/.ignition/gazebo/6/server.config]
(2026-03-18T09:45:39.607822003) (2026-03-18T09:45:39.607831902) [Dbg] [Physics.cc:804] Loaded [ignition::physics::dartsim::Plugin] from library [/usr/lib/x86_64-linux-gnu/ign-physics-5/engine-plugins/libignition-physics-dartsim-plugin.so]
(2026-03-18T09:45:39.607885030) (2026-03-18T09:45:39.607889378) [Dbg] [SystemManager.cc:73] Loaded system [gz::sim::systems::Physics] for entity [1]
(2026-03-18T09:45:39.609973393) (2026-03-18T09:45:39.609985720) [Msg] Create service on [/world/mrsim/create]
(2026-03-18T09:45:39.610106196) (2026-03-18T09:45:39.610114730) [Msg] Remove service on [/world/mrsim/remove]
(2026-03-18T09:45:39.610218324) (2026-03-18T09:45:39.610227164) [Msg] Pose service on [/world/mrsim/set_pose]
(2026-03-18T09:45:39.610296760) (2026-03-18T09:45:39.610305338) [Msg] Pose service on [/world/mrsim/set_pose_vector]
(2026-03-18T09:45:39.610499400) (2026-03-18T09:45:39.610507852) [Msg] Light configuration service on [/world/mrsim/light_config]
(2026-03-18T09:45:39.610708198) (2026-03-18T09:45:39.610717499) [Msg] Physics service on [/world/mrsim/set_physics]
(2026-03-18T09:45:39.610825246) (2026-03-18T09:45:39.610834063) [Msg] SphericalCoordinates service on [/world/mrsim/set_spherical_coordinates]
(2026-03-18T09:45:39.610895883) (2026-03-18T09:45:39.610904094) [Msg] Enable collision service on [/world/mrsim/enable_collision]
(2026-03-18T09:45:39.610962431) (2026-03-18T09:45:39.610970366) [Msg] Disable collision service on [/world/mrsim/disable_collision]
(2026-03-18T09:45:39.611114955) (2026-03-18T09:45:39.611123181) [Msg] Material service on [/world/mrsim/visual_config]
(2026-03-18T09:45:39.611211791) (2026-03-18T09:45:39.611220134) [Msg] Material service on [/world/mrsim/wheel_slip]
(2026-03-18T09:45:39.611262988) (2026-03-18T09:45:39.611267637) [Dbg] [SystemManager.cc:73] Loaded system [gz::sim::systems::UserCommands] for entity [1]
(2026-03-18T09:45:39.613449866) (2026-03-18T09:45:39.613462691) [Dbg] [SystemManager.cc:73] Loaded system [gz::sim::systems::SceneBroadcaster] for entity [1]
(2026-03-18T09:45:39.613889620) (2026-03-18T09:45:39.613898828) [Msg] Serving world controls on [/world/mrsim/control], [/world/mrsim/control/state] and [/world/mrsim/playback/control]
(2026-03-18T09:45:39.614031993) (2026-03-18T09:45:39.614040688) [Msg] Serving GUI information on [/world/mrsim/gui/info]
(2026-03-18T09:45:39.614080095) (2026-03-18T09:45:39.614087307) [Msg] World [mrsim] initialized with [1ms] physics profile.
(2026-03-18T09:45:39.614259252) (2026-03-18T09:45:39.614267232) [Msg] Serving world SDF generation service on [/world/mrsim/generate_world_sdf]
(2026-03-18T09:45:39.614398034) (2026-03-18T09:45:39.614403821) [Msg] Serving world names on [/gazebo/worlds]
(2026-03-18T09:45:39.614458683) (2026-03-18T09:45:39.614465920) [Msg] Resource path add service on [/gazebo/resource_paths/add].
(2026-03-18T09:45:39.614529233) (2026-03-18T09:45:39.614537456) [Msg] Resource path get service on [/gazebo/resource_paths/get].
(2026-03-18T09:45:39.614591379) (2026-03-18T09:45:39.614599375) [Msg] Resource path resolve service on [/gazebo/resource_paths/resolve].
(2026-03-18T09:45:39.614664207) (2026-03-18T09:45:39.614672126) [Msg] Resource paths published on [/gazebo/resource_paths].
(2026-03-18T09:45:39.614796386) (2026-03-18T09:45:39.614804821) [Msg] Server control service on [/server_control].
(2026-03-18T09:45:41.65555188) (2026-03-18T09:45:41.65563872) [Msg] Found no publishers on /stats, adding root stats topic
(2026-03-18T09:45:41.65765364) (2026-03-18T09:45:41.65771771) [Msg] Found no publishers on /clock, adding root clock topic
(2026-03-18T09:45:41.65940359) (2026-03-18T09:45:41.65948470) [Dbg] [SimulationRunner.cc:501] Creating PostUpdate worker threads: 4
(2026-03-18T09:45:41.65977672) (2026-03-18T09:45:41.65983245) [Dbg] [SimulationRunner.cc:512] Creating postupdate worker thread (0)
(2026-03-18T09:45:41.66058104) (2026-03-18T09:45:41.66065259) [Dbg] [SimulationRunner.cc:512] Creating postupdate worker thread (1)
(2026-03-18T09:45:41.66115969) (2026-03-18T09:45:41.66123497) [Dbg] [SimulationRunner.cc:512] Creating postupdate worker thread (2)
(2026-03-18T09:45:41.70322740) (2026-03-18T09:45:41.70330647) [Dbg] [SimulationFeatures.cc:71] Simulation timestep set to: 0.005
(2026-03-18T09:45:41.70756189) (2026-03-18T09:45:41.70764051) [Dbg] [Sensors.cc:610] Initialization needed
(2026-03-18T09:45:41.70806473) (2026-03-18T09:45:41.70819048) [Dbg] [Sensors.cc:270] Initializing render context
(2026-03-18T09:45:41.70977879) (2026-03-18T09:45:41.70987886) [Msg] Loading plugin [ignition-rendering-ogre2]
(2026-03-18T09:45:41.71457871) (2026-03-18T09:45:41.71467649) [Msg] Serving scene information on [/world/mrsim/scene/info]
(2026-03-18T09:45:41.71551284) (2026-03-18T09:45:41.71558797) [Msg] Serving graph information on [/world/mrsim/scene/graph]
(2026-03-18T09:45:41.71695458) (2026-03-18T09:45:41.71704007) [Msg] Serving full state on [/world/mrsim/state]
(2026-03-18T09:45:41.71767939) (2026-03-18T09:45:41.71775062) [Msg] Serving full state (async) on [/world/mrsim/state_async]
(2026-03-18T09:45:41.71888210) (2026-03-18T09:45:41.71896008) [Msg] Publishing scene information on [/world/mrsim/scene/info]
(2026-03-18T09:45:41.71994284) (2026-03-18T09:45:41.72000228) [Msg] Publishing entity deletions on [/world/mrsim/scene/deletion]
(2026-03-18T09:45:41.72057599) (2026-03-18T09:45:41.72066160) [Msg] Publishing state changes on [/world/mrsim/state]
(2026-03-18T09:45:41.72164864) (2026-03-18T09:45:41.72174741) [Msg] Publishing pose messages on [/world/mrsim/pose/info]
(2026-03-18T09:45:41.72246637) (2026-03-18T09:45:41.72255223) [Msg] Publishing dynamic pose messages on [/world/mrsim/dynamic_pose/info]
(2026-03-18T09:45:41.72513260) (2026-03-18T09:45:41.72519364) [Dbg] [EntityComponentManager.cc:1623] Updated state thread iterators: 8 threads processing around 6 entities each.
(2026-03-18T09:45:41.236405830) (2026-03-18T09:45:41.236413740) [Dbg] [RenderUtil.cc:2591] Create scene [scene]
((2026-03-18T09:45:41.264648014) (2026-03-18T09:45:41.264658831) ) ([Dbg] [Sensors.cc:284] 2026-03-18T09:45:41.264690254) 

[Dbg] [Sensors.cc:610] 
(2026-03-18T09:45:42.300550523) (2026-03-18T09:45:42.300566801) [Dbg] [CameraSensor.cc:394] Camera images for [qr4::base::camera] advertised on [/camera]
(2026-03-18T09:45:42.300793935) (2026-03-18T09:45:42.300802961) [Dbg] [CameraSensor.cc:705] Camera info for [qr4::base::camera] advertised on [/camera_info]
(2026-03-18T09:45:42.301190103) (2026-03-18T09:45:42.301196284) [Wrn] [Ogre2Camera.cc:390] Ogre2Camera::SetVisibilityMask: Mask bits c0000000 are set but will be ignored as they conflict with the reserved bits used internally by the ogre2 backend.
(2026-03-18T09:45:42.301423272) (2026-03-18T09:45:42.301429248) [Msg] Loading plugin [ignition-rendering-ogre2]
(2026-03-18T09:45:42.366998755) (2026-03-18T09:45:42.367009588) [Dbg] [CameraSensor.cc:518] Enabling camera sensor: 'qr4::base::camera' data generation.
(2026-03-18T09:45:53.53648478) (2026-03-18T09:45:53.53660508) [Dbg] [SignalHandler.cc:141] Received signal[2].
(2026-03-18T09:45:53.53690618) (2026-03-18T09:45:53.53696416) [Dbg] [ServerPrivate.cc:110] Server received signal[2]
(2026-03-18T09:45:53.53719552) (2026-03-18T09:45:53.53725147) [Dbg] [Sensors.cc:439] SensorsPrivate::Stop
(2026-03-18T09:45:53.54066844) (2026-03-18T09:45:53.54075729) [Dbg] [Sensors.cc:425] SensorsPrivate::RenderThread stopped
(2026-03-18T09:45:53.56998958) (2026-03-18T09:45:53.57010785) [Dbg] [gz.cc:410] Shutting down ign-gazebo-server
(((2026-03-18T09:45:53.60506153) (2026-03-18T09:45:53.60521067) ) (2026-03-18T09:45:53.60540407) 2026-03-18T09:45:53.60540407) ) ([Dbg] [SimulationRunner.cc:528] 2026-03-18T09:45:53.60555142[Dbg] [SimulationRunner.cc:528] 2026-03-18T09:45:53.60555142) [Dbg] [SimulationRunner.cc:528] Exiting postupdate worker thread (1)

Exiting postupdate worker thread (2)
Exiting postupdate worker thread (Exiting postupdate worker thread (0)
(2026-03-18T09:45:53.87075836) (2026-03-18T09:45:53.87085742) [Dbg] [Sensors.cc:439] SensorsPrivate::Stop
