(2026-03-16T17:58:36.426425836) (2026-03-16T17:58:36.426435509) [Msg] Ignition Gazebo Server v6.17.1
(2026-03-16T17:58:36.429172077) (2026-03-16T17:58:36.429182938) [Msg] Loading SDF world file[/home/user/ros2_ws/install/mrsim_gazebo_sim/share/mrsim_gazebo_sim/worlds/example.world].
(2026-03-16T17:58:36.766614507) (2026-03-16T17:58:36.766629892) [Msg] Serving entity system service on [/entity/system/add]
(2026-03-16T17:58:36.806385174) (2026-03-16T17:58:36.806398736) [Dbg] [SystemManager.cc:73] Loaded system [ignition::gazebo::systems::ShaderParam] for entity [9]
(2026-03-16T17:58:36.811747743) (2026-03-16T17:58:36.811760702) [Dbg] [SystemManager.cc:73] Loaded system [mrsim_gazebo_sim::SetPegPosePlugin] for entity [10]
(2026-03-16T17:58:36.898121613) (2026-03-16T17:58:36.898134328) [Dbg] [SystemManager.cc:73] Loaded system [mrsim_gazebo_sim::MrsimDroneIgnPlugin] for entity [14]
(2026-03-16T17:58:36.900854030) (2026-03-16T17:58:36.900866845) [Dbg] [MulticopterMotorModel.cc:373] Listening to topic: qr4/gazebo/command/motor_speed
(2026-03-16T17:58:36.901114049) (2026-03-16T17:58:36.901123154) [Dbg] [SystemManager.cc:73] Loaded system [ignition::gazebo::systems::MulticopterMotorModel] for entity [14]
(2026-03-16T17:58:36.901723574) (2026-03-16T17:58:36.901732814) [Dbg] [MulticopterMotorModel.cc:373] Listening to topic: qr4/gazebo/command/motor_speed
(2026-03-16T17:58:36.901996614) (2026-03-16T17:58:36.902007702) [Dbg] [SystemManager.cc:73] Loaded system [ignition::gazebo::systems::MulticopterMotorModel] for entity [14]
(2026-03-16T17:58:36.903102038) (2026-03-16T17:58:36.903111032) [Dbg] [MulticopterMotorModel.cc:373] Listening to topic: qr4/gazebo/command/motor_speed
(2026-03-16T17:58:36.903262433) (2026-03-16T17:58:36.903270793) [Dbg] [SystemManager.cc:73] Loaded system [ignition::gazebo::systems::MulticopterMotorModel] for entity [14]
(2026-03-16T17:58:36.903800171) (2026-03-16T17:58:36.903808652) [Dbg] [MulticopterMotorModel.cc:373] Listening to topic: qr4/gazebo/command/motor_speed
(2026-03-16T17:58:36.904062682) (2026-03-16T17:58:36.904266151) [Dbg] [SystemManager.cc:73] Loaded system [ignition::gazebo::systems::MulticopterMotorModel] for entity [14]
(2026-03-16T17:58:36.920187960) (2026-03-16T17:58:36.920203300) [Msg] OdometryPublisher publishing odometry on [/model/qr4/odometry]
(2026-03-16T17:58:36.920454283) (2026-03-16T17:58:36.920461984) [Msg] OdometryPublisher publishing odometry with covariance on [/model/qr4/odometry_with_covariance]
(2026-03-16T17:58:36.920743922) (2026-03-16T17:58:36.920752200) [Msg] OdometryPublisher publishing Pose_V (TF) on [/model/qr4/pose]
(2026-03-16T17:58:36.920797685) (2026-03-16T17:58:36.920805055) [Dbg] [SystemManager.cc:73] Loaded system [ignition::gazebo::systems::OdometryPublisher] for entity [14]
(2026-03-16T17:58:36.955727491) (2026-03-16T17:58:36.955741465) [Dbg] [Sensors.cc:506] Configuring Sensors system
(2026-03-16T17:58:36.955883183) (2026-03-16T17:58:36.955891413) [Dbg] [Sensors.cc:431] SensorsPrivate::Run
(2026-03-16T17:58:36.967374653) (2026-03-16T17:58:36.967392705) [Dbg] [SystemManager.cc:73] Loaded system [ignition::gazebo::systems::Sensors] for entity [14]
(2026-03-16T17:58:36.968158278) (2026-03-16T17:58:36.968168219) [Msg] Loaded level [3]
(2026-03-16T17:58:36.968207271) (2026-03-16T17:58:36.968214072) [Msg] No systems loaded from SDF, loading defaults
(2026-03-16T17:58:36.968525069) (2026-03-16T17:58:36.968533254) [Dbg] [ServerConfig.cc:1043] Loaded (3) plugins from file [/home/user/.ignition/gazebo/6/server.config]
(2026-03-16T17:58:36.976111392) (2026-03-16T17:58:36.976127183) [Dbg] [Sensors.cc:411] SensorsPrivate::RenderThread started
(2026-03-16T17:58:36.976163924) (2026-03-16T17:58:36.976170591) [Dbg] [Sensors.cc:258] Waiting for init
(2026-03-16T17:58:37.41464552) (2026-03-16T17:58:37.41479558) [Dbg] [Physics.cc:804] Loaded [ignition::physics::dartsim::Plugin] from library [/usr/lib/x86_64-linux-gnu/ign-physics-5/engine-plugins/libignition-physics-dartsim-plugin.so]
(2026-03-16T17:58:37.41563503) (2026-03-16T17:58:37.41570881) [Dbg] [SystemManager.cc:73] Loaded system [gz::sim::systems::Physics] for entity [1]
(2026-03-16T17:58:37.52157532) (2026-03-16T17:58:37.52172572) [Msg] Create service on [/world/mrsim/create]
(2026-03-16T17:58:37.52375377) (2026-03-16T17:58:37.52384063) [Msg] Remove service on [/world/mrsim/remove]
(2026-03-16T17:58:37.53530890) (2026-03-16T17:58:37.53540298) [Msg] Pose service on [/world/mrsim/set_pose]
(2026-03-16T17:58:37.53684309) (2026-03-16T17:58:37.53691857) [Msg] Pose service on [/world/mrsim/set_pose_vector]
(2026-03-16T17:58:37.54051953) (2026-03-16T17:58:37.54059750) [Msg] Light configuration service on [/world/mrsim/light_config]
(2026-03-16T17:58:37.55918554) (2026-03-16T17:58:37.55928906) [Msg] Physics service on [/world/mrsim/set_physics]
(2026-03-16T17:58:37.56241282) (2026-03-16T17:58:37.56249451) [Msg] SphericalCoordinates service on [/world/mrsim/set_spherical_coordinates]
(2026-03-16T17:58:37.58421833) (2026-03-16T17:58:37.58433839) [Msg] Enable collision service on [/world/mrsim/enable_collision]
(2026-03-16T17:58:37.58829880) (2026-03-16T17:58:37.58852826) [Msg] Disable collision service on [/world/mrsim/disable_collision]
(2026-03-16T17:58:37.60754011) (2026-03-16T17:58:37.60765521) [Msg] Material service on [/world/mrsim/visual_config]
(2026-03-16T17:58:37.60993149) (2026-03-16T17:58:37.61002365) [Msg] Material service on [/world/mrsim/wheel_slip]
(2026-03-16T17:58:37.61064145) (2026-03-16T17:58:37.61072507) [Dbg] [SystemManager.cc:73] Loaded system [gz::sim::systems::UserCommands] for entity [1]
(2026-03-16T17:58:37.65272769) (2026-03-16T17:58:37.65285864) [Dbg] [SystemManager.cc:73] Loaded system [gz::sim::systems::SceneBroadcaster] for entity [1]
(2026-03-16T17:58:37.70159292) (2026-03-16T17:58:37.70174917) [Msg] Serving world controls on [/world/mrsim/control], [/world/mrsim/control/state] and [/world/mrsim/playback/control]
(2026-03-16T17:58:37.72327990) (2026-03-16T17:58:37.72341079) [Msg] Serving GUI information on [/world/mrsim/gui/info]
(2026-03-16T17:58:37.72387277) (2026-03-16T17:58:37.72394203) [Msg] World [mrsim] initialized with [1ms] physics profile.
(2026-03-16T17:58:37.72674256) (2026-03-16T17:58:37.72682600) [Msg] Serving world SDF generation service on [/world/mrsim/generate_world_sdf]
(2026-03-16T17:58:37.72837872) (2026-03-16T17:58:37.72845617) [Msg] Serving world names on [/gazebo/worlds]
(2026-03-16T17:58:37.73074591) (2026-03-16T17:58:37.73081491) [Msg] Resource path add service on [/gazebo/resource_paths/add].
(2026-03-16T17:58:37.76326874) (2026-03-16T17:58:37.76341819) [Msg] Resource path get service on [/gazebo/resource_paths/get].
(2026-03-16T17:58:37.176942024) (2026-03-16T17:58:37.176954156) [Msg] Resource path resolve service on [/gazebo/resource_paths/resolve].
(2026-03-16T17:58:37.177179593) (2026-03-16T17:58:37.177187837) [Msg] Resource paths published on [/gazebo/resource_paths].
(2026-03-16T17:58:37.177388427) (2026-03-16T17:58:37.177398469) [Msg] Server control service on [/server_control].
(2026-03-16T17:58:38.320677212) (2026-03-16T17:58:38.320697213) [Msg] Found no publishers on /stats, adding root stats topic
(2026-03-16T17:58:38.320934120) (2026-03-16T17:58:38.320941206) [Msg] Found no publishers on /clock, adding root clock topic
(2026-03-16T17:58:38.321092014) (2026-03-16T17:58:38.321097589) [Dbg] [SimulationRunner.cc:501] Creating PostUpdate worker threads: 4
(2026-03-16T17:58:38.321119190) (2026-03-16T17:58:38.321124039) [Dbg] [SimulationRunner.cc:512] Creating postupdate worker thread (0)
(2026-03-16T17:58:38.321203527) (2026-03-16T17:58:38.321210703) [Dbg] [SimulationRunner.cc:512] Creating postupdate worker thread (1)
(2026-03-16T17:58:38.321258195) (2026-03-16T17:58:38.321265176) [Dbg] [SimulationRunner.cc:512] Creating postupdate worker thread (2)
(2026-03-16T17:58:38.325512965) (2026-03-16T17:58:38.325521065) [Dbg] [SimulationFeatures.cc:71] Simulation timestep set to: 0.005
(2026-03-16T17:58:38.325961107) (2026-03-16T17:58:38.325972071) [Dbg] [Sensors.cc:610] Initialization needed
(2026-03-16T17:58:38.326016822) (2026-03-16T17:58:38.326024680) [Dbg] [Sensors.cc:270] Initializing render context
(2026-03-16T17:58:38.326137600) (2026-03-16T17:58:38.326142656) [Msg] Loading plugin [ignition-rendering-ogre2]
(2026-03-16T17:58:38.326714117) (2026-03-16T17:58:38.326721752) [Msg] Serving scene information on [/world/mrsim/scene/info]
(2026-03-16T17:58:38.326799691) (2026-03-16T17:58:38.326805451) [Msg] Serving graph information on [/world/mrsim/scene/graph]
(2026-03-16T17:58:38.326928001) (2026-03-16T17:58:38.326935195) [Msg] Serving full state on [/world/mrsim/state]
(2026-03-16T17:58:38.327023192) (2026-03-16T17:58:38.327031677) [Msg] Serving full state (async) on [/world/mrsim/state_async]
(2026-03-16T17:58:38.327163839) (2026-03-16T17:58:38.327173450) [Msg] Publishing scene information on [/world/mrsim/scene/info]
(2026-03-16T17:58:38.327267086) (2026-03-16T17:58:38.327275647) [Msg] Publishing entity deletions on [/world/mrsim/scene/deletion]
(2026-03-16T17:58:38.327326189) (2026-03-16T17:58:38.327334847) [Msg] Publishing state changes on [/world/mrsim/state]
(2026-03-16T17:58:38.327409655) (2026-03-16T17:58:38.327417684) [Msg] Publishing pose messages on [/world/mrsim/pose/info]
(2026-03-16T17:58:38.327493087) (2026-03-16T17:58:38.327498834) [Msg] Publishing dynamic pose messages on [/world/mrsim/dynamic_pose/info]
(2026-03-16T17:58:38.327715597) (2026-03-16T17:58:38.327721478) [Dbg] [EntityComponentManager.cc:1623] Updated state thread iterators: 8 threads processing around 6 entities each.
(2026-03-16T17:58:38.501549970) (2026-03-16T17:58:38.501557676) [Dbg] [RenderUtil.cc:2591] Create scene [scene]
((2026-03-16T17:58:38.531000552) 2026-03-16T17:58:38.531004584(2026-03-16T17:58:38.531004584() 2026-03-16T17:58:38.531026308) 2026-03-16T17:58:38.531026854) [Dbg] [Sensors.cc:284] [Dbg] [Sensors.cc:610] Rendering Thread initialized
Initialization needed
(2026-03-16T17:58:39.616886306) (2026-03-16T17:58:39.616897886) [Dbg] [CameraSensor.cc:394] Camera images for [qr4::base::camera] advertised on [/camera]
(2026-03-16T17:58:39.617276766) (2026-03-16T17:58:39.617283977) [Dbg] [CameraSensor.cc:705] Camera info for [qr4::base::camera] advertised on [/camera_info]
(2026-03-16T17:58:39.618099908) (2026-03-16T17:58:39.618107615) [Wrn] [Ogre2Camera.cc:390] Ogre2Camera::SetVisibilityMask: Mask bits c0000000 are set but will be ignored as they conflict with the reserved bits used internally by the ogre2 backend.
(2026-03-16T17:58:39.618340666) (2026-03-16T17:58:39.618346195) [Msg] Loading plugin [ignition-rendering-ogre2]
(2026-03-16T17:58:39.703919087) (2026-03-16T17:58:39.703929059) [Dbg] [CameraSensor.cc:518] Enabling camera sensor: 'qr4::base::camera' data generation.
(2026-03-16T17:58:49.901296065) (2026-03-16T17:58:49.901306948) [Dbg] [SignalHandler.cc:141] Received signal[2].
(2026-03-16T17:58:49.901333726) (2026-03-16T17:58:49.901338890) [Dbg] [ServerPrivate.cc:110] Server received signal[2]
(2026-03-16T17:58:49.901361791) (2026-03-16T17:58:49.901366848) [Dbg] [Sensors.cc:439] SensorsPrivate::Stop
(2026-03-16T17:58:49.901713647) (2026-03-16T17:58:49.901721568) [Dbg] [Sensors.cc:425] SensorsPrivate::RenderThread stopped
(2026-03-16T17:58:49.903691544) (2026-03-16T17:58:49.903698466) [Dbg] [gz.cc:410] Shutting down ign-gazebo-server
((2026-03-16T17:58:49.906324320) (2026-03-16T17:58:49.906344328) 2026-03-16T17:58:49.906335465) ((Exiting postupdate worker thread (1)
2026-03-16T17:58:49.9063668762026-03-16T17:58:49.906366876) [Dbg] [SimulationRunner.cc:528] Exiting postupdate worker thread (2)
(2026-03-16T17:58:49.906428435) (2026-03-16T17:58:49.906436085) [Dbg] [SimulationRunner.cc:528] Exiting postupdate worker thread (0)
(2026-03-16T17:58:49.929237391) (2026-03-16T17:58:49.929248078) [Dbg] [Sensors.cc:439] SensorsPrivate::Stop
