(2026-03-17T12:13:09.503809088) (2026-03-17T12:13:09.503816302) [Msg] Ignition Gazebo Server v6.17.1
(2026-03-17T12:13:09.504975888) (2026-03-17T12:13:09.504980451) [Msg] Loading SDF world file[/home/user/ros2_ws/install/mrsim_gazebo_sim/share/mrsim_gazebo_sim/worlds/example.world].
(2026-03-17T12:13:09.730062557) (2026-03-17T12:13:09.730073781) [Msg] Serving entity system service on [/entity/system/add]
(2026-03-17T12:13:09.750043938) (2026-03-17T12:13:09.750053709) [Dbg] [SystemManager.cc:73] Loaded system [ignition::gazebo::systems::ShaderParam] for entity [9]
(2026-03-17T12:13:09.752827033) (2026-03-17T12:13:09.752898398) [Dbg] [SystemManager.cc:73] Loaded system [mrsim_gazebo_sim::SetPegPosePlugin] for entity [10]
(2026-03-17T12:13:09.784184047) (2026-03-17T12:13:09.784195339) [Dbg] [SystemManager.cc:73] Loaded system [mrsim_gazebo_sim::MrsimDroneIgnPlugin] for entity [14]
(2026-03-17T12:13:09.785968257) (2026-03-17T12:13:09.785978574) [Dbg] [MulticopterMotorModel.cc:373] Listening to topic: qr4/gazebo/command/motor_speed
(2026-03-17T12:13:09.786135172) (2026-03-17T12:13:09.786142196) [Dbg] [SystemManager.cc:73] Loaded system [ignition::gazebo::systems::MulticopterMotorModel] for entity [14]
(2026-03-17T12:13:09.786547029) (2026-03-17T12:13:09.786554768) [Dbg] [MulticopterMotorModel.cc:373] Listening to topic: qr4/gazebo/command/motor_speed
(2026-03-17T12:13:09.786648585) (2026-03-17T12:13:09.786654498) [Dbg] [SystemManager.cc:73] Loaded system [ignition::gazebo::systems::MulticopterMotorModel] for entity [14]
(2026-03-17T12:13:09.787014817) (2026-03-17T12:13:09.787022337) [Dbg] [MulticopterMotorModel.cc:373] Listening to topic: qr4/gazebo/command/motor_speed
(2026-03-17T12:13:09.787096104) (2026-03-17T12:13:09.787102527) [Dbg] [SystemManager.cc:73] Loaded system [ignition::gazebo::systems::MulticopterMotorModel] for entity [14]
(2026-03-17T12:13:09.787424352) (2026-03-17T12:13:09.787431223) [Dbg] [MulticopterMotorModel.cc:373] Listening to topic: qr4/gazebo/command/motor_speed
(2026-03-17T12:13:09.787493363) (2026-03-17T12:13:09.787499586) [Dbg] [SystemManager.cc:73] Loaded system [ignition::gazebo::systems::MulticopterMotorModel] for entity [14]
(2026-03-17T12:13:09.789056476) (2026-03-17T12:13:09.789063717) [Msg] OdometryPublisher publishing odometry on [/model/qr4/odometry]
(2026-03-17T12:13:09.789150122) (2026-03-17T12:13:09.789156840) [Msg] OdometryPublisher publishing odometry with covariance on [/model/qr4/odometry_with_covariance]
(2026-03-17T12:13:09.789241402) (2026-03-17T12:13:09.789247613) [Msg] OdometryPublisher publishing Pose_V (TF) on [/model/qr4/pose]
(2026-03-17T12:13:09.789276420) (2026-03-17T12:13:09.789281595) [Dbg] [SystemManager.cc:73] Loaded system [ignition::gazebo::systems::OdometryPublisher] for entity [14]
(2026-03-17T12:13:09.810226383) (2026-03-17T12:13:09.810238609) [Dbg] [Sensors.cc:506] Configuring Sensors system
(2026-03-17T12:13:09.810361522) (2026-03-17T12:13:09.810367353) [Dbg] [Sensors.cc:431] SensorsPrivate::Run
(2026-03-17T12:13:09.810474693) (2026-03-17T12:13:09.810481118) [Dbg] [SystemManager.cc:73] Loaded system [ignition::gazebo::systems::Sensors] for entity [14]
2026-03-17T12:13:09.810514989) (2026-03-17T12:13:09.810538496) [Dbg] [Sensors.cc:411] SensorsPrivate::RenderThread started
(2026-03-17T12:13:09.810556270) (2026-03-17T12:13:09.810559842) [Dbg] [Sensors.cc:258] Waiting for init
(2026-03-17T12:13:09.811029654) (2026-03-17T12:13:09.811036868) [Msg] Loaded level [3]
(2026-03-17T12:13:09.811066519) (2026-03-17T12:13:09.811072664) [Msg] No systems loaded from SDF, loading defaults
(2026-03-17T12:13:09.811280403) (2026-03-17T12:13:09.811287220) [Dbg] [ServerConfig.cc:1043] Loaded (3) plugins from file [/home/user/.ignition/gazebo/6/server.config]
(2026-03-17T12:13:09.838302594) (2026-03-17T12:13:09.838314871) [Dbg] [Physics.cc:804] Loaded [ignition::physics::dartsim::Plugin] from library [/usr/lib/x86_64-linux-gnu/ign-physics-5/engine-plugins/libignition-physics-dartsim-plugin.so]
(2026-03-17T12:13:09.838385032) (2026-03-17T12:13:09.838391146) [Dbg] [SystemManager.cc:73] Loaded system [gz::sim::systems::Physics] for entity [1]
(2026-03-17T12:13:09.840996622) (2026-03-17T12:13:09.841006850) [Msg] Create service on [/world/mrsim/create]
(2026-03-17T12:13:09.841133573) (2026-03-17T12:13:09.841140539) [Msg] Remove service on [/world/mrsim/remove]
(2026-03-17T12:13:09.841255870) (2026-03-17T12:13:09.841262572) [Msg] Pose service on [/world/mrsim/set_pose]
(2026-03-17T12:13:09.841327990) (2026-03-17T12:13:09.841334485) [Msg] Pose service on [/world/mrsim/set_pose_vector]
(2026-03-17T12:13:09.841476509) (2026-03-17T12:13:09.841483208) [Msg] Light configuration service on [/world/mrsim/light_config]
(2026-03-17T12:13:09.841656634) (2026-03-17T12:13:09.841663312) [Msg] Physics service on [/world/mrsim/set_physics]
(2026-03-17T12:13:09.841761954) (2026-03-17T12:13:09.841768348) [Msg] SphericalCoordinates service on [/world/mrsim/set_spherical_coordinates]
(2026-03-17T12:13:09.841824571) (2026-03-17T12:13:09.841831160) [Msg] Enable collision service on [/world/mrsim/enable_collision]
(2026-03-17T12:13:09.841886735) (2026-03-17T12:13:09.841893076) [Msg] Disable collision service on [/world/mrsim/disable_collision]
(2026-03-17T12:13:09.842044644) (2026-03-17T12:13:09.842051152) [Msg] Material service on [/world/mrsim/visual_config]
(2026-03-17T12:13:09.842137046) (2026-03-17T12:13:09.842143059) [Msg] Material service on [/world/mrsim/wheel_slip]
(2026-03-17T12:13:09.842176514) (2026-03-17T12:13:09.842182073) [Dbg] [SystemManager.cc:73] Loaded system [gz::sim::systems::UserCommands] for entity [1]
(2026-03-17T12:13:09.844159749) (2026-03-17T12:13:09.844169533) [Dbg] [SystemManager.cc:73] Loaded system [gz::sim::systems::SceneBroadcaster] for entity [1]
(2026-03-17T12:13:09.844492455) (2026-03-17T12:13:09.844500185) [Msg] Serving world controls on [/world/mrsim/control], [/world/mrsim/control/state] and [/world/mrsim/playback/control]
(2026-03-17T12:13:09.844608194) (2026-03-17T12:13:09.844614859) [Msg] Serving GUI information on [/world/mrsim/gui/info]
(2026-03-17T12:13:09.844646198) (2026-03-17T12:13:09.844651303) [Msg] World [mrsim] initialized with [1ms] physics profile.
(2026-03-17T12:13:09.844785040) (2026-03-17T12:13:09.844791601) [Msg] Serving world SDF generation service on [/world/mrsim/generate_world_sdf]
(2026-03-17T12:13:09.844887956) (2026-03-17T12:13:09.844894731) [Msg] Serving world names on [/gazebo/worlds]
(2026-03-17T12:13:09.844954019) (2026-03-17T12:13:09.844960501) [Msg] Resource path add service on [/gazebo/resource_paths/add].
(2026-03-17T12:13:09.845079610) (2026-03-17T12:13:09.845086190) [Msg] Resource path get service on [/gazebo/resource_paths/get].
(2026-03-17T12:13:09.845150864) (2026-03-17T12:13:09.845157459) [Msg] Resource path resolve service on [/gazebo/resource_paths/resolve].
(2026-03-17T12:13:09.945494165) (2026-03-17T12:13:09.945505515) [Msg] Resource paths published on [/gazebo/resource_paths].
(2026-03-17T12:13:09.945775440) (2026-03-17T12:13:09.945783313) [Msg] Server control service on [/server_control].
(2026-03-17T12:13:11.399026011) (2026-03-17T12:13:11.399034623) [Msg] Found no publishers on /stats, adding root stats topic
(2026-03-17T12:13:11.399188880) (2026-03-17T12:13:11.399193217) [Msg] Found no publishers on /clock, adding root clock topic
(2026-03-17T12:13:11.399342217) (2026-03-17T12:13:11.399348194) [Dbg] [SimulationRunner.cc:501] Creating PostUpdate worker threads: 4
(2026-03-17T12:13:11.399366252) (2026-03-17T12:13:11.399371042) [Dbg] [SimulationRunner.cc:512] Creating postupdate worker thread (0)
(2026-03-17T12:13:11.399438504) (2026-03-17T12:13:11.399444715) [Dbg] [SimulationRunner.cc:512] Creating postupdate worker thread (1)
(2026-03-17T12:13:11.399493406) (2026-03-17T12:13:11.399499497) [Dbg] [SimulationRunner.cc:512] Creating postupdate worker thread (2)
(2026-03-17T12:13:11.403202542) (2026-03-17T12:13:11.403209494) [Dbg] [SimulationFeatures.cc:71] Simulation timestep set to: 0.005
(2026-03-17T12:13:11.403584884) (2026-03-17T12:13:11.403612984) [Dbg] [Sensors.cc:610] Initialization needed
(2026-03-17T12:13:11.403651744) (2026-03-17T12:13:11.403658870) [Dbg] [Sensors.cc:270] Initializing render context
(2026-03-17T12:13:11.403769097) (2026-03-17T12:13:11.403774258) [Msg] Loading plugin [ignition-rendering-ogre2]
(2026-03-17T12:13:11.404319049) (2026-03-17T12:13:11.404350709) [Msg] Serving scene information on [/world/mrsim/scene/info]
(2026-03-17T12:13:11.404433208) (2026-03-17T12:13:11.404439273) [Msg] Serving graph information on [/world/mrsim/scene/graph]
(2026-03-17T12:13:11.404580660) (2026-03-17T12:13:11.404587240) [Msg] Serving full state on [/world/mrsim/state]
(2026-03-17T12:13:11.404673656) (2026-03-17T12:13:11.404680550) [Msg] Serving full state (async) on [/world/mrsim/state_async]
(2026-03-17T12:13:11.404794569) (2026-03-17T12:13:11.404815916) [Msg] Publishing scene information on [/world/mrsim/scene/info]
(2026-03-17T12:13:11.404965464) (2026-03-17T12:13:11.404971242) [Msg] Publishing entity deletions on [/world/mrsim/scene/deletion]
(2026-03-17T12:13:11.405020483) (2026-03-17T12:13:11.405026155) [Msg] Publishing state changes on [/world/mrsim/state]
(2026-03-17T12:13:11.405131501) (2026-03-17T12:13:11.405148676) [Msg] Publishing pose messages on [/world/mrsim/pose/info]
(2026-03-17T12:13:11.405256320) (2026-03-17T12:13:11.405263175) [Msg] Publishing dynamic pose messages on [/world/mrsim/dynamic_pose/info]
(2026-03-17T12:13:11.405623282) (2026-03-17T12:13:11.405628623) [Dbg] [EntityComponentManager.cc:1623] Updated state thread iterators: 8 threads processing around 6 entities each.
(2026-03-17T12:13:11.540848920) (2026-03-17T12:13:11.540855449) [Dbg] [RenderUtil.cc:2591] Create scene [scene]
((2026-03-17T12:13:11.566219710) (2026-03-17T12:13:11.566242799) 2026-03-17T12:13:11.566235296) (2026-03-17T12:13:11.566252611) [Dbg] [Sensors.cc:284] [Dbg] [Sensors.cc:284] [Dbg] [Sensors.cc:610] Rendering Thread initialized
Initialization neededInitialization needed
(2026-03-17T12:13:12.381091505) (2026-03-17T12:13:12.381099669) [Dbg] [CameraSensor.cc:394] Camera images for [qr4::base::camera] advertised on [/camera]
(2026-03-17T12:13:12.381218759) (2026-03-17T12:13:12.381225293) [Dbg] [CameraSensor.cc:705] Camera info for [qr4::base::camera] advertised on [/camera_info]
(2026-03-17T12:13:12.381543069) (2026-03-17T12:13:12.381548438) [Wrn] [Ogre2Camera.cc:390] Ogre2Camera::SetVisibilityMask: Mask bits c0000000 are set but will be ignored as they conflict with the reserved bits used internally by the ogre2 backend.
(2026-03-17T12:13:12.381719273) (2026-03-17T12:13:12.381723052) [Msg] Loading plugin [ignition-rendering-ogre2]
(2026-03-17T12:13:12.442930033) (2026-03-17T12:13:12.442941184) [Dbg] [CameraSensor.cc:518] Enabling camera sensor: 'qr4::base::camera' data generation.
(2026-03-17T12:13:21.685903956) (2026-03-17T12:13:21.685910909) [Dbg] [SignalHandler.cc:141] Received signal[2].
(2026-03-17T12:13:21.685927447) (2026-03-17T12:13:21.685930556) [Dbg] [ServerPrivate.cc:110] Server received signal[2]
(2026-03-17T12:13:21.685943725) (2026-03-17T12:13:21.685946812) [Dbg] [Sensors.cc:439] SensorsPrivate::Stop
(2026-03-17T12:13:21.686223752) (2026-03-17T12:13:21.686229762) [Dbg] [Sensors.cc:425] SensorsPrivate::RenderThread stopped
(2026-03-17T12:13:21.688638761) (2026-03-17T12:13:21.688645182) [Dbg] [gz.cc:410] Shutting down ign-gazebo-server
(2026-03-17T12:13:21.690986670) (2026-03-17T12:13:21.690992169) [Dbg] [SimulationRunner.cc:528] Exiting postupdate worker thread (2)
((2026-03-17T12:13:21.691072171) (2026-03-17T12:13:21.691084090) ) ([Dbg] [SimulationRunner.cc:528] [Dbg] [SimulationRunner.cc:528] 2026-03-17T12:13:21.691097231) Exiting postupdate worker thread (0)
[Dbg] [SimulationRunner.cc:528] Exiting postupdate worker thread (1)
(2026-03-17T12:13:21.710655308) (2026-03-17T12:13:21.710662852) [Dbg] [Sensors.cc:439] SensorsPrivate::Stop
