(2026-03-10T10:27:19.765386890) (2026-03-10T10:27:19.765392669) [Msg] Ignition Gazebo Server v6.17.0
(2026-03-10T10:27:19.767674466) (2026-03-10T10:27:19.767683265) [Msg] Loading SDF world file[/home/user/ros2_ws/install/mrsim_gazebo_sim/share/mrsim_gazebo_sim/worlds/example.world].
(2026-03-10T10:27:19.999002944) (2026-03-10T10:27:19.999012282) [Msg] Serving entity system service on [/entity/system/add]
(2026-03-10T10:27:20.3611872) (2026-03-10T10:27:20.3619062) [Dbg] [SystemManager.cc:73] Loaded system [mrsim_gazebo_sim::SetPegPosePlugin] for entity [11]
(2026-03-10T10:27:20.32813328) (2026-03-10T10:27:20.32825007) [Dbg] [SystemManager.cc:73] Loaded system [mrsim_gazebo_sim::MrsimDroneIgnPlugin] for entity [15]
(2026-03-10T10:27:20.34369695) (2026-03-10T10:27:20.34376827) [Dbg] [MulticopterMotorModel.cc:373] Listening to topic: qr4/gazebo/command/motor_speed
(2026-03-10T10:27:20.34499442) (2026-03-10T10:27:20.34503545) [Dbg] [SystemManager.cc:73] Loaded system [gz::sim::systems::MulticopterMotorModel] for entity [15]
(2026-03-10T10:27:20.34850421) (2026-03-10T10:27:20.34857294) [Dbg] [MulticopterMotorModel.cc:373] Listening to topic: qr4/gazebo/command/motor_speed
(2026-03-10T10:27:20.34942551) (2026-03-10T10:27:20.34946614) [Dbg] [SystemManager.cc:73] Loaded system [gz::sim::systems::MulticopterMotorModel] for entity [15]
(2026-03-10T10:27:20.35182995) (2026-03-10T10:27:20.35187258) [Dbg] [MulticopterMotorModel.cc:373] Listening to topic: qr4/gazebo/command/motor_speed
(2026-03-10T10:27:20.35243639) (2026-03-10T10:27:20.35247582) [Dbg] [SystemManager.cc:73] Loaded system [gz::sim::systems::MulticopterMotorModel] for entity [15]
(2026-03-10T10:27:20.35444654) (2026-03-10T10:27:20.35449056) [Dbg] [MulticopterMotorModel.cc:373] Listening to topic: qr4/gazebo/command/motor_speed
(2026-03-10T10:27:20.35498835) (2026-03-10T10:27:20.35502956) [Dbg] [SystemManager.cc:73] Loaded system [gz::sim::systems::MulticopterMotorModel] for entity [15]
(2026-03-10T10:27:20.36975544) (2026-03-10T10:27:20.36983469) [Msg] OdometryPublisher publishing odometry on [/model/qr4/odometry]
(2026-03-10T10:27:20.37062328) (2026-03-10T10:27:20.37066976) [Msg] OdometryPublisher publishing odometry with covariance on [/model/qr4/odometry_with_covariance]
(2026-03-10T10:27:20.37131124) (2026-03-10T10:27:20.37135190) [Msg] OdometryPublisher publishing Pose_V (TF) on [/model/qr4/pose]
(2026-03-10T10:27:20.37156555) (2026-03-10T10:27:20.37160047) [Dbg] [SystemManager.cc:73] Loaded system [ignition::gazebo::systems::OdometryPublisher] for entity [15]
(2026-03-10T10:27:20.64137930) (2026-03-10T10:27:20.64145838) [Dbg] [Sensors.cc:506] Configuring Sensors system
(2026-03-10T10:27:20.64226459) (2026-03-10T10:27:20.64230056) [Dbg] [Sensors.cc:431] SensorsPrivate::Run
(2026-03-10T10:27:20.64317748) (2026-03-10T10:27:20.64323620) [Dbg] [SystemManager.cc:73] (Loaded system [ignition::gazebo::systems::Sensorsignition::gazebo::systems::Sensors2026-03-10T10:27:20.64350322) ((2026-03-10T10:27:20.64359719) ] for entity [15]
SensorsPrivate::RenderThread startedSensorsPrivate::RenderThread started(2026-03-10T10:27:20.64399521) (2026-03-10T10:27:20.64404640) [Dbg] [Sensors.cc:258] Waiting for init
(2026-03-10T10:27:20.64704930) (2026-03-10T10:27:20.64709165) [Msg] Loaded level [3]
(2026-03-10T10:27:20.64725981) (2026-03-10T10:27:20.64729500) [Msg] No systems loaded from SDF, loading defaults
(2026-03-10T10:27:20.65121438) (2026-03-10T10:27:20.65125499) [Dbg] [ServerConfig.cc:1043] Loaded (3) plugins from file [/home/user/.ignition/gazebo/6/server.config]
(2026-03-10T10:27:20.97358108) (2026-03-10T10:27:20.97370475) [Dbg] [Physics.cc:804] Loaded [ignition::physics::dartsim::Plugin] from library [/usr/lib/x86_64-linux-gnu/ign-physics-5/engine-plugins/libignition-physics-dartsim-plugin.so]
(2026-03-10T10:27:20.97475421) (2026-03-10T10:27:20.97482095) [Dbg] [SystemManager.cc:73] Loaded system [gz::sim::systems::Physics] for entity [1]
(2026-03-10T10:27:20.100380550) (2026-03-10T10:27:20.100391165) [Msg] Create service on [/world/mrsim/create]
(2026-03-10T10:27:20.100573467) (2026-03-10T10:27:20.100590103) [Msg] Remove service on [/world/mrsim/remove]
(2026-03-10T10:27:20.100735479) (2026-03-10T10:27:20.100742261) [Msg] Pose service on [/world/mrsim/set_pose]
(2026-03-10T10:27:20.100849706) (2026-03-10T10:27:20.100856157) [Msg] Pose service on [/world/mrsim/set_pose_vector]
(2026-03-10T10:27:20.101049720) (2026-03-10T10:27:20.101056624) [Msg] Light configuration service on [/world/mrsim/light_config]
(2026-03-10T10:27:20.101330445) (2026-03-10T10:27:20.101337512) [Msg] Physics service on [/world/mrsim/set_physics]
(2026-03-10T10:27:20.101505096) (2026-03-10T10:27:20.101511989) [Msg] SphericalCoordinates service on [/world/mrsim/set_spherical_coordinates]
(2026-03-10T10:27:20.101617686) (2026-03-10T10:27:20.101625014) [Msg] Enable collision service on [/world/mrsim/enable_collision]
(2026-03-10T10:27:20.101734406) (2026-03-10T10:27:20.101740793) [Msg] Disable collision service on [/world/mrsim/disable_collision]
(2026-03-10T10:27:20.102021796) (2026-03-10T10:27:20.102032831) [Msg] Material service on [/world/mrsim/visual_config]
(2026-03-10T10:27:20.102229536) (2026-03-10T10:27:20.102236212) [Msg] Material service on [/world/mrsim/wheel_slip]
(2026-03-10T10:27:20.102290739) (2026-03-10T10:27:20.102297241) [Dbg] [SystemManager.cc:73] Loaded system [gz::sim::systems::UserCommands] for entity [1]
(2026-03-10T10:27:20.104755550) (2026-03-10T10:27:20.104765162) [Dbg] [SystemManager.cc:73] Loaded system [gz::sim::systems::SceneBroadcaster] for entity [1]
(2026-03-10T10:27:20.105466311) (2026-03-10T10:27:20.105476088) [Msg] Serving world controls on [/world/mrsim/control], [/world/mrsim/control/state] and [/world/mrsim/playback/control]
(2026-03-10T10:27:20.105682846) (2026-03-10T10:27:20.105690378) [Msg] Serving GUI information on [/world/mrsim/gui/info]
(2026-03-10T10:27:20.105722592) (2026-03-10T10:27:20.105728603) [Msg] World [mrsim] initialized with [1ms] physics profile.
(2026-03-10T10:27:20.105962096) (2026-03-10T10:27:20.105969593) [Msg] Serving world SDF generation service on [/world/mrsim/generate_world_sdf]
(2026-03-10T10:27:20.106169728) (2026-03-10T10:27:20.106176564) [Msg] Serving world names on [/gazebo/worlds]
(2026-03-10T10:27:20.106356636) (2026-03-10T10:27:20.106365343) [Msg] Resource path add service on [/gazebo/resource_paths/add].
(2026-03-10T10:27:20.106636466) (2026-03-10T10:27:20.106644977) [Msg] Resource path get service on [/gazebo/resource_paths/get].
(2026-03-10T10:27:20.106811350) (2026-03-10T10:27:20.106818436) [Msg] Resource path resolve service on [/gazebo/resource_paths/resolve].
(2026-03-10T10:27:20.207093496) (2026-03-10T10:27:20.207105513) [Msg] Resource paths published on [/gazebo/resource_paths].
(2026-03-10T10:27:20.207294517) (2026-03-10T10:27:20.207301587) [Msg] Server control service on [/server_control].
(2026-03-10T10:27:21.667692260) (2026-03-10T10:27:21.667702306) [Msg] Found no publishers on /stats, adding root stats topic
(2026-03-10T10:27:21.667835509) (2026-03-10T10:27:21.667839591) [Msg] Found no publishers on /clock, adding root clock topic
(2026-03-10T10:27:21.668004499) (2026-03-10T10:27:21.668010253) [Dbg] [SimulationRunner.cc:501] Creating PostUpdate worker threads: 4
(2026-03-10T10:27:21.668026286) (2026-03-10T10:27:21.668029852) [Dbg] [SimulationRunner.cc:512] Creating postupdate worker thread (0)
(2026-03-10T10:27:21.668098857) (2026-03-10T10:27:21.668102730) [Dbg] [SimulationRunner.cc:512] Creating postupdate worker thread (1)
(2026-03-10T10:27:21.668148221) (2026-03-10T10:27:21.668151872) [Dbg] [SimulationRunner.cc:512] Creating postupdate worker thread (2)
(2026-03-10T10:27:21.671161352) (2026-03-10T10:27:21.671168296) [Dbg] [Sensors.cc:610] Initialization needed
(2026-03-10T10:27:21.671202002) (2026-03-10T10:27:21.671210056) [Dbg] [Sensors.cc:270] Initializing render context
(2026-03-10T10:27:21.671322833) (2026-03-10T10:27:21.671328533) [Msg] Loading plugin [ignition-rendering-ogre2]
(2026-03-10T10:27:21.671856280) (2026-03-10T10:27:21.671863754) [Msg] Serving scene information on [/world/mrsim/scene/info]
(2026-03-10T10:27:21.671947252) (2026-03-10T10:27:21.671962566) [Msg] Serving graph information on [/world/mrsim/scene/graph]
(2026-03-10T10:27:21.672109282) (2026-03-10T10:27:21.672115662) [Msg] Serving full state on [/world/mrsim/state]
(2026-03-10T10:27:21.672178400) (2026-03-10T10:27:21.672184864) [Msg] Serving full state (async) on [/world/mrsim/state_async]
(2026-03-10T10:27:21.672272921) (2026-03-10T10:27:21.672278454) [Msg] Publishing scene information on [/world/mrsim/scene/info]
(2026-03-10T10:27:21.672362698) (2026-03-10T10:27:21.672368758) [Msg] Publishing entity deletions on [/world/mrsim/scene/deletion]
(2026-03-10T10:27:21.672423151) (2026-03-10T10:27:21.672429360) [Msg] Publishing state changes on [/world/mrsim/state]
(2026-03-10T10:27:21.672497135) (2026-03-10T10:27:21.672503236) [Msg] Publishing pose messages on [/world/mrsim/pose/info]
(2026-03-10T10:27:21.672566094) (2026-03-10T10:27:21.672572034) [Msg] Publishing dynamic pose messages on [/world/mrsim/dynamic_pose/info]
(2026-03-10T10:27:21.672811593) (2026-03-10T10:27:21.672818319) [Dbg] [EntityComponentManager.cc:1623] Updated state thread iterators: 8 threads processing around 6 entities each.
((2026-03-10T10:27:21.679636606) (2026-03-10T10:27:21.679661442) ) 2026-03-10T10:27:21.679672405) Skipping serialization / deserialization for models with //pose/@relative_to attribute.[Wrn] [Component.hh:144] Trying to serialize component with data type [N3sdf3v125WorldE
N3sdf3v125WorldE], which doesn't have `operator<<`. Component will not be serialized.
(2026-03-10T10:27:21.805880761) (2026-03-10T10:27:21.805887273) [Dbg] [RenderUtil.cc:2591] Create scene [scene]
(2026-03-10T10:27:21.829324971) (2026-03-10T10:27:21.829333121) [Dbg] [Sensors.cc:284] Rendering Thread initialized
(2026-03-10T10:27:21.829363201) (2026-03-10T10:27:21.829369383) [Dbg] [Sensors.cc:610] Initialization needed
(2026-03-10T10:27:22.297637452) (2026-03-10T10:27:22.297648520) [Dbg] [CameraSensor.cc:449] Camera images for [qr4::base::camera] advertised on [/camera]
(2026-03-10T10:27:22.297815601) (2026-03-10T10:27:22.297822376) [Dbg] [CameraSensor.cc:760] Camera info for [qr4::base::camera] advertised on [/camera_info]
(2026-03-10T10:27:22.298151172) (2026-03-10T10:27:22.298156145) [Wrn] [Ogre2Camera.cc:390] Ogre2Camera::SetVisibilityMask: Mask bits c0000000 are set but will be ignored as they conflict with the reserved bits used internally by the ogre2 backend.
(2026-03-10T10:27:22.307482475) (2026-03-10T10:27:22.307490719) [Dbg] [CameraSensor.cc:573] Enabling camera sensor: 'qr4::base::camera' data generation.
(2026-03-10T10:27:36.46257932) (2026-03-10T10:27:36.46270627) [Dbg] [SimulationFeatures.cc:71] Simulation timestep set to: 0.005
(2026-03-10T10:28:09.544422131) (2026-03-10T10:28:09.544430192) [Dbg] [SignalHandler.cc:141] Received signal[2].
(2026-03-10T10:28:09.544456019) (2026-03-10T10:28:09.544459643) [Dbg] [ServerPrivate.cc:110] Server received signal[2]
(2026-03-10T10:28:09.544476343) (2026-03-10T10:28:09.544479843) [Dbg] [Sensors.cc:439] SensorsPrivate::Stop
(2026-03-10T10:28:09.544926107) (2026-03-10T10:28:09.544934757) [Dbg] [Sensors.cc:425] SensorsPrivate::RenderThread stopped
(2026-03-10T10:28:09.548941903) (2026-03-10T10:28:09.548951508) [Dbg] [gz.cc:410] Shutting down ign-gazebo-server
((2026-03-10T10:28:09.5525574672026-03-10T10:28:09.5525593242026-03-10T10:28:09.5525574672026-03-10T10:28:09.552559324) (2026-03-10T10:28:09.552576757) ) [Dbg] [SimulationRunner.cc:528] Exiting postupdate worker thread ((12026-03-10T10:28:09.552606094) ) 
(2026-03-10T10:28:09.552620632) Exiting postupdate worker thread (0)
Exiting postupdate worker thread (2)
(2026-03-10T10:28:09.575551059) (2026-03-10T10:28:09.575559427) [Dbg] [Sensors.cc:439] SensorsPrivate::Stop
