(2026-03-10T10:50:22.924097308) (2026-03-10T10:50:22.924105036) [Msg] Ignition Gazebo Server v6.17.0
(2026-03-10T10:50:22.926862181) (2026-03-10T10:50:22.926873469) [Msg] Loading SDF world file[/home/user/ros2_ws/install/mrsim_gazebo_sim/share/mrsim_gazebo_sim/worlds/example.world].
(2026-03-10T10:50:23.164149480) (2026-03-10T10:50:23.164163996) [Msg] Serving entity system service on [/entity/system/add]
(2026-03-10T10:50:23.169056662) (2026-03-10T10:50:23.169065771) [Dbg] [SystemManager.cc:73] Loaded system [mrsim_gazebo_sim::SetPegPosePlugin] for entity [11]
(2026-03-10T10:50:23.206014673) (2026-03-10T10:50:23.206026010) [Dbg] [SystemManager.cc:73] Loaded system [mrsim_gazebo_sim::MrsimDroneIgnPlugin] for entity [15]
(2026-03-10T10:50:23.207856476) (2026-03-10T10:50:23.207865829) [Dbg] [MulticopterMotorModel.cc:373] Listening to topic: qr4/gazebo/command/motor_speed
(2026-03-10T10:50:23.208056314) (2026-03-10T10:50:23.208063770) [Dbg] [SystemManager.cc:73] Loaded system [gz::sim::systems::MulticopterMotorModel] for entity [15]
(2026-03-10T10:50:23.208459549) (2026-03-10T10:50:23.208467050) [Dbg] [MulticopterMotorModel.cc:373] Listening to topic: qr4/gazebo/command/motor_speed
(2026-03-10T10:50:23.208564648) (2026-03-10T10:50:23.208571666) [Dbg] [SystemManager.cc:73] Loaded system [gz::sim::systems::MulticopterMotorModel] for entity [15]
(2026-03-10T10:50:23.208901904) (2026-03-10T10:50:23.208908284) [Dbg] [MulticopterMotorModel.cc:373] Listening to topic: qr4/gazebo/command/motor_speed
(2026-03-10T10:50:23.208995621) (2026-03-10T10:50:23.209001611) [Dbg] [SystemManager.cc:73] Loaded system [gz::sim::systems::MulticopterMotorModel] for entity [15]
(2026-03-10T10:50:23.209353156) (2026-03-10T10:50:23.209359420) [Dbg] [MulticopterMotorModel.cc:373] Listening to topic: qr4/gazebo/command/motor_speed
(2026-03-10T10:50:23.209436867) (2026-03-10T10:50:23.209441979) [Dbg] [SystemManager.cc:73] Loaded system [gz::sim::systems::MulticopterMotorModel] for entity [15]
(2026-03-10T10:50:23.211072251) (2026-03-10T10:50:23.211081500) [Msg] OdometryPublisher publishing odometry on [/model/qr4/odometry]
(2026-03-10T10:50:23.211213080) (2026-03-10T10:50:23.211219668) [Msg] OdometryPublisher publishing odometry with covariance on [/model/qr4/odometry_with_covariance]
(2026-03-10T10:50:23.211324777) (2026-03-10T10:50:23.211331116) [Msg] OdometryPublisher publishing Pose_V (TF) on [/model/qr4/pose]
(2026-03-10T10:50:23.211362677) (2026-03-10T10:50:23.211368484) [Dbg] [SystemManager.cc:73] Loaded system [ignition::gazebo::systems::OdometryPublisher] for entity [15]
(2026-03-10T10:50:23.240232465) (2026-03-10T10:50:23.240242111) [Dbg] [Sensors.cc:506] Configuring Sensors system
(2026-03-10T10:50:23.240675594) (2026-03-10T10:50:23.240686186) [Dbg] [Sensors.cc:431] SensorsPrivate::Run
(2026-03-10T10:50:23.240827538) (2026-03-10T10:50:23.240833295) [Dbg] [SystemManager.cc:73] Loaded system [ignition::gazebo::systems::Sensors] for entity [15]
(2026-03-10T10:50:23.240875590) (2026-03-10T10:50:23.240881884) [Dbg] [Sensors.cc:411] SensorsPrivate::RenderThread started
(2026-03-10T10:50:23.240898694) (2026-03-10T10:50:23.240902283) [Dbg] [Sensors.cc:258] Waiting for init
(2026-03-10T10:50:23.241313317) (2026-03-10T10:50:23.241320373) [Msg] Loaded level [3]
(2026-03-10T10:50:23.241348858) (2026-03-10T10:50:23.241354778) [Msg] No systems loaded from SDF, loading defaults
(2026-03-10T10:50:23.241566266) (2026-03-10T10:50:23.241572706) [Dbg] [ServerConfig.cc:1043] Loaded (3) plugins from file [/home/user/.ignition/gazebo/6/server.config]
(2026-03-10T10:50:23.261875271) (2026-03-10T10:50:23.261883077) [Dbg] [Physics.cc:804] Loaded [ignition::physics::dartsim::Plugin] from library [/usr/lib/x86_64-linux-gnu/ign-physics-5/engine-plugins/libignition-physics-dartsim-plugin.so]
(2026-03-10T10:50:23.261953076) (2026-03-10T10:50:23.261956784) [Dbg] [SystemManager.cc:73] Loaded system [gz::sim::systems::Physics] for entity [1]
(2026-03-10T10:50:23.263728369) (2026-03-10T10:50:23.263734559) [Msg] Create service on [/world/mrsim/create]
(2026-03-10T10:50:23.263822521) (2026-03-10T10:50:23.263835588) [Msg] Remove service on [/world/mrsim/remove]
(2026-03-10T10:50:23.263909240) (2026-03-10T10:50:23.263915433) [Msg] Pose service on [/world/mrsim/set_pose]
(2026-03-10T10:50:23.263968340) (2026-03-10T10:50:23.263974580) [Msg] Pose service on [/world/mrsim/set_pose_vector]
(2026-03-10T10:50:23.264095968) (2026-03-10T10:50:23.264102587) [Msg] Light configuration service on [/world/mrsim/light_config]
(2026-03-10T10:50:23.264227652) (2026-03-10T10:50:23.264234162) [Msg] Physics service on [/world/mrsim/set_physics]
(2026-03-10T10:50:23.264332492) (2026-03-10T10:50:23.264338359) [Msg] SphericalCoordinates service on [/world/mrsim/set_spherical_coordinates]
(2026-03-10T10:50:23.264387640) (2026-03-10T10:50:23.264393559) [Msg] Enable collision service on [/world/mrsim/enable_collision]
(2026-03-10T10:50:23.264445451) (2026-03-10T10:50:23.264451428) [Msg] Disable collision service on [/world/mrsim/disable_collision]
(2026-03-10T10:50:23.264567176) (2026-03-10T10:50:23.264573461) [Msg] Material service on [/world/mrsim/visual_config]
(2026-03-10T10:50:23.264671998) (2026-03-10T10:50:23.264676240) [Msg] Material service on [/world/mrsim/wheel_slip]
(2026-03-10T10:50:23.264703029) (2026-03-10T10:50:23.264708843) [Dbg] [SystemManager.cc:73] Loaded system [gz::sim::systems::UserCommands] for entity [1]
(2026-03-10T10:50:23.265911035) (2026-03-10T10:50:23.265916775) [Dbg] [SystemManager.cc:73] Loaded system [gz::sim::systems::SceneBroadcaster] for entity [1]
(2026-03-10T10:50:23.266147201) (2026-03-10T10:50:23.266152774) [Msg] Serving world controls on [/world/mrsim/control], [/world/mrsim/control/state] and [/world/mrsim/playback/control]
(2026-03-10T10:50:23.266226522) (2026-03-10T10:50:23.266231385) [Msg] Serving GUI information on [/world/mrsim/gui/info]
(2026-03-10T10:50:23.266257716) (2026-03-10T10:50:23.266263513) [Msg] World [mrsim] initialized with [1ms] physics profile.
(2026-03-10T10:50:23.266377643) (2026-03-10T10:50:23.266383354) [Msg] Serving world SDF generation service on [/world/mrsim/generate_world_sdf]
(2026-03-10T10:50:23.266471139) (2026-03-10T10:50:23.266476362) [Msg] Serving world names on [/gazebo/worlds]
(2026-03-10T10:50:23.266553424) (2026-03-10T10:50:23.266559616) [Msg] Resource path add service on [/gazebo/resource_paths/add].
(2026-03-10T10:50:23.266608901) (2026-03-10T10:50:23.266614443) [Msg] Resource path get service on [/gazebo/resource_paths/get].
(2026-03-10T10:50:23.266658942) (2026-03-10T10:50:23.266665140) [Msg] Resource path resolve service on [/gazebo/resource_paths/resolve].
(2026-03-10T10:50:23.266753662) (2026-03-10T10:50:23.266757965) [Msg] Resource paths published on [/gazebo/resource_paths].
(2026-03-10T10:50:23.367132295) (2026-03-10T10:50:23.367143858) [Msg] Server control service on [/server_control].
(2026-03-10T10:50:24.822566191) (2026-03-10T10:50:24.822575084) [Msg] Found no publishers on /stats, adding root stats topic
(2026-03-10T10:50:24.822747663) (2026-03-10T10:50:24.822752204) [Msg] Found no publishers on /clock, adding root clock topic
(2026-03-10T10:50:24.823568125) (2026-03-10T10:50:24.823576230) [Dbg] [SimulationRunner.cc:501] Creating PostUpdate worker threads: 4
(2026-03-10T10:50:24.823786930) (2026-03-10T10:50:24.823794199) [Dbg] [SimulationRunner.cc:512] Creating postupdate worker thread (0)
(2026-03-10T10:50:24.823870400) (2026-03-10T10:50:24.823876683) [Dbg] [SimulationRunner.cc:512] Creating postupdate worker thread (1)
(2026-03-10T10:50:24.823917611) (2026-03-10T10:50:24.823923798) [Dbg] [SimulationRunner.cc:512] Creating postupdate worker thread (2)
(2026-03-10T10:50:24.826931242) (2026-03-10T10:50:24.826938588) [Dbg] [Sensors.cc:610] Initialization needed
(2026-03-10T10:50:24.826971482) (2026-03-10T10:50:24.826977387) [Dbg] [Sensors.cc:270] Initializing render context
(2026-03-10T10:50:24.827063473) (2026-03-10T10:50:24.827067422) [Msg] Loading plugin [ignition-rendering-ogre2]
(2026-03-10T10:50:24.827711374) (2026-03-10T10:50:24.827719609) [Msg] Serving scene information on [/world/mrsim/scene/info]
(2026-03-10T10:50:24.827801610) (2026-03-10T10:50:24.827818327) [Msg] Serving graph information on [/world/mrsim/scene/graph]
(2026-03-10T10:50:24.827955788) (2026-03-10T10:50:24.827962425) [Msg] Serving full state on [/world/mrsim/state]
(2026-03-10T10:50:24.828026957) (2026-03-10T10:50:24.828034193) [Msg] Serving full state (async) on [/world/mrsim/state_async]
(2026-03-10T10:50:24.828112665) (2026-03-10T10:50:24.828118901) [Msg] Publishing scene information on [/world/mrsim/scene/info]
(2026-03-10T10:50:24.828195725) (2026-03-10T10:50:24.828202461) [Msg] Publishing entity deletions on [/world/mrsim/scene/deletion]
(2026-03-10T10:50:24.828268449) (2026-03-10T10:50:24.828274833) [Msg] Publishing state changes on [/world/mrsim/state]
(2026-03-10T10:50:24.828335261) (2026-03-10T10:50:24.828341363) [Msg] Publishing pose messages on [/world/mrsim/pose/info]
(2026-03-10T10:50:24.828416823) (2026-03-10T10:50:24.828423145) [Msg] Publishing dynamic pose messages on [/world/mrsim/dynamic_pose/info]
(2026-03-10T10:50:24.828659350) (2026-03-10T10:50:24.828666101) [Dbg] [EntityComponentManager.cc:1623] Updated state thread iterators: 8 threads processing around 6 entities each.
(2026-03-10T10:50:24.834714297) (2026-03-10T10:50:24.834744084) [Wrn] [Model.hh:69] Skipping serialization / deserialization for models with //pose/@relative_to attribute.
(2026-03-10T10:50:24.835085603) (2026-03-10T10:50:24.835092800) [Wrn] [Component.hh:144] Trying to serialize component with data type [N3sdf3v125WorldE], which doesn't have `operator<<`. Component will not be serialized.
(2026-03-10T10:50:24.971417566) (2026-03-10T10:50:24.971423708) [Dbg] [RenderUtil.cc:2591] Create scene [scene]
((2026-03-10T10:50:24.995345941) 2026-03-10T10:50:24.995359281(2026-03-10T10:50:24.995359281(2026-03-10T10:50:24.995367993) ) (2026-03-10T10:50:24.995375116) [Dbg] [Sensors.cc:284] Rendering Thread initialized
[Dbg] [Sensors.cc:610] Initialization needed
(2026-03-10T10:50:25.442645502) (2026-03-10T10:50:25.442652483) [Dbg] [CameraSensor.cc:449] Camera images for [qr4::base::camera] advertised on [/camera]
(2026-03-10T10:50:25.442751769) (2026-03-10T10:50:25.442755909) [Dbg] [CameraSensor.cc:760] Camera info for [qr4::base::camera] advertised on [/camera_info]
(2026-03-10T10:50:25.443034980) (2026-03-10T10:50:25.443039156) [Wrn] [Ogre2Camera.cc:390] Ogre2Camera::SetVisibilityMask: Mask bits c0000000 are set but will be ignored as they conflict with the reserved bits used internally by the ogre2 backend.
(2026-03-10T10:50:25.452523590) (2026-03-10T10:50:25.452535133) [Dbg] [CameraSensor.cc:573] Enabling camera sensor: 'qr4::base::camera' data generation.
(2026-03-10T10:50:36.921312727) (2026-03-10T10:50:36.921323308) [Dbg] [SimulationFeatures.cc:71] Simulation timestep set to: 0.005
(2026-03-10T10:50:49.893201474) (2026-03-10T10:50:49.893214591) [Dbg] [SignalHandler.cc:141] Received signal[2].
(2026-03-10T10:50:49.893257224) (2026-03-10T10:50:49.893262245) [Dbg] [ServerPrivate.cc:110] Server received signal[2]
(2026-03-10T10:50:49.893289054) (2026-03-10T10:50:49.893294052) [Dbg] [Sensors.cc:439] SensorsPrivate::Stop
(2026-03-10T10:50:49.893829527) (2026-03-10T10:50:49.893936306) [Dbg] [Sensors.cc:425] SensorsPrivate::RenderThread stopped
(2026-03-10T10:50:49.897074274) (2026-03-10T10:50:49.897088868) [Dbg] [gz.cc:410] Shutting down ign-gazebo-server
(((2026-03-10T10:50:49.900181884) () () (2026-03-10T10:50:49.900213970) ) 2026-03-10T10:50:49.900181571) (2026-03-10T10:50:49.900229897[Dbg] [SimulationRunner.cc:528] 2026-03-10T10:50:49.900229897[Dbg] [SimulationRunner.cc:528] ) [Dbg] [SimulationRunner.cc:528] [Dbg] [SimulationRunner.cc:528] Exiting postupdate worker thread (1Exiting postupdate worker thread ())
Exiting postupdate worker thread (2)
)(2026-03-10T10:50:49.928387128) (2026-03-10T10:50:49.928395644) [Dbg] [Sensors.cc:439] SensorsPrivate::Stop
