(2026-03-17T12:06:42.409289383) (2026-03-17T12:06:42.409297219) [Msg] Ignition Gazebo Server v6.17.1
(2026-03-17T12:06:42.411292782) (2026-03-17T12:06:42.411305625) [Msg] Loading SDF world file[/home/user/ros2_ws/install/mrsim_gazebo_sim/share/mrsim_gazebo_sim/worlds/example.world].
(2026-03-17T12:06:42.624282147) (2026-03-17T12:06:42.624296411) [Msg] Serving entity system service on [/entity/system/add]
(2026-03-17T12:06:42.647106902) (2026-03-17T12:06:42.647116356) [Dbg] [SystemManager.cc:73] Loaded system [ignition::gazebo::systems::ShaderParam] for entity [9]
(2026-03-17T12:06:42.649814954) (2026-03-17T12:06:42.649822984) [Dbg] [SystemManager.cc:73] Loaded system [mrsim_gazebo_sim::SetPegPosePlugin] for entity [10]
(2026-03-17T12:06:42.674115573) (2026-03-17T12:06:42.674124084) [Dbg] [SystemManager.cc:73] Loaded system [mrsim_gazebo_sim::MrsimDroneIgnPlugin] for entity [14]
(2026-03-17T12:06:42.675270952) (2026-03-17T12:06:42.675277084) [Dbg] [MulticopterMotorModel.cc:373] Listening to topic: qr4/gazebo/command/motor_speed
(2026-03-17T12:06:42.675415949) (2026-03-17T12:06:42.675420141) [Dbg] [SystemManager.cc:73] Loaded system [ignition::gazebo::systems::MulticopterMotorModel] for entity [14]
(2026-03-17T12:06:42.675715234) (2026-03-17T12:06:42.675719629) [Dbg] [MulticopterMotorModel.cc:373] Listening to topic: qr4/gazebo/command/motor_speed
(2026-03-17T12:06:42.675776354) (2026-03-17T12:06:42.675780258) [Dbg] [SystemManager.cc:73] Loaded system [ignition::gazebo::systems::MulticopterMotorModel] for entity [14]
(2026-03-17T12:06:42.675996776) (2026-03-17T12:06:42.676000902) [Dbg] [MulticopterMotorModel.cc:373] Listening to topic: qr4/gazebo/command/motor_speed
(2026-03-17T12:06:42.676043280) (2026-03-17T12:06:42.676047023) [Dbg] [SystemManager.cc:73] Loaded system [ignition::gazebo::systems::MulticopterMotorModel] for entity [14]
(2026-03-17T12:06:42.676259468) (2026-03-17T12:06:42.676263756) [Dbg] [MulticopterMotorModel.cc:373] Listening to topic: qr4/gazebo/command/motor_speed
(2026-03-17T12:06:42.676308363) (2026-03-17T12:06:42.676312474) [Dbg] [SystemManager.cc:73] Loaded system [ignition::gazebo::systems::MulticopterMotorModel] for entity [14]
(2026-03-17T12:06:42.677371249) (2026-03-17T12:06:42.677377952) [Msg] OdometryPublisher publishing odometry on [/model/qr4/odometry]
(2026-03-17T12:06:42.677439103) (2026-03-17T12:06:42.677443009) [Msg] OdometryPublisher publishing odometry with covariance on [/model/qr4/odometry_with_covariance]
(2026-03-17T12:06:42.677491938) (2026-03-17T12:06:42.677495798) [Msg] OdometryPublisher publishing Pose_V (TF) on [/model/qr4/pose]
(2026-03-17T12:06:42.677514294) (2026-03-17T12:06:42.677517767) [Dbg] [SystemManager.cc:73] Loaded system [ignition::gazebo::systems::OdometryPublisher] for entity [14]
(2026-03-17T12:06:42.687826862) (2026-03-17T12:06:42.687834635) [Dbg] [Sensors.cc:506] Configuring Sensors system
(2026-03-17T12:06:42.687929276) (2026-03-17T12:06:42.687934929) [Dbg] [Sensors.cc:431] SensorsPrivate::Run
(2026-03-17T12:06:42.688020564) (2026-03-17T12:06:42.688026623) [Dbg] [SystemManager.cc:73] (Loaded system [2026-03-17T12:06:42.688048759) ignition::gazebo::systems::Sensors(2026-03-17T12:06:42.688059481) ignition::gazebo::systems::Sensors[Dbg] [Sensors.cc:411] SensorsPrivate::RenderThread started
14]
(2026-03-17T12:06:42.688104816) (2026-03-17T12:06:42.688109963) [Dbg] [Sensors.cc:258] Waiting for init
(2026-03-17T12:06:42.688441158) (2026-03-17T12:06:42.688445951) [Msg] Loaded level [3]
(2026-03-17T12:06:42.688463427) (2026-03-17T12:06:42.688466870) [Msg] No systems loaded from SDF, loading defaults
(2026-03-17T12:06:42.688591664) (2026-03-17T12:06:42.688595635) [Dbg] [ServerConfig.cc:1043] Loaded (3) plugins from file [/home/user/.ignition/gazebo/6/server.config]
(2026-03-17T12:06:42.705249382) (2026-03-17T12:06:42.705257566) [Dbg] [Physics.cc:804] Loaded [ignition::physics::dartsim::Plugin] from library [/usr/lib/x86_64-linux-gnu/ign-physics-5/engine-plugins/libignition-physics-dartsim-plugin.so]
(2026-03-17T12:06:42.705302360) (2026-03-17T12:06:42.705306118) [Dbg] [SystemManager.cc:73] Loaded system [gz::sim::systems::Physics] for entity [1]
(2026-03-17T12:06:42.706943933) (2026-03-17T12:06:42.706953561) [Msg] Create service on [/world/mrsim/create]
(2026-03-17T12:06:42.707063892) (2026-03-17T12:06:42.707070412) [Msg] Remove service on [/world/mrsim/remove]
(2026-03-17T12:06:42.707159734) (2026-03-17T12:06:42.707164746) [Msg] Pose service on [/world/mrsim/set_pose]
(2026-03-17T12:06:42.707206854) (2026-03-17T12:06:42.707211861) [Msg] Pose service on [/world/mrsim/set_pose_vector]
(2026-03-17T12:06:42.707302971) (2026-03-17T12:06:42.707308684) [Msg] Light configuration service on [/world/mrsim/light_config]
(2026-03-17T12:06:42.707418348) (2026-03-17T12:06:42.707424126) [Msg] Physics service on [/world/mrsim/set_physics]
(2026-03-17T12:06:42.707489916) (2026-03-17T12:06:42.707495203) [Msg] SphericalCoordinates service on [/world/mrsim/set_spherical_coordinates]
(2026-03-17T12:06:42.707532494) (2026-03-17T12:06:42.707537954) [Msg] Enable collision service on [/world/mrsim/enable_collision]
(2026-03-17T12:06:42.707595759) (2026-03-17T12:06:42.707599846) [Msg] Disable collision service on [/world/mrsim/disable_collision]
(2026-03-17T12:06:42.707705728) (2026-03-17T12:06:42.707711764) [Msg] Material service on [/world/mrsim/visual_config]
(2026-03-17T12:06:42.707774796) (2026-03-17T12:06:42.707780674) [Msg] Material service on [/world/mrsim/wheel_slip]
(2026-03-17T12:06:42.707803259) (2026-03-17T12:06:42.707806767) [Dbg] [SystemManager.cc:73] Loaded system [gz::sim::systems::UserCommands] for entity [1]
(2026-03-17T12:06:42.709093377) (2026-03-17T12:06:42.709099090) [Dbg] [SystemManager.cc:73] Loaded system [gz::sim::systems::SceneBroadcaster] for entity [1]
(2026-03-17T12:06:42.709347990) (2026-03-17T12:06:42.709352842) [Msg] Serving world controls on [/world/mrsim/control], [/world/mrsim/control/state] and [/world/mrsim/playback/control]
(2026-03-17T12:06:42.709421638) (2026-03-17T12:06:42.709426461) [Msg] Serving GUI information on [/world/mrsim/gui/info]
(2026-03-17T12:06:42.709444091) (2026-03-17T12:06:42.709447515) [Msg] World [mrsim] initialized with [1ms] physics profile.
(2026-03-17T12:06:42.709552700) (2026-03-17T12:06:42.709557181) [Msg] Serving world SDF generation service on [/world/mrsim/generate_world_sdf]
(2026-03-17T12:06:42.709651162) (2026-03-17T12:06:42.709656098) [Msg] Serving world names on [/gazebo/worlds]
(2026-03-17T12:06:42.709698277) (2026-03-17T12:06:42.709703258) [Msg] Resource path add service on [/gazebo/resource_paths/add].
(2026-03-17T12:06:42.709784034) (2026-03-17T12:06:42.709789187) [Msg] Resource path get service on [/gazebo/resource_paths/get].
(2026-03-17T12:06:42.709830998) (2026-03-17T12:06:42.709835755) [Msg] Resource path resolve service on [/gazebo/resource_paths/resolve].
(2026-03-17T12:06:42.709884310) (2026-03-17T12:06:42.709888034) [Msg] Resource paths published on [/gazebo/resource_paths].
(2026-03-17T12:06:42.709978574) (2026-03-17T12:06:42.709983486) [Msg] Server control service on [/server_control].
(2026-03-17T12:06:44.407507344) (2026-03-17T12:06:44.407518414) [Msg] Found no publishers on /stats, adding root stats topic
(2026-03-17T12:06:44.407669249) (2026-03-17T12:06:44.407673647) [Msg] Found no publishers on /clock, adding root clock topic
(2026-03-17T12:06:44.407801441) (2026-03-17T12:06:44.407805449) [Dbg] [SimulationRunner.cc:501] Creating PostUpdate worker threads: 4
(2026-03-17T12:06:44.407821447) (2026-03-17T12:06:44.407824943) [Dbg] [SimulationRunner.cc:512] Creating postupdate worker thread (0)
(2026-03-17T12:06:44.407909806) (2026-03-17T12:06:44.407914741) [Dbg] [SimulationRunner.cc:512] Creating postupdate worker thread (1)
(2026-03-17T12:06:44.407951733) (2026-03-17T12:06:44.407956616) [Dbg] [SimulationRunner.cc:512] Creating postupdate worker thread (2)
(2026-03-17T12:06:44.411828904) (2026-03-17T12:06:44.411840968) [Dbg] [SimulationFeatures.cc:71] Simulation timestep set to: 0.005
(2026-03-17T12:06:44.412261763) (2026-03-17T12:06:44.412271529) [Dbg] [Sensors.cc:610] Initialization needed
(2026-03-17T12:06:44.412323214) (2026-03-17T12:06:44.412344247) [Dbg] [Sensors.cc:270] Initializing render context
(2026-03-17T12:06:44.412472166) (2026-03-17T12:06:44.412478902) [Msg] Loading plugin [ignition-rendering-ogre2]
(2026-03-17T12:06:44.412917609) (2026-03-17T12:06:44.412965118) [Msg] Serving scene information on [/world/mrsim/scene/info]
(2026-03-17T12:06:44.413036747) (2026-03-17T12:06:44.413042548) [Msg] Serving graph information on [/world/mrsim/scene/graph]
(2026-03-17T12:06:44.413178080) (2026-03-17T12:06:44.413184722) [Msg] Serving full state on [/world/mrsim/state]
(2026-03-17T12:06:44.413261450) (2026-03-17T12:06:44.413267616) [Msg] Serving full state (async) on [/world/mrsim/state_async]
(2026-03-17T12:06:44.413365696) (2026-03-17T12:06:44.413371626) [Msg] Publishing scene information on [/world/mrsim/scene/info]
(2026-03-17T12:06:44.413511368) (2026-03-17T12:06:44.413515407) [Msg] Publishing entity deletions on [/world/mrsim/scene/deletion]
(2026-03-17T12:06:44.413578739) (2026-03-17T12:06:44.413583412) [Msg] Publishing state changes on [/world/mrsim/state]
(2026-03-17T12:06:44.413693480) (2026-03-17T12:06:44.413697309) [Msg] Publishing pose messages on [/world/mrsim/pose/info]
(2026-03-17T12:06:44.413767051) (2026-03-17T12:06:44.413770786) [Msg] Publishing dynamic pose messages on [/world/mrsim/dynamic_pose/info]
(2026-03-17T12:06:44.413977822) (2026-03-17T12:06:44.413982107) [Dbg] [EntityComponentManager.cc:1623] Updated state thread iterators: 8 threads processing around 6 entities each.
(2026-03-17T12:06:44.566825605) (2026-03-17T12:06:44.566832161) [Dbg] [RenderUtil.cc:2591] Create scene [scene]
((2026-03-17T12:06:44.5910872332026-03-17T12:06:44.591097483) ) (((2026-03-17T12:06:44.591109922) 2026-03-17T12:06:44.591115190) [Dbg] [Sensors.cc:610] [Dbg] [Sensors.cc:284] Initialization needed
[Dbg] [Sensors.cc:284] Initialization neededRendering Thread initialized
(2026-03-17T12:06:45.398321826) (2026-03-17T12:06:45.398340146) [Dbg] [CameraSensor.cc:394] Camera images for [qr4::base::camera] advertised on [/camera]
(2026-03-17T12:06:45.398442615) (2026-03-17T12:06:45.398446951) [Dbg] [CameraSensor.cc:705] Camera info for [qr4::base::camera] advertised on [/camera_info]
(2026-03-17T12:06:45.398795098) (2026-03-17T12:06:45.398800314) [Wrn] [Ogre2Camera.cc:390] Ogre2Camera::SetVisibilityMask: Mask bits c0000000 are set but will be ignored as they conflict with the reserved bits used internally by the ogre2 backend.
(2026-03-17T12:06:45.398989061) (2026-03-17T12:06:45.398993006) [Msg] Loading plugin [ignition-rendering-ogre2]
(2026-03-17T12:06:45.457218732) (2026-03-17T12:06:45.457226742) [Dbg] [CameraSensor.cc:518] Enabling camera sensor: 'qr4::base::camera' data generation.
(2026-03-17T12:07:02.853894519) (2026-03-17T12:07:02.853904919) [Dbg] [SignalHandler.cc:141] Received signal[2].
(2026-03-17T12:07:02.853930280) (2026-03-17T12:07:02.853934030) [Dbg] [ServerPrivate.cc:110] Server received signal[2]
(2026-03-17T12:07:02.853954753) (2026-03-17T12:07:02.853958265) [Dbg] [Sensors.cc:439] SensorsPrivate::Stop
(2026-03-17T12:07:02.854420453) (2026-03-17T12:07:02.854428441) [Dbg] [Sensors.cc:425] SensorsPrivate::RenderThread stopped
(2026-03-17T12:07:02.857420599) (2026-03-17T12:07:02.857432341) [Dbg] [gz.cc:410] Shutting down ign-gazebo-server
((((2026-03-17T12:07:02.861352635) (2026-03-17T12:07:02.8613711842026-03-17T12:07:02.861365819) (2026-03-17T12:07:02.861381425) 2026-03-17T12:07:02.861376037) ([Dbg] [SimulationRunner.cc:528] ) ) 11[Dbg] [SimulationRunner.cc:528] Exiting postupdate worker thread (2)
E0)
(2026-03-17T12:07:02.885435293) (2026-03-17T12:07:02.885443183) [Dbg] [Sensors.cc:439] SensorsPrivate::Stop
