(2026-03-13T16:21:34.712428559) (2026-03-13T16:21:34.712440834) [Msg] Ignition Gazebo Server v6.17.1
(2026-03-13T16:21:34.715301301) (2026-03-13T16:21:34.715312862) [Msg] Loading SDF world file[/home/user/ros2_ws/install/mrsim_gazebo_sim/share/mrsim_gazebo_sim/worlds/example.world].
(2026-03-13T16:21:34.981201753) (2026-03-13T16:21:34.981215117) [Msg] Serving entity system service on [/entity/system/add]
(2026-03-13T16:21:35.4099690) (2026-03-13T16:21:35.4108841) [Dbg] [SystemManager.cc:73] Loaded system [ignition::gazebo::systems::ShaderParam] for entity [9]
(2026-03-13T16:21:35.7231446) (2026-03-13T16:21:35.7240617) [Dbg] [SystemManager.cc:73] Loaded system [mrsim_gazebo_sim::SetPegPosePlugin] for entity [10]
(2026-03-13T16:21:35.35681568) (2026-03-13T16:21:35.35692598) [Dbg] [SystemManager.cc:73] Loaded system [mrsim_gazebo_sim::MrsimDroneIgnPlugin] for entity [14]
(2026-03-13T16:21:35.37478130) (2026-03-13T16:21:35.37489374) [Dbg] [MulticopterMotorModel.cc:373] Listening to topic: qr4/gazebo/command/motor_speed
(2026-03-13T16:21:35.37680689) (2026-03-13T16:21:35.37686592) [Dbg] [SystemManager.cc:73] Loaded system [ignition::gazebo::systems::MulticopterMotorModel] for entity [14]
(2026-03-13T16:21:35.38025362) (2026-03-13T16:21:35.38031624) [Dbg] [MulticopterMotorModel.cc:373] Listening to topic: qr4/gazebo/command/motor_speed
(2026-03-13T16:21:35.38111716) (2026-03-13T16:21:35.38117616) [Dbg] [SystemManager.cc:73] Loaded system [ignition::gazebo::systems::MulticopterMotorModel] for entity [14]
(2026-03-13T16:21:35.38409054) (2026-03-13T16:21:35.38415010) [Dbg] [MulticopterMotorModel.cc:373] Listening to topic: qr4/gazebo/command/motor_speed
(2026-03-13T16:21:35.38485471) (2026-03-13T16:21:35.38491323) [Dbg] [SystemManager.cc:73] Loaded system [ignition::gazebo::systems::MulticopterMotorModel] for entity [14]
(2026-03-13T16:21:35.38767975) (2026-03-13T16:21:35.38773833) [Dbg] [MulticopterMotorModel.cc:373] Listening to topic: qr4/gazebo/command/motor_speed
(2026-03-13T16:21:35.38838921) (2026-03-13T16:21:35.38844515) [Dbg] [SystemManager.cc:73] Loaded system [ignition::gazebo::systems::MulticopterMotorModel] for entity [14]
(2026-03-13T16:21:35.40139857) (2026-03-13T16:21:35.40148168) [Msg] OdometryPublisher publishing odometry on [/model/qr4/odometry]
(2026-03-13T16:21:35.40233307) (2026-03-13T16:21:35.40239912) [Msg] OdometryPublisher publishing odometry with covariance on [/model/qr4/odometry_with_covariance]
(2026-03-13T16:21:35.40321258) (2026-03-13T16:21:35.40328203) [Msg] OdometryPublisher publishing Pose_V (TF) on [/model/qr4/pose]
(2026-03-13T16:21:35.40354055) (2026-03-13T16:21:35.40358545) [Dbg] [SystemManager.cc:73] Loaded system [ignition::gazebo::systems::OdometryPublisher] for entity [14]
(2026-03-13T16:21:35.53062820) (2026-03-13T16:21:35.53071294) [Dbg] [Sensors.cc:506] Configuring Sensors system
(2026-03-13T16:21:35.53162936) (2026-03-13T16:21:35.53167625) [Dbg] [Sensors.cc:431] SensorsPrivate::Run
((2026-03-13T16:21:35.53285481) (2026-03-13T16:21:35.53293409) [Dbg] [SystemManager.cc:73] 2026-03-13T16:21:35.53312544) (2026-03-13T16:21:35.53337468) ] for entity [14]
SensorsPrivate::RenderThread started
(2026-03-13T16:21:35.53386617) (2026-03-13T16:21:35.53394221) [Dbg] [Sensors.cc:258] Waiting for init
(2026-03-13T16:21:35.53961710) (2026-03-13T16:21:35.53971528) [Msg] Loaded level [3]
(2026-03-13T16:21:35.54008899) (2026-03-13T16:21:35.54016352) [Msg] No systems loaded from SDF, loading defaults
(2026-03-13T16:21:35.54302907) (2026-03-13T16:21:35.54311407) [Dbg] [ServerConfig.cc:1043] Loaded (3) plugins from file [/home/user/.ignition/gazebo/6/server.config]
(2026-03-13T16:21:35.76044846) (2026-03-13T16:21:35.76054102) [Dbg] [Physics.cc:804] Loaded [ignition::physics::dartsim::Plugin] from library [/usr/lib/x86_64-linux-gnu/ign-physics-5/engine-plugins/libignition-physics-dartsim-plugin.so]
(2026-03-13T16:21:35.76116926) (2026-03-13T16:21:35.76121599) [Dbg] [SystemManager.cc:73] Loaded system [gz::sim::systems::Physics] for entity [1]
(2026-03-13T16:21:35.78188404) (2026-03-13T16:21:35.78196376) [Msg] Create service on [/world/mrsim/create]
(2026-03-13T16:21:35.78312778) (2026-03-13T16:21:35.78320592) [Msg] Remove service on [/world/mrsim/remove]
(2026-03-13T16:21:35.78405397) (2026-03-13T16:21:35.78412775) [Msg] Pose service on [/world/mrsim/set_pose]
(2026-03-13T16:21:35.78468177) (2026-03-13T16:21:35.78475016) [Msg] Pose service on [/world/mrsim/set_pose_vector]
(2026-03-13T16:21:35.78601063) (2026-03-13T16:21:35.78608874) [Msg] Light configuration service on [/world/mrsim/light_config]
(2026-03-13T16:21:35.78767882) (2026-03-13T16:21:35.78774140) [Msg] Physics service on [/world/mrsim/set_physics]
(2026-03-13T16:21:35.78865393) (2026-03-13T16:21:35.78873104) [Msg] SphericalCoordinates service on [/world/mrsim/set_spherical_coordinates]
(2026-03-13T16:21:35.78925526) (2026-03-13T16:21:35.78932027) [Msg] Enable collision service on [/world/mrsim/enable_collision]
(2026-03-13T16:21:35.78980532) (2026-03-13T16:21:35.78987187) [Msg] Disable collision service on [/world/mrsim/disable_collision]
(2026-03-13T16:21:35.79114219) (2026-03-13T16:21:35.79122358) [Msg] Material service on [/world/mrsim/visual_config]
(2026-03-13T16:21:35.79205348) (2026-03-13T16:21:35.79212767) [Msg] Material service on [/world/mrsim/wheel_slip]
(2026-03-13T16:21:35.79239898) (2026-03-13T16:21:35.79244464) [Dbg] [SystemManager.cc:73] Loaded system [gz::sim::systems::UserCommands] for entity [1]
(2026-03-13T16:21:35.81121038) (2026-03-13T16:21:35.81134223) [Dbg] [SystemManager.cc:73] Loaded system [gz::sim::systems::SceneBroadcaster] for entity [1]
(2026-03-13T16:21:35.81485285) (2026-03-13T16:21:35.81494769) [Msg] Serving world controls on [/world/mrsim/control], [/world/mrsim/control/state] and [/world/mrsim/playback/control]
(2026-03-13T16:21:35.81603888) (2026-03-13T16:21:35.81612548) [Msg] Serving GUI information on [/world/mrsim/gui/info]
(2026-03-13T16:21:35.81646280) (2026-03-13T16:21:35.81651162) [Msg] World [mrsim] initialized with [1ms] physics profile.
(2026-03-13T16:21:35.81771744) (2026-03-13T16:21:35.81780570) [Msg] Serving world SDF generation service on [/world/mrsim/generate_world_sdf]
(2026-03-13T16:21:35.81878499) (2026-03-13T16:21:35.81886867) [Msg] Serving world names on [/gazebo/worlds]
(2026-03-13T16:21:35.81955670) (2026-03-13T16:21:35.81962618) [Msg] Resource path add service on [/gazebo/resource_paths/add].
(2026-03-13T16:21:35.82093855) (2026-03-13T16:21:35.82102002) [Msg] Resource path get service on [/gazebo/resource_paths/get].
(2026-03-13T16:21:35.82453737) (2026-03-13T16:21:35.82460987) [Msg] Resource path resolve service on [/gazebo/resource_paths/resolve].
(2026-03-13T16:21:35.182782085) (2026-03-13T16:21:35.182791955) [Msg] Resource paths published on [/gazebo/resource_paths].
(2026-03-13T16:21:35.183047582) (2026-03-13T16:21:35.183056783) [Msg] Server control service on [/server_control].
(2026-03-13T16:21:36.609959983) (2026-03-13T16:21:36.609970653) [Msg] Found no publishers on /stats, adding root stats topic
(2026-03-13T16:21:36.610148067) (2026-03-13T16:21:36.610153924) [Msg] Found no publishers on /clock, adding root clock topic
(2026-03-13T16:21:36.610323887) (2026-03-13T16:21:36.610332220) [Dbg] [SimulationRunner.cc:501] Creating PostUpdate worker threads: 4
(2026-03-13T16:21:36.610365810) (2026-03-13T16:21:36.610373068) [Dbg] [SimulationRunner.cc:512] Creating postupdate worker thread (0)
(2026-03-13T16:21:36.610489858) (2026-03-13T16:21:36.610498903) [Dbg] [SimulationRunner.cc:512] Creating postupdate worker thread (1)
(2026-03-13T16:21:36.610558836) (2026-03-13T16:21:36.610567402) [Dbg] [SimulationRunner.cc:512] Creating postupdate worker thread (2)
(2026-03-13T16:21:36.614863056) (2026-03-13T16:21:36.614871795) [Dbg] [SimulationFeatures.cc:71] Simulation timestep set to: 0.005
(2026-03-13T16:21:36.615341246) (2026-03-13T16:21:36.615353775) [Dbg] [Sensors.cc:610] Initialization needed
(2026-03-13T16:21:36.615406655) (2026-03-13T16:21:36.615412873) [Dbg] [Sensors.cc:270] Initializing render context
(2026-03-13T16:21:36.615515471) (2026-03-13T16:21:36.615520353) [Msg] Loading plugin [ignition-rendering-ogre2]
(2026-03-13T16:21:36.616116431) (2026-03-13T16:21:36.616123356) [Msg] Serving scene information on [/world/mrsim/scene/info]
(2026-03-13T16:21:36.616183908) (2026-03-13T16:21:36.616189951) [Msg] Serving graph information on [/world/mrsim/scene/graph]
(2026-03-13T16:21:36.616322690) (2026-03-13T16:21:36.616328340) [Msg] Serving full state on [/world/mrsim/state]
(2026-03-13T16:21:36.616381105) (2026-03-13T16:21:36.616386240) [Msg] Serving full state (async) on [/world/mrsim/state_async]
(2026-03-13T16:21:36.616453874) (2026-03-13T16:21:36.616461698) [Msg] Publishing scene information on [/world/mrsim/scene/info]
(2026-03-13T16:21:36.616551071) (2026-03-13T16:21:36.616557347) [Msg] Publishing entity deletions on [/world/mrsim/scene/deletion]
(2026-03-13T16:21:36.616607595) (2026-03-13T16:21:36.616615095) [Msg] Publishing state changes on [/world/mrsim/state]
(2026-03-13T16:21:36.616668772) (2026-03-13T16:21:36.616676168) [Msg] Publishing pose messages on [/world/mrsim/pose/info]
(2026-03-13T16:21:36.616760053) (2026-03-13T16:21:36.616767445) [Msg] Publishing dynamic pose messages on [/world/mrsim/dynamic_pose/info]
(2026-03-13T16:21:36.616985333) (2026-03-13T16:21:36.616991352) [Dbg] [EntityComponentManager.cc:1623] Updated state thread iterators: 8 threads processing around 6 entities each.
(2026-03-13T16:21:36.784249661) (2026-03-13T16:21:36.784257150) [Dbg] [RenderUtil.cc:2591] Create scene [scene]
((2026-03-13T16:21:36.813912334) (2026-03-13T16:21:36.813928674) ) (2026-03-13T16:21:36.813939913) [Dbg] [Sensors.cc:284] Rendering Thread initialized
[Dbg] [Sensors.cc:610] Initialization needed
(2026-03-13T16:21:37.884835213) (2026-03-13T16:21:37.884845202) [Dbg] [CameraSensor.cc:394] Camera images for [qr4::base::camera] advertised on [/camera]
(2026-03-13T16:21:37.885000995) (2026-03-13T16:21:37.885009749) [Dbg] [CameraSensor.cc:705] Camera info for [qr4::base::camera] advertised on [/camera_info]
(2026-03-13T16:21:37.885418962) (2026-03-13T16:21:37.885425934) [Wrn] [Ogre2Camera.cc:390] Ogre2Camera::SetVisibilityMask: Mask bits c0000000 are set but will be ignored as they conflict with the reserved bits used internally by the ogre2 backend.
(2026-03-13T16:21:37.885635753) (2026-03-13T16:21:37.885641878) [Msg] Loading plugin [ignition-rendering-ogre2]
(2026-03-13T16:21:37.964320019) (2026-03-13T16:21:37.964330591) [Dbg] [CameraSensor.cc:518] Enabling camera sensor: 'qr4::base::camera' data generation.
(2026-03-13T16:21:40.301729278) (2026-03-13T16:21:40.301750634) [Dbg] [UserCommands.cc:1353] Requesting removal of entity [14]
(2026-03-13T16:21:40.308345415) (2026-03-13T16:21:40.308362349) [Dbg] [SimulationRunner.cc:528] Exiting postupdate worker thread (2)
(2026-03-13T16:21:40.308519848) (2026-03-13T16:21:40.308529877) [Dbg] [SimulationRunner.cc:528] Exiting postupdate worker thread (1)
(2026-03-13T16:21:40.308584500) (2026-03-13T16:21:40.308596719) [Dbg] [SimulationRunner.cc:528] Exiting postupdate worker thread (0)
(2026-03-13T16:21:40.308668020) (2026-03-13T16:21:40.308679447) [Dbg] [SimulationRunner.cc:501] Creating PostUpdate worker threads: 2
(2026-03-13T16:21:40.308724991) (2026-03-13T16:21:40.308731259) [Dbg] [SimulationRunner.cc:512] Creating postupdate worker thread (0)
(2026-03-13T16:21:55.393280700) (2026-03-13T16:21:55.393311433) [Dbg] [SignalHandler.cc:141] Received signal[2].
(2026-03-13T16:21:55.393390708) (2026-03-13T16:21:55.393409129) [Dbg] [ServerPrivate.cc:110] Server received signal[2]
(2026-03-13T16:21:55.393475719) (2026-03-13T16:21:55.393493227) [Dbg] [Sensors.cc:439] SensorsPrivate::Stop
