(2026-03-17T15:50:54.924922337) (2026-03-17T15:50:54.924931682) [Msg] Ignition Gazebo Server v6.17.1
(2026-03-17T15:50:54.927647522) (2026-03-17T15:50:54.927658925) [Msg] Loading SDF world file[/home/user/ros2_ws/install/mrsim_gazebo_sim/share/mrsim_gazebo_sim/worlds/example.world].
(2026-03-17T15:50:55.239723313) (2026-03-17T15:50:55.239737606) [Msg] Serving entity system service on [/entity/system/add]
(2026-03-17T15:50:55.281334481) (2026-03-17T15:50:55.281347942) [Dbg] [SystemManager.cc:73] Loaded system [ignition::gazebo::systems::ShaderParam] for entity [9]
(2026-03-17T15:50:55.285668131) (2026-03-17T15:50:55.285681389) [Dbg] [SystemManager.cc:73] Loaded system [mrsim_gazebo_sim::SetPegPosePlugin] for entity [10]
(2026-03-17T15:50:55.329002937) (2026-03-17T15:50:55.329016865) [Dbg] [SystemManager.cc:73] Loaded system [mrsim_gazebo_sim::MrsimDroneIgnPlugin] for entity [14]
(2026-03-17T15:50:55.331274804) (2026-03-17T15:50:55.331286713) [Dbg] [MulticopterMotorModel.cc:373] Listening to topic: qr4/gazebo/command/motor_speed
(2026-03-17T15:50:55.331438592) (2026-03-17T15:50:55.331445248) [Dbg] [SystemManager.cc:73] Loaded system [ignition::gazebo::systems::MulticopterMotorModel] for entity [14]
(2026-03-17T15:50:55.331912847) (2026-03-17T15:50:55.331922926) [Dbg] [MulticopterMotorModel.cc:373] Listening to topic: qr4/gazebo/command/motor_speed
(2026-03-17T15:50:55.332029196) (2026-03-17T15:50:55.332037035) [Dbg] [SystemManager.cc:73] Loaded system [ignition::gazebo::systems::MulticopterMotorModel] for entity [14]
(2026-03-17T15:50:55.332579666) (2026-03-17T15:50:55.332588966) [Dbg] [MulticopterMotorModel.cc:373] Listening to topic: qr4/gazebo/command/motor_speed
(2026-03-17T15:50:55.332702770) (2026-03-17T15:50:55.332711498) [Dbg] [SystemManager.cc:73] Loaded system [ignition::gazebo::systems::MulticopterMotorModel] for entity [14]
(2026-03-17T15:50:55.333243231) (2026-03-17T15:50:55.333252545) [Dbg] [MulticopterMotorModel.cc:373] Listening to topic: qr4/gazebo/command/motor_speed
(2026-03-17T15:50:55.333346452) (2026-03-17T15:50:55.333353625) [Dbg] [SystemManager.cc:73] Loaded system [ignition::gazebo::systems::MulticopterMotorModel] for entity [14]
(2026-03-17T15:50:55.335460178) (2026-03-17T15:50:55.335470980) [Msg] OdometryPublisher publishing odometry on [/model/qr4/odometry]
(2026-03-17T15:50:55.335588481) (2026-03-17T15:50:55.335596755) [Msg] OdometryPublisher publishing odometry with covariance on [/model/qr4/odometry_with_covariance]
(2026-03-17T15:50:55.335692442) (2026-03-17T15:50:55.335700602) [Msg] OdometryPublisher publishing Pose_V (TF) on [/model/qr4/pose]
(2026-03-17T15:50:55.335738191) (2026-03-17T15:50:55.335745765) [Dbg] [SystemManager.cc:73] Loaded system [ignition::gazebo::systems::OdometryPublisher] for entity [14]
(2026-03-17T15:50:55.359937405) (2026-03-17T15:50:55.359949796) [Dbg] [Sensors.cc:506] Configuring Sensors system
(2026-03-17T15:50:55.360077578) (2026-03-17T15:50:55.360084634) [Dbg] [Sensors.cc:431] SensorsPrivate::Run
(2026-03-17T15:50:55.360219525) (2026-03-17T15:50:55.360226945) [Dbg] [SystemManager.cc:73] Loaded system [ignition::gazebo::systems::Sensors] for entity [14]
(2026-03-17T15:50:55.360312867) (2026-03-17T15:50:55.360322065) [Dbg] [Sensors.cc:411] SensorsPrivate::RenderThread started
(2026-03-17T15:50:55.360361195) (2026-03-17T15:50:55.360366332) [Dbg] [Sensors.cc:258] Waiting for init
(2026-03-17T15:50:55.360863628) (2026-03-17T15:50:55.360872960) [Msg] Loaded level [3]
(2026-03-17T15:50:55.360909903) (2026-03-17T15:50:55.360917234) [Msg] No systems loaded from SDF, loading defaults
(2026-03-17T15:50:55.361167521) (2026-03-17T15:50:55.361175907) [Dbg] [ServerConfig.cc:1043] Loaded (3) plugins from file [/home/user/.ignition/gazebo/6/server.config]
(2026-03-17T15:50:55.395301856) (2026-03-17T15:50:55.395316258) [Dbg] [Physics.cc:804] Loaded [ignition::physics::dartsim::Plugin] from library [/usr/lib/x86_64-linux-gnu/ign-physics-5/engine-plugins/libignition-physics-dartsim-plugin.so]
(2026-03-17T15:50:55.395396670) (2026-03-17T15:50:55.395404037) [Dbg] [SystemManager.cc:73] Loaded system [gz::sim::systems::Physics] for entity [1]
(2026-03-17T15:50:55.398712955) (2026-03-17T15:50:55.398725472) [Msg] Create service on [/world/mrsim/create]
(2026-03-17T15:50:55.404006366) (2026-03-17T15:50:55.404046489) [Msg] Remove service on [/world/mrsim/remove]
(2026-03-17T15:50:55.404604800) (2026-03-17T15:50:55.404615294) [Msg] Pose service on [/world/mrsim/set_pose]
(2026-03-17T15:50:55.404766421) (2026-03-17T15:50:55.404775143) [Msg] Pose service on [/world/mrsim/set_pose_vector]
(2026-03-17T15:50:55.405051864) (2026-03-17T15:50:55.405061021) [Msg] Light configuration service on [/world/mrsim/light_config]
(2026-03-17T15:50:55.405311575) (2026-03-17T15:50:55.405320844) [Msg] Physics service on [/world/mrsim/set_physics]
(2026-03-17T15:50:55.405459731) (2026-03-17T15:50:55.405468877) [Msg] SphericalCoordinates service on [/world/mrsim/set_spherical_coordinates]
(2026-03-17T15:50:55.405550441) (2026-03-17T15:50:55.405558503) [Msg] Enable collision service on [/world/mrsim/enable_collision]
(2026-03-17T15:50:55.405633575) (2026-03-17T15:50:55.405642292) [Msg] Disable collision service on [/world/mrsim/disable_collision]
(2026-03-17T15:50:55.405845136) (2026-03-17T15:50:55.405854229) [Msg] Material service on [/world/mrsim/visual_config]
(2026-03-17T15:50:55.405990129) (2026-03-17T15:50:55.405998265) [Msg] Material service on [/world/mrsim/wheel_slip]
(2026-03-17T15:50:55.406046274) (2026-03-17T15:50:55.406054187) [Dbg] [SystemManager.cc:73] Loaded system [gz::sim::systems::UserCommands] for entity [1]
(2026-03-17T15:50:55.408553498) (2026-03-17T15:50:55.408566114) [Dbg] [SystemManager.cc:73] Loaded system [gz::sim::systems::SceneBroadcaster] for entity [1]
(2026-03-17T15:50:55.408958283) (2026-03-17T15:50:55.408967626) [Msg] Serving world controls on [/world/mrsim/control], [/world/mrsim/control/state] and [/world/mrsim/playback/control]
(2026-03-17T15:50:55.409093300) (2026-03-17T15:50:55.409101349) [Msg] Serving GUI information on [/world/mrsim/gui/info]
(2026-03-17T15:50:55.409140336) (2026-03-17T15:50:55.409147369) [Msg] World [mrsim] initialized with [1ms] physics profile.
(2026-03-17T15:50:55.409302353) (2026-03-17T15:50:55.409310484) [Msg] Serving world SDF generation service on [/world/mrsim/generate_world_sdf]
(2026-03-17T15:50:55.409420092) (2026-03-17T15:50:55.409428324) [Msg] Serving world names on [/gazebo/worlds]
(2026-03-17T15:50:55.409493825) (2026-03-17T15:50:55.409501137) [Msg] Resource path add service on [/gazebo/resource_paths/add].
(2026-03-17T15:50:55.409592536) (2026-03-17T15:50:55.409600373) [Msg] Resource path get service on [/gazebo/resource_paths/get].
(2026-03-17T15:50:55.409692860) (2026-03-17T15:50:55.409700750) [Msg] Resource path resolve service on [/gazebo/resource_paths/resolve].
(2026-03-17T15:50:55.409835448) (2026-03-17T15:50:55.409843480) [Msg] Resource paths published on [/gazebo/resource_paths].
(2026-03-17T15:50:55.409987210) (2026-03-17T15:50:55.409995388) [Msg] Server control service on [/server_control].
(2026-03-17T15:50:56.822642418) (2026-03-17T15:50:56.822652940) [Msg] Found no publishers on /stats, adding root stats topic
(2026-03-17T15:50:56.822870952) (2026-03-17T15:50:56.822880079) [Msg] Found no publishers on /clock, adding root clock topic
(2026-03-17T15:50:56.823094856) (2026-03-17T15:50:56.823103516) [Dbg] [SimulationRunner.cc:501] Creating PostUpdate worker threads: 4
(2026-03-17T15:50:56.823137905) (2026-03-17T15:50:56.823146035) [Dbg] [SimulationRunner.cc:512] Creating postupdate worker thread (0)
(2026-03-17T15:50:56.823252560) (2026-03-17T15:50:56.823260738) [Dbg] [SimulationRunner.cc:512] Creating postupdate worker thread (1)
(2026-03-17T15:50:56.823342365) (2026-03-17T15:50:56.823350405) [Dbg] [SimulationRunner.cc:512] Creating postupdate worker thread (2)
(2026-03-17T15:50:56.827907479) (2026-03-17T15:50:56.827918105) [Dbg] [SimulationFeatures.cc:71] Simulation timestep set to: 0.005
(2026-03-17T15:50:56.828545271) (2026-03-17T15:50:56.828557988) [Dbg] [Sensors.cc:610] Initialization needed
(2026-03-17T15:50:56.828612547) (2026-03-17T15:50:56.828626666) [Dbg] [Sensors.cc:270] Initializing render context
(2026-03-17T15:50:56.828838782) (2026-03-17T15:50:56.828849454) [Msg] Loading plugin [ignition-rendering-ogre2]
(2026-03-17T15:50:56.829669511) (2026-03-17T15:50:56.829680662) [Msg] Serving scene information on [/world/mrsim/scene/info]
(2026-03-17T15:50:56.829822504) (2026-03-17T15:50:56.829831835) [Msg] Serving graph information on [/world/mrsim/scene/graph]
(2026-03-17T15:50:56.830038789) (2026-03-17T15:50:56.830048014) [Msg] Serving full state on [/world/mrsim/state]
(2026-03-17T15:50:56.830130629) (2026-03-17T15:50:56.830137676) [Msg] Serving full state (async) on [/world/mrsim/state_async]
(2026-03-17T15:50:56.830298961) (2026-03-17T15:50:56.830306930) [Msg] Publishing scene information on [/world/mrsim/scene/info]
(2026-03-17T15:50:56.830402752) (2026-03-17T15:50:56.830411559) [Msg] Publishing entity deletions on [/world/mrsim/scene/deletion]
(2026-03-17T15:50:56.830481390) (2026-03-17T15:50:56.830489613) [Msg] Publishing state changes on [/world/mrsim/state]
(2026-03-17T15:50:56.830558650) (2026-03-17T15:50:56.830566651) [Msg] Publishing pose messages on [/world/mrsim/pose/info]
(2026-03-17T15:50:56.830634291) (2026-03-17T15:50:56.830642495) [Msg] Publishing dynamic pose messages on [/world/mrsim/dynamic_pose/info]
(2026-03-17T15:50:56.830913474) (2026-03-17T15:50:56.830919516) [Dbg] [EntityComponentManager.cc:1623] Updated state thread iterators: 8 threads processing around 6 entities each.
(2026-03-17T15:50:56.995857333) (2026-03-17T15:50:56.995865685) [Dbg] [RenderUtil.cc:2591] Create scene [scene]
((2026-03-17T15:50:57.24883402) (2026-03-17T15:50:57.24904389) (2026-03-17T15:50:57.249261102026-03-17T15:50:57.24926110) ) [Dbg] [Sensors.cc:284] Rendering Thread initialized
[Dbg] [Sensors.cc:284] [Dbg] [Sensors.cc:610] Initialization needed
(2026-03-17T15:50:58.32984831) (2026-03-17T15:50:58.32998301) [Dbg] [CameraSensor.cc:394] Camera images for [qr4::base::camera] advertised on [/camera]
(2026-03-17T15:50:58.33236298) (2026-03-17T15:50:58.33246333) [Dbg] [CameraSensor.cc:705] Camera info for [qr4::base::camera] advertised on [/camera_info]
(2026-03-17T15:50:58.33678128) (2026-03-17T15:50:58.33684665) [Wrn] [Ogre2Camera.cc:390] Ogre2Camera::SetVisibilityMask: Mask bits c0000000 are set but will be ignored as they conflict with the reserved bits used internally by the ogre2 backend.
(2026-03-17T15:50:58.33901694) (2026-03-17T15:50:58.33907027) [Msg] Loading plugin [ignition-rendering-ogre2]
(2026-03-17T15:50:58.126043327) (2026-03-17T15:50:58.126051901) [Dbg] [CameraSensor.cc:518] Enabling camera sensor: 'qr4::base::camera' data generation.
(2026-03-17T15:51:06.689845722) (2026-03-17T15:51:06.689860924) [Dbg] [SignalHandler.cc:141] Received signal[2].
(2026-03-17T15:51:06.689892256) (2026-03-17T15:51:06.689896944) [Dbg] [ServerPrivate.cc:110] Server received signal[2]
(2026-03-17T15:51:06.689931851) (2026-03-17T15:51:06.689936730) [Dbg] [Sensors.cc:439] SensorsPrivate::Stop
(2026-03-17T15:51:06.693184691) (2026-03-17T15:51:06.693193138) [Dbg] [Sensors.cc:425] SensorsPrivate::RenderThread stopped
(2026-03-17T15:51:06.697314191) (2026-03-17T15:51:06.697326412) [Dbg] [gz.cc:410] Shutting down ign-gazebo-server
((2026-03-17T15:51:06.700788370) ((((2026-03-17T15:51:06.700829998) 2026-03-17T15:51:06.700829998) ) (2026-03-17T15:51:06.700842769) (2026-03-17T15:51:06.700855880) ) ) Exiting postupdate worker thread (Exiting postupdate worker thread ([Dbg] [SimulationRunner.cc:528] Exiting postupdate worker thread (0)Exiting postupdate worker thread ([Dbg] [SimulationRunner.cc:528] [Dbg] [SimulationRunner.cc:528] Exiting postupdate worker thread (2)

1)
(2026-03-17T15:51:06.726823202) (2026-03-17T15:51:06.726832803) [Dbg] [Sensors.cc:439] SensorsPrivate::Stop
