(2026-03-18T10:13:14.499028659) (2026-03-18T10:13:14.499037092) [Msg] Ignition Gazebo Server v6.17.1
(2026-03-18T10:13:14.501282566) (2026-03-18T10:13:14.501292142) [Msg] Loading SDF world file[/home/user/ros2_ws/install/mrsim_gazebo_sim/share/mrsim_gazebo_sim/worlds/example.world].
(2026-03-18T10:13:14.751848676) (2026-03-18T10:13:14.751860185) [Msg] Serving entity system service on [/entity/system/add]
(2026-03-18T10:13:14.772293769) (2026-03-18T10:13:14.772301506) [Dbg] [SystemManager.cc:73] Loaded system [ignition::gazebo::systems::ShaderParam] for entity [9]
(2026-03-18T10:13:14.774716203) (2026-03-18T10:13:14.774722931) [Dbg] [SystemManager.cc:73] Loaded system [mrsim_gazebo_sim::SetPegPosePlugin] for entity [10]
(2026-03-18T10:13:14.810148090) (2026-03-18T10:13:14.810158234) [Dbg] [SystemManager.cc:73] Loaded system [mrsim_gazebo_sim::MrsimDroneIgnPlugin] for entity [14]
(2026-03-18T10:13:14.811969636) (2026-03-18T10:13:14.811978828) [Dbg] [MulticopterMotorModel.cc:373] Listening to topic: qr4/gazebo/command/motor_speed
(2026-03-18T10:13:14.812140250) (2026-03-18T10:13:14.812147171) [Dbg] [SystemManager.cc:73] Loaded system [ignition::gazebo::systems::MulticopterMotorModel] for entity [14]
(2026-03-18T10:13:14.812519664) (2026-03-18T10:13:14.812527206) [Dbg] [MulticopterMotorModel.cc:373] Listening to topic: qr4/gazebo/command/motor_speed
(2026-03-18T10:13:14.812642176) (2026-03-18T10:13:14.812648833) [Dbg] [SystemManager.cc:73] Loaded system [ignition::gazebo::systems::MulticopterMotorModel] for entity [14]
(2026-03-18T10:13:14.813060801) (2026-03-18T10:13:14.813069056) [Dbg] [MulticopterMotorModel.cc:373] Listening to topic: qr4/gazebo/command/motor_speed
(2026-03-18T10:13:14.813140801) (2026-03-18T10:13:14.813178188) [Dbg] [SystemManager.cc:73] Loaded system [ignition::gazebo::systems::MulticopterMotorModel] for entity [14]
(2026-03-18T10:13:14.813548360) (2026-03-18T10:13:14.813555358) [Dbg] [MulticopterMotorModel.cc:373] Listening to topic: qr4/gazebo/command/motor_speed
(2026-03-18T10:13:14.813692438) (2026-03-18T10:13:14.813699090) [Dbg] [SystemManager.cc:73] Loaded system [ignition::gazebo::systems::MulticopterMotorModel] for entity [14]
(2026-03-18T10:13:14.815482054) (2026-03-18T10:13:14.815492092) [Msg] OdometryPublisher publishing odometry on [/model/qr4/odometry]
(2026-03-18T10:13:14.815583312) (2026-03-18T10:13:14.815619037) [Msg] OdometryPublisher publishing odometry with covariance on [/model/qr4/odometry_with_covariance]
(2026-03-18T10:13:14.815698532) (2026-03-18T10:13:14.815704835) [Msg] OdometryPublisher publishing Pose_V (TF) on [/model/qr4/pose]
(2026-03-18T10:13:14.815767147) (2026-03-18T10:13:14.815772799) [Dbg] [SystemManager.cc:73] Loaded system [ignition::gazebo::systems::OdometryPublisher] for entity [14]
(2026-03-18T10:13:14.835870911) (2026-03-18T10:13:14.835882024) [Dbg] [Sensors.cc:506] Configuring Sensors system
(2026-03-18T10:13:14.836003314) (2026-03-18T10:13:14.836009779) [Dbg] [Sensors.cc:431] SensorsPrivate::Run
(2026-03-18T10:13:14.836112147) (2026-03-18T10:13:14.836118557) [Dbg] [SystemManager.cc:73] Loaded system [ignition::gazebo::systems::Sensors] for entity [2026-03-18T10:13:14.836137024) (2026-03-18T10:13:14.836151767) 14]
SensorsPrivate::RenderThread started
(2026-03-18T10:13:14.836185625) (2026-03-18T10:13:14.836189275) [Dbg] [Sensors.cc:258] Waiting for init
(2026-03-18T10:13:14.836666394) (2026-03-18T10:13:14.836673781) [Msg] Loaded level [3]
(2026-03-18T10:13:14.836701728) (2026-03-18T10:13:14.836707716) [Msg] No systems loaded from SDF, loading defaults
(2026-03-18T10:13:14.836914376) (2026-03-18T10:13:14.836920097) [Dbg] [ServerConfig.cc:1043] Loaded (3) plugins from file [/home/user/.ignition/gazebo/6/server.config]
(2026-03-18T10:13:14.868210936) (2026-03-18T10:13:14.868226319) [Dbg] [Physics.cc:804] Loaded [ignition::physics::dartsim::Plugin] from library [/usr/lib/x86_64-linux-gnu/ign-physics-5/engine-plugins/libignition-physics-dartsim-plugin.so]
(2026-03-18T10:13:14.868321239) (2026-03-18T10:13:14.868327036) [Dbg] [SystemManager.cc:73] Loaded system [gz::sim::systems::Physics] for entity [1]
(2026-03-18T10:13:14.871153901) (2026-03-18T10:13:14.871193797) [Msg] Create service on [/world/mrsim/create]
(2026-03-18T10:13:14.871312321) (2026-03-18T10:13:14.871318785) [Msg] Remove service on [/world/mrsim/remove]
(2026-03-18T10:13:14.871500123) (2026-03-18T10:13:14.871507062) [Msg] Pose service on [/world/mrsim/set_pose]
(2026-03-18T10:13:14.871595176) (2026-03-18T10:13:14.871601389) [Msg] Pose service on [/world/mrsim/set_pose_vector]
(2026-03-18T10:13:14.871848332) (2026-03-18T10:13:14.871855844) [Msg] Light configuration service on [/world/mrsim/light_config]
(2026-03-18T10:13:14.872061965) (2026-03-18T10:13:14.872068758) [Msg] Physics service on [/world/mrsim/set_physics]
(2026-03-18T10:13:14.872239017) (2026-03-18T10:13:14.872245743) [Msg] SphericalCoordinates service on [/world/mrsim/set_spherical_coordinates]
(2026-03-18T10:13:14.872333401) (2026-03-18T10:13:14.872339511) [Msg] Enable collision service on [/world/mrsim/enable_collision]
(2026-03-18T10:13:14.872424532) (2026-03-18T10:13:14.872430792) [Msg] Disable collision service on [/world/mrsim/disable_collision]
(2026-03-18T10:13:14.872655122) (2026-03-18T10:13:14.872661828) [Msg] Material service on [/world/mrsim/visual_config]
(2026-03-18T10:13:14.872781067) (2026-03-18T10:13:14.872787532) [Msg] Material service on [/world/mrsim/wheel_slip]
(2026-03-18T10:13:14.872897981) (2026-03-18T10:13:14.872904166) [Dbg] [SystemManager.cc:73] Loaded system [gz::sim::systems::UserCommands] for entity [1]
(2026-03-18T10:13:14.874819886) (2026-03-18T10:13:14.874827708) [Dbg] [SystemManager.cc:73] Loaded system [gz::sim::systems::SceneBroadcaster] for entity [1]
(2026-03-18T10:13:14.875172275) (2026-03-18T10:13:14.875179406) [Msg] Serving world controls on [/world/mrsim/control], [/world/mrsim/control/state] and [/world/mrsim/playback/control]
(2026-03-18T10:13:14.875309254) (2026-03-18T10:13:14.875315774) [Msg] Serving GUI information on [/world/mrsim/gui/info]
(2026-03-18T10:13:14.875584987) (2026-03-18T10:13:14.875627384) [Msg] World [mrsim] initialized with [1ms] physics profile.
(2026-03-18T10:13:14.875761427) (2026-03-18T10:13:14.875768174) [Msg] Serving world SDF generation service on [/world/mrsim/generate_world_sdf]
(2026-03-18T10:13:14.875900740) (2026-03-18T10:13:14.875907398) [Msg] Serving world names on [/gazebo/worlds]
(2026-03-18T10:13:14.876107819) (2026-03-18T10:13:14.876114266) [Msg] Resource path add service on [/gazebo/resource_paths/add].
(2026-03-18T10:13:14.976398906) (2026-03-18T10:13:14.976409253) [Msg] Resource path get service on [/gazebo/resource_paths/get].
(2026-03-18T10:13:14.976510645) (2026-03-18T10:13:14.976516821) [Msg] Resource path resolve service on [/gazebo/resource_paths/resolve].
(2026-03-18T10:13:14.976611243) (2026-03-18T10:13:14.976616926) [Msg] Resource paths published on [/gazebo/resource_paths].
(2026-03-18T10:13:14.976803377) (2026-03-18T10:13:14.976809841) [Msg] Server control service on [/server_control].
(2026-03-18T10:13:16.391029775) (2026-03-18T10:13:16.391040544) [Msg] Found no publishers on /stats, adding root stats topic
(2026-03-18T10:13:16.391187328) (2026-03-18T10:13:16.391191531) [Msg] Found no publishers on /clock, adding root clock topic
(2026-03-18T10:13:16.391335052) (2026-03-18T10:13:16.391341576) [Dbg] [SimulationRunner.cc:501] Creating PostUpdate worker threads: 4
(2026-03-18T10:13:16.391362599) (2026-03-18T10:13:16.391368148) [Dbg] [SimulationRunner.cc:512] Creating postupdate worker thread (0)
(2026-03-18T10:13:16.391442982) (2026-03-18T10:13:16.391447945) [Dbg] [SimulationRunner.cc:512] Creating postupdate worker thread (1)
(2026-03-18T10:13:16.391483729) (2026-03-18T10:13:16.391489474) [Dbg] [SimulationRunner.cc:512] Creating postupdate worker thread (2)
(2026-03-18T10:13:16.395111345) (2026-03-18T10:13:16.395118656) [Dbg] [SimulationFeatures.cc:71] Simulation timestep set to: 0.005
(2026-03-18T10:13:16.395525953) (2026-03-18T10:13:16.395533262) [Dbg] [Sensors.cc:610] Initialization needed
(2026-03-18T10:13:16.395581584) (2026-03-18T10:13:16.395590199) [Dbg] [Sensors.cc:270] Initializing render context
(2026-03-18T10:13:16.395729612) (2026-03-18T10:13:16.395735015) [Msg] Loading plugin [ignition-rendering-ogre2]
(2026-03-18T10:13:16.396239779) (2026-03-18T10:13:16.396245115) [Msg] Serving scene information on [/world/mrsim/scene/info]
(2026-03-18T10:13:16.396300954) (2026-03-18T10:13:16.396306093) [Msg] Serving graph information on [/world/mrsim/scene/graph]
(2026-03-18T10:13:16.396455051) (2026-03-18T10:13:16.396461802) [Msg] Serving full state on [/world/mrsim/state]
(2026-03-18T10:13:16.396528842) (2026-03-18T10:13:16.396534653) [Msg] Serving full state (async) on [/world/mrsim/state_async]
(2026-03-18T10:13:16.396641563) (2026-03-18T10:13:16.396647806) [Msg] Publishing scene information on [/world/mrsim/scene/info]
(2026-03-18T10:13:16.396729074) (2026-03-18T10:13:16.396734974) [Msg] Publishing entity deletions on [/world/mrsim/scene/deletion]
(2026-03-18T10:13:16.396821367) (2026-03-18T10:13:16.396827629) [Msg] Publishing state changes on [/world/mrsim/state]
(2026-03-18T10:13:16.396892893) (2026-03-18T10:13:16.396898511) [Msg] Publishing pose messages on [/world/mrsim/pose/info]
(2026-03-18T10:13:16.396970926) (2026-03-18T10:13:16.396976930) [Msg] Publishing dynamic pose messages on [/world/mrsim/dynamic_pose/info]
(2026-03-18T10:13:16.397239919) (2026-03-18T10:13:16.397248106) [Dbg] [EntityComponentManager.cc:1623] Updated state thread iterators: 8 threads processing around 6 entities each.
(2026-03-18T10:13:16.531173710) (2026-03-18T10:13:16.531180307) [Dbg] [RenderUtil.cc:2591] Create scene [scene]
((2026-03-18T10:13:16.555504552) (2026-03-18T10:13:16.555526783) 2026-03-18T10:13:16.555518785) ([Dbg] [Sensors.cc:284] ([Dbg] [Sensors.cc:284] Rendering Thread initialized
2026-03-18T10:13:16.555546783) [Dbg] [Sensors.cc:610] Initialization needed
(2026-03-18T10:13:17.357191902) (2026-03-18T10:13:17.357200014) [Dbg] [CameraSensor.cc:394] Camera images for [qr4::base::camera] advertised on [/camera]
(2026-03-18T10:13:17.357316058) (2026-03-18T10:13:17.357322790) [Dbg] [CameraSensor.cc:705] Camera info for [qr4::base::camera] advertised on [/camera_info]
(2026-03-18T10:13:17.357609378) (2026-03-18T10:13:17.357613746) [Wrn] [Ogre2Camera.cc:390] Ogre2Camera::SetVisibilityMask: Mask bits c0000000 are set but will be ignored as they conflict with the reserved bits used internally by the ogre2 backend.
(2026-03-18T10:13:17.357769782) (2026-03-18T10:13:17.357773549) [Msg] Loading plugin [ignition-rendering-ogre2]
(2026-03-18T10:13:17.417920166) (2026-03-18T10:13:17.417928094) [Dbg] [CameraSensor.cc:518] Enabling camera sensor: 'qr4::base::camera' data generation.
(2026-03-18T10:13:36.996816626) (2026-03-18T10:13:36.996825624) [Dbg] [SignalHandler.cc:141] Received signal[2].
(2026-03-18T10:13:36.996849424) (2026-03-18T10:13:36.996852871) [Dbg] [ServerPrivate.cc:110] Server received signal[2]
(2026-03-18T10:13:36.996869823) (2026-03-18T10:13:36.996873183) [Dbg] [Sensors.cc:439] SensorsPrivate::Stop
(2026-03-18T10:13:36.997236648) (2026-03-18T10:13:36.997272113) [Dbg] [Sensors.cc:425] SensorsPrivate::RenderThread stopped
(2026-03-18T10:13:36.999377528) (2026-03-18T10:13:36.999443928) [Dbg] [gz.cc:410] Shutting down ign-gazebo-server
((((2026-03-18T10:13:37.19372522026-03-18T10:13:37.1918157) (2026-03-18T10:13:37.1958398) ) (2026-03-18T10:13:37.1969048) ) (2026-03-18T10:13:37.1981748) [Dbg] [SimulationRunner.cc:528] [Dbg] [SimulationRunner.cc:528] Exiting postupdate worker thread (1)

[Dbg] [SimulationRunner.cc:528] Exiting postupdate worker thread (2)
0)
(2026-03-18T10:13:37.26202587) (2026-03-18T10:13:37.26213114) [Dbg] [Sensors.cc:439] SensorsPrivate::Stop
