(2026-03-13T10:52:43.2710912) (2026-03-13T10:52:43.2720494) [Msg] Ignition Gazebo Server v6.17.1
(2026-03-13T10:52:43.5500119) (2026-03-13T10:52:43.5511762) [Msg] Loading SDF world file[/home/user/ros2_ws/install/mrsim_gazebo_sim/share/mrsim_gazebo_sim/worlds/example.world].
(2026-03-13T10:52:43.287843964) (2026-03-13T10:52:43.287855341) [Msg] Serving entity system service on [/entity/system/add]
(2026-03-13T10:52:43.318482094) (2026-03-13T10:52:43.318493377) [Dbg] [SystemManager.cc:73] Loaded system [ignition::gazebo::systems::ShaderParam] for entity [9]
(2026-03-13T10:52:43.321823422) (2026-03-13T10:52:43.321832995) [Dbg] [SystemManager.cc:73] Loaded system [mrsim_gazebo_sim::SetPegPosePlugin] for entity [10]
(2026-03-13T10:52:43.357631554) (2026-03-13T10:52:43.357647888) [Dbg] [SystemManager.cc:73] Loaded system [mrsim_gazebo_sim::MrsimDroneIgnPlugin] for entity [14]
(2026-03-13T10:52:43.361489313) (2026-03-13T10:52:43.361505564) [Dbg] [MulticopterMotorModel.cc:373] Listening to topic: qr4/gazebo/command/motor_speed
(2026-03-13T10:52:43.361825409) (2026-03-13T10:52:43.361833463) [Dbg] [SystemManager.cc:73] Loaded system [ignition::gazebo::systems::MulticopterMotorModel] for entity [14]
(2026-03-13T10:52:43.363330455) (2026-03-13T10:52:43.363345273) [Dbg] [MulticopterMotorModel.cc:373] Listening to topic: qr4/gazebo/command/motor_speed
(2026-03-13T10:52:43.363534877) (2026-03-13T10:52:43.363543505) [Dbg] [SystemManager.cc:73] Loaded system [ignition::gazebo::systems::MulticopterMotorModel] for entity [14]
(2026-03-13T10:52:43.364193724) (2026-03-13T10:52:43.364202732) [Dbg] [MulticopterMotorModel.cc:373] Listening to topic: qr4/gazebo/command/motor_speed
(2026-03-13T10:52:43.364848409) (2026-03-13T10:52:43.364856338) [Dbg] [SystemManager.cc:73] Loaded system [ignition::gazebo::systems::MulticopterMotorModel] for entity [14]
(2026-03-13T10:52:43.365334986) (2026-03-13T10:52:43.365344222) [Dbg] [MulticopterMotorModel.cc:373] Listening to topic: qr4/gazebo/command/motor_speed
(2026-03-13T10:52:43.365972614) (2026-03-13T10:52:43.365980351) [Dbg] [SystemManager.cc:73] Loaded system [ignition::gazebo::systems::MulticopterMotorModel] for entity [14]
(2026-03-13T10:52:43.370500995) (2026-03-13T10:52:43.370513620) [Msg] OdometryPublisher publishing odometry on [/model/qr4/odometry]
(2026-03-13T10:52:43.370642396) (2026-03-13T10:52:43.370651082) [Msg] OdometryPublisher publishing odometry with covariance on [/model/qr4/odometry_with_covariance]
(2026-03-13T10:52:43.370899663) (2026-03-13T10:52:43.370905197) [Msg] OdometryPublisher publishing Pose_V (TF) on [/model/qr4/pose]
(2026-03-13T10:52:43.370940878) (2026-03-13T10:52:43.370946136) [Dbg] [SystemManager.cc:73] Loaded system [ignition::gazebo::systems::OdometryPublisher] for entity [14]
(2026-03-13T10:52:43.387001832) (2026-03-13T10:52:43.387013969) [Dbg] [Sensors.cc:506] Configuring Sensors system
(2026-03-13T10:52:43.387158699) (2026-03-13T10:52:43.387167043) [Dbg] [Sensors.cc:431] SensorsPrivate::Run
((2026-03-13T10:52:43.387326362) (2026-03-13T10:52:43.387336381) 2026-03-13T10:52:43.387336381) ) (2026-03-13T10:52:43.387349709) ) ignition::gazebo::systems::Sensors] for entity [14]
[Dbg] [Sensors.cc:411] SensorsPrivate::RenderThread started
(2026-03-13T10:52:43.387420793) (2026-03-13T10:52:43.387428947) [Dbg] [Sensors.cc:258] Waiting for init
(2026-03-13T10:52:43.387993642) (2026-03-13T10:52:43.388002746) [Msg] Loaded level [3]
(2026-03-13T10:52:43.388036463) (2026-03-13T10:52:43.388043544) [Msg] No systems loaded from SDF, loading defaults
(2026-03-13T10:52:43.388317766) (2026-03-13T10:52:43.388326037) [Dbg] [ServerConfig.cc:1043] Loaded (3) plugins from file [/home/user/.ignition/gazebo/6/server.config]
(2026-03-13T10:52:43.415025044) (2026-03-13T10:52:43.415034471) [Dbg] [Physics.cc:804] Loaded [ignition::physics::dartsim::Plugin] from library [/usr/lib/x86_64-linux-gnu/ign-physics-5/engine-plugins/libignition-physics-dartsim-plugin.so]
(2026-03-13T10:52:43.415089323) (2026-03-13T10:52:43.415093844) [Dbg] [SystemManager.cc:73] Loaded system [gz::sim::systems::Physics] for entity [1]
(2026-03-13T10:52:43.416990408) (2026-03-13T10:52:43.416998689) [Msg] Create service on [/world/mrsim/create]
(2026-03-13T10:52:43.417100717) (2026-03-13T10:52:43.417106271) [Msg] Remove service on [/world/mrsim/remove]
(2026-03-13T10:52:43.417307044) (2026-03-13T10:52:43.417312394) [Msg] Pose service on [/world/mrsim/set_pose]
(2026-03-13T10:52:43.417364428) (2026-03-13T10:52:43.417369689) [Msg] Pose service on [/world/mrsim/set_pose_vector]
(2026-03-13T10:52:43.417629478) (2026-03-13T10:52:43.417637173) [Msg] Light configuration service on [/world/mrsim/light_config]
(2026-03-13T10:52:43.417923992) (2026-03-13T10:52:43.417944403) [Msg] Physics service on [/world/mrsim/set_physics]
(2026-03-13T10:52:43.418271651) (2026-03-13T10:52:43.418276916) [Msg] SphericalCoordinates service on [/world/mrsim/set_spherical_coordinates]
(2026-03-13T10:52:43.418324155) (2026-03-13T10:52:43.418329047) [Msg] Enable collision service on [/world/mrsim/enable_collision]
(2026-03-13T10:52:43.418491292) (2026-03-13T10:52:43.418496337) [Msg] Disable collision service on [/world/mrsim/disable_collision]
(2026-03-13T10:52:43.418660442) (2026-03-13T10:52:43.418665896) [Msg] Material service on [/world/mrsim/visual_config]
(2026-03-13T10:52:43.418744527) (2026-03-13T10:52:43.418749586) [Msg] Material service on [/world/mrsim/wheel_slip]
(2026-03-13T10:52:43.418777559) (2026-03-13T10:52:43.418782038) [Dbg] [SystemManager.cc:73] Loaded system [gz::sim::systems::UserCommands] for entity [1]
(2026-03-13T10:52:43.421873690) (2026-03-13T10:52:43.421882284) [Dbg] [SystemManager.cc:73] Loaded system [gz::sim::systems::SceneBroadcaster] for entity [1]
(2026-03-13T10:52:43.422204963) (2026-03-13T10:52:43.422210726) [Msg] Serving world controls on [/world/mrsim/control], [/world/mrsim/control/state] and [/world/mrsim/playback/control]
(2026-03-13T10:52:43.422419475) (2026-03-13T10:52:43.422433222) [Msg] Serving GUI information on [/world/mrsim/gui/info]
(2026-03-13T10:52:43.422459561) (2026-03-13T10:52:43.422464132) [Msg] World [mrsim] initialized with [1ms] physics profile.
(2026-03-13T10:52:43.422744227) (2026-03-13T10:52:43.422749705) [Msg] Serving world SDF generation service on [/world/mrsim/generate_world_sdf]
(2026-03-13T10:52:43.422852438) (2026-03-13T10:52:43.422970190) [Msg] Serving world names on [/gazebo/worlds]
(2026-03-13T10:52:43.423265842) (2026-03-13T10:52:43.423273298) [Msg] Resource path add service on [/gazebo/resource_paths/add].
(2026-03-13T10:52:43.523795705) (2026-03-13T10:52:43.523810757) [Msg] Resource path get service on [/gazebo/resource_paths/get].
(2026-03-13T10:52:43.523957962) (2026-03-13T10:52:43.524100834) [Msg] Resource path resolve service on [/gazebo/resource_paths/resolve].
(2026-03-13T10:52:43.524218980) (2026-03-13T10:52:43.524227927) [Msg] Resource paths published on [/gazebo/resource_paths].
(2026-03-13T10:52:43.524386659) (2026-03-13T10:52:43.524396159) [Msg] Server control service on [/server_control].
(2026-03-13T10:52:44.898617873) (2026-03-13T10:52:44.898633776) [Msg] Found no publishers on /stats, adding root stats topic
(2026-03-13T10:52:44.898883826) (2026-03-13T10:52:44.898892285) [Msg] Found no publishers on /clock, adding root clock topic
(2026-03-13T10:52:44.899084584) (2026-03-13T10:52:44.899092091) [Dbg] [SimulationRunner.cc:501] Creating PostUpdate worker threads: 4
(2026-03-13T10:52:44.899121890) (2026-03-13T10:52:44.899128817) [Dbg] [SimulationRunner.cc:512] Creating postupdate worker thread (0)
(2026-03-13T10:52:44.899240782) (2026-03-13T10:52:44.899248943) [Dbg] [SimulationRunner.cc:512] Creating postupdate worker thread (1)
(2026-03-13T10:52:44.899302788) (2026-03-13T10:52:44.899310699) [Dbg] [SimulationRunner.cc:512] Creating postupdate worker thread (2)
(2026-03-13T10:52:44.902909048) (2026-03-13T10:52:44.902919262) [Dbg] [Sensors.cc:610] Initialization needed
(2026-03-13T10:52:44.902965149) (2026-03-13T10:52:44.902975403) [Dbg] [Sensors.cc:270] Initializing render context
(2026-03-13T10:52:44.903108803) (2026-03-13T10:52:44.903115887) [Msg] Loading plugin [ignition-rendering-ogre2]
(2026-03-13T10:52:44.903730619) (2026-03-13T10:52:44.903740363) [Msg] Serving scene information on [/world/mrsim/scene/info]
(2026-03-13T10:52:44.903841703) (2026-03-13T10:52:44.903850421) [Msg] Serving graph information on [/world/mrsim/scene/graph]
(2026-03-13T10:52:44.904042534) (2026-03-13T10:52:44.904051108) [Msg] Serving full state on [/world/mrsim/state]
(2026-03-13T10:52:44.904136564) (2026-03-13T10:52:44.904145721) [Msg] Serving full state (async) on [/world/mrsim/state_async]
(2026-03-13T10:52:44.904252103) (2026-03-13T10:52:44.904260415) [Msg] Publishing scene information on [/world/mrsim/scene/info]
(2026-03-13T10:52:44.904376736) (2026-03-13T10:52:44.904385126) [Msg] Publishing entity deletions on [/world/mrsim/scene/deletion]
(2026-03-13T10:52:44.904457303) (2026-03-13T10:52:44.904465367) [Msg] Publishing state changes on [/world/mrsim/state]
(2026-03-13T10:52:44.904550245) (2026-03-13T10:52:44.904557945) [Msg] Publishing pose messages on [/world/mrsim/pose/info]
(2026-03-13T10:52:44.904641696) (2026-03-13T10:52:44.904649593) [Msg] Publishing dynamic pose messages on [/world/mrsim/dynamic_pose/info]
(2026-03-13T10:52:44.904951968) (2026-03-13T10:52:44.904960415) [Dbg] [EntityComponentManager.cc:1623] Updated state thread iterators: 8 threads processing around 6 entities each.
(2026-03-13T10:52:45.71919073) (2026-03-13T10:52:45.71926309) [Dbg] [RenderUtil.cc:2591] Create scene [scene]
((2026-03-13T10:52:45.104068011) (2026-03-13T10:52:45.104091665) 2026-03-13T10:52:45.104082381) ((2026-03-13T10:52:45.104104915) [Dbg] [Sensors.cc:284] [Dbg] [Sensors.cc:610] Rendering Thread initialized
Initialization needed
(2026-03-13T10:52:46.175853739) (2026-03-13T10:52:46.175865169) [Dbg] [CameraSensor.cc:394] Camera images for [qr4::base::camera] advertised on [/camera]
(2026-03-13T10:52:46.176023801) (2026-03-13T10:52:46.176029616) [Dbg] [CameraSensor.cc:705] Camera info for [qr4::base::camera] advertised on [/camera_info]
(2026-03-13T10:52:46.176424053) (2026-03-13T10:52:46.176430725) [Wrn] [Ogre2Camera.cc:390] Ogre2Camera::SetVisibilityMask: Mask bits c0000000 are set but will be ignored as they conflict with the reserved bits used internally by the ogre2 backend.
(2026-03-13T10:52:46.176657899) (2026-03-13T10:52:46.176663598) [Msg] Loading plugin [ignition-rendering-ogre2]
(2026-03-13T10:52:46.264678049) (2026-03-13T10:52:46.264693417) [Dbg] [CameraSensor.cc:518] Enabling camera sensor: 'qr4::base::camera' data generation.
(2026-03-13T10:52:51.444019865) (2026-03-13T10:52:51.444031422) [Dbg] [SimulationFeatures.cc:71] Simulation timestep set to: 0.005
(2026-03-13T10:53:02.622398680) (2026-03-13T10:53:02.622409287) [Dbg] [SignalHandler.cc:141] Received signal[2].
(2026-03-13T10:53:02.622437040) (2026-03-13T10:53:02.622442333) [Dbg] [ServerPrivate.cc:110] Server received signal[2]
(2026-03-13T10:53:02.622463907) (2026-03-13T10:53:02.622469220) [Dbg] [Sensors.cc:439] SensorsPrivate::Stop
(2026-03-13T10:53:02.622814804) (2026-03-13T10:53:02.622822582) [Dbg] [Sensors.cc:425] SensorsPrivate::RenderThread stopped
(2026-03-13T10:53:02.627120642) (2026-03-13T10:53:02.627131313) [Dbg] [gz.cc:410] Shutting down ign-gazebo-server
((2026-03-13T10:53:02.6297567622026-03-13T10:53:02.629759885) (2026-03-13T10:53:02.629775369) ) [Dbg] [SimulationRunner.cc:528] () (Exiting postupdate worker thread (1)2026-03-13T10:53:02.629822610) (2026-03-13T10:53:02.629847287) 
[Dbg] [SimulationRunner.cc:528] Exiting postupdate worker thread (Exiting postupdate worker thread (Exiting postupdate worker thread (2)
0
(2026-03-13T10:53:02.662492719) (2026-03-13T10:53:02.662502443) [Dbg] [Sensors.cc:439] SensorsPrivate::Stop
