(2026-03-18T09:53:29.649973484) (2026-03-18T09:53:29.649983309) [Msg] Ignition Gazebo Server v6.17.1
(2026-03-18T09:53:29.658375821) (2026-03-18T09:53:29.658389400) [Msg] Loading SDF world file[/home/user/ros2_ws/install/mrsim_gazebo_sim/share/mrsim_gazebo_sim/worlds/example.world].
(2026-03-18T09:53:30.13965537) (2026-03-18T09:53:30.13976544) [Msg] Serving entity system service on [/entity/system/add]
(2026-03-18T09:53:30.52019563) (2026-03-18T09:53:30.52029810) [Dbg] [SystemManager.cc:73] Loaded system [ignition::gazebo::systems::ShaderParam] for entity [9]
(2026-03-18T09:53:30.56095227) (2026-03-18T09:53:30.56105101) [Dbg] [SystemManager.cc:73] Loaded system [mrsim_gazebo_sim::SetPegPosePlugin] for entity [10]
(2026-03-18T09:53:30.100643419) (2026-03-18T09:53:30.100653161) [Dbg] [SystemManager.cc:73] Loaded system [mrsim_gazebo_sim::MrsimDroneIgnPlugin] for entity [14]
(2026-03-18T09:53:30.102197454) (2026-03-18T09:53:30.102206010) [Dbg] [MulticopterMotorModel.cc:373] Listening to topic: qr4/gazebo/command/motor_speed
(2026-03-18T09:53:30.102341766) (2026-03-18T09:53:30.102347582) [Dbg] [SystemManager.cc:73] Loaded system [ignition::gazebo::systems::MulticopterMotorModel] for entity [14]
(2026-03-18T09:53:30.102642882) (2026-03-18T09:53:30.102648471) [Dbg] [MulticopterMotorModel.cc:373] Listening to topic: qr4/gazebo/command/motor_speed
(2026-03-18T09:53:30.102731626) (2026-03-18T09:53:30.102736770) [Dbg] [SystemManager.cc:73] Loaded system [ignition::gazebo::systems::MulticopterMotorModel] for entity [14]
(2026-03-18T09:53:30.103026127) (2026-03-18T09:53:30.103031868) [Dbg] [MulticopterMotorModel.cc:373] Listening to topic: qr4/gazebo/command/motor_speed
(2026-03-18T09:53:30.103112536) (2026-03-18T09:53:30.103118996) [Dbg] [SystemManager.cc:73] Loaded system [ignition::gazebo::systems::MulticopterMotorModel] for entity [14]
(2026-03-18T09:53:30.103437756) (2026-03-18T09:53:30.103443544) [Dbg] [MulticopterMotorModel.cc:373] Listening to topic: qr4/gazebo/command/motor_speed
(2026-03-18T09:53:30.103532157) (2026-03-18T09:53:30.103539069) [Dbg] [SystemManager.cc:73] Loaded system [ignition::gazebo::systems::MulticopterMotorModel] for entity [14]
(2026-03-18T09:53:30.104803297) (2026-03-18T09:53:30.104810821) [Msg] OdometryPublisher publishing odometry on [/model/qr4/odometry]
(2026-03-18T09:53:30.104911206) (2026-03-18T09:53:30.104918231) [Msg] OdometryPublisher publishing odometry with covariance on [/model/qr4/odometry_with_covariance]
(2026-03-18T09:53:30.105008942) (2026-03-18T09:53:30.105014139) [Msg] OdometryPublisher publishing Pose_V (TF) on [/model/qr4/pose]
(2026-03-18T09:53:30.105037493) (2026-03-18T09:53:30.105041987) [Dbg] [SystemManager.cc:73] Loaded system [ignition::gazebo::systems::OdometryPublisher] for entity [14]
(2026-03-18T09:53:30.121859382) (2026-03-18T09:53:30.121873938) [Dbg] [Sensors.cc:506] Configuring Sensors system
(2026-03-18T09:53:30.122034034) (2026-03-18T09:53:30.122042203) [Dbg] [Sensors.cc:431] SensorsPrivate::Run
(2026-03-18T09:53:30.122171194) (2026-03-18T09:53:30.122177738) [Dbg] [SystemManager.cc:73] Loaded system [ignition::gazebo::systems::Sensors] for entity [14]
(2026-03-18T09:53:30.122850049) (2026-03-18T09:53:30.122859958) [Msg] Loaded level [3]
(2026-03-18T09:53:30.122897810) (2026-03-18T09:53:30.122904884) [Msg] No systems loaded from SDF, loading defaults
(2026-03-18T09:53:30.123536724) (2026-03-18T09:53:30.123546077) [Dbg] [ServerConfig.cc:1043] Loaded (3) plugins from file [/home/user/.ignition/gazebo/6/server.config]
(2026-03-18T09:53:30.123644442) (2026-03-18T09:53:30.123657340) [Dbg] [Sensors.cc:411] SensorsPrivate::RenderThread started
(2026-03-18T09:53:30.123690830) (2026-03-18T09:53:30.123697960) [Dbg] [Sensors.cc:258] Waiting for init
(2026-03-18T09:53:30.155168234) (2026-03-18T09:53:30.155177373) [Dbg] [Physics.cc:804] Loaded [ignition::physics::dartsim::Plugin] from library [/usr/lib/x86_64-linux-gnu/ign-physics-5/engine-plugins/libignition-physics-dartsim-plugin.so]
(2026-03-18T09:53:30.155231744) (2026-03-18T09:53:30.155236283) [Dbg] [SystemManager.cc:73] Loaded system [gz::sim::systems::Physics] for entity [1]
(2026-03-18T09:53:30.157393229) (2026-03-18T09:53:30.157401786) [Msg] Create service on [/world/mrsim/create]
(2026-03-18T09:53:30.157520953) (2026-03-18T09:53:30.157526361) [Msg] Remove service on [/world/mrsim/remove]
(2026-03-18T09:53:30.157667963) (2026-03-18T09:53:30.157675821) [Msg] Pose service on [/world/mrsim/set_pose]
(2026-03-18T09:53:30.157749737) (2026-03-18T09:53:30.157754957) [Msg] Pose service on [/world/mrsim/set_pose_vector]
(2026-03-18T09:53:30.157894177) (2026-03-18T09:53:30.157899532) [Msg] Light configuration service on [/world/mrsim/light_config]
(2026-03-18T09:53:30.158120206) (2026-03-18T09:53:30.158126818) [Msg] Physics service on [/world/mrsim/set_physics]
(2026-03-18T09:53:30.158227822) (2026-03-18T09:53:30.158234335) [Msg] SphericalCoordinates service on [/world/mrsim/set_spherical_coordinates]
(2026-03-18T09:53:30.158293701) (2026-03-18T09:53:30.158301455) [Msg] Enable collision service on [/world/mrsim/enable_collision]
(2026-03-18T09:53:30.158355737) (2026-03-18T09:53:30.158362518) [Msg] Disable collision service on [/world/mrsim/disable_collision]
(2026-03-18T09:53:30.158499446) (2026-03-18T09:53:30.158505701) [Msg] Material service on [/world/mrsim/visual_config]
(2026-03-18T09:53:30.158600916) (2026-03-18T09:53:30.158607127) [Msg] Material service on [/world/mrsim/wheel_slip]
(2026-03-18T09:53:30.158636766) (2026-03-18T09:53:30.158641375) [Dbg] [SystemManager.cc:73] Loaded system [gz::sim::systems::UserCommands] for entity [1]
(2026-03-18T09:53:30.160272180) (2026-03-18T09:53:30.160279140) [Dbg] [SystemManager.cc:73] Loaded system [gz::sim::systems::SceneBroadcaster] for entity [1]
(2026-03-18T09:53:30.160581345) (2026-03-18T09:53:30.160588171) [Msg] Serving world controls on [/world/mrsim/control], [/world/mrsim/control/state] and [/world/mrsim/playback/control]
(2026-03-18T09:53:30.160685431) (2026-03-18T09:53:30.160692318) [Msg] Serving GUI information on [/world/mrsim/gui/info]
(2026-03-18T09:53:30.160716431) (2026-03-18T09:53:30.160721204) [Msg] World [mrsim] initialized with [1ms] physics profile.
(2026-03-18T09:53:30.160860112) (2026-03-18T09:53:30.160868541) [Msg] Serving world SDF generation service on [/world/mrsim/generate_world_sdf]
(2026-03-18T09:53:30.160955414) (2026-03-18T09:53:30.160962534) [Msg] Serving world names on [/gazebo/worlds]
(2026-03-18T09:53:30.161028021) (2026-03-18T09:53:30.161035742) [Msg] Resource path add service on [/gazebo/resource_paths/add].
(2026-03-18T09:53:30.161109573) (2026-03-18T09:53:30.161117323) [Msg] Resource path get service on [/gazebo/resource_paths/get].
(2026-03-18T09:53:30.161222024) (2026-03-18T09:53:30.161227393) [Msg] Resource path resolve service on [/gazebo/resource_paths/resolve].
(2026-03-18T09:53:30.261650578) (2026-03-18T09:53:30.261660230) [Msg] Resource paths published on [/gazebo/resource_paths].
(2026-03-18T09:53:30.261892490) (2026-03-18T09:53:30.261902373) [Msg] Server control service on [/server_control].
(2026-03-18T09:53:31.556464077) (2026-03-18T09:53:31.556475379) [Msg] Found no publishers on /stats, adding root stats topic
(2026-03-18T09:53:31.556700406) (2026-03-18T09:53:31.556706255) [Msg] Found no publishers on /clock, adding root clock topic
(2026-03-18T09:53:31.557041119) (2026-03-18T09:53:31.557047032) [Dbg] [SimulationRunner.cc:501] Creating PostUpdate worker threads: 4
(2026-03-18T09:53:31.557071157) (2026-03-18T09:53:31.557075989) [Dbg] [SimulationRunner.cc:512] Creating postupdate worker thread (0)
(2026-03-18T09:53:31.557145547) (2026-03-18T09:53:31.557150555) [Dbg] [SimulationRunner.cc:512] Creating postupdate worker thread (1)
(2026-03-18T09:53:31.557186023) (2026-03-18T09:53:31.557190783) [Dbg] [SimulationRunner.cc:512] Creating postupdate worker thread (2)
(2026-03-18T09:53:31.561368319) (2026-03-18T09:53:31.561376447) [Dbg] [SimulationFeatures.cc:71] Simulation timestep set to: 0.005
(2026-03-18T09:53:31.561803391) (2026-03-18T09:53:31.561810321) [Dbg] [Sensors.cc:610] Initialization needed
(2026-03-18T09:53:31.561844028) (2026-03-18T09:53:31.561849783) [Dbg] [Sensors.cc:270] Initializing render context
(2026-03-18T09:53:31.561951684) (2026-03-18T09:53:31.561956551) [Msg] Loading plugin [ignition-rendering-ogre2]
(2026-03-18T09:53:31.563459486) (2026-03-18T09:53:31.563468814) [Msg] Serving scene information on [/world/mrsim/scene/info]
(2026-03-18T09:53:31.563584488) (2026-03-18T09:53:31.563594156) [Msg] Serving graph information on [/world/mrsim/scene/graph]
(2026-03-18T09:53:31.563804618) (2026-03-18T09:53:31.563812877) [Msg] Serving full state on [/world/mrsim/state]
(2026-03-18T09:53:31.563935439) (2026-03-18T09:53:31.563943931) [Msg] Serving full state (async) on [/world/mrsim/state_async]
(2026-03-18T09:53:31.564062659) (2026-03-18T09:53:31.564070775) [Msg] Publishing scene information on [/world/mrsim/scene/info]
(2026-03-18T09:53:31.564193729) (2026-03-18T09:53:31.564201873) [Msg] Publishing entity deletions on [/world/mrsim/scene/deletion]
(2026-03-18T09:53:31.564271741) (2026-03-18T09:53:31.564280104) [Msg] Publishing state changes on [/world/mrsim/state]
(2026-03-18T09:53:31.564356622) (2026-03-18T09:53:31.564363757) [Msg] Publishing pose messages on [/world/mrsim/pose/info]
(2026-03-18T09:53:31.564450224) (2026-03-18T09:53:31.564457929) [Msg] Publishing dynamic pose messages on [/world/mrsim/dynamic_pose/info]
(2026-03-18T09:53:31.564845997) (2026-03-18T09:53:31.564853066) [Dbg] [EntityComponentManager.cc:1623] Updated state thread iterators: 8 threads processing around 6 entities each.
(2026-03-18T09:53:31.733523669) (2026-03-18T09:53:31.733531379) [Dbg] [RenderUtil.cc:2591] Create scene [scene]
(2026-03-18T09:53:31.762034608) (2026-03-18T09:53:31.762045071) [Dbg] [Sensors.cc:610] Initialization needed
(2026-03-18T09:53:31.762627590) (2026-03-18T09:53:31.762636584) [Dbg] [Sensors.cc:284] Rendering Thread initialized
(2026-03-18T09:53:32.860777243) (2026-03-18T09:53:32.860790807) [Dbg] [CameraSensor.cc:394] Camera images for [qr4::base::camera] advertised on [/camera]
(2026-03-18T09:53:32.860961162) (2026-03-18T09:53:32.860969596) [Dbg] [CameraSensor.cc:705] Camera info for [qr4::base::camera] advertised on [/camera_info]
(2026-03-18T09:53:32.861357245) (2026-03-18T09:53:32.861364623) [Wrn] [Ogre2Camera.cc:390] Ogre2Camera::SetVisibilityMask: Mask bits c0000000 are set but will be ignored as they conflict with the reserved bits used internally by the ogre2 backend.
(2026-03-18T09:53:32.861561991) (2026-03-18T09:53:32.861567299) [Msg] Loading plugin [ignition-rendering-ogre2]
(2026-03-18T09:53:32.942245368) (2026-03-18T09:53:32.942254888) [Dbg] [CameraSensor.cc:518] Enabling camera sensor: 'qr4::base::camera' data generation.
(2026-03-18T09:53:43.783176737) (2026-03-18T09:53:43.783189677) [Dbg] [SignalHandler.cc:141] Received signal[2].
(2026-03-18T09:53:43.783220084) (2026-03-18T09:53:43.783225359) [Dbg] [ServerPrivate.cc:110] Server received signal[2]
(2026-03-18T09:53:43.783248859) (2026-03-18T09:53:43.783254045) [Dbg] [Sensors.cc:439] SensorsPrivate::Stop
(2026-03-18T09:53:43.796220718) (2026-03-18T09:53:43.796249381) [Dbg] [Sensors.cc:425] SensorsPrivate::RenderThread stopped
(2026-03-18T09:53:43.798390111) (2026-03-18T09:53:43.798416996) [Dbg] [gz.cc:410] Shutting down ign-gazebo-server
((2026-03-18T09:53:43.804323798) ((2026-03-18T09:53:43.8043562112026-03-18T09:53:43.8043562112026-03-18T09:53:43.804385649) () ) ) ((2026-03-18T09:53:43.804462174) [Dbg] [SimulationRunner.cc:528] ) Exiting postupdate worker thread (1)
[Dbg] [SimulationRunner.cc:528] Exiting postupdate worker thread (0)
[Dbg] [SimulationRunner.cc:528] Exiting postupdate worker thread (2)
(2026-03-18T09:53:43.846082248) (2026-03-18T09:53:43.846095449) [Dbg] [Sensors.cc:439] SensorsPrivate::Stop
