(2026-03-17T15:59:52.720530080) (2026-03-17T15:59:52.720539963) [Msg] Ignition Gazebo Server v6.17.1
(2026-03-17T15:59:52.724180026) (2026-03-17T15:59:52.724192446) [Msg] Loading SDF world file[/home/user/ros2_ws/install/mrsim_gazebo_sim/share/mrsim_gazebo_sim/worlds/example.world].
(2026-03-17T15:59:53.20119854) (2026-03-17T15:59:53.20138249) [Msg] Serving entity system service on [/entity/system/add]
(2026-03-17T15:59:53.87667306) (2026-03-17T15:59:53.87680207) [Dbg] [SystemManager.cc:73] Loaded system [ignition::gazebo::systems::ShaderParam] for entity [9]
(2026-03-17T15:59:53.92475224) (2026-03-17T15:59:53.92486077) [Dbg] [SystemManager.cc:73] Loaded system [mrsim_gazebo_sim::SetPegPosePlugin] for entity [10]
(2026-03-17T15:59:53.140941593) (2026-03-17T15:59:53.140952032) [Dbg] [SystemManager.cc:73] Loaded system [mrsim_gazebo_sim::MrsimDroneIgnPlugin] for entity [14]
(2026-03-17T15:59:53.142586181) (2026-03-17T15:59:53.142594755) [Dbg] [MulticopterMotorModel.cc:373] Listening to topic: qr4/gazebo/command/motor_speed
(2026-03-17T15:59:53.142743840) (2026-03-17T15:59:53.142751372) [Dbg] [SystemManager.cc:73] Loaded system [ignition::gazebo::systems::MulticopterMotorModel] for entity [14]
(2026-03-17T15:59:53.143086589) (2026-03-17T15:59:53.143092497) [Dbg] [MulticopterMotorModel.cc:373] Listening to topic: qr4/gazebo/command/motor_speed
(2026-03-17T15:59:53.143176021) (2026-03-17T15:59:53.143181399) [Dbg] [SystemManager.cc:73] Loaded system [ignition::gazebo::systems::MulticopterMotorModel] for entity [14]
(2026-03-17T15:59:53.143476168) (2026-03-17T15:59:53.143482202) [Dbg] [MulticopterMotorModel.cc:373] Listening to topic: qr4/gazebo/command/motor_speed
(2026-03-17T15:59:53.143559237) (2026-03-17T15:59:53.143564587) [Dbg] [SystemManager.cc:73] Loaded system [ignition::gazebo::systems::MulticopterMotorModel] for entity [14]
(2026-03-17T15:59:53.143836095) (2026-03-17T15:59:53.143841726) [Dbg] [MulticopterMotorModel.cc:373] Listening to topic: qr4/gazebo/command/motor_speed
(2026-03-17T15:59:53.143914542) (2026-03-17T15:59:53.143920604) [Dbg] [SystemManager.cc:73] Loaded system [ignition::gazebo::systems::MulticopterMotorModel] for entity [14]
(2026-03-17T15:59:53.145400976) (2026-03-17T15:59:53.145413257) [Msg] OdometryPublisher publishing odometry on [/model/qr4/odometry]
(2026-03-17T15:59:53.145572531) (2026-03-17T15:59:53.145578478) [Msg] OdometryPublisher publishing odometry with covariance on [/model/qr4/odometry_with_covariance]
(2026-03-17T15:59:53.145692100) (2026-03-17T15:59:53.145697526) [Msg] OdometryPublisher publishing Pose_V (TF) on [/model/qr4/pose]
(2026-03-17T15:59:53.145723932) (2026-03-17T15:59:53.145728560) [Dbg] [SystemManager.cc:73] Loaded system [ignition::gazebo::systems::OdometryPublisher] for entity [14]
(2026-03-17T15:59:53.163483610) (2026-03-17T15:59:53.163493856) [Dbg] [Sensors.cc:506] Configuring Sensors system
(2026-03-17T15:59:53.163618927) (2026-03-17T15:59:53.163623661) [Dbg] [Sensors.cc:431] SensorsPrivate::Run
(2026-03-17T15:59:53.163755975) (2026-03-17T15:59:53.163763711) [Dbg] [SystemManager.cc:73] (2026-03-17T15:59:53.163782037) (Loaded system [2026-03-17T15:59:53.163791790) Loaded system [[Dbg] [Sensors.cc:411] ] for entity [SensorsPrivate::RenderThread started14]
SensorsPrivate::RenderThread started14
(2026-03-17T15:59:53.163861021) (2026-03-17T15:59:53.163868159) [Dbg] [Sensors.cc:258] Waiting for init
(2026-03-17T15:59:53.164506459) (2026-03-17T15:59:53.164513924) [Msg] Loaded level [3]
(2026-03-17T15:59:53.164543271) (2026-03-17T15:59:53.164548439) [Msg] No systems loaded from SDF, loading defaults
(2026-03-17T15:59:53.164842641) (2026-03-17T15:59:53.164851931) [Dbg] [ServerConfig.cc:1043] Loaded (3) plugins from file [/home/user/.ignition/gazebo/6/server.config]
(2026-03-17T15:59:53.209428044) (2026-03-17T15:59:53.209443895) [Dbg] [Physics.cc:804] Loaded [ignition::physics::dartsim::Plugin] from library [/usr/lib/x86_64-linux-gnu/ign-physics-5/engine-plugins/libignition-physics-dartsim-plugin.so]
(2026-03-17T15:59:53.209530064) (2026-03-17T15:59:53.209537847) [Dbg] [SystemManager.cc:73] Loaded system [gz::sim::systems::Physics] for entity [1]
(2026-03-17T15:59:53.213941166) (2026-03-17T15:59:53.213949189) [Msg] Create service on [/world/mrsim/create]
(2026-03-17T15:59:53.214159716) (2026-03-17T15:59:53.214168185) [Msg] Remove service on [/world/mrsim/remove]
(2026-03-17T15:59:53.214836261) (2026-03-17T15:59:53.214845457) [Msg] Pose service on [/world/mrsim/set_pose]
(2026-03-17T15:59:53.214960754) (2026-03-17T15:59:53.214969266) [Msg] Pose service on [/world/mrsim/set_pose_vector]
(2026-03-17T15:59:53.215240467) (2026-03-17T15:59:53.215248894) [Msg] Light configuration service on [/world/mrsim/light_config]
(2026-03-17T15:59:53.216058367) (2026-03-17T15:59:53.216069865) [Msg] Physics service on [/world/mrsim/set_physics]
(2026-03-17T15:59:53.216833735) (2026-03-17T15:59:53.216842287) [Msg] SphericalCoordinates service on [/world/mrsim/set_spherical_coordinates]
(2026-03-17T15:59:53.216963617) (2026-03-17T15:59:53.216971789) [Msg] Enable collision service on [/world/mrsim/enable_collision]
(2026-03-17T15:59:53.217135434) (2026-03-17T15:59:53.217143351) [Msg] Disable collision service on [/world/mrsim/disable_collision]
(2026-03-17T15:59:53.217987595) (2026-03-17T15:59:53.217997256) [Msg] Material service on [/world/mrsim/visual_config]
(2026-03-17T15:59:53.218200961) (2026-03-17T15:59:53.218209896) [Msg] Material service on [/world/mrsim/wheel_slip]
(2026-03-17T15:59:53.218337097) (2026-03-17T15:59:53.218344801) [Dbg] [SystemManager.cc:73] Loaded system [gz::sim::systems::UserCommands] for entity [1]
(2026-03-17T15:59:53.222757534) (2026-03-17T15:59:53.222772023) [Dbg] [SystemManager.cc:73] Loaded system [gz::sim::systems::SceneBroadcaster] for entity [1]
(2026-03-17T15:59:53.223354376) (2026-03-17T15:59:53.223364347) [Msg] Serving world controls on [/world/mrsim/control], [/world/mrsim/control/state] and [/world/mrsim/playback/control]
(2026-03-17T15:59:53.224198126) (2026-03-17T15:59:53.224207505) [Msg] Serving GUI information on [/world/mrsim/gui/info]
(2026-03-17T15:59:53.224249547) (2026-03-17T15:59:53.224256979) [Msg] World [mrsim] initialized with [1ms] physics profile.
(2026-03-17T15:59:53.224479240) (2026-03-17T15:59:53.224487641) [Msg] Serving world SDF generation service on [/world/mrsim/generate_world_sdf]
(2026-03-17T15:59:53.224683033) (2026-03-17T15:59:53.224691338) [Msg] Serving world names on [/gazebo/worlds]
(2026-03-17T15:59:53.224847346) (2026-03-17T15:59:53.224931935) [Msg] Resource path add service on [/gazebo/resource_paths/add].
(2026-03-17T15:59:53.325262147) (2026-03-17T15:59:53.325280474) [Msg] Resource path get service on [/gazebo/resource_paths/get].
(2026-03-17T15:59:53.325484339) (2026-03-17T15:59:53.325492866) [Msg] Resource path resolve service on [/gazebo/resource_paths/resolve].
(2026-03-17T15:59:53.326474855) (2026-03-17T15:59:53.326484293) [Msg] Resource paths published on [/gazebo/resource_paths].
(2026-03-17T15:59:53.327002565) (2026-03-17T15:59:53.327012123) [Msg] Server control service on [/server_control].
(2026-03-17T15:59:54.618188540) (2026-03-17T15:59:54.618201235) [Msg] Found no publishers on /stats, adding root stats topic
(2026-03-17T15:59:54.618411704) (2026-03-17T15:59:54.618420014) [Msg] Found no publishers on /clock, adding root clock topic
(2026-03-17T15:59:54.618619101) (2026-03-17T15:59:54.618628013) [Dbg] [SimulationRunner.cc:501] Creating PostUpdate worker threads: 4
(2026-03-17T15:59:54.618663991) (2026-03-17T15:59:54.618669277) [Dbg] [SimulationRunner.cc:512] Creating postupdate worker thread (0)
(2026-03-17T15:59:54.618752548) (2026-03-17T15:59:54.618760077) [Dbg] [SimulationRunner.cc:512] Creating postupdate worker thread (1)
(2026-03-17T15:59:54.618808250) (2026-03-17T15:59:54.618815887) [Dbg] [SimulationRunner.cc:512] Creating postupdate worker thread (2)
(2026-03-17T15:59:54.624153050) (2026-03-17T15:59:54.624161546) [Dbg] [SimulationFeatures.cc:71] Simulation timestep set to: 0.005
(2026-03-17T15:59:54.624618989) (2026-03-17T15:59:54.624626392) [Dbg] [Sensors.cc:610] Initialization needed
(2026-03-17T15:59:54.624667465) (2026-03-17T15:59:54.624678817) [Dbg] [Sensors.cc:270] Initializing render context
(2026-03-17T15:59:54.624830795) (2026-03-17T15:59:54.624839819) [Msg] Loading plugin [ignition-rendering-ogre2]
(2026-03-17T15:59:54.625305463) (2026-03-17T15:59:54.625312890) [Msg] Serving scene information on [/world/mrsim/scene/info]
(2026-03-17T15:59:54.625380219) (2026-03-17T15:59:54.625385787) [Msg] Serving graph information on [/world/mrsim/scene/graph]
(2026-03-17T15:59:54.625516811) (2026-03-17T15:59:54.625522173) [Msg] Serving full state on [/world/mrsim/state]
(2026-03-17T15:59:54.625577275) (2026-03-17T15:59:54.625582327) [Msg] Serving full state (async) on [/world/mrsim/state_async]
(2026-03-17T15:59:54.625654286) (2026-03-17T15:59:54.625661192) [Msg] Publishing scene information on [/world/mrsim/scene/info]
(2026-03-17T15:59:54.625769374) (2026-03-17T15:59:54.625777944) [Msg] Publishing entity deletions on [/world/mrsim/scene/deletion]
(2026-03-17T15:59:54.625827773) (2026-03-17T15:59:54.625836112) [Msg] Publishing state changes on [/world/mrsim/state]
(2026-03-17T15:59:54.625896201) (2026-03-17T15:59:54.625904341) [Msg] Publishing pose messages on [/world/mrsim/pose/info]
(2026-03-17T15:59:54.625976475) (2026-03-17T15:59:54.625984815) [Msg] Publishing dynamic pose messages on [/world/mrsim/dynamic_pose/info]
(2026-03-17T15:59:54.626206872) (2026-03-17T15:59:54.626212481) [Dbg] [EntityComponentManager.cc:1623] Updated state thread iterators: 8 threads processing around 6 entities each.
(2026-03-17T15:59:54.797334409) (2026-03-17T15:59:54.797341679) [Dbg] [RenderUtil.cc:2591] Create scene [scene]
((2026-03-17T15:59:54.827611800) (2026-03-17T15:59:54.827640927) ) (2026-03-17T15:59:54.827649859) Initialization needed


(2026-03-17T15:59:56.67990137) (2026-03-17T15:59:56.68001719) [Dbg] [CameraSensor.cc:394] Camera images for [qr4::base::camera] advertised on [/camera]
(2026-03-17T15:59:56.68176333) (2026-03-17T15:59:56.68185574) [Dbg] [CameraSensor.cc:705] Camera info for [qr4::base::camera] advertised on [/camera_info]
(2026-03-17T15:59:56.68742765) (2026-03-17T15:59:56.68751025) [Wrn] [Ogre2Camera.cc:390] Ogre2Camera::SetVisibilityMask: Mask bits c0000000 are set but will be ignored as they conflict with the reserved bits used internally by the ogre2 backend.
(2026-03-17T15:59:56.69065490) (2026-03-17T15:59:56.69073620) [Msg] Loading plugin [ignition-rendering-ogre2]
(2026-03-17T15:59:56.155770919) (2026-03-17T15:59:56.155781105) [Dbg] [CameraSensor.cc:518] Enabling camera sensor: 'qr4::base::camera' data generation.
(2026-03-17T16:00:11.120963080) (2026-03-17T16:00:11.120975247) [Dbg] [SignalHandler.cc:141] Received signal[2].
(2026-03-17T16:00:11.121003545) (2026-03-17T16:00:11.121008465) [Dbg] [ServerPrivate.cc:110] Server received signal[2]
(2026-03-17T16:00:11.121032653) (2026-03-17T16:00:11.121037401) [Dbg] [Sensors.cc:439] SensorsPrivate::Stop
(2026-03-17T16:00:11.130634800) (2026-03-17T16:00:11.130645282) [Dbg] [Sensors.cc:425] SensorsPrivate::RenderThread stopped
(2026-03-17T16:00:11.131932718) (2026-03-17T16:00:11.131944678) [Dbg] [gz.cc:410] Shutting down ign-gazebo-server
(((2026-03-17T16:00:11.135557698) 2026-03-17T16:00:11.135571420(2026-03-17T16:00:11.135585734) 2026-03-17T16:00:11.135585734) () (2026-03-17T16:00:11.1355972622026-03-17T16:00:11.1356039052026-03-17T16:00:11.1355972622026-03-17T16:00:11.135603905) ) [Dbg] [SimulationRunner.cc:528] [Dbg] [SimulationRunner.cc:528] [Dbg] [SimulationRunner.cc:528] [Dbg] [SimulationRunner.cc:528] [Dbg] [SimulationRunner.cc:528] ) Exiting postupdate worker thread (2)
[Dbg] [SimulationRunner.cc:528] [Dbg] [SimulationRunner.cc:528] [Dbg] [SimulationRunner.cc:528] Exiting postupdate worker thread (0)
Exiting postupdate worker thread (1)
(2026-03-17T16:00:11.162899698) (2026-03-17T16:00:11.162914242) [Dbg] [Sensors.cc:439] SensorsPrivate::Stop
