(2026-03-11T12:14:04.509926086) (2026-03-11T12:14:04.509936523) [Msg] Ignition Gazebo Server v6.17.1
(2026-03-11T12:14:04.512734508) (2026-03-11T12:14:04.512747084) [Msg] Loading SDF world file[/home/user/ros2_ws/install/mrsim_gazebo_sim/share/mrsim_gazebo_sim/worlds/example.world].
(2026-03-11T12:14:04.827719735) (2026-03-11T12:14:04.827734863) [Msg] Serving entity system service on [/entity/system/add]
(2026-03-11T12:14:04.871726505) (2026-03-11T12:14:04.871740135) [Dbg] [SystemManager.cc:73] Loaded system [ignition::gazebo::systems::ShaderParam] for entity [9]
(2026-03-11T12:14:04.876437027) (2026-03-11T12:14:04.876450301) [Dbg] [SystemManager.cc:73] Loaded system [mrsim_gazebo_sim::SetPegPosePlugin] for entity [10]
(2026-03-11T12:14:04.921675007) (2026-03-11T12:14:04.921688167) [Dbg] [SystemManager.cc:73] Loaded system [mrsim_gazebo_sim::MrsimDroneIgnPlugin] for entity [14]
(2026-03-11T12:14:04.924035453) (2026-03-11T12:14:04.924047237) [Dbg] [MulticopterMotorModel.cc:373] Listening to topic: qr4/gazebo/command/motor_speed
(2026-03-11T12:14:04.924252011) (2026-03-11T12:14:04.924260603) [Dbg] [SystemManager.cc:73] Loaded system [ignition::gazebo::systems::MulticopterMotorModel] for entity [14]
(2026-03-11T12:14:04.924744166) (2026-03-11T12:14:04.924753527) [Dbg] [MulticopterMotorModel.cc:373] Listening to topic: qr4/gazebo/command/motor_speed
(2026-03-11T12:14:04.924884572) (2026-03-11T12:14:04.924892634) [Dbg] [SystemManager.cc:73] Loaded system [ignition::gazebo::systems::MulticopterMotorModel] for entity [14]
(2026-03-11T12:14:04.925314954) (2026-03-11T12:14:04.925323913) [Dbg] [MulticopterMotorModel.cc:373] Listening to topic: qr4/gazebo/command/motor_speed
(2026-03-11T12:14:04.925433452) (2026-03-11T12:14:04.925441732) [Dbg] [SystemManager.cc:73] Loaded system [ignition::gazebo::systems::MulticopterMotorModel] for entity [14]
(2026-03-11T12:14:04.925856937) (2026-03-11T12:14:04.925865956) [Dbg] [MulticopterMotorModel.cc:373] Listening to topic: qr4/gazebo/command/motor_speed
(2026-03-11T12:14:04.925970870) (2026-03-11T12:14:04.925978735) [Dbg] [SystemManager.cc:73] Loaded system [ignition::gazebo::systems::MulticopterMotorModel] for entity [14]
(2026-03-11T12:14:04.928554756) (2026-03-11T12:14:04.928569160) [Msg] OdometryPublisher publishing odometry on [/model/qr4/odometry]
(2026-03-11T12:14:04.928798263) (2026-03-11T12:14:04.928806917) [Msg] OdometryPublisher publishing odometry with covariance on [/model/qr4/odometry_with_covariance]
(2026-03-11T12:14:04.928992802) (2026-03-11T12:14:04.929001998) [Msg] OdometryPublisher publishing Pose_V (TF) on [/model/qr4/pose]
(2026-03-11T12:14:04.929047820) (2026-03-11T12:14:04.929055191) [Dbg] [SystemManager.cc:73] Loaded system [ignition::gazebo::systems::OdometryPublisher] for entity [14]
(2026-03-11T12:14:04.953975438) (2026-03-11T12:14:04.953989644) [Dbg] [Sensors.cc:506] Configuring Sensors system
(2026-03-11T12:14:04.954181171) (2026-03-11T12:14:04.954189583) [Dbg] [Sensors.cc:431] SensorsPrivate::Run
(2026-03-11T12:14:04.954371489) (2026-03-11T12:14:04.954379674) [Dbg] [SystemManager.cc:73] Loaded system [ignition::gazebo::systems::Sensors] for entity [14]
(2026-03-11T12:14:04.954439623) (2026-03-11T12:14:04.954451060) [Dbg] [Sensors.cc:411] SensorsPrivate::RenderThread started
(2026-03-11T12:14:04.954479518) (2026-03-11T12:14:04.954486200) [Dbg] [Sensors.cc:258] Waiting for init
(2026-03-11T12:14:04.955069674) (2026-03-11T12:14:04.955080079) [Msg] Loaded level [3]
(2026-03-11T12:14:04.955119902) (2026-03-11T12:14:04.955127631) [Msg] No systems loaded from SDF, loading defaults
(2026-03-11T12:14:04.955417104) (2026-03-11T12:14:04.955426472) [Dbg] [ServerConfig.cc:1043] Loaded (3) plugins from file [/home/user/.ignition/gazebo/6/server.config]
(2026-03-11T12:14:04.989100210) (2026-03-11T12:14:04.989115115) [Dbg] [Physics.cc:804] Loaded [ignition::physics::dartsim::Plugin] from library [/usr/lib/x86_64-linux-gnu/ign-physics-5/engine-plugins/libignition-physics-dartsim-plugin.so]
(2026-03-11T12:14:04.989204241) (2026-03-11T12:14:04.989212000) [Dbg] [SystemManager.cc:73] Loaded system [gz::sim::systems::Physics] for entity [1]
(2026-03-11T12:14:04.992695990) (2026-03-11T12:14:04.992708999) [Msg] Create service on [/world/mrsim/create]
(2026-03-11T12:14:04.992954795) (2026-03-11T12:14:04.992964379) [Msg] Remove service on [/world/mrsim/remove]
(2026-03-11T12:14:04.993100210) (2026-03-11T12:14:04.993109428) [Msg] Pose service on [/world/mrsim/set_pose]
(2026-03-11T12:14:04.993242824) (2026-03-11T12:14:04.993308474) [Msg] Pose service on [/world/mrsim/set_pose_vector]
(2026-03-11T12:14:04.993624024) (2026-03-11T12:14:04.993632861) [Msg] Light configuration service on [/world/mrsim/light_config]
(2026-03-11T12:14:04.993977508) (2026-03-11T12:14:04.993986773) [Msg] Physics service on [/world/mrsim/set_physics]
(2026-03-11T12:14:04.994269047) (2026-03-11T12:14:04.994278361) [Msg] SphericalCoordinates service on [/world/mrsim/set_spherical_coordinates]
(2026-03-11T12:14:04.994456011) (2026-03-11T12:14:04.994463553) [Msg] Enable collision service on [/world/mrsim/enable_collision]
(2026-03-11T12:14:04.994613609) (2026-03-11T12:14:04.994621200) [Msg] Disable collision service on [/world/mrsim/disable_collision]
(2026-03-11T12:14:04.994907937) (2026-03-11T12:14:04.994917181) [Msg] Material service on [/world/mrsim/visual_config]
(2026-03-11T12:14:04.995103054) (2026-03-11T12:14:04.995112206) [Msg] Material service on [/world/mrsim/wheel_slip]
(2026-03-11T12:14:04.995161953) (2026-03-11T12:14:04.995169195) [Dbg] [SystemManager.cc:73] Loaded system [gz::sim::systems::UserCommands] for entity [1]
(2026-03-11T12:14:04.997799843) (2026-03-11T12:14:04.997811861) [Dbg] [SystemManager.cc:73] Loaded system [gz::sim::systems::SceneBroadcaster] for entity [1]
(2026-03-11T12:14:04.998330849) (2026-03-11T12:14:04.998342260) [Msg] Serving world controls on [/world/mrsim/control], [/world/mrsim/control/state] and [/world/mrsim/playback/control]
(2026-03-11T12:14:04.998488753) (2026-03-11T12:14:04.998496824) [Msg] Serving GUI information on [/world/mrsim/gui/info]
(2026-03-11T12:14:04.998534991) (2026-03-11T12:14:04.998542352) [Msg] World [mrsim] initialized with [1ms] physics profile.
(2026-03-11T12:14:04.998715963) (2026-03-11T12:14:04.998724593) [Msg] Serving world SDF generation service on [/world/mrsim/generate_world_sdf]
(2026-03-11T12:14:04.998849310) (2026-03-11T12:14:04.998856886) [Msg] Serving world names on [/gazebo/worlds]
(2026-03-11T12:14:04.998966637) (2026-03-11T12:14:04.998974377) [Msg] Resource path add service on [/gazebo/resource_paths/add].
(2026-03-11T12:14:04.999052169) (2026-03-11T12:14:04.999059496) [Msg] Resource path get service on [/gazebo/resource_paths/get].
(2026-03-11T12:14:04.999163463) (2026-03-11T12:14:04.999171961) [Msg] Resource path resolve service on [/gazebo/resource_paths/resolve].
(2026-03-11T12:14:05.99608268) (2026-03-11T12:14:05.99621855) [Msg] Resource paths published on [/gazebo/resource_paths].
(2026-03-11T12:14:05.99864817) (2026-03-11T12:14:05.99875010) [Msg] Server control service on [/server_control].
(2026-03-11T12:14:06.409051721) (2026-03-11T12:14:06.409066715) [Msg] Found no publishers on /stats, adding root stats topic
(2026-03-11T12:14:06.409276625) (2026-03-11T12:14:06.409295560) [Msg] Found no publishers on /clock, adding root clock topic
(2026-03-11T12:14:06.409537346) (2026-03-11T12:14:06.409545678) [Dbg] [SimulationRunner.cc:501] Creating PostUpdate worker threads: 4
(2026-03-11T12:14:06.409606213) (2026-03-11T12:14:06.409613543) [Dbg] [SimulationRunner.cc:512] Creating postupdate worker thread (0)
(2026-03-11T12:14:06.409764883) (2026-03-11T12:14:06.409771997) [Dbg] [SimulationRunner.cc:512] Creating postupdate worker thread (1)
(2026-03-11T12:14:06.409845782) (2026-03-11T12:14:06.409852889) [Dbg] [SimulationRunner.cc:512] Creating postupdate worker thread (2)
(2026-03-11T12:14:06.413556594) (2026-03-11T12:14:06.413568144) [Dbg] [Sensors.cc:610] Initialization needed
(2026-03-11T12:14:06.413631512) (2026-03-11T12:14:06.413639060) [Dbg] [Sensors.cc:270] Initializing render context
(2026-03-11T12:14:06.413770538) (2026-03-11T12:14:06.413777891) [Msg] Loading plugin [ignition-rendering-ogre2]
(2026-03-11T12:14:06.414405999) (2026-03-11T12:14:06.414415923) [Msg] Serving scene information on [/world/mrsim/scene/info]
(2026-03-11T12:14:06.414490032) (2026-03-11T12:14:06.414498490) [Msg] Serving graph information on [/world/mrsim/scene/graph]
(2026-03-11T12:14:06.414643460) (2026-03-11T12:14:06.414652605) [Msg] Serving full state on [/world/mrsim/state]
(2026-03-11T12:14:06.414715561) (2026-03-11T12:14:06.414724484) [Msg] Serving full state (async) on [/world/mrsim/state_async]
(2026-03-11T12:14:06.414801737) (2026-03-11T12:14:06.414808550) [Msg] Publishing scene information on [/world/mrsim/scene/info]
(2026-03-11T12:14:06.414909395) (2026-03-11T12:14:06.414914820) [Msg] Publishing entity deletions on [/world/mrsim/scene/deletion]
(2026-03-11T12:14:06.414962349) (2026-03-11T12:14:06.414967426) [Msg] Publishing state changes on [/world/mrsim/state]
(2026-03-11T12:14:06.415042720) (2026-03-11T12:14:06.415048084) [Msg] Publishing pose messages on [/world/mrsim/pose/info]
(2026-03-11T12:14:06.415120036) (2026-03-11T12:14:06.415127286) [Msg] Publishing dynamic pose messages on [/world/mrsim/dynamic_pose/info]
(2026-03-11T12:14:06.415416274) (2026-03-11T12:14:06.415425347) [Dbg] [EntityComponentManager.cc:1623] Updated state thread iterators: 8 threads processing around 6 entities each.
(2026-03-11T12:14:06.594317825) (2026-03-11T12:14:06.594325762) [Dbg] [RenderUtil.cc:2591] Create scene [scene]
(2026-03-11T12:14:06.623143961) (2026-03-11T12:14:06.623158653) [Dbg] [Sensors.cc:284] Rendering Thread initialized
(2026-03-11T12:14:06.623208237) (2026-03-11T12:14:06.623216629) [Dbg] [Sensors.cc:610] Initialization needed
(2026-03-11T12:14:07.714248440) (2026-03-11T12:14:07.714258810) [Dbg] [CameraSensor.cc:394] Camera images for [qr4::base::camera] advertised on [/camera]
(2026-03-11T12:14:07.714446562) (2026-03-11T12:14:07.714455967) [Dbg] [CameraSensor.cc:705] Camera info for [qr4::base::camera] advertised on [/camera_info]
(2026-03-11T12:14:07.714891900) (2026-03-11T12:14:07.714900539) [Wrn] [Ogre2Camera.cc:390] Ogre2Camera::SetVisibilityMask: Mask bits c0000000 are set but will be ignored as they conflict with the reserved bits used internally by the ogre2 backend.
(2026-03-11T12:14:07.715206141) (2026-03-11T12:14:07.715215331) [Msg] Loading plugin [ignition-rendering-ogre2]
(2026-03-11T12:14:07.793910070) (2026-03-11T12:14:07.793920936) [Dbg] [CameraSensor.cc:518] Enabling camera sensor: 'qr4::base::camera' data generation.
(2026-03-11T12:14:11.235047936) (2026-03-11T12:14:11.235063115) [Dbg] [SimulationFeatures.cc:71] Simulation timestep set to: 0.005
(2026-03-11T12:14:20.120157558) (2026-03-11T12:14:20.120174274) [Dbg] [SignalHandler.cc:141] Received signal[2].
(2026-03-11T12:14:20.120212118) (2026-03-11T12:14:20.120218839) [Dbg] [ServerPrivate.cc:110] Server received signal[2]
(2026-03-11T12:14:20.120247549) (2026-03-11T12:14:20.120254343) [Dbg] [Sensors.cc:439] SensorsPrivate::Stop
(2026-03-11T12:14:20.120712061) (2026-03-11T12:14:20.120741194) [Dbg] [Sensors.cc:425] SensorsPrivate::RenderThread stopped
(2026-03-11T12:14:20.123470991) (2026-03-11T12:14:20.123494951) [Dbg] [gz.cc:410] Shutting down ign-gazebo-server
((2026-03-11T12:14:20.127762031) (2026-03-11T12:14:20.1277694192026-03-11T12:14:20.1277863572026-03-11T12:14:20.1277694192026-03-11T12:14:20.127786357) () ) (2026-03-11T12:14:20.127848061) (2026-03-11T12:14:20.127866438) [Dbg] [SimulationRunner.cc:528] ) [Dbg] [SimulationRunner.cc:528] [Dbg] [SimulationRunner.cc:528] [Dbg] [SimulationRunner.cc:528] 2026-03-11T12:14:20.127911006) Exiting postupdate worker thread (Exiting postupdate worker thread (Exiting postupdate worker thread (Exiting postupdate worker thread (Exiting postupdate worker thread ([Dbg] [SimulationRunner.cc:528] Exiting postupdate worker thread (0)
1)
2)
(2026-03-11T12:14:20.173956909) (2026-03-11T12:14:20.173972971) [Dbg] [Sensors.cc:439] SensorsPrivate::Stop
