(2026-03-17T12:06:13.988122152) (2026-03-17T12:06:13.988129966) [Msg] Ignition Gazebo Server v6.17.1
(2026-03-17T12:06:13.990348992) (2026-03-17T12:06:13.990356961) [Msg] Loading SDF world file[/home/user/ros2_ws/install/mrsim_gazebo_sim/share/mrsim_gazebo_sim/worlds/example.world].
(2026-03-17T12:06:14.182094690) (2026-03-17T12:06:14.182106366) [Msg] Serving entity system service on [/entity/system/add]
(2026-03-17T12:06:14.205353736) (2026-03-17T12:06:14.205361552) [Dbg] [SystemManager.cc:73] Loaded system [ignition::gazebo::systems::ShaderParam] for entity [9]
(2026-03-17T12:06:14.207730142) (2026-03-17T12:06:14.207736239) [Dbg] [SystemManager.cc:73] Loaded system [mrsim_gazebo_sim::SetPegPosePlugin] for entity [10]
(2026-03-17T12:06:14.233079920) (2026-03-17T12:06:14.233087519) [Dbg] [SystemManager.cc:73] Loaded system [mrsim_gazebo_sim::MrsimDroneIgnPlugin] for entity [14]
(2026-03-17T12:06:14.234186530) (2026-03-17T12:06:14.234192318) [Dbg] [MulticopterMotorModel.cc:373] Listening to topic: qr4/gazebo/command/motor_speed
(2026-03-17T12:06:14.234273754) (2026-03-17T12:06:14.234277692) [Dbg] [SystemManager.cc:73] Loaded system [ignition::gazebo::systems::MulticopterMotorModel] for entity [14]
(2026-03-17T12:06:14.234497690) (2026-03-17T12:06:14.234501851) [Dbg] [MulticopterMotorModel.cc:373] Listening to topic: qr4/gazebo/command/motor_speed
(2026-03-17T12:06:14.234550253) (2026-03-17T12:06:14.234554018) [Dbg] [SystemManager.cc:73] Loaded system [ignition::gazebo::systems::MulticopterMotorModel] for entity [14]
(2026-03-17T12:06:14.234755978) (2026-03-17T12:06:14.234759868) [Dbg] [MulticopterMotorModel.cc:373] Listening to topic: qr4/gazebo/command/motor_speed
(2026-03-17T12:06:14.234802645) (2026-03-17T12:06:14.234806414) [Dbg] [SystemManager.cc:73] Loaded system [ignition::gazebo::systems::MulticopterMotorModel] for entity [14]
(2026-03-17T12:06:14.234988809) (2026-03-17T12:06:14.234992579) [Dbg] [MulticopterMotorModel.cc:373] Listening to topic: qr4/gazebo/command/motor_speed
(2026-03-17T12:06:14.235031454) (2026-03-17T12:06:14.235035357) [Dbg] [SystemManager.cc:73] Loaded system [ignition::gazebo::systems::MulticopterMotorModel] for entity [14]
(2026-03-17T12:06:14.236112451) (2026-03-17T12:06:14.236118740) [Msg] OdometryPublisher publishing odometry on [/model/qr4/odometry]
(2026-03-17T12:06:14.236180722) (2026-03-17T12:06:14.236184566) [Msg] OdometryPublisher publishing odometry with covariance on [/model/qr4/odometry_with_covariance]
(2026-03-17T12:06:14.236251513) (2026-03-17T12:06:14.236255388) [Msg] OdometryPublisher publishing Pose_V (TF) on [/model/qr4/pose]
(2026-03-17T12:06:14.236276214) (2026-03-17T12:06:14.236279684) [Dbg] [SystemManager.cc:73] Loaded system [ignition::gazebo::systems::OdometryPublisher] for entity [14]
(2026-03-17T12:06:14.246356479) (2026-03-17T12:06:14.246363683) [Dbg] [Sensors.cc:506] Configuring Sensors system
(2026-03-17T12:06:14.246448448) (2026-03-17T12:06:14.246452039) [Dbg] [Sensors.cc:431] SensorsPrivate::Run
(2026-03-17T12:06:14.246526203) (2026-03-17T12:06:14.246529952) [Dbg] [SystemManager.cc:73] Loaded system [ignition::gazebo::systems::Sensors] for entity [14]
(
(2026-03-17T12:06:14.246563361) (2026-03-17T12:06:14.246570328) [Dbg] [Sensors.cc:411] SensorsPrivate::RenderThread started
(2026-03-17T12:06:14.246586928) (2026-03-17T12:06:14.246590400) [Dbg] [Sensors.cc:258] Waiting for init
(2026-03-17T12:06:14.246892755) (2026-03-17T12:06:14.246896960) [Msg] Loaded level [3]
(2026-03-17T12:06:14.246915136) (2026-03-17T12:06:14.246918524) [Msg] No systems loaded from SDF, loading defaults
(2026-03-17T12:06:14.247047734) (2026-03-17T12:06:14.247051371) [Dbg] [ServerConfig.cc:1043] Loaded (3) plugins from file [/home/user/.ignition/gazebo/6/server.config]
(2026-03-17T12:06:14.265959856) (2026-03-17T12:06:14.265967210) [Dbg] [Physics.cc:804] Loaded [ignition::physics::dartsim::Plugin] from library [/usr/lib/x86_64-linux-gnu/ign-physics-5/engine-plugins/libignition-physics-dartsim-plugin.so]
(2026-03-17T12:06:14.266013750) (2026-03-17T12:06:14.266017290) [Dbg] [SystemManager.cc:73] Loaded system [gz::sim::systems::Physics] for entity [1]
(2026-03-17T12:06:14.267699255) (2026-03-17T12:06:14.267709764) [Msg] Create service on [/world/mrsim/create]
(2026-03-17T12:06:14.267814163) (2026-03-17T12:06:14.267818640) [Msg] Remove service on [/world/mrsim/remove]
(2026-03-17T12:06:14.267886955) (2026-03-17T12:06:14.267890948) [Msg] Pose service on [/world/mrsim/set_pose]
(2026-03-17T12:06:14.267931841) (2026-03-17T12:06:14.267935644) [Msg] Pose service on [/world/mrsim/set_pose_vector]
(2026-03-17T12:06:14.268073739) (2026-03-17T12:06:14.268079860) [Msg] Light configuration service on [/world/mrsim/light_config]
(2026-03-17T12:06:14.268199595) (2026-03-17T12:06:14.268203579) [Msg] Physics service on [/world/mrsim/set_physics]
(2026-03-17T12:06:14.268264378) (2026-03-17T12:06:14.268268170) [Msg] SphericalCoordinates service on [/world/mrsim/set_spherical_coordinates]
(2026-03-17T12:06:14.268306062) (2026-03-17T12:06:14.268309849) [Msg] Enable collision service on [/world/mrsim/enable_collision]
(2026-03-17T12:06:14.268346940) (2026-03-17T12:06:14.268350564) [Msg] Disable collision service on [/world/mrsim/disable_collision]
(2026-03-17T12:06:14.268458205) (2026-03-17T12:06:14.268462177) [Msg] Material service on [/world/mrsim/visual_config]
(2026-03-17T12:06:14.268522024) (2026-03-17T12:06:14.268527101) [Msg] Material service on [/world/mrsim/wheel_slip]
(2026-03-17T12:06:14.268555103) (2026-03-17T12:06:14.268558530) [Dbg] [SystemManager.cc:73] Loaded system [gz::sim::systems::UserCommands] for entity [1]
(2026-03-17T12:06:14.269833164) (2026-03-17T12:06:14.269839150) [Dbg] [SystemManager.cc:73] Loaded system [gz::sim::systems::SceneBroadcaster] for entity [1]
(2026-03-17T12:06:14.270049199) (2026-03-17T12:06:14.270053357) [Msg] Serving world controls on [/world/mrsim/control], [/world/mrsim/control/state] and [/world/mrsim/playback/control]
(2026-03-17T12:06:14.270121603) (2026-03-17T12:06:14.270126983) [Msg] Serving GUI information on [/world/mrsim/gui/info]
(2026-03-17T12:06:14.270147317) (2026-03-17T12:06:14.270150832) [Msg] World [mrsim] initialized with [1ms] physics profile.
(2026-03-17T12:06:14.270231264) (2026-03-17T12:06:14.270235532) [Msg] Serving world SDF generation service on [/world/mrsim/generate_world_sdf]
(2026-03-17T12:06:14.270295011) (2026-03-17T12:06:14.270298866) [Msg] Serving world names on [/gazebo/worlds]
(2026-03-17T12:06:14.270333274) (2026-03-17T12:06:14.270338097) [Msg] Resource path add service on [/gazebo/resource_paths/add].
(2026-03-17T12:06:14.270378393) (2026-03-17T12:06:14.270382032) [Msg] Resource path get service on [/gazebo/resource_paths/get].
(2026-03-17T12:06:14.270416083) (2026-03-17T12:06:14.270420978) [Msg] Resource path resolve service on [/gazebo/resource_paths/resolve].
(2026-03-17T12:06:14.270471675) (2026-03-17T12:06:14.270475384) [Msg] Resource paths published on [/gazebo/resource_paths].
(2026-03-17T12:06:14.270536392) (2026-03-17T12:06:14.270541673) [Msg] Server control service on [/server_control].
(2026-03-17T12:06:15.200668213) (2026-03-17T12:06:15.200687548) [Dbg] [SignalHandler.cc:141] Received signal[2].
(2026-03-17T12:06:15.200734348) (2026-03-17T12:06:15.200741255) [Dbg] [ServerPrivate.cc:110] Server received signal[2]
(2026-03-17T12:06:15.200783696) (2026-03-17T12:06:15.200790204) [Dbg] [Sensors.cc:439] SensorsPrivate::Stop
(2026-03-17T12:06:15.200961291) (2026-03-17T12:06:15.200973971) [Dbg] [Sensors.cc:284] Rendering Thread initialized
(2026-03-17T12:06:15.201005802) (2026-03-17T12:06:15.201013540) [Dbg] [Sensors.cc:425] SensorsPrivate::RenderThread stopped
(2026-03-17T12:06:15.882810369) (2026-03-17T12:06:15.882830114) [Msg] Found no publishers on /stats, adding root stats topic
(2026-03-17T12:06:15.883182861) (2026-03-17T12:06:15.883196490) [Msg] Found no publishers on /clock, adding root clock topic
(2026-03-17T12:06:15.883316099) (2026-03-17T12:06:15.883327567) [Dbg] [gz.cc:410] Shutting down ign-gazebo-server
(2026-03-17T12:06:15.908923200) (2026-03-17T12:06:15.908929934) [Dbg] [Sensors.cc:439] SensorsPrivate::Stop
