(2026-03-16T15:32:53.210678485) (2026-03-16T15:32:53.210685391) [Msg] Ignition Gazebo Server v6.17.1
(2026-03-16T15:32:53.213168155) (2026-03-16T15:32:53.213177405) [Msg] Loading SDF world file[/home/user/ros2_ws/install/mrsim_gazebo_sim/share/mrsim_gazebo_sim/worlds/example.world].
(2026-03-16T15:32:53.413358607) (2026-03-16T15:32:53.413366862) [Msg] Serving entity system service on [/entity/system/add]
(2026-03-16T15:32:53.431037065) (2026-03-16T15:32:53.431044193) [Dbg] [SystemManager.cc:73] Loaded system [ignition::gazebo::systems::ShaderParam] for entity [9]
(2026-03-16T15:32:53.434934433) (2026-03-16T15:32:53.434947091) [Dbg] [SystemManager.cc:73] Loaded system [mrsim_gazebo_sim::SetPegPosePlugin] for entity [10]
(2026-03-16T15:32:53.461767649) (2026-03-16T15:32:53.461775097) [Dbg] [SystemManager.cc:73] Loaded system [mrsim_gazebo_sim::MrsimDroneIgnPlugin] for entity [14]
(2026-03-16T15:32:53.462937185) (2026-03-16T15:32:53.462942911) [Dbg] [MulticopterMotorModel.cc:373] Listening to topic: qr4/gazebo/command/motor_speed
(2026-03-16T15:32:53.463082402) (2026-03-16T15:32:53.463086496) [Dbg] [SystemManager.cc:73] Loaded system [ignition::gazebo::systems::MulticopterMotorModel] for entity [14]
(2026-03-16T15:32:53.463367600) (2026-03-16T15:32:53.463372080) [Dbg] [MulticopterMotorModel.cc:373] Listening to topic: qr4/gazebo/command/motor_speed
(2026-03-16T15:32:53.463469225) (2026-03-16T15:32:53.463473117) [Dbg] [SystemManager.cc:73] Loaded system [ignition::gazebo::systems::MulticopterMotorModel] for entity [14]
(2026-03-16T15:32:53.463677962) (2026-03-16T15:32:53.463682022) [Dbg] [MulticopterMotorModel.cc:373] Listening to topic: qr4/gazebo/command/motor_speed
(2026-03-16T15:32:53.463767088) (2026-03-16T15:32:53.463770987) [Dbg] [SystemManager.cc:73] Loaded system [ignition::gazebo::systems::MulticopterMotorModel] for entity [14]
(2026-03-16T15:32:53.463957482) (2026-03-16T15:32:53.463961438) [Dbg] [MulticopterMotorModel.cc:373] Listening to topic: qr4/gazebo/command/motor_speed
(2026-03-16T15:32:53.464092780) (2026-03-16T15:32:53.464096908) [Dbg] [SystemManager.cc:73] Loaded system [ignition::gazebo::systems::MulticopterMotorModel] for entity [14]
(2026-03-16T15:32:53.465211865) (2026-03-16T15:32:53.465217183) [Msg] OdometryPublisher publishing odometry on [/model/qr4/odometry]
(2026-03-16T15:32:53.465295447) (2026-03-16T15:32:53.465328796) [Msg] OdometryPublisher publishing odometry with covariance on [/model/qr4/odometry_with_covariance]
(2026-03-16T15:32:53.465392555) (2026-03-16T15:32:53.465426488) [Msg] OdometryPublisher publishing Pose_V (TF) on [/model/qr4/pose]
(2026-03-16T15:32:53.465447849) (2026-03-16T15:32:53.465451249) [Dbg] [SystemManager.cc:73] Loaded system [ignition::gazebo::systems::OdometryPublisher] for entity [14]
(2026-03-16T15:32:53.477215788) (2026-03-16T15:32:53.477224030) [Dbg] [Sensors.cc:506] Configuring Sensors system
(2026-03-16T15:32:53.477307975) (2026-03-16T15:32:53.477311604) [Dbg] [Sensors.cc:431] SensorsPrivate::Run
(2026-03-16T15:32:53.477393362) (2026-03-16T15:32:53.477397333) [Dbg] [SystemManager.cc:73] Loaded system [ignition::gazebo::systems::Sensors] for entity [14]
(2026-03-16T15:32:53.477428956) (2026-03-16T15:32:53.477435768) [Dbg] [Sensors.cc:411] SensorsPrivate::RenderThread started
(2026-03-16T15:32:53.477452971) (2026-03-16T15:32:53.477456406) [Dbg] [Sensors.cc:258] Waiting for init
(2026-03-16T15:32:53.477762953) (2026-03-16T15:32:53.477768256) [Msg] Loaded level [3]
(2026-03-16T15:32:53.477790862) (2026-03-16T15:32:53.477796733) [Msg] No systems loaded from SDF, loading defaults
(2026-03-16T15:32:53.478040852) (2026-03-16T15:32:53.478046962) [Dbg] [ServerConfig.cc:1043] Loaded (3) plugins from file [/home/user/.ignition/gazebo/6/server.config]
(2026-03-16T15:32:53.495795815) (2026-03-16T15:32:53.495803522) [Dbg] [Physics.cc:804] Loaded [ignition::physics::dartsim::Plugin] from library [/usr/lib/x86_64-linux-gnu/ign-physics-5/engine-plugins/libignition-physics-dartsim-plugin.so]
(2026-03-16T15:32:53.495848932) (2026-03-16T15:32:53.495852454) [Dbg] [SystemManager.cc:73] Loaded system [gz::sim::systems::Physics] for entity [1]
(2026-03-16T15:32:53.497529491) (2026-03-16T15:32:53.497535267) [Msg] Create service on [/world/mrsim/create]
(2026-03-16T15:32:53.497622331) (2026-03-16T15:32:53.497626427) [Msg] Remove service on [/world/mrsim/remove]
(2026-03-16T15:32:53.497722028) (2026-03-16T15:32:53.497726005) [Msg] Pose service on [/world/mrsim/set_pose]
(2026-03-16T15:32:53.497796077) (2026-03-16T15:32:53.497799788) [Msg] Pose service on [/world/mrsim/set_pose_vector]
(2026-03-16T15:32:53.497922811) (2026-03-16T15:32:53.497926767) [Msg] Light configuration service on [/world/mrsim/light_config]
(2026-03-16T15:32:53.498107183) (2026-03-16T15:32:53.498111102) [Msg] Physics service on [/world/mrsim/set_physics]
(2026-03-16T15:32:53.498204542) (2026-03-16T15:32:53.498208412) [Msg] SphericalCoordinates service on [/world/mrsim/set_spherical_coordinates]
(2026-03-16T15:32:53.498274237) (2026-03-16T15:32:53.498277952) [Msg] Enable collision service on [/world/mrsim/enable_collision]
(2026-03-16T15:32:53.498342090) (2026-03-16T15:32:53.498345876) [Msg] Disable collision service on [/world/mrsim/disable_collision]
(2026-03-16T15:32:53.498469656) (2026-03-16T15:32:53.498473703) [Msg] Material service on [/world/mrsim/visual_config]
(2026-03-16T15:32:53.498563542) (2026-03-16T15:32:53.498567486) [Msg] Material service on [/world/mrsim/wheel_slip]
(2026-03-16T15:32:53.498618085) (2026-03-16T15:32:53.498621588) [Dbg] [SystemManager.cc:73] Loaded system [gz::sim::systems::UserCommands] for entity [1]
(2026-03-16T15:32:53.500091611) (2026-03-16T15:32:53.500098761) [Dbg] [SystemManager.cc:73] Loaded system [gz::sim::systems::SceneBroadcaster] for entity [1]
(2026-03-16T15:32:53.500483466) (2026-03-16T15:32:53.500487838) [Msg] Serving world controls on [/world/mrsim/control], [/world/mrsim/control/state] and [/world/mrsim/playback/control]
(2026-03-16T15:32:53.500584147) (2026-03-16T15:32:53.500588069) [Msg] Serving GUI information on [/world/mrsim/gui/info]
(2026-03-16T15:32:53.500634212) (2026-03-16T15:32:53.500637675) [Msg] World [mrsim] initialized with [1ms] physics profile.
(2026-03-16T15:32:53.500724194) (2026-03-16T15:32:53.500728068) [Msg] Serving world SDF generation service on [/world/mrsim/generate_world_sdf]
(2026-03-16T15:32:53.500818423) (2026-03-16T15:32:53.500822310) [Msg] Serving world names on [/gazebo/worlds]
(2026-03-16T15:32:53.500887237) (2026-03-16T15:32:53.500890993) [Msg] Resource path add service on [/gazebo/resource_paths/add].
(2026-03-16T15:32:53.500954850) (2026-03-16T15:32:53.500959885) [Msg] Resource path get service on [/gazebo/resource_paths/get].
(2026-03-16T15:32:53.501037938) (2026-03-16T15:32:53.501041758) [Msg] Resource path resolve service on [/gazebo/resource_paths/resolve].
(2026-03-16T15:32:53.501117551) (2026-03-16T15:32:53.501121225) [Msg] Resource paths published on [/gazebo/resource_paths].
(2026-03-16T15:32:53.501209923) (2026-03-16T15:32:53.501213741) [Msg] Server control service on [/server_control].
(2026-03-16T15:32:55.109104657) (2026-03-16T15:32:55.109117382) [Msg] Found no publishers on /stats, adding root stats topic
(2026-03-16T15:32:55.109320504) (2026-03-16T15:32:55.109327270) [Msg] Found no publishers on /clock, adding root clock topic
(2026-03-16T15:32:55.109502601) (2026-03-16T15:32:55.109509135) [Dbg] [SimulationRunner.cc:501] Creating PostUpdate worker threads: 4
(2026-03-16T15:32:55.109536224) (2026-03-16T15:32:55.109542501) [Dbg] [SimulationRunner.cc:512] Creating postupdate worker thread (0)
(2026-03-16T15:32:55.109637839) (2026-03-16T15:32:55.109644198) [Dbg] [SimulationRunner.cc:512] Creating postupdate worker thread (1)
(2026-03-16T15:32:55.109685989) (2026-03-16T15:32:55.109692002) [Dbg] [SimulationRunner.cc:512] Creating postupdate worker thread (2)
(2026-03-16T15:32:55.115797276) (2026-03-16T15:32:55.115812348) [Dbg] [SimulationFeatures.cc:71] Simulation timestep set to: 0.005
(2026-03-16T15:32:55.116514308) (2026-03-16T15:32:55.116522375) [Dbg] [Sensors.cc:610] Initialization needed
(2026-03-16T15:32:55.116578590) (2026-03-16T15:32:55.116587449) [Dbg] [Sensors.cc:270] Initializing render context
(2026-03-16T15:32:55.116817903) (2026-03-16T15:32:55.116824517) [Msg] Loading plugin [ignition-rendering-ogre2]
(2026-03-16T15:32:55.117317688) (2026-03-16T15:32:55.117323261) [Msg] Serving scene information on [/world/mrsim/scene/info]
(2026-03-16T15:32:55.117374063) (2026-03-16T15:32:55.117377900) [Msg] Serving graph information on [/world/mrsim/scene/graph]
(2026-03-16T15:32:55.117478242) (2026-03-16T15:32:55.117482189) [Msg] Serving full state on [/world/mrsim/state]
(2026-03-16T15:32:55.117529586) (2026-03-16T15:32:55.117535064) [Msg] Serving full state (async) on [/world/mrsim/state_async]
(2026-03-16T15:32:55.117608452) (2026-03-16T15:32:55.117613589) [Msg] Publishing scene information on [/world/mrsim/scene/info]
(2026-03-16T15:32:55.117693661) (2026-03-16T15:32:55.117699251) [Msg] Publishing entity deletions on [/world/mrsim/scene/deletion]
(2026-03-16T15:32:55.117745540) (2026-03-16T15:32:55.117750941) [Msg] Publishing state changes on [/world/mrsim/state]
(2026-03-16T15:32:55.117804751) (2026-03-16T15:32:55.117810784) [Msg] Publishing pose messages on [/world/mrsim/pose/info]
(2026-03-16T15:32:55.117879086) (2026-03-16T15:32:55.117882972) [Msg] Publishing dynamic pose messages on [/world/mrsim/dynamic_pose/info]
(2026-03-16T15:32:55.118075391) (2026-03-16T15:32:55.118080141) [Dbg] [EntityComponentManager.cc:1623] Updated state thread iterators: 8 threads processing around 6 entities each.
(2026-03-16T15:32:55.251806284) (2026-03-16T15:32:55.251812535) [Dbg] [RenderUtil.cc:2591] Create scene [scene]
((2026-03-16T15:32:55.276158799) (() (2026-03-16T15:32:55.276175418) ) [Dbg] [Sensors.cc:284] [Dbg] [Sensors.cc:284] [Dbg] [Sensors.cc:610] Initialization neededRendering Thread initialized

(2026-03-16T15:32:56.98849724) (2026-03-16T15:32:56.98860291) [Dbg] [CameraSensor.cc:394] Camera images for [qr4::base::camera] advertised on [/camera]
(2026-03-16T15:32:56.99024787) (2026-03-16T15:32:56.99031500) [Dbg] [CameraSensor.cc:705] Camera info for [qr4::base::camera] advertised on [/camera_info]
(2026-03-16T15:32:56.99505133) (2026-03-16T15:32:56.99511799) [Wrn] [Ogre2Camera.cc:390] Ogre2Camera::SetVisibilityMask: Mask bits c0000000 are set but will be ignored as they conflict with the reserved bits used internally by the ogre2 backend.
(2026-03-16T15:32:56.99774681) (2026-03-16T15:32:56.99780753) [Msg] Loading plugin [ignition-rendering-ogre2]
(2026-03-16T15:32:56.167985434) (2026-03-16T15:32:56.167998203) [Dbg] [CameraSensor.cc:518] Enabling camera sensor: 'qr4::base::camera' data generation.
(2026-03-16T15:33:11.255103958) (2026-03-16T15:33:11.255111488) [Dbg] [SignalHandler.cc:141] Received signal[2].
(2026-03-16T15:33:11.255134361) (2026-03-16T15:33:11.255137783) [Dbg] [ServerPrivate.cc:110] Server received signal[2]
(2026-03-16T15:33:11.255152676) (2026-03-16T15:33:11.255156100) [Dbg] [Sensors.cc:439] SensorsPrivate::Stop
(2026-03-16T15:33:11.255417485) (2026-03-16T15:33:11.255423433) [Dbg] [Sensors.cc:425] SensorsPrivate::RenderThread stopped
(2026-03-16T15:33:11.258619912) (2026-03-16T15:33:11.258625227) [Dbg] [gz.cc:410] Shutting down ign-gazebo-server
(2026-03-16T15:33:11.260879986) (2026-03-16T15:33:11.260885953) [Dbg] [SimulationRunner.cc:528] Exiting postupdate worker thread (0)
((2026-03-16T15:33:11.260956293) (2026-03-16T15:33:11.260967808) 2026-03-16T15:33:11.260958811) (2026-03-16T15:33:11.2609854752026-03-16T15:33:11.260985475) Exiting postupdate worker thread (1)
[Dbg] [SimulationRunner.cc:528] Exiting postupdate worker thread (2)
(2026-03-16T15:33:11.279866512) (2026-03-16T15:33:11.279874077) [Dbg] [Sensors.cc:439] SensorsPrivate::Stop
