(2026-03-17T14:41:01.211521324) (2026-03-17T14:41:01.211529758) [Msg] Ignition Gazebo Server v6.17.1
(2026-03-17T14:41:01.213650952) (2026-03-17T14:41:01.213661461) [Msg] Loading SDF world file[/home/user/ros2_ws/install/mrsim_gazebo_sim/share/mrsim_gazebo_sim/worlds/example.world].
(2026-03-17T14:41:01.490406386) (2026-03-17T14:41:01.490421122) [Msg] Serving entity system service on [/entity/system/add]
(2026-03-17T14:41:01.525466315) (2026-03-17T14:41:01.525477378) [Dbg] [SystemManager.cc:73] Loaded system [ignition::gazebo::systems::ShaderParam] for entity [9]
(2026-03-17T14:41:01.529321609) (2026-03-17T14:41:01.529332220) [Dbg] [SystemManager.cc:73] Loaded system [mrsim_gazebo_sim::SetPegPosePlugin] for entity [10]
(2026-03-17T14:41:01.567161773) (2026-03-17T14:41:01.567172359) [Dbg] [SystemManager.cc:73] Loaded system [mrsim_gazebo_sim::MrsimDroneIgnPlugin] for entity [14]
(2026-03-17T14:41:01.569467021) (2026-03-17T14:41:01.569479495) [Dbg] [MulticopterMotorModel.cc:373] Listening to topic: qr4/gazebo/command/motor_speed
(2026-03-17T14:41:01.569677110) (2026-03-17T14:41:01.569683561) [Dbg] [SystemManager.cc:73] Loaded system [ignition::gazebo::systems::MulticopterMotorModel] for entity [14]
(2026-03-17T14:41:01.570123334) (2026-03-17T14:41:01.570130211) [Dbg] [MulticopterMotorModel.cc:373] Listening to topic: qr4/gazebo/command/motor_speed
(2026-03-17T14:41:01.570244034) (2026-03-17T14:41:01.570251268) [Dbg] [SystemManager.cc:73] Loaded system [ignition::gazebo::systems::MulticopterMotorModel] for entity [14]
(2026-03-17T14:41:01.570612305) (2026-03-17T14:41:01.570619605) [Dbg] [MulticopterMotorModel.cc:373] Listening to topic: qr4/gazebo/command/motor_speed
(2026-03-17T14:41:01.570716483) (2026-03-17T14:41:01.570723278) [Dbg] [SystemManager.cc:73] Loaded system [ignition::gazebo::systems::MulticopterMotorModel] for entity [14]
(2026-03-17T14:41:01.571060363) (2026-03-17T14:41:01.571067615) [Dbg] [MulticopterMotorModel.cc:373] Listening to topic: qr4/gazebo/command/motor_speed
(2026-03-17T14:41:01.571152878) (2026-03-17T14:41:01.571159281) [Dbg] [SystemManager.cc:73] Loaded system [ignition::gazebo::systems::MulticopterMotorModel] for entity [14]
(2026-03-17T14:41:01.572845415) (2026-03-17T14:41:01.572854574) [Msg] OdometryPublisher publishing odometry on [/model/qr4/odometry]
(2026-03-17T14:41:01.572971078) (2026-03-17T14:41:01.572977617) [Msg] OdometryPublisher publishing odometry with covariance on [/model/qr4/odometry_with_covariance]
(2026-03-17T14:41:01.573083992) (2026-03-17T14:41:01.573090343) [Msg] OdometryPublisher publishing Pose_V (TF) on [/model/qr4/pose]
(2026-03-17T14:41:01.573121870) (2026-03-17T14:41:01.573127501) [Dbg] [SystemManager.cc:73] Loaded system [ignition::gazebo::systems::OdometryPublisher] for entity [14]
(2026-03-17T14:41:01.592785950) (2026-03-17T14:41:01.592797859) [Dbg] [Sensors.cc:506] Configuring Sensors system
(2026-03-17T14:41:01.592914272) (2026-03-17T14:41:01.592920737) [Dbg] [Sensors.cc:431] SensorsPrivate::Run
(2026-03-17T14:41:01.593036582) (2026-03-17T14:41:01.593043526) [Dbg] [SystemManager.cc:73] Loaded system [ignition::gazebo::systems::Sensors] for entity [14]
(2026-03-17T14:41:01.593128211) (2026-03-17T14:41:01.593134574) [Dbg] [Sensors.cc:411] SensorsPrivate::RenderThread started
(2026-03-17T14:41:01.593151471) (2026-03-17T14:41:01.593154952) [Dbg] [Sensors.cc:258] Waiting for init
(2026-03-17T14:41:01.593569998) (2026-03-17T14:41:01.593576550) [Msg] Loaded level [3]
(2026-03-17T14:41:01.593604442) (2026-03-17T14:41:01.593609797) [Msg] No systems loaded from SDF, loading defaults
(2026-03-17T14:41:01.593819074) (2026-03-17T14:41:01.593824891) [Dbg] [ServerConfig.cc:1043] Loaded (3) plugins from file [/home/user/.ignition/gazebo/6/server.config]
(2026-03-17T14:41:01.621061224) (2026-03-17T14:41:01.621073940) [Dbg] [Physics.cc:804] Loaded [ignition::physics::dartsim::Plugin] from library [/usr/lib/x86_64-linux-gnu/ign-physics-5/engine-plugins/libignition-physics-dartsim-plugin.so]
(2026-03-17T14:41:01.621148886) (2026-03-17T14:41:01.621155383) [Dbg] [SystemManager.cc:73] Loaded system [gz::sim::systems::Physics] for entity [1]
(2026-03-17T14:41:01.624023842) (2026-03-17T14:41:01.624035782) [Msg] Create service on [/world/mrsim/create]
(2026-03-17T14:41:01.624161169) (2026-03-17T14:41:01.624167426) [Msg] Remove service on [/world/mrsim/remove]
(2026-03-17T14:41:01.624273810) (2026-03-17T14:41:01.624280292) [Msg] Pose service on [/world/mrsim/set_pose]
(2026-03-17T14:41:01.624344770) (2026-03-17T14:41:01.624350943) [Msg] Pose service on [/world/mrsim/set_pose_vector]
(2026-03-17T14:41:01.624507182) (2026-03-17T14:41:01.624513764) [Msg] Light configuration service on [/world/mrsim/light_config]
(2026-03-17T14:41:01.624696369) (2026-03-17T14:41:01.624702879) [Msg] Physics service on [/world/mrsim/set_physics]
(2026-03-17T14:41:01.624841533) (2026-03-17T14:41:01.624847993) [Msg] SphericalCoordinates service on [/world/mrsim/set_spherical_coordinates]
(2026-03-17T14:41:01.624912346) (2026-03-17T14:41:01.624917966) [Msg] Enable collision service on [/world/mrsim/enable_collision]
(2026-03-17T14:41:01.624976341) (2026-03-17T14:41:01.624982778) [Msg] Disable collision service on [/world/mrsim/disable_collision]
(2026-03-17T14:41:01.625144169) (2026-03-17T14:41:01.625150726) [Msg] Material service on [/world/mrsim/visual_config]
(2026-03-17T14:41:01.625269901) (2026-03-17T14:41:01.625276420) [Msg] Material service on [/world/mrsim/wheel_slip]
(2026-03-17T14:41:01.625314276) (2026-03-17T14:41:01.625320306) [Dbg] [SystemManager.cc:73] Loaded system [gz::sim::systems::UserCommands] for entity [1]
(2026-03-17T14:41:01.627304231) (2026-03-17T14:41:01.627313773) [Dbg] [SystemManager.cc:73] Loaded system [gz::sim::systems::SceneBroadcaster] for entity [1]
(2026-03-17T14:41:01.627632847) (2026-03-17T14:41:01.627640100) [Msg] Serving world controls on [/world/mrsim/control], [/world/mrsim/control/state] and [/world/mrsim/playback/control]
(2026-03-17T14:41:01.627751200) (2026-03-17T14:41:01.627757842) [Msg] Serving GUI information on [/world/mrsim/gui/info]
(2026-03-17T14:41:01.627789088) (2026-03-17T14:41:01.627795178) [Msg] World [mrsim] initialized with [1ms] physics profile.
(2026-03-17T14:41:01.627924260) (2026-03-17T14:41:01.627930689) [Msg] Serving world SDF generation service on [/world/mrsim/generate_world_sdf]
(2026-03-17T14:41:01.628023055) (2026-03-17T14:41:01.628030128) [Msg] Serving world names on [/gazebo/worlds]
(2026-03-17T14:41:01.628083748) (2026-03-17T14:41:01.628089823) [Msg] Resource path add service on [/gazebo/resource_paths/add].
(2026-03-17T14:41:01.628148835) (2026-03-17T14:41:01.628154949) [Msg] Resource path get service on [/gazebo/resource_paths/get].
(2026-03-17T14:41:01.628206962) (2026-03-17T14:41:01.628213283) [Msg] Resource path resolve service on [/gazebo/resource_paths/resolve].
(2026-03-17T14:41:01.628284346) (2026-03-17T14:41:01.628290443) [Msg] Resource paths published on [/gazebo/resource_paths].
(2026-03-17T14:41:01.728727289) (2026-03-17T14:41:01.728738760) [Msg] Server control service on [/server_control].
(2026-03-17T14:41:03.108809389) (2026-03-17T14:41:03.108816986) [Msg] Found no publishers on /stats, adding root stats topic
(2026-03-17T14:41:03.108968664) (2026-03-17T14:41:03.108973462) [Msg] Found no publishers on /clock, adding root clock topic
(2026-03-17T14:41:03.109122539) (2026-03-17T14:41:03.109129292) [Dbg] [SimulationRunner.cc:501] Creating PostUpdate worker threads: 4
(2026-03-17T14:41:03.109150736) (2026-03-17T14:41:03.109154721) [Dbg] [SimulationRunner.cc:512] Creating postupdate worker thread (0)
(2026-03-17T14:41:03.109232031) (2026-03-17T14:41:03.109236165) [Dbg] [SimulationRunner.cc:512] Creating postupdate worker thread (1)
(2026-03-17T14:41:03.109270682) (2026-03-17T14:41:03.109274647) [Dbg] [SimulationRunner.cc:512] Creating postupdate worker thread (2)
(2026-03-17T14:41:03.112819783) (2026-03-17T14:41:03.112825595) [Dbg] [SimulationFeatures.cc:71] Simulation timestep set to: 0.005
(2026-03-17T14:41:03.113327693) (2026-03-17T14:41:03.113333615) [Dbg] [Sensors.cc:610] Initialization needed
(2026-03-17T14:41:03.113363321) (2026-03-17T14:41:03.113371696) [Dbg] [Sensors.cc:270] Initializing render context
(2026-03-17T14:41:03.113485775) (2026-03-17T14:41:03.113492337) [Msg] Loading plugin [ignition-rendering-ogre2]
(2026-03-17T14:41:03.114012283) (2026-03-17T14:41:03.114020113) [Msg] Serving scene information on [/world/mrsim/scene/info]
(2026-03-17T14:41:03.114095625) (2026-03-17T14:41:03.114101417) [Msg] Serving graph information on [/world/mrsim/scene/graph]
(2026-03-17T14:41:03.114246696) (2026-03-17T14:41:03.114254039) [Msg] Serving full state on [/world/mrsim/state]
(2026-03-17T14:41:03.114320163) (2026-03-17T14:41:03.114328229) [Msg] Serving full state (async) on [/world/mrsim/state_async]
(2026-03-17T14:41:03.114403201) (2026-03-17T14:41:03.114408422) [Msg] Publishing scene information on [/world/mrsim/scene/info]
(2026-03-17T14:41:03.114487984) (2026-03-17T14:41:03.114495419) [Msg] Publishing entity deletions on [/world/mrsim/scene/deletion]
(2026-03-17T14:41:03.114540557) (2026-03-17T14:41:03.114546144) [Msg] Publishing state changes on [/world/mrsim/state]
(2026-03-17T14:41:03.114618238) (2026-03-17T14:41:03.114626092) [Msg] Publishing pose messages on [/world/mrsim/pose/info]
(2026-03-17T14:41:03.114698332) (2026-03-17T14:41:03.114706460) [Msg] Publishing dynamic pose messages on [/world/mrsim/dynamic_pose/info]
(2026-03-17T14:41:03.115152520) (2026-03-17T14:41:03.115161792) [Dbg] [EntityComponentManager.cc:1623] Updated state thread iterators: 8 threads processing around 6 entities each.
(2026-03-17T14:41:03.283098263) (2026-03-17T14:41:03.283104300) [Dbg] [RenderUtil.cc:2591] Create scene [scene]
((2026-03-17T14:41:03.308857222) (2026-03-17T14:41:03.3088436372026-03-17T14:41:03.3088685582026-03-17T14:41:03.3088436372026-03-17T14:41:03.308868558) ) (2026-03-17T14:41:03.308882072) [Dbg] [Sensors.cc:610] Initialization needed
[Dbg] [Sensors.cc:284] Rendering Thread initialized
(2026-03-17T14:41:04.135882183) (2026-03-17T14:41:04.135893283) [Dbg] [CameraSensor.cc:394] Camera images for [qr4::base::camera] advertised on [/camera]
(2026-03-17T14:41:04.136094339) (2026-03-17T14:41:04.136103157) [Dbg] [CameraSensor.cc:705] Camera info for [qr4::base::camera] advertised on [/camera_info]
(2026-03-17T14:41:04.136433072) (2026-03-17T14:41:04.136437517) [Wrn] [Ogre2Camera.cc:390] Ogre2Camera::SetVisibilityMask: Mask bits c0000000 are set but will be ignored as they conflict with the reserved bits used internally by the ogre2 backend.
(2026-03-17T14:41:04.136620413) (2026-03-17T14:41:04.136624302) [Msg] Loading plugin [ignition-rendering-ogre2]
(2026-03-17T14:41:04.200819490) (2026-03-17T14:41:04.200828084) [Dbg] [CameraSensor.cc:518] Enabling camera sensor: 'qr4::base::camera' data generation.
(2026-03-17T14:41:22.992547232) (2026-03-17T14:41:22.992555898) [Dbg] [SignalHandler.cc:141] Received signal[2].
(2026-03-17T14:41:22.992579748) (2026-03-17T14:41:22.992583237) [Dbg] [ServerPrivate.cc:110] Server received signal[2]
(2026-03-17T14:41:22.992597780) (2026-03-17T14:41:22.992601171) [Dbg] [Sensors.cc:439] SensorsPrivate::Stop
(2026-03-17T14:41:22.992907705) (2026-03-17T14:41:22.992942840) [Dbg] [Sensors.cc:425] SensorsPrivate::RenderThread stopped
(2026-03-17T14:41:22.994749100) (2026-03-17T14:41:22.994754187) [Dbg] [gz.cc:410] Shutting down ign-gazebo-server
((2026-03-17T14:41:22.9969888112026-03-17T14:41:22.996992390) 2026-03-17T14:41:22.996992390) (((2026-03-17T14:41:22.9970022132026-03-17T14:41:22.9970096442026-03-17T14:41:22.9970022132026-03-17T14:41:22.997009644) (2026-03-17T14:41:22.997019688) 2026-03-17T14:41:22.997024856) ) [Dbg] [SimulationRunner.cc:528] [Dbg] [SimulationRunner.cc:528] [Dbg] [SimulationRunner.cc:528] Exiting postupdate worker thread (2)
Exiting postupdate worker thread (Exiting postupdate worker thread (1)

)
(2026-03-17T14:41:23.25249488) (2026-03-17T14:41:23.25263379) [Dbg] [Sensors.cc:439] SensorsPrivate::Stop
