(2026-03-10T11:43:50.861591903) (2026-03-10T11:43:50.861607490) [Msg] Ignition Gazebo Server v6.17.0
(2026-03-10T11:43:50.864043704) (2026-03-10T11:43:50.864051094) [Msg] Loading SDF world file[/home/user/ros2_ws/install/mrsim_gazebo_sim/share/mrsim_gazebo_sim/worlds/example.world].
(2026-03-10T11:43:51.71604795) (2026-03-10T11:43:51.71615926) [Msg] Serving entity system service on [/entity/system/add]
(2026-03-10T11:43:51.105803886) (2026-03-10T11:43:51.105811451) [Dbg] [SystemManager.cc:73] Loaded system [ignition::gazebo::systems::ShaderParam] for entity [9]
(2026-03-10T11:43:51.109080936) (2026-03-10T11:43:51.109089174) [Dbg] [SystemManager.cc:73] Loaded system [mrsim_gazebo_sim::SetPegPosePlugin] for entity [10]
(2026-03-10T11:43:51.146860647) (2026-03-10T11:43:51.146871474) [Dbg] [SystemManager.cc:73] Loaded system [mrsim_gazebo_sim::MrsimDroneIgnPlugin] for entity [14]
(2026-03-10T11:43:51.148980583) (2026-03-10T11:43:51.148991248) [Dbg] [MulticopterMotorModel.cc:373] Listening to topic: qr4/gazebo/command/motor_speed
(2026-03-10T11:43:51.149169655) (2026-03-10T11:43:51.149176730) [Dbg] [SystemManager.cc:73] Loaded system [gz::sim::systems::MulticopterMotorModel] for entity [14]
(2026-03-10T11:43:51.149628888) (2026-03-10T11:43:51.149636090) [Dbg] [MulticopterMotorModel.cc:373] Listening to topic: qr4/gazebo/command/motor_speed
(2026-03-10T11:43:51.149766116) (2026-03-10T11:43:51.149772225) [Dbg] [SystemManager.cc:73] Loaded system [gz::sim::systems::MulticopterMotorModel] for entity [14]
(2026-03-10T11:43:51.150220511) (2026-03-10T11:43:51.150227835) [Dbg] [MulticopterMotorModel.cc:373] Listening to topic: qr4/gazebo/command/motor_speed
(2026-03-10T11:43:51.150320476) (2026-03-10T11:43:51.150326798) [Dbg] [SystemManager.cc:73] Loaded system [gz::sim::systems::MulticopterMotorModel] for entity [14]
(2026-03-10T11:43:51.150677531) (2026-03-10T11:43:51.150683434) [Dbg] [MulticopterMotorModel.cc:373] Listening to topic: qr4/gazebo/command/motor_speed
(2026-03-10T11:43:51.150769336) (2026-03-10T11:43:51.150775185) [Dbg] [SystemManager.cc:73] Loaded system [gz::sim::systems::MulticopterMotorModel] for entity [14]
(2026-03-10T11:43:51.152611008) (2026-03-10T11:43:51.152620902) [Msg] OdometryPublisher publishing odometry on [/model/qr4/odometry]
(2026-03-10T11:43:51.152744914) (2026-03-10T11:43:51.152751238) [Msg] OdometryPublisher publishing odometry with covariance on [/model/qr4/odometry_with_covariance]
(2026-03-10T11:43:51.152868159) (2026-03-10T11:43:51.152874916) [Msg] OdometryPublisher publishing Pose_V (TF) on [/model/qr4/pose]
(2026-03-10T11:43:51.152906987) (2026-03-10T11:43:51.152912736) [Dbg] [SystemManager.cc:73] Loaded system [ignition::gazebo::systems::OdometryPublisher] for entity [14]
(2026-03-10T11:43:51.177119912) (2026-03-10T11:43:51.177131447) [Dbg] [Sensors.cc:506] Configuring Sensors system
(2026-03-10T11:43:51.177262897) (2026-03-10T11:43:51.177269307) [Dbg] [Sensors.cc:431] SensorsPrivate::Run
(2026-03-10T11:43:51.177426496) (2026-03-10T11:43:51.177433353) [Dbg] [SystemManager.cc:73] Loaded system [] for entity [2026-03-10T11:43:51.177453575) (2026-03-10T11:43:51.177473595]
[Dbg] [Sensors.cc:411] SensorsPrivate::RenderThread started
(2026-03-10T11:43:51.177503399) (2026-03-10T11:43:51.177507023) [Dbg] [Sensors.cc:258] Waiting for init
(2026-03-10T11:43:51.178109462) (2026-03-10T11:43:51.178117711) [Msg] Loaded level [3]
(2026-03-10T11:43:51.178150365) (2026-03-10T11:43:51.178156071) [Msg] No systems loaded from SDF, loading defaults
(2026-03-10T11:43:51.178688088) (2026-03-10T11:43:51.178696031) [Dbg] [ServerConfig.cc:1043] Loaded (3) plugins from file [/home/user/.ignition/gazebo/6/server.config]
(2026-03-10T11:43:51.226738498) (2026-03-10T11:43:51.226748877) [Dbg] [Physics.cc:804] Loaded [ignition::physics::dartsim::Plugin] from library [/usr/lib/x86_64-linux-gnu/ign-physics-5/engine-plugins/libignition-physics-dartsim-plugin.so]
(2026-03-10T11:43:51.226832102) (2026-03-10T11:43:51.226838048) [Dbg] [SystemManager.cc:73] Loaded system [gz::sim::systems::Physics] for entity [1]
(2026-03-10T11:43:51.230438047) (2026-03-10T11:43:51.230459072) [Msg] Create service on [/world/mrsim/create]
(2026-03-10T11:43:51.230588361) (2026-03-10T11:43:51.230595256) [Msg] Remove service on [/world/mrsim/remove]
(2026-03-10T11:43:51.230691701) (2026-03-10T11:43:51.230698570) [Msg] Pose service on [/world/mrsim/set_pose]
(2026-03-10T11:43:51.230759356) (2026-03-10T11:43:51.230765193) [Msg] Pose service on [/world/mrsim/set_pose_vector]
(2026-03-10T11:43:51.230913886) (2026-03-10T11:43:51.230920653) [Msg] Light configuration service on [/world/mrsim/light_config]
(2026-03-10T11:43:51.231102698) (2026-03-10T11:43:51.231109311) [Msg] Physics service on [/world/mrsim/set_physics]
(2026-03-10T11:43:51.231243778) (2026-03-10T11:43:51.231250647) [Msg] SphericalCoordinates service on [/world/mrsim/set_spherical_coordinates]
(2026-03-10T11:43:51.231312689) (2026-03-10T11:43:51.231319191) [Msg] Enable collision service on [/world/mrsim/enable_collision]
(2026-03-10T11:43:51.231373292) (2026-03-10T11:43:51.231379770) [Msg] Disable collision service on [/world/mrsim/disable_collision]
(2026-03-10T11:43:51.231536831) (2026-03-10T11:43:51.231543425) [Msg] Material service on [/world/mrsim/visual_config]
(2026-03-10T11:43:51.231634028) (2026-03-10T11:43:51.231640689) [Msg] Material service on [/world/mrsim/wheel_slip]
(2026-03-10T11:43:51.231677624) (2026-03-10T11:43:51.231683577) [Dbg] [SystemManager.cc:73] Loaded system [gz::sim::systems::UserCommands] for entity [1]
(2026-03-10T11:43:51.234698518) (2026-03-10T11:43:51.234709424) [Dbg] [SystemManager.cc:73] Loaded system [gz::sim::systems::SceneBroadcaster] for entity [1]
(2026-03-10T11:43:51.235128349) (2026-03-10T11:43:51.235136698) [Msg] Serving world controls on [/world/mrsim/control], [/world/mrsim/control/state] and [/world/mrsim/playback/control]
(2026-03-10T11:43:51.235260537) (2026-03-10T11:43:51.235267151) [Msg] Serving GUI information on [/world/mrsim/gui/info]
(2026-03-10T11:43:51.235298487) (2026-03-10T11:43:51.235304362) [Msg] World [mrsim] initialized with [1ms] physics profile.
(2026-03-10T11:43:51.235454552) (2026-03-10T11:43:51.235461225) [Msg] Serving world SDF generation service on [/world/mrsim/generate_world_sdf]
(2026-03-10T11:43:51.235801405) (2026-03-10T11:43:51.235809166) [Msg] Serving world names on [/gazebo/worlds]
(2026-03-10T11:43:51.336227007) (2026-03-10T11:43:51.336240028) [Msg] Resource path add service on [/gazebo/resource_paths/add].
(2026-03-10T11:43:51.336336396) (2026-03-10T11:43:51.336343119) [Msg] Resource path get service on [/gazebo/resource_paths/get].
(2026-03-10T11:43:51.336440378) (2026-03-10T11:43:51.336446822) [Msg] Resource path resolve service on [/gazebo/resource_paths/resolve].
(2026-03-10T11:43:51.336674711) (2026-03-10T11:43:51.336682049) [Msg] Resource paths published on [/gazebo/resource_paths].
(2026-03-10T11:43:51.336852316) (2026-03-10T11:43:51.336859175) [Msg] Server control service on [/server_control].
(2026-03-10T11:43:52.760045285) (2026-03-10T11:43:52.760056567) [Msg] Found no publishers on /stats, adding root stats topic
(2026-03-10T11:43:52.760243378) (2026-03-10T11:43:52.760257363) [Msg] Found no publishers on /clock, adding root clock topic
(2026-03-10T11:43:52.760424094) (2026-03-10T11:43:52.760429278) [Dbg] [SimulationRunner.cc:501] Creating PostUpdate worker threads: 4
(2026-03-10T11:43:52.760454848) (2026-03-10T11:43:52.760460600) [Dbg] [SimulationRunner.cc:512] Creating postupdate worker thread (0)
(2026-03-10T11:43:52.760544568) (2026-03-10T11:43:52.760550658) [Dbg] [SimulationRunner.cc:512] Creating postupdate worker thread (1)
(2026-03-10T11:43:52.760598144) (2026-03-10T11:43:52.760604132) [Dbg] [SimulationRunner.cc:512] Creating postupdate worker thread (2)
(2026-03-10T11:43:52.767134005) (2026-03-10T11:43:52.767142571) [Dbg] [Sensors.cc:610] Initialization needed
(2026-03-10T11:43:52.767181015) (2026-03-10T11:43:52.767189867) [Dbg] [Sensors.cc:270] Initializing render context
(2026-03-10T11:43:52.767314135) (2026-03-10T11:43:52.767318471) [Msg] Loading plugin [ignition-rendering-ogre2]
(2026-03-10T11:43:52.768507608) (2026-03-10T11:43:52.768520063) [Msg] Serving scene information on [/world/mrsim/scene/info]
(2026-03-10T11:43:52.768604848) (2026-03-10T11:43:52.768611044) [Msg] Serving graph information on [/world/mrsim/scene/graph]
(2026-03-10T11:43:52.768828909) (2026-03-10T11:43:52.768835406) [Msg] Serving full state on [/world/mrsim/state]
(2026-03-10T11:43:52.768930761) (2026-03-10T11:43:52.768936744) [Msg] Serving full state (async) on [/world/mrsim/state_async]
(2026-03-10T11:43:52.769044704) (2026-03-10T11:43:52.769080329) [Msg] Publishing scene information on [/world/mrsim/scene/info]
(2026-03-10T11:43:52.769763667) (2026-03-10T11:43:52.769771121) [Msg] Publishing entity deletions on [/world/mrsim/scene/deletion]
(2026-03-10T11:43:52.769880070) (2026-03-10T11:43:52.769885350) [Msg] Publishing state changes on [/world/mrsim/state]
(2026-03-10T11:43:52.770002955) (2026-03-10T11:43:52.770008407) [Msg] Publishing pose messages on [/world/mrsim/pose/info]
(2026-03-10T11:43:52.770098351) (2026-03-10T11:43:52.770103653) [Msg] Publishing dynamic pose messages on [/world/mrsim/dynamic_pose/info]
(2026-03-10T11:43:52.770366849) (2026-03-10T11:43:52.770372531) [Dbg] [EntityComponentManager.cc:1623] Updated state thread iterators: 8 threads processing around 6 entities each.
(2026-03-10T11:43:52.775702263) (2026-03-10T11:43:52.775712490) [Wrn] [Component.hh:144] (2026-03-10T11:43:52.775757282) (2026-03-10T11:43:52.775768414) Trying to serialize component with data type [N3sdf3v125WorldE], which doesn't have `operator<<`. Component will not be serialized.
(2026-03-10T11:43:52.776559654) (2026-03-10T11:43:52.776567587) [Wrn] [Model.hh:69] Skipping serialization / deserialization for models with //pose/@relative_to attribute.
[Wrn] [Model.hh:69] Skipping serialization / deserialization for models with //pose/@relative_to attribute.
(2026-03-10T11:43:52.937439245) (2026-03-10T11:43:52.937448700) [Dbg] [RenderUtil.cc:2591] Create scene [scene]
((2026-03-10T11:43:52.9701361192026-03-10T11:43:52.9701506852026-03-10T11:43:52.9701361192026-03-10T11:43:52.970150685) ) ((2026-03-10T11:43:52.970170433) 2026-03-10T11:43:52.970166944) [Dbg] [Sensors.cc:610] Initialization needed
[Dbg] [Sensors.cc:284] Rendering Thread initialized
(2026-03-10T11:43:54.27694300) (2026-03-10T11:43:54.27718038) [Dbg] [CameraSensor.cc:449] Camera images for [qr4::base::camera] advertised on [/camera]
(2026-03-10T11:43:54.28780969) (2026-03-10T11:43:54.28786942) [Dbg] [CameraSensor.cc:760] Camera info for [qr4::base::camera] advertised on [/camera_info]
(2026-03-10T11:43:54.30229757) (2026-03-10T11:43:54.30238101) [Wrn] [Ogre2Camera.cc:390] Ogre2Camera::SetVisibilityMask: Mask bits c0000000 are set but will be ignored as they conflict with the reserved bits used internally by the ogre2 backend.
(2026-03-10T11:43:54.30923363) (2026-03-10T11:43:54.30929685) [Msg] Loading plugin [ignition-rendering-ogre2]
(2026-03-10T11:43:54.105358548) (2026-03-10T11:43:54.105369862) [Dbg] [CameraSensor.cc:573] Enabling camera sensor: 'qr4::base::camera' data generation.
(2026-03-10T11:44:14.745491468) (2026-03-10T11:44:14.745503775) [Dbg] [SimulationFeatures.cc:71] Simulation timestep set to: 0.005
(2026-03-10T11:44:27.910692925) (2026-03-10T11:44:27.910707182) [Dbg] [SignalHandler.cc:141] Received signal[2].
(2026-03-10T11:44:27.910748896) (2026-03-10T11:44:27.910754615) [Dbg] [ServerPrivate.cc:110] Server received signal[2]
(2026-03-10T11:44:27.910798221) (2026-03-10T11:44:27.910804952) [Dbg] [Sensors.cc:439] SensorsPrivate::Stop
(2026-03-10T11:44:27.913007068) (2026-03-10T11:44:27.913046123) [Dbg] [Sensors.cc:425] SensorsPrivate::RenderThread stopped
(2026-03-10T11:44:27.915286634) (2026-03-10T11:44:27.915303624) [Dbg] [gz.cc:410] Shutting down ign-gazebo-server
((2026-03-10T11:44:27.9188805942026-03-10T11:44:27.9188805932026-03-10T11:44:27.9188805942026-03-10T11:44:27.918880593) (2026-03-10T11:44:27.918902410) (2026-03-10T11:44:27.918910343) [Dbg] [SimulationRunner.cc:528] [Dbg] [SimulationRunner.cc:528] (2026-03-10T11:44:27.918939754) ((2026-03-10T11:44:27.918953326) 1)
Exiting postupdate worker thread (0)
[Dbg] [SimulationRunner.cc:528] Exiting postupdate worker thread (2)
(2026-03-10T11:44:27.944087998) (2026-03-10T11:44:27.944095333) [Dbg] [Sensors.cc:439] SensorsPrivate::Stop
