(2026-03-17T13:42:42.353154740) (2026-03-17T13:42:42.353161966) [Msg] Ignition Gazebo Server v6.17.1
(2026-03-17T13:42:42.355234612) (2026-03-17T13:42:42.355244613) [Msg] Loading SDF world file[/home/user/ros2_ws/install/mrsim_gazebo_sim/share/mrsim_gazebo_sim/worlds/example.world].
(2026-03-17T13:42:42.609331007) (2026-03-17T13:42:42.609341447) [Msg] Serving entity system service on [/entity/system/add]
(2026-03-17T13:42:42.632872269) (2026-03-17T13:42:42.632880470) [Dbg] [SystemManager.cc:73] Loaded system [ignition::gazebo::systems::ShaderParam] for entity [9]
(2026-03-17T13:42:42.635440671) (2026-03-17T13:42:42.635449001) [Dbg] [SystemManager.cc:73] Loaded system [mrsim_gazebo_sim::SetPegPosePlugin] for entity [10]
(2026-03-17T13:42:42.664197935) (2026-03-17T13:42:42.664208923) [Dbg] [SystemManager.cc:73] Loaded system [mrsim_gazebo_sim::MrsimDroneIgnPlugin] for entity [14]
(2026-03-17T13:42:42.665952423) (2026-03-17T13:42:42.665958563) [Dbg] [MulticopterMotorModel.cc:373] Listening to topic: qr4/gazebo/command/motor_speed
(2026-03-17T13:42:42.666071659) (2026-03-17T13:42:42.666076879) [Dbg] [SystemManager.cc:73] Loaded system [ignition::gazebo::systems::MulticopterMotorModel] for entity [14]
(2026-03-17T13:42:42.666450983) (2026-03-17T13:42:42.666456407) [Dbg] [MulticopterMotorModel.cc:373] Listening to topic: qr4/gazebo/command/motor_speed
(2026-03-17T13:42:42.666518802) (2026-03-17T13:42:42.666524611) [Dbg] [SystemManager.cc:73] Loaded system [ignition::gazebo::systems::MulticopterMotorModel] for entity [14]
(2026-03-17T13:42:42.666848119) (2026-03-17T13:42:42.666852372) [Dbg] [MulticopterMotorModel.cc:373] Listening to topic: qr4/gazebo/command/motor_speed
(2026-03-17T13:42:42.666901320) (2026-03-17T13:42:42.666905256) [Dbg] [SystemManager.cc:73] Loaded system [ignition::gazebo::systems::MulticopterMotorModel] for entity [14]
(2026-03-17T13:42:42.667390127) (2026-03-17T13:42:42.667394749) [Dbg] [MulticopterMotorModel.cc:373] Listening to topic: qr4/gazebo/command/motor_speed
(2026-03-17T13:42:42.667492470) (2026-03-17T13:42:42.667510682) [Dbg] [SystemManager.cc:73] Loaded system [ignition::gazebo::systems::MulticopterMotorModel] for entity [14]
(2026-03-17T13:42:42.668878038) (2026-03-17T13:42:42.668883620) [Msg] OdometryPublisher publishing odometry on [/model/qr4/odometry]
(2026-03-17T13:42:42.668949337) (2026-03-17T13:42:42.669011883) [Msg] OdometryPublisher publishing odometry with covariance on [/model/qr4/odometry_with_covariance]
(2026-03-17T13:42:42.669065223) (2026-03-17T13:42:42.669069061) [Msg] OdometryPublisher publishing Pose_V (TF) on [/model/qr4/pose]
(2026-03-17T13:42:42.669087400) (2026-03-17T13:42:42.669090813) [Dbg] [SystemManager.cc:73] Loaded system [ignition::gazebo::systems::OdometryPublisher] for entity [14]
(2026-03-17T13:42:42.679664458) (2026-03-17T13:42:42.679672051) [Dbg] [Sensors.cc:506] Configuring Sensors system
(2026-03-17T13:42:42.679754823) (2026-03-17T13:42:42.679758377) [Dbg] [Sensors.cc:431] SensorsPrivate::Run
(2026-03-17T13:42:42.679842039) ((((2026-03-17T13:42:42.679850936) [Dbg] [Sensors.cc:411] 2026-03-17T13:42:42.679858800) (2026-03-17T13:42:42.679870797) ) 
[Dbg] [SystemManager.cc:73] (2026-03-17T13:42:42.679891174) 2026-03-17T13:42:42.679898544) ignition::gazebo::systems::Sensors] for entity [14[Dbg] [Sensors.cc:258] Waiting for init
14[Dbg] [Sensors.cc:258] ]
(2026-03-17T13:42:42.680347027) (2026-03-17T13:42:42.680352348) [Msg] Loaded level [3]
(2026-03-17T13:42:42.680375018) (2026-03-17T13:42:42.680379630) [Msg] No systems loaded from SDF, loading defaults
(2026-03-17T13:42:42.680533625) (2026-03-17T13:42:42.680538621) [Dbg] [ServerConfig.cc:1043] Loaded (3) plugins from file [/home/user/.ignition/gazebo/6/server.config]
(2026-03-17T13:42:42.698827329) (2026-03-17T13:42:42.698835653) [Dbg] [Physics.cc:804] Loaded [ignition::physics::dartsim::Plugin] from library [/usr/lib/x86_64-linux-gnu/ign-physics-5/engine-plugins/libignition-physics-dartsim-plugin.so]
(2026-03-17T13:42:42.698880369) (2026-03-17T13:42:42.698883897) [Dbg] [SystemManager.cc:73] Loaded system [gz::sim::systems::Physics] for entity [1]
(2026-03-17T13:42:42.700630186) (2026-03-17T13:42:42.700703775) [Msg] Create service on [/world/mrsim/create]
(2026-03-17T13:42:42.700795730) (2026-03-17T13:42:42.700802434) [Msg] Remove service on [/world/mrsim/remove]
(2026-03-17T13:42:42.700882784) (2026-03-17T13:42:42.700938957) [Msg] Pose service on [/world/mrsim/set_pose]
(2026-03-17T13:42:42.701042778) (2026-03-17T13:42:42.701054254) [Msg] Pose service on [/world/mrsim/set_pose_vector]
(2026-03-17T13:42:42.701337592) (2026-03-17T13:42:42.701343591) [Msg] Light configuration service on [/world/mrsim/light_config]
(2026-03-17T13:42:42.701681030) (2026-03-17T13:42:42.701686403) [Msg] Physics service on [/world/mrsim/set_physics]
(2026-03-17T13:42:42.702033382) (2026-03-17T13:42:42.702038272) [Msg] SphericalCoordinates service on [/world/mrsim/set_spherical_coordinates]
(2026-03-17T13:42:42.702217352) (2026-03-17T13:42:42.702269229) [Msg] Enable collision service on [/world/mrsim/enable_collision]
(2026-03-17T13:42:42.702391011) (2026-03-17T13:42:42.702396427) [Msg] Disable collision service on [/world/mrsim/disable_collision]
(2026-03-17T13:42:42.702641100) (2026-03-17T13:42:42.702698243) [Msg] Material service on [/world/mrsim/visual_config]
(2026-03-17T13:42:42.702986177) (2026-03-17T13:42:42.702999352) [Msg] Material service on [/world/mrsim/wheel_slip]
(2026-03-17T13:42:42.703087188) (2026-03-17T13:42:42.703092139) [Dbg] [SystemManager.cc:73] Loaded system [gz::sim::systems::UserCommands] for entity [1]
(2026-03-17T13:42:42.704892352) (2026-03-17T13:42:42.704898201) [Dbg] [SystemManager.cc:73] Loaded system [gz::sim::systems::SceneBroadcaster] for entity [1]
(2026-03-17T13:42:42.705168449) (2026-03-17T13:42:42.705173922) [Msg] Serving world controls on [/world/mrsim/control], [/world/mrsim/control/state] and [/world/mrsim/playback/control]
(2026-03-17T13:42:42.705312359) (2026-03-17T13:42:42.705316397) [Msg] Serving GUI information on [/world/mrsim/gui/info]
(2026-03-17T13:42:42.705403938) (2026-03-17T13:42:42.705407411) [Msg] World [mrsim] initialized with [1ms] physics profile.
(2026-03-17T13:42:42.705489094) (2026-03-17T13:42:42.705492978) [Msg] Serving world SDF generation service on [/world/mrsim/generate_world_sdf]
(2026-03-17T13:42:42.705692309) (2026-03-17T13:42:42.705711605) [Msg] Serving world names on [/gazebo/worlds]
(2026-03-17T13:42:42.705820627) (2026-03-17T13:42:42.705825336) [Msg] Resource path add service on [/gazebo/resource_paths/add].
(2026-03-17T13:42:42.706065729) (2026-03-17T13:42:42.706084347) [Msg] Resource path get service on [/gazebo/resource_paths/get].
(2026-03-17T13:42:42.706184747) (2026-03-17T13:42:42.706189407) [Msg] Resource path resolve service on [/gazebo/resource_paths/resolve].
(2026-03-17T13:42:42.706450661) (2026-03-17T13:42:42.706470738) [Msg] Resource paths published on [/gazebo/resource_paths].
(2026-03-17T13:42:42.706621100) (2026-03-17T13:42:42.706627078) [Msg] Server control service on [/server_control].
(2026-03-17T13:42:44.251162002) (2026-03-17T13:42:44.251170014) [Msg] Found no publishers on /stats, adding root stats topic
(2026-03-17T13:42:44.251333047) (2026-03-17T13:42:44.251337336) [Msg] Found no publishers on /clock, adding root clock topic
(2026-03-17T13:42:44.251530259) (2026-03-17T13:42:44.251541388) [Dbg] [SimulationRunner.cc:501] Creating PostUpdate worker threads: 4
(2026-03-17T13:42:44.251560699) (2026-03-17T13:42:44.251564167) [Dbg] [SimulationRunner.cc:512] Creating postupdate worker thread (0)
(2026-03-17T13:42:44.251632063) (2026-03-17T13:42:44.251635780) [Dbg] [SimulationRunner.cc:512] Creating postupdate worker thread (1)
(2026-03-17T13:42:44.251671945) (2026-03-17T13:42:44.251675474) [Dbg] [SimulationRunner.cc:512] Creating postupdate worker thread (2)
(2026-03-17T13:42:44.255906145) (2026-03-17T13:42:44.255914154) [Dbg] [SimulationFeatures.cc:71] Simulation timestep set to: 0.005
(2026-03-17T13:42:44.256341680) (2026-03-17T13:42:44.256351348) [Dbg] [Sensors.cc:610] Initialization needed
(2026-03-17T13:42:44.256394069) (2026-03-17T13:42:44.256400419) [Dbg] [Sensors.cc:270] Initializing render context
(2026-03-17T13:42:44.256568071) (2026-03-17T13:42:44.256572418) [Msg] Loading plugin [ignition-rendering-ogre2]
(2026-03-17T13:42:44.257446080) (2026-03-17T13:42:44.257455269) [Msg] Serving scene information on [/world/mrsim/scene/info]
(2026-03-17T13:42:44.257621807) (2026-03-17T13:42:44.257628866) [Msg] Serving graph information on [/world/mrsim/scene/graph]
(2026-03-17T13:42:44.257811961) (2026-03-17T13:42:44.257818952) [Msg] Serving full state on [/world/mrsim/state]
(2026-03-17T13:42:44.257886417) (2026-03-17T13:42:44.257892604) [Msg] Serving full state (async) on [/world/mrsim/state_async]
(2026-03-17T13:42:44.257978368) (2026-03-17T13:42:44.257984896) [Msg] Publishing scene information on [/world/mrsim/scene/info]
(2026-03-17T13:42:44.258067451) (2026-03-17T13:42:44.258073835) [Msg] Publishing entity deletions on [/world/mrsim/scene/deletion]
(2026-03-17T13:42:44.258128012) (2026-03-17T13:42:44.258134343) [Msg] Publishing state changes on [/world/mrsim/state]
(2026-03-17T13:42:44.258204874) (2026-03-17T13:42:44.258211366) [Msg] Publishing pose messages on [/world/mrsim/pose/info]
(2026-03-17T13:42:44.258279391) (2026-03-17T13:42:44.258285753) [Msg] Publishing dynamic pose messages on [/world/mrsim/dynamic_pose/info]
(2026-03-17T13:42:44.258574651) (2026-03-17T13:42:44.258585031) [Dbg] [EntityComponentManager.cc:1623] Updated state thread iterators: 8 threads processing around 6 entities each.
(2026-03-17T13:42:44.394601584) (2026-03-17T13:42:44.394608515) [Dbg] [RenderUtil.cc:2591] Create scene [scene]
((2026-03-17T13:42:44.419826884) (2026-03-17T13:42:44.4198522512026-03-17T13:42:44.419842869) 2026-03-17T13:42:44.419842869) ) () [Dbg] [Sensors.cc:284] [Dbg] [Sensors.cc:610] [Dbg] [Sensors.cc:284] [Dbg] [Sensors.cc:610] Rendering Thread initialized

(2026-03-17T13:42:45.226940629) (2026-03-17T13:42:45.226951288) [Dbg] [CameraSensor.cc:394] Camera images for [qr4::base::camera] advertised on [/camera]
(2026-03-17T13:42:45.227183078) (2026-03-17T13:42:45.227188782) [Dbg] [CameraSensor.cc:705] Camera info for [qr4::base::camera] advertised on [/camera_info]
(2026-03-17T13:42:45.227562438) (2026-03-17T13:42:45.227567436) [Wrn] [Ogre2Camera.cc:390] Ogre2Camera::SetVisibilityMask: Mask bits c0000000 are set but will be ignored as they conflict with the reserved bits used internally by the ogre2 backend.
(2026-03-17T13:42:45.227772025) (2026-03-17T13:42:45.227775993) [Msg] Loading plugin [ignition-rendering-ogre2]
(2026-03-17T13:42:45.292455920) (2026-03-17T13:42:45.292468051) [Dbg] [CameraSensor.cc:518] Enabling camera sensor: 'qr4::base::camera' data generation.
(2026-03-17T13:42:58.401155629) (2026-03-17T13:42:58.401163161) [Dbg] [SignalHandler.cc:141] Received signal[2].
(2026-03-17T13:42:58.401183603) (2026-03-17T13:42:58.401187013) [Dbg] [ServerPrivate.cc:110] Server received signal[2]
(2026-03-17T13:42:58.401202345) (2026-03-17T13:42:58.401205741) [Dbg] [Sensors.cc:439] SensorsPrivate::Stop
(2026-03-17T13:42:58.401488675) (2026-03-17T13:42:58.401494285) [Dbg] [Sensors.cc:425] SensorsPrivate::RenderThread stopped
(2026-03-17T13:42:58.402116188) (2026-03-17T13:42:58.402122832) [Dbg] [gz.cc:410] Shutting down ign-gazebo-server
(2026-03-17T13:42:58.404201077) (2026-03-17T13:42:58.404206666) [Dbg] [SimulationRunner.cc:528] ((((2026-03-17T13:42:58.404222130) 0)
) () (2026-03-17T13:42:58.404257739) [Dbg] [SimulationRunner.cc:528] Exiting postupdate worker thread (1[Dbg] [SimulationRunner.cc:528] )
[Dbg] [SimulationRunner.cc:528] )Exiting postupdate worker thread (2)
(2026-03-17T13:42:58.430856347) (2026-03-17T13:42:58.430872634) [Dbg] [Sensors.cc:439] SensorsPrivate::Stop
