(2026-03-10T10:47:43.970762356) (2026-03-10T10:47:43.970768927) [Msg] Ignition Gazebo Server v6.17.0
(2026-03-10T10:47:43.973001546) (2026-03-10T10:47:43.973011350) [Msg] Loading SDF world file[/home/user/ros2_ws/install/mrsim_gazebo_sim/share/mrsim_gazebo_sim/worlds/example.world].
(2026-03-10T10:47:44.207142042) (2026-03-10T10:47:44.207149833) [Msg] Serving entity system service on [/entity/system/add]
(2026-03-10T10:47:44.213936829) (2026-03-10T10:47:44.213943951) [Dbg] [SystemManager.cc:73] Loaded system [mrsim_gazebo_sim::SetPegPosePlugin] for entity [11]
(2026-03-10T10:47:44.249467818) (2026-03-10T10:47:44.249477881) [Dbg] [SystemManager.cc:73] Loaded system [mrsim_gazebo_sim::MrsimDroneIgnPlugin] for entity [15]
(2026-03-10T10:47:44.252600486) (2026-03-10T10:47:44.252609813) [Dbg] [MulticopterMotorModel.cc:373] Listening to topic: qr4/gazebo/command/motor_speed
(2026-03-10T10:47:44.252779356) (2026-03-10T10:47:44.252785494) [Dbg] [SystemManager.cc:73] Loaded system [gz::sim::systems::MulticopterMotorModel] for entity [15]
(2026-03-10T10:47:44.253262595) (2026-03-10T10:47:44.253269754) [Dbg] [MulticopterMotorModel.cc:373] Listening to topic: qr4/gazebo/command/motor_speed
(2026-03-10T10:47:44.253343895) (2026-03-10T10:47:44.253349736) [Dbg] [SystemManager.cc:73] Loaded system [gz::sim::systems::MulticopterMotorModel] for entity [15]
(2026-03-10T10:47:44.253716085) (2026-03-10T10:47:44.253723254) [Dbg] [MulticopterMotorModel.cc:373] Listening to topic: qr4/gazebo/command/motor_speed
(2026-03-10T10:47:44.253796505) (2026-03-10T10:47:44.253802559) [Dbg] [SystemManager.cc:73] Loaded system [gz::sim::systems::MulticopterMotorModel] for entity [15]
(2026-03-10T10:47:44.254124705) (2026-03-10T10:47:44.254131092) [Dbg] [MulticopterMotorModel.cc:373] Listening to topic: qr4/gazebo/command/motor_speed
(2026-03-10T10:47:44.254197987) (2026-03-10T10:47:44.254203988) [Dbg] [SystemManager.cc:73] Loaded system [gz::sim::systems::MulticopterMotorModel] for entity [15]
(2026-03-10T10:47:44.257506938) (2026-03-10T10:47:44.257516951) [Msg] OdometryPublisher publishing odometry on [/model/qr4/odometry]
(2026-03-10T10:47:44.257616307) (2026-03-10T10:47:44.257622421) [Msg] OdometryPublisher publishing odometry with covariance on [/model/qr4/odometry_with_covariance]
(2026-03-10T10:47:44.257709768) (2026-03-10T10:47:44.257715330) [Msg] OdometryPublisher publishing Pose_V (TF) on [/model/qr4/pose]
(2026-03-10T10:47:44.257747335) (2026-03-10T10:47:44.257752610) [Dbg] [SystemManager.cc:73] Loaded system [ignition::gazebo::systems::OdometryPublisher] for entity [15]
(2026-03-10T10:47:44.337656612) (2026-03-10T10:47:44.337664863) [Dbg] [Sensors.cc:506] Configuring Sensors system
(2026-03-10T10:47:44.337747685) (2026-03-10T10:47:44.337751225) [Dbg] [Sensors.cc:431] SensorsPrivate::Run
(2026-03-10T10:47:44.337819642) (2026-03-10T10:47:44.337825632) [Dbg] [SystemManager.cc:73] Loaded system [ignition::gazebo::systems::Sensors] for entity [2026-03-10T10:47:44.337840480) (15]
) SensorsPrivate::RenderThread started
(2026-03-10T10:47:44.337878638) (2026-03-10T10:47:44.337883828) [Dbg] [Sensors.cc:258] Waiting for init
(2026-03-10T10:47:44.338190830) (2026-03-10T10:47:44.338194931) [Msg] Loaded level [3]
(2026-03-10T10:47:44.338212320) (2026-03-10T10:47:44.338215726) [Msg] No systems loaded from SDF, loading defaults
(2026-03-10T10:47:44.338347863) (2026-03-10T10:47:44.338351650) [Dbg] [ServerConfig.cc:1043] Loaded (3) plugins from file [/home/user/.ignition/gazebo/6/server.config]
(2026-03-10T10:47:44.381642398) (2026-03-10T10:47:44.381655871) [Dbg] [Physics.cc:804] Loaded [ignition::physics::dartsim::Plugin] from library [/usr/lib/x86_64-linux-gnu/ign-physics-5/engine-plugins/libignition-physics-dartsim-plugin.so]
(2026-03-10T10:47:44.381769189) (2026-03-10T10:47:44.381775350) [Dbg] [SystemManager.cc:73] Loaded system [gz::sim::systems::Physics] for entity [1]
(2026-03-10T10:47:44.386729947) (2026-03-10T10:47:44.386738184) [Msg] Create service on [/world/mrsim/create]
(2026-03-10T10:47:44.386933563) (2026-03-10T10:47:44.386940918) [Msg] Remove service on [/world/mrsim/remove]
(2026-03-10T10:47:44.387115326) (2026-03-10T10:47:44.387122067) [Msg] Pose service on [/world/mrsim/set_pose]
(2026-03-10T10:47:44.387246103) (2026-03-10T10:47:44.387252619) [Msg] Pose service on [/world/mrsim/set_pose_vector]
(2026-03-10T10:47:44.387554141) (2026-03-10T10:47:44.387560524) [Msg] Light configuration service on [/world/mrsim/light_config]
(2026-03-10T10:47:44.387832269) (2026-03-10T10:47:44.387838713) [Msg] Physics service on [/world/mrsim/set_physics]
(2026-03-10T10:47:44.387992212) (2026-03-10T10:47:44.387997607) [Msg] SphericalCoordinates service on [/world/mrsim/set_spherical_coordinates]
(2026-03-10T10:47:44.388088991) (2026-03-10T10:47:44.388095305) [Msg] Enable collision service on [/world/mrsim/enable_collision]
(2026-03-10T10:47:44.388190349) (2026-03-10T10:47:44.388196529) [Msg] Disable collision service on [/world/mrsim/disable_collision]
(2026-03-10T10:47:44.388413978) (2026-03-10T10:47:44.388420520) [Msg] Material service on [/world/mrsim/visual_config]
(2026-03-10T10:47:44.388554234) (2026-03-10T10:47:44.388560715) [Msg] Material service on [/world/mrsim/wheel_slip]
(2026-03-10T10:47:44.388601011) (2026-03-10T10:47:44.388606683) [Dbg] [SystemManager.cc:73] Loaded system [gz::sim::systems::UserCommands] for entity [1]
(2026-03-10T10:47:44.393091536) (2026-03-10T10:47:44.393099601) [Dbg] [SystemManager.cc:73] Loaded system [gz::sim::systems::SceneBroadcaster] for entity [1]
(2026-03-10T10:47:44.393484041) (2026-03-10T10:47:44.393489043) [Msg] Serving world controls on [/world/mrsim/control], [/world/mrsim/control/state] and [/world/mrsim/playback/control]
(2026-03-10T10:47:44.393569400) (2026-03-10T10:47:44.393573580) [Msg] Serving GUI information on [/world/mrsim/gui/info]
(2026-03-10T10:47:44.393592296) (2026-03-10T10:47:44.393595709) [Msg] World [mrsim] initialized with [1ms] physics profile.
(2026-03-10T10:47:44.393698326) (2026-03-10T10:47:44.393702494) [Msg] Serving world SDF generation service on [/world/mrsim/generate_world_sdf]
(2026-03-10T10:47:44.393766349) (2026-03-10T10:47:44.393770179) [Msg] Serving world names on [/gazebo/worlds]
(2026-03-10T10:47:44.393807188) (2026-03-10T10:47:44.393812141) [Msg] Resource path add service on [/gazebo/resource_paths/add].
(2026-03-10T10:47:44.393853947) (2026-03-10T10:47:44.393859098) [Msg] Resource path get service on [/gazebo/resource_paths/get].
(2026-03-10T10:47:44.393908592) (2026-03-10T10:47:44.393913419) [Msg] Resource path resolve service on [/gazebo/resource_paths/resolve].
(2026-03-10T10:47:44.394177573) (2026-03-10T10:47:44.394183732) [Msg] Resource paths published on [/gazebo/resource_paths].
(2026-03-10T10:47:44.494684798) (2026-03-10T10:47:44.494696518) [Msg] Server control service on [/server_control].
(2026-03-10T10:47:45.868466565) (2026-03-10T10:47:45.868473835) [Msg] Found no publishers on /stats, adding root stats topic
(2026-03-10T10:47:45.868625858) (2026-03-10T10:47:45.868630818) [Msg] Found no publishers on /clock, adding root clock topic
(2026-03-10T10:47:45.868796624) (2026-03-10T10:47:45.868801122) [Dbg] [SimulationRunner.cc:501] Creating PostUpdate worker threads: 4
(2026-03-10T10:47:45.868819284) (2026-03-10T10:47:45.868822906) [Dbg] [SimulationRunner.cc:512] Creating postupdate worker thread (0)
(2026-03-10T10:47:45.868929619) (2026-03-10T10:47:45.868934705) [Dbg] [SimulationRunner.cc:512] Creating postupdate worker thread (1)
(2026-03-10T10:47:45.868971404) (2026-03-10T10:47:45.868976616) [Dbg] [SimulationRunner.cc:512] Creating postupdate worker thread (2)
(2026-03-10T10:47:45.880264095) (2026-03-10T10:47:45.880276855) [Dbg] [Sensors.cc:610] Initialization needed
(2026-03-10T10:47:45.880323928) (2026-03-10T10:47:45.880330065) [Dbg] [Sensors.cc:270] Initializing render context
(2026-03-10T10:47:45.880430205) (2026-03-10T10:47:45.880434074) [Msg] Loading plugin [ignition-rendering-ogre2]
(2026-03-10T10:47:45.881267360) (2026-03-10T10:47:45.881275409) [Msg] Serving scene information on [/world/mrsim/scene/info]
(2026-03-10T10:47:45.881365506) (2026-03-10T10:47:45.881370095) [Msg] Serving graph information on [/world/mrsim/scene/graph]
(2026-03-10T10:47:45.881514242) (2026-03-10T10:47:45.881519268) [Msg] Serving full state on [/world/mrsim/state]
(2026-03-10T10:47:45.881578180) (2026-03-10T10:47:45.881585591) [Msg] Serving full state (async) on [/world/mrsim/state_async]
(2026-03-10T10:47:45.881675069) (2026-03-10T10:47:45.881682064) [Msg] Publishing scene information on [/world/mrsim/scene/info]
(2026-03-10T10:47:45.881761774) (2026-03-10T10:47:45.881767271) [Msg] Publishing entity deletions on [/world/mrsim/scene/deletion]
(2026-03-10T10:47:45.881821624) (2026-03-10T10:47:45.881826232) [Msg] Publishing state changes on [/world/mrsim/state]
(2026-03-10T10:47:45.881887959) (2026-03-10T10:47:45.881892759) [Msg] Publishing pose messages on [/world/mrsim/pose/info]
(2026-03-10T10:47:45.881955091) (2026-03-10T10:47:45.881961435) [Msg] Publishing dynamic pose messages on [/world/mrsim/dynamic_pose/info]
(2026-03-10T10:47:45.882190966) (2026-03-10T10:47:45.882195276) [Dbg] [EntityComponentManager.cc:1623] Updated state thread iterators: 8 threads processing around 6 entities each.
(2026-03-10T10:47:45.888233954) (2026-03-10T10:47:45.888243329) [Wrn] [Model.hh:69] 2026-03-10T10:47:45.888266140) (2026-03-10T10:47:45.888283983) Skipping serialization / deserialization for models [Wrn] [Component.hh:144] with //pose/@relative_to attribute.Trying to serialize component with data type [N3sdf3v125WorldE], which doesn't have `operator<<`. Component will not be serialized.

(2026-03-10T10:47:46.32682967) (2026-03-10T10:47:46.32693109) [Dbg] [RenderUtil.cc:2591] Create scene [scene]
((2026-03-10T10:47:46.63099494) (2026-03-10T10:47:46.63106680) 2026-03-10T10:47:46.63087798) ((Initialization needed) 
[Dbg] [Sensors.cc:284] Rendering Thread initialized
(2026-03-10T10:47:46.557559771) (2026-03-10T10:47:46.557567505) [Dbg] [CameraSensor.cc:449] Camera images for [qr4::base::camera] advertised on [/camera]
(2026-03-10T10:47:46.557679010) (2026-03-10T10:47:46.557683231) [Dbg] [CameraSensor.cc:760] Camera info for [qr4::base::camera] advertised on [/camera_info]
(2026-03-10T10:47:46.557980239) (2026-03-10T10:47:46.557984723) [Wrn] [Ogre2Camera.cc:390] Ogre2Camera::SetVisibilityMask: Mask bits c0000000 are set but will be ignored as they conflict with the reserved bits used internally by the ogre2 backend.
(2026-03-10T10:47:46.567448748) (2026-03-10T10:47:46.567467668) [Dbg] [CameraSensor.cc:573] Enabling camera sensor: 'qr4::base::camera' data generation.
(2026-03-10T10:48:06.805815176) (2026-03-10T10:48:06.805822200) [Dbg] [SimulationFeatures.cc:71] Simulation timestep set to: 0.005
(2026-03-10T10:48:32.501657684) (2026-03-10T10:48:32.501669264) [Dbg] [SignalHandler.cc:141] Received signal[2].
(2026-03-10T10:48:32.501704064) (2026-03-10T10:48:32.501709578) [Dbg] [ServerPrivate.cc:110] Server received signal[2]
(2026-03-10T10:48:32.501735839) (2026-03-10T10:48:32.501740910) [Dbg] [Sensors.cc:439] SensorsPrivate::Stop
(2026-03-10T10:48:32.507583127) (2026-03-10T10:48:32.507594203) [Dbg] [Sensors.cc:425] SensorsPrivate::RenderThread stopped
(2026-03-10T10:48:32.511202088) (2026-03-10T10:48:32.511209490) [Dbg] [gz.cc:410] Shutting down ign-gazebo-server
(2026-03-10T10:48:32.513576677) (() (2026-03-10T10:48:32.5135877902026-03-10T10:48:32.5135877902026-03-10T10:48:32.513598596) ) ) (2026-03-10T10:48:32.5136222602026-03-10T10:48:32.513622260) Exiting postupdate worker thread (1)
Exiting postupdate worker thread (2)

[Dbg] [SimulationRunner.cc:528] Exiting postupdate worker thread (0)(2026-03-10T10:48:32.532453002) (2026-03-10T10:48:32.532460531) [Dbg] [Sensors.cc:439] SensorsPrivate::Stop
