10:22:10: Creating resource group General
10:22:10: Creating resource group Internal
10:22:10: Creating resource group Autodetect
10:22:10: SceneManagerFactory for type 'DefaultSceneManager' registered.
10:22:10: Registering ResourceManager for type Material
10:22:10: Registering ResourceManager for type Mesh
10:22:10: Registering ResourceManager for type Mesh2
10:22:10: Registering ResourceManager for type OldSkeleton
10:22:10: MovableObjectFactory for type 'ParticleSystem' registered.
10:22:10: ArchiveFactory for archive type FileSystem registered.
10:22:10: ArchiveFactory for archive type Zip registered.
10:22:10: ArchiveFactory for archive type EmbeddedZip registered.
10:22:10: DDS codec registering
10:22:10: FreeImage version: 3.18.0
10:22:10: This program uses FreeImage, a free, open source image library supporting all common bitmap formats. See http://freeimage.sourceforge.net for details
10:22:10: Supported formats: bmp,ico,jpg,jif,jpeg,jpe,jng,koa,iff,lbm,mng,pbm,pbm,pcd,pcx,pgm,pgm,png,ppm,ppm,ras,tga,targa,tif,tiff,wap,wbmp,wbm,psd,psb,cut,xbm,xpm,gif,hdr,g3,sgi,rgb,rgba,bw,exr,j2k,j2c,jp2,pfm,pct,pict,pic,3fr,arw,bay,bmq,cap,cine,cr2,crw,cs1,dc2,dcr,drf,dsc,dng,erf,fff,ia,iiq,k25,kc2,kdc,mdc,mef,mos,mrw,nef,nrw,orf,pef,ptx,pxn,qtk,raf,raw,rdc,rw2,rwl,rwz,sr2,srf,srw,sti,x3f,webp,jxr,wdp,hdp
10:22:10: OITD codec registering
10:22:10: Registering ResourceManager for type HighLevelGpuProgram
10:22:10: MovableObjectFactory for type 'Decal' registered.
10:22:10: MovableObjectFactory for type 'InternalCubemapProbe' registered.
10:22:10: MovableObjectFactory for type 'Entity' registered.
10:22:10: MovableObjectFactory for type 'Item' registered.
10:22:10: MovableObjectFactory for type 'Light' registered.
10:22:10: MovableObjectFactory for type 'Rectangle2Dv2' registered.
10:22:10: MovableObjectFactory for type 'BillboardSet' registered.
10:22:10: MovableObjectFactory for type 'ManualObject2' registered.
10:22:10: MovableObjectFactory for type 'BillboardChain' registered.
10:22:10: MovableObjectFactory for type 'RibbonTrail' registered.
10:22:10: MovableObjectFactory for type 'WireAabb' registered.
10:22:10: *-*-* OGRE Initialising
10:22:10: *-*-* Version 2.2.5 (Cerberus)
10:22:10: OverlayElementFactory for type Panel registered.
10:22:10: OverlayElementFactory for type BorderPanel registered.
10:22:10: OverlayElementFactory for type TextArea registered.
10:22:10: Registering ResourceManager for type Font
10:22:10: Loading library /usr/lib/x86_64-linux-gnu/OGRE-Next/RenderSystem_GL3Plus.so
10:22:10: Installing plugin: GL 3+ RenderSystem
10:22:10: OpenGL 3+ Rendering Subsystem created.
10:22:10: Found Num EGL Devices: 2
10:22:10: EGL Device: EGL_EXT_device_drm EGL_EXT_device_drm_render_node #0 /dev/dri/card0
10:22:10: Trying to init device: EGL_EXT_device_drm EGL_EXT_device_drm_render_node #0 /dev/dri/card0...
10:22:10: OGRE EXCEPTION(3:RenderingAPIException): eglInitialize failed for device EGL_EXT_device_drm EGL_EXT_device_drm_render_node #0 /dev/dri/card0 in EGLSupport::getGLDisplay at /build/ogre-next-UFfg83/ogre-next-2.2.5+dfsg3/RenderSystems/GL3Plus/src/windowing/EGL/PBuffer/OgreEglPBufferSupport.cpp (line 320)
10:22:10: OGRE EXCEPTION(3:RenderingAPIException): eglInitialize failed for device EGL_EXT_device_drm EGL_EXT_device_drm_render_node #0 /dev/dri/card0 in EGLSupport::getGLDisplay at /build/ogre-next-UFfg83/ogre-next-2.2.5+dfsg3/RenderSystems/GL3Plus/src/windowing/EGL/PBuffer/OgreEglPBufferSupport.cpp (line 320)
10:22:10: Destroying device: EGL_EXT_device_drm EGL_EXT_device_drm_render_node #0 /dev/dri/card0...
10:22:10: EGL Device: EGL_MESA_device_software EGL_EXT_device_drm_render_node #1
10:22:10: Trying to init device: EGL_MESA_device_software EGL_EXT_device_drm_render_node #1...
10:22:10: Created GL 4.5 context for device EGL_MESA_device_software EGL_EXT_device_drm_render_node #1
10:22:10: Destroying device: EGL_MESA_device_software EGL_EXT_device_drm_render_node #1...
10:22:10: Plugin successfully installed
10:22:10: Loading library /usr/lib/x86_64-linux-gnu/OGRE-Next/Plugin_ParticleFX.so
10:22:10: Installing plugin: ParticleFX
10:22:10: Particle Emitter Type 'Point' registered
10:22:10: Particle Emitter Type 'Box' registered
10:22:10: Particle Emitter Type 'Ellipsoid' registered
10:22:10: Particle Emitter Type 'Cylinder' registered
10:22:10: Particle Emitter Type 'Ring' registered
10:22:10: Particle Emitter Type 'HollowEllipsoid' registered
10:22:10: Particle Affector Type 'LinearForce' registered
10:22:10: Particle Affector Type 'ColourFader' registered
10:22:10: Particle Affector Type 'ColourFader2' registered
10:22:10: Particle Affector Type 'ColourImage' registered
10:22:10: Particle Affector Type 'ColourInterpolator' registered
10:22:10: Particle Affector Type 'Scaler' registered
10:22:10: Particle Affector Type 'Rotator' registered
10:22:10: Particle Affector Type 'DirectionRandomiser' registered
10:22:10: Particle Affector Type 'DeflectorPlane' registered
10:22:10: Plugin successfully installed
10:22:10: CPU Identifier & Features
10:22:10: -------------------------
10:22:10:  *   CPU ID: GenuineIntel: 11th Gen Intel(R) Core(TM) i5-1135G7 @ 2.40GHz
10:22:10:  *   Logical cores: 8
10:22:10:  *      SSE: yes
10:22:10:  *     SSE2: yes
10:22:10:  *     SSE3: yes
10:22:10:  *      MMX: yes
10:22:10:  *   MMXEXT: yes
10:22:10:  *    3DNOW: no
10:22:10:  * 3DNOWEXT: no
10:22:10:  *     CMOV: yes
10:22:10:  *      TSC: yes
10:22:10:  *      FPU: yes
10:22:10:  *      PRO: yes
10:22:10:  *       HT: no
10:22:10: -------------------------
10:22:10: ******************************
*** Starting GLX Subsystem ***
******************************
10:22:10: GL3PlusRenderSystem::_createRenderWindow "OgreWindow(0)_62914561", 1x1 windowed  miscParams: FSAA=0 border=none contentScalingFactor=1.000000 gamma=Yes parentWindowHandle=62914561 stereoMode=Frame Sequential 
10:22:10: Created GL 4.5 context
10:22:10: GLXWindow::create used FBConfigID = 634
10:22:10: GL Version = 4.6.0.0
10:22:10: GL_VERSION = 4.6 (Core Profile) Mesa 23.2.1-1ubuntu3.1~22.04.3
10:22:10: GL_VENDOR = Intel
10:22:10: GL_RENDERER = Mesa Intel(R) Xe Graphics (TGL GT2)
10:22:10: GL_EXTENSIONS = 
10:22:10: GL_3DFX_texture_compression_FXT1
10:22:10: GL_AMD_conservative_depth
10:22:10: GL_AMD_depth_clamp_separate
10:22:10: GL_AMD_draw_buffers_blend
10:22:10: GL_AMD_gpu_shader_int64
10:22:10: GL_AMD_multi_draw_indirect
10:22:10: GL_AMD_performance_monitor
10:22:10: GL_AMD_pinned_memory
10:22:10: GL_AMD_query_buffer_object
10:22:10: GL_AMD_seamless_cubemap_per_texture
10:22:10: GL_AMD_shader_stencil_export
10:22:10: GL_AMD_shader_trinary_minmax
10:22:10: GL_AMD_texture_texture4
10:22:10: GL_AMD_vertex_shader_layer
10:22:10: GL_AMD_vertex_shader_viewport_index
10:22:10: GL_ANGLE_texture_compression_dxt3
10:22:10: GL_ANGLE_texture_compression_dxt5
10:22:10: GL_ARB_ES2_compatibility
10:22:10: GL_ARB_ES3_1_compatibility
10:22:10: GL_ARB_ES3_2_compatibility
10:22:10: GL_ARB_ES3_compatibility
10:22:10: GL_ARB_arrays_of_arrays
10:22:10: GL_ARB_base_instance
10:22:10: GL_ARB_blend_func_extended
10:22:10: GL_ARB_buffer_storage
10:22:10: GL_ARB_clear_buffer_object
10:22:10: GL_ARB_clear_texture
10:22:10: GL_ARB_clip_control
10:22:10: GL_ARB_compressed_texture_pixel_storage
10:22:10: GL_ARB_compute_shader
10:22:10: GL_ARB_compute_variable_group_size
10:22:10: GL_ARB_conditional_render_inverted
10:22:10: GL_ARB_conservative_depth
10:22:10: GL_ARB_copy_buffer
10:22:10: GL_ARB_copy_image
10:22:10: GL_ARB_cull_distance
10:22:10: GL_ARB_debug_output
10:22:10: GL_ARB_depth_buffer_float
10:22:10: GL_ARB_depth_clamp
10:22:10: GL_ARB_derivative_control
10:22:10: GL_ARB_direct_state_access
10:22:10: GL_ARB_draw_buffers
10:22:10: GL_ARB_draw_buffers_blend
10:22:10: GL_ARB_draw_elements_base_vertex
10:22:10: GL_ARB_draw_indirect
10:22:10: GL_ARB_draw_instanced
10:22:10: GL_ARB_enhanced_layouts
10:22:10: GL_ARB_explicit_attrib_location
10:22:10: GL_ARB_explicit_uniform_location
10:22:10: GL_ARB_fragment_coord_conventions
10:22:10: GL_ARB_fragment_layer_viewport
10:22:10: GL_ARB_fragment_shader
10:22:10: GL_ARB_fragment_shader_interlock
10:22:10: GL_ARB_framebuffer_no_attachments
10:22:10: GL_ARB_framebuffer_object
10:22:10: GL_ARB_framebuffer_sRGB
10:22:10: GL_ARB_get_program_binary
10:22:10: GL_ARB_get_texture_sub_image
10:22:10: GL_ARB_gl_spirv
10:22:10: GL_ARB_gpu_shader5
10:22:10: GL_ARB_gpu_shader_fp64
10:22:10: GL_ARB_gpu_shader_int64
10:22:10: GL_ARB_half_float_pixel
10:22:10: GL_ARB_half_float_vertex
10:22:10: GL_ARB_indirect_parameters
10:22:10: GL_ARB_instanced_arrays
10:22:10: GL_ARB_internalformat_query
10:22:10: GL_ARB_internalformat_query2
10:22:10: GL_ARB_invalidate_subdata
10:22:10: GL_ARB_map_buffer_alignment
10:22:10: GL_ARB_map_buffer_range
10:22:10: GL_ARB_multi_bind
10:22:10: GL_ARB_multi_draw_indirect
10:22:10: GL_ARB_occlusion_query2
10:22:10: GL_ARB_parallel_shader_compile
10:22:10: GL_ARB_pipeline_statistics_query
10:22:10: GL_ARB_pixel_buffer_object
10:22:10: GL_ARB_point_sprite
10:22:10: GL_ARB_polygon_offset_clamp
10:22:10: GL_ARB_post_depth_coverage
10:22:10: GL_ARB_program_interface_query
10:22:10: GL_ARB_provoking_vertex
10:22:10: GL_ARB_query_buffer_object
10:22:10: GL_ARB_robust_buffer_access_behavior
10:22:10: GL_ARB_robustness
10:22:10: GL_ARB_sample_shading
10:22:10: GL_ARB_sampler_objects
10:22:10: GL_ARB_seamless_cube_map
10:22:10: GL_ARB_seamless_cubemap_per_texture
10:22:10: GL_ARB_separate_shader_objects
10:22:10: GL_ARB_shader_atomic_counter_ops
10:22:10: GL_ARB_shader_atomic_counters
10:22:10: GL_ARB_shader_ballot
10:22:10: GL_ARB_shader_bit_encoding
10:22:10: GL_ARB_shader_clock
10:22:10: GL_ARB_shader_draw_parameters
10:22:10: GL_ARB_shader_group_vote
10:22:10: GL_ARB_shader_image_load_store
10:22:10: GL_ARB_shader_image_size
10:22:10: GL_ARB_shader_objects
10:22:10: GL_ARB_shader_precision
10:22:10: GL_ARB_shader_stencil_export
10:22:10: GL_ARB_shader_storage_buffer_object
10:22:10: GL_ARB_shader_subroutine
10:22:10: GL_ARB_shader_texture_image_samples
10:22:10: GL_ARB_shader_texture_lod
10:22:10: GL_ARB_shader_viewport_layer_array
10:22:10: GL_ARB_shading_language_420pack
10:22:10: GL_ARB_shading_language_include
10:22:10: GL_ARB_shading_language_packing
10:22:10: GL_ARB_spirv_extensions
10:22:10: GL_ARB_stencil_texturing
10:22:10: GL_ARB_sync
10:22:10: GL_ARB_tessellation_shader
10:22:10: GL_ARB_texture_barrier
10:22:10: GL_ARB_texture_buffer_object
10:22:10: GL_ARB_texture_buffer_object_rgb32
10:22:10: GL_ARB_texture_buffer_range
10:22:10: GL_ARB_texture_compression_bptc
10:22:10: GL_ARB_texture_compression_rgtc
10:22:10: GL_ARB_texture_cube_map_array
10:22:10: GL_ARB_texture_filter_anisotropic
10:22:10: GL_ARB_texture_float
10:22:10: GL_ARB_texture_gather
10:22:10: GL_ARB_texture_mirror_clamp_to_edge
10:22:10: GL_ARB_texture_multisample
10:22:10: GL_ARB_texture_non_power_of_two
10:22:10: GL_ARB_texture_query_levels
10:22:10: GL_ARB_texture_query_lod
10:22:10: GL_ARB_texture_rectangle
10:22:10: GL_ARB_texture_rg
10:22:10: GL_ARB_texture_rgb10_a2ui
10:22:10: GL_ARB_texture_stencil8
10:22:10: GL_ARB_texture_storage
10:22:10: GL_ARB_texture_storage_multisample
10:22:10: GL_ARB_texture_swizzle
10:22:10: GL_ARB_texture_view
10:22:10: GL_ARB_timer_query
10:22:10: GL_ARB_transform_feedback2
10:22:10: GL_ARB_transform_feedback3
10:22:10: GL_ARB_transform_feedback_instanced
10:22:10: GL_ARB_transform_feedback_overflow_query
10:22:10: GL_ARB_uniform_buffer_object
10:22:10: GL_ARB_vertex_array_bgra
10:22:10: GL_ARB_vertex_array_object
10:22:10: GL_ARB_vertex_attrib_64bit
10:22:10: GL_ARB_vertex_attrib_binding
10:22:10: GL_ARB_vertex_buffer_object
10:22:10: GL_ARB_vertex_shader
10:22:10: GL_ARB_vertex_type_10f_11f_11f_rev
10:22:10: GL_ARB_vertex_type_2_10_10_10_rev
10:22:10: GL_ARB_viewport_array
10:22:10: GL_ATI_blend_equation_separate
10:22:10: GL_ATI_texture_float
10:22:10: GL_EXT_EGL_image_storage
10:22:10: GL_EXT_EGL_sync
10:22:10: GL_EXT_abgr
10:22:10: GL_EXT_blend_equation_separate
10:22:10: GL_EXT_debug_label
10:22:10: GL_EXT_demote_to_helper_invocation
10:22:10: GL_EXT_depth_bounds_test
10:22:10: GL_EXT_draw_buffers2
10:22:10: GL_EXT_draw_instanced
10:22:10: GL_EXT_framebuffer_blit
10:22:10: GL_EXT_framebuffer_multisample
10:22:10: GL_EXT_framebuffer_multisample_blit_scaled
10:22:10: GL_EXT_framebuffer_object
10:22:10: GL_EXT_framebuffer_sRGB
10:22:10: GL_EXT_memory_object
10:22:10: GL_EXT_memory_object_fd
10:22:10: GL_EXT_packed_depth_stencil
10:22:10: GL_EXT_packed_float
10:22:10: GL_EXT_pixel_buffer_object
10:22:10: GL_EXT_polygon_offset_clamp
10:22:10: GL_EXT_provoking_vertex
10:22:10: GL_EXT_semaphore
10:22:10: GL_EXT_semaphore_fd
10:22:10: GL_EXT_shader_framebuffer_fetch
10:22:10: GL_EXT_shader_framebuffer_fetch_non_coherent
10:22:10: GL_EXT_shader_integer_mix
10:22:10: GL_EXT_shader_samples_identical
10:22:10: GL_EXT_texture_array
10:22:10: GL_EXT_texture_compression_dxt1
10:22:10: GL_EXT_texture_compression_rgtc
10:22:10: GL_EXT_texture_compression_s3tc
10:22:10: GL_EXT_texture_filter_anisotropic
10:22:10: GL_EXT_texture_integer
10:22:10: GL_EXT_texture_sRGB
10:22:10: GL_EXT_texture_sRGB_R8
10:22:10: GL_EXT_texture_sRGB_decode
10:22:10: GL_EXT_texture_shadow_lod
10:22:10: GL_EXT_texture_shared_exponent
10:22:10: GL_EXT_texture_snorm
10:22:10: GL_EXT_texture_swizzle
10:22:10: GL_EXT_timer_query
10:22:10: GL_EXT_transform_feedback
10:22:10: GL_EXT_vertex_array_bgra
10:22:10: GL_EXT_vertex_attrib_64bit
10:22:10: GL_IBM_multimode_draw_arrays
10:22:10: GL_INTEL_blackhole_render
10:22:10: GL_INTEL_conservative_rasterization
10:22:10: GL_INTEL_performance_query
10:22:10: GL_INTEL_shader_atomic_float_minmax
10:22:10: GL_INTEL_shader_integer_functions2
10:22:10: GL_KHR_blend_equation_advanced
10:22:10: GL_KHR_blend_equation_advanced_coherent
10:22:10: GL_KHR_context_flush_control
10:22:10: GL_KHR_debug
10:22:10: GL_KHR_no_error
10:22:10: GL_KHR_parallel_shader_compile
10:22:10: GL_KHR_robust_buffer_access_behavior
10:22:10: GL_KHR_robustness
10:22:10: GL_KHR_texture_compression_astc_ldr
10:22:10: GL_KHR_texture_compression_astc_sliced_3d
10:22:10: GL_MESA_framebuffer_flip_y
10:22:10: GL_MESA_pack_invert
10:22:10: GL_MESA_shader_integer_functions
10:22:10: GL_MESA_texture_signed_rgba
10:22:10: GL_NV_alpha_to_coverage_dither_control
10:22:10: GL_NV_compute_shader_derivatives
10:22:10: GL_NV_conditional_render
10:22:10: GL_NV_copy_image
10:22:10: GL_NV_depth_clamp
10:22:10: GL_NV_fragment_shader_interlock
10:22:10: GL_NV_packed_depth_stencil
10:22:10: GL_NV_texture_barrier
10:22:10: GL_OES_EGL_image
10:22:10: GL_S3_s3tc
10:22:10: **************************************
10:22:10: ***   OpenGL 3+ Renderer Started   ***
10:22:10: **************************************
10:22:10: Registering ResourceManager for type GpuProgram
10:22:10: RenderSystem capabilities
10:22:10: -------------------------
10:22:10: RenderSystem Name: OpenGL 3+ Rendering Subsystem
10:22:10: GPU Vendor: intel
10:22:10: Device Name: Mesa Intel(R) Xe Graphics (TGL GT2)
10:22:10: Driver Version: 4.6.0.0
10:22:10:  * Fixed function pipeline: no
10:22:10:  * Hardware generation of mipmaps: no
10:22:10:  * Texture blending: yes
10:22:10:  * Anisotropic texture filtering: yes
10:22:10:  * Dot product texture operation: yes
10:22:10:  * Cube mapping: yes
10:22:10:  * Hardware stencil buffer: yes
10:22:10:    - Stencil depth: 8
10:22:10:    - Two sided stencil support: yes
10:22:10:    - Wrap stencil values: yes
10:22:10:  * Hardware vertex / index buffers: yes
10:22:10:  * 32-bit index buffers: yes
10:22:10:  * Vertex programs: yes
10:22:10:  * Number of floating-point constants for vertex programs: 16384
10:22:10:  * Number of integer constants for vertex programs: 16384
10:22:10:  * Number of boolean constants for vertex programs: 16384
10:22:10:  * Fragment programs: yes
10:22:10:  * Number of floating-point constants for fragment programs: 16384
10:22:10:  * Number of integer constants for fragment programs: 16384
10:22:10:  * Number of boolean constants for fragment programs: 16384
10:22:10:  * Geometry programs: yes
10:22:10:  * Number of floating-point constants for geometry programs: 16384
10:22:10:  * Number of integer constants for geometry programs: 16384
10:22:10:  * Number of boolean constants for geometry programs: 16384
10:22:10:  * Tessellation Hull programs: yes
10:22:10:  * Number of floating-point constants for tessellation hull programs: 16384
10:22:10:  * Number of integer constants for tessellation hull programs: 16384
10:22:10:  * Number of boolean constants for tessellation hull programs: 16384
10:22:10:  * Tessellation Domain programs: yes
10:22:10:  * Number of floating-point constants for tessellation domain programs: 16384
10:22:10:  * Number of integer constants for tessellation domain programs: 16384
10:22:10:  * Number of boolean constants for tessellation domain programs: 16384
10:22:10:  * Compute programs: yes
10:22:10:  * Number of floating-point constants for compute programs: 16384
10:22:10:  * Number of integer constants for compute programs: 16384
10:22:10:  * Number of boolean constants for compute programs: 16384
10:22:10:  * Supported Shader Profiles: glsl glsl130 glsl140 glsl150 glsl330 glsl400 glsl410 glsl420 glsl430 glsl440
10:22:10:  * Texture Compression: yes
10:22:10:    - DXT: yes
10:22:10:    - VTC: no
10:22:10:    - PVRTC: no
10:22:10:    - ATC: no
10:22:10:    - ETC1: no
10:22:10:    - ETC2: yes
10:22:10:    - BC4/BC5: yes
10:22:10:    - BC6H/BC7: yes
10:22:10:    - ASTC: yes
10:22:10:  * Hardware Occlusion Query: yes
10:22:10:  * User clip planes: yes
10:22:10:  * VET_UBYTE4 vertex element type: yes
10:22:10:  * Infinite far plane projection: yes
10:22:10:  * Hardware render-to-texture: yes
10:22:10:  * Floating point textures: yes
10:22:10:  * Non-power-of-two textures: yes
10:22:10:  * 1d textures: yes
10:22:10:  * Volume textures: yes
10:22:10:  * Max Texture resolution (2D) 16384
10:22:10:  * Max Texture resolution (3D) 2048
10:22:10:  * Max Texture resolution (Cubemaps) 16384
10:22:10:  * Multiple Render Targets: 8
10:22:10:    - With different bit depths: yes
10:22:10:  * Point Sprites: yes
10:22:10:  * Extended point parameters: yes
10:22:10:  * Max Point Size: 255
10:22:10:  * Vertex texture fetch: yes
10:22:10:  * Number of world matrices: 0
10:22:10:  * Number of texture units: 16
10:22:10:  * Stencil buffer depth: 8
10:22:10:  * Number of vertex blend matrices: 0
10:22:10:    - Max vertex textures: 32
10:22:10:    - Vertex textures shared: yes
10:22:10:  * Render to Vertex Buffer : yes
10:22:10:  * Hardware Atomic Counters: yes
10:22:10:  * Compute max threads per threadgroup per axis: 1024, 1024, 64
10:22:10:  * Compute max threads per threadgroup total: 1024
10:22:10:  * GL 1.5 without VBO workaround: no
10:22:10:  * Frame Buffer objects: yes
10:22:10:  * Frame Buffer objects (ARB extension): no
10:22:10:  * Frame Buffer objects (ATI extension): no
10:22:10:  * PBuffer support: no
10:22:10:  * GL 1.5 without HW-occlusion workaround: no
10:22:10:  * Vertex Array Objects: yes
10:22:10:  * Separate shader objects: no
10:22:10:  * Using Reverse Z: yes
10:22:10: DefaultWorkQueue('Root') initialising on thread main.
10:22:10: Particle Renderer Type 'billboard' registered
10:22:10: Added resource location '/usr/share/ignition/ignition-rendering6/ogre2/media/2.0/scripts/Compositors' of type 'FileSystem' to resource group 'General'
10:22:10: Added resource location '/usr/share/ignition/ignition-rendering6/ogre2/media/2.0/scripts/materials/Common' of type 'FileSystem' to resource group 'General'
10:22:10: Added resource location '/usr/share/ignition/ignition-rendering6/ogre2/media/2.0/scripts/materials/Common/GLSL' of type 'FileSystem' to resource group 'General'
10:22:10: Added resource location '/usr/share/ignition/ignition-rendering6/ogre2/media/2.0/scripts/materials/Common/GLSLES' of type 'FileSystem' to resource group 'General'
10:22:10: Added resource location '/usr/share/ignition/ignition-rendering6/ogre2/media/2.0/scripts/materials/Terra' of type 'FileSystem' to resource group 'General'
10:22:10: Added resource location '/usr/share/ignition/ignition-rendering6/ogre2/media/2.0/scripts/materials/Terra/GLSL' of type 'FileSystem' to resource group 'General'
10:22:10: Added resource location '/usr/share/ignition/ignition-rendering6/ogre2/media' of type 'FileSystem' to resource group 'General'
10:22:10: Added resource location '/usr/share/ignition/ignition-rendering6/ogre2/media/materials/programs' of type 'FileSystem' to resource group 'General'
10:22:10: Added resource location '/usr/share/ignition/ignition-rendering6/ogre2/media/materials/programs/GLSL' of type 'FileSystem' to resource group 'General'
10:22:10: Added resource location '/usr/share/ignition/ignition-rendering6/ogre2/media/materials/programs/Metal' of type 'FileSystem' to resource group 'General'
10:22:10: Added resource location '/usr/share/ignition/ignition-rendering6/ogre2/media/materials/scripts' of type 'FileSystem' to resource group 'General'
10:22:10: Added resource location '/usr/share/ignition/ignition-rendering6/ogre2/media/materials/textures' of type 'FileSystem' to resource group 'General'
10:22:10: Parsing scripts for resource group Autodetect
10:22:10: Finished parsing scripts for resource group Autodetect
10:22:10: Creating resources for group Autodetect
10:22:10: All done
10:22:10: Parsing scripts for resource group General
10:22:10: Parsing script Quad.program
10:22:10: Parsing script DPSM.material
10:22:10: Parsing script DepthUtils.material
10:22:10: Parsing script Copyback.material
10:22:10: Parsing script EsmGaussianBlurLogFilter.material
10:22:10: Parsing script GpuNormalMapper.material
10:22:10: Parsing script thermal.material
10:22:10: Parsing script picker.material
10:22:10: Parsing script gaussian_noise.material
10:22:10: Parsing script selection_buffer.material
10:22:10: Parsing script depth_camera.material
10:22:10: Parsing script gpu_rays.material
10:22:10: Parsing script point_cloud_point.material
10:22:10: Parsing script skybox.material
10:22:10: Parsing script GpuNormalMapper.compositor
10:22:10: Parsing script TerraShadowGenerator.compositor
10:22:10: Parsing script EsmGaussianBlurLogFilter.material.json
10:22:10: Parsing script Mipmaps.material.json
10:22:10: Parsing script TerraShadowGenerator.material.json
10:22:10: Finished parsing scripts for resource group General
10:22:10: Creating resources for group General
10:22:10: All done
10:22:10: Parsing scripts for resource group Internal
10:22:10: Finished parsing scripts for resource group Internal
10:22:10: Creating resources for group Internal
10:22:10: All done
10:22:10: Added resource location '/usr/share/ignition/ignition-rendering6/media/materials/textures/' of type 'FileSystem' to resource group 'General'
10:22:10: Added resource location '/home/user/.ignition/fuel/fuel.gazebosim.org/openrobotics/models/sky/1/meshes' of type 'FileSystem' to resource group 'General' with recursive option
10:22:10: Initialising resource group General
10:22:10: Added resource location '/home/user/.ignition/fuel/fuel.gazebosim.org/openrobotics/models/sky/1/meshes/../materials/textures/' of type 'FileSystem' to resource group 'General'
10:22:11: Can't assign material scene::Material(65513) because this Material does not exist. Have you forgotten to define it in a .material script?
10:22:11: Added resource location '/home/user/.ignition/fuel/fuel.gazebosim.org/openrobotics/models/sky/1/materials/textures/' of type 'FileSystem' to resource group 'General'
10:22:11: Added resource location '/home/user/ros2_ws/install/mrsim_gazebo_sim/share/mrsim_gazebo_sim/models/Coast Water/meshes' of type 'FileSystem' to resource group 'General' with recursive option
10:22:11: Initialising resource group General
10:22:11: Can't assign material scene::Material(65507) because this Material does not exist. Have you forgotten to define it in a .material script?
10:22:11: Can't assign material scene::Material(65502) because this Material does not exist. Have you forgotten to define it in a .material script?
10:22:11: Can't assign material scene::Material(65502) because this Material does not exist. Have you forgotten to define it in a .material script?
10:22:11: Can't assign material scene::Material(65502) because this Material does not exist. Have you forgotten to define it in a .material script?
10:22:11: Can't assign material scene::Material(65502) because this Material does not exist. Have you forgotten to define it in a .material script?
10:22:11: Can't assign material scene::Material(65502) because this Material does not exist. Have you forgotten to define it in a .material script?
10:22:11: Can't assign material scene::Material(65502) because this Material does not exist. Have you forgotten to define it in a .material script?
10:22:11: Can't assign material scene::Material(65471) because this Material does not exist. Have you forgotten to define it in a .material script?
10:22:11: Can't assign material scene::Material(65471) because this Material does not exist. Have you forgotten to define it in a .material script?
10:22:11: Can't assign material scene::Material(65471) because this Material does not exist. Have you forgotten to define it in a .material script?
10:22:11: Can't assign material scene::Material(65471) because this Material does not exist. Have you forgotten to define it in a .material script?
10:22:11: Can't assign material scene::Material(65471) because this Material does not exist. Have you forgotten to define it in a .material script?
10:22:11: Added resource location '/home/user/ros2_ws/install/mrsim_gazebo_sim/share/mrsim_gazebo_sim/models/Coast Water/materials/programs/GerstnerWaves_vs_330.glsl' of type 'FileSystem' to resource group 'General'
10:22:11: Added resource location '/home/user/ros2_ws/install/mrsim_gazebo_sim/share/mrsim_gazebo_sim/models/Coast Water/materials/programs/GerstnerWaves_fs_330.glsl' of type 'FileSystem' to resource group 'General'
10:22:11: Added resource location '/home/user/ros2_ws/install/mrsim_gazebo_sim/share/mrsim_gazebo_sim/models/Coast Water/materials/programs/GerstnerWaves_vs_330.glsl' of type 'FileSystem' to resource group 'General'
10:22:11: Adde10:22:11: Added resource location '/home/user/ros2_ws/install/mrsim_gazebo_sim/share/mrsim_gazebo_sim/models/Coast Water/meshes' of type 'FileSystem' to resource group 'General' with recursive option
10:22:11: Initialising resource group General
10:22:11: Can't assign material scene::Material(65497) because this Material does not exist. Have you forgotten to define it in a .material script?
10:22:11: Can't assign material scene::Material(65492) because this Material does not exist. Have you forgotten to define it in a .material script?
10:22:11: Can't assign material scene::Material(65492) because this Material does not exist. Have you forgotten to define it in a .material script?
10:22:11: Can't assign material scene::Material(65492) because this Material does not exist. Have you forgotten to define it in a .material script?
10:22:11: Can't assign material scene::Material(65492) because this Material does not exist. Have you forgotten to define it in a .material script?
10:22:11: Can't assign material scene::Material(65492) because this Material does not exist. Have you forgotten to define it in a .material script?
10:22:11: Can't assign material scene::Material(65492) because this Material does not exist. Have you forgotten to define it in a .material script?
10:22:11: Can't assign material scene::Material(65461) because this Material does not exist. Have you forgotten to define it in a .material script?
10:22:11: Can't assign material scene::Material(65461) because this Material does not exist. Have you forgotten to define it in a .material script?
10:22:11: Can't assign material scene::Material(65461) because this Material does not exist. Have you forgotten to define it in a .material script?
10:22:11: Can't assign material scene::Material(65461) because this Material does not exist. Have you forgotten to define it in a .material script?
10:22:11: Can't assign material scene::Material(65461) because this Material does not exist. Have you forgotten to define it in a .material script?
10:22:11: Added resource location '/home/user/ros2_ws/install/mrsim_gazebo_sim/share/mrsim_gazebo_sim/models/Coast Water/materials/programs/GerstnerWaves_vs_330.glsl' of type 'FileSystem' to resource group 'General'
10:22:11: Added resource location '/home/user/ros2_ws/install/mrsim_gazebo_sim/share/mrsim_gazebo_sim/models/Coast Water/materials/programs/GerstnerWaves_fs_330.glsl' of type 'FileSystem' to resource group 'General'
10:22:11: Added resource location '/home/user/ros2_ws/install/mrsim_gazebo_sim/share/mrsim_gazebo_sim/models/Coast Water/materials/programs/GerstnerWaves_vs_330.glsl' of type 'FileSystem' to resource group 'General'
10:22:11: Added resource location '/home/user/ros2_ws/install/mrsim_gazebo_sim/share/mrsim_gazebo_sim/models/Coast Water/materials/programs/GerstnerWaves_fs_330.glsl' of type 'FileSystem' to resource group 'General'
10:22:11: Added resource location '/home/user/ros2_ws/install/mrsim_gazebo_sim/share/mrsim_gazebo_sim/models/Coast Water/materials/programs/GerstnerWaves_vs_330.glsl' of type 'FileSystem' to resource group 'General'
10:22:11: Added resource location '/home/user/ros2_ws/install/mrsim_gazebo_sim/share/mrsim_gazebo_sim/models/Coast Water/materials/programs/GerstnerWaves_fs_330.glsl' of type 'FileSystem' to resource group 'General'
10:22:11: Added resource location '/home/user/ros2_ws/install/mrsim_gazebo_sim/share/mrsim_gazebo_sim/models/Coast Water/materials/programs/GerstnerWaves_vs_330.glsl' of type 'FileSystem' to resource group 'General'
10:22:11: Added resource location '/home/user/ros2_ws/install/mrsim_gazebo_sim/share/mrsim_gazebo_sim/models/Coast Water/materials/programs/GerstnerWaves_fs_330.glsl' of type 'FileSystem' to resource group 'General'
10:22:11: Added resource location '/home/user/ros2_ws/install/mrsim_gazebo_sim/share/mrsim_gazebo_sim/models/Coast Water/materials/programs/GerstnerWaves_vs_330.glsl' of type 'FileSystem' to resource group 'General'
10:22:11: Added resource location '/home/user/ros2_ws/install/mrsim_gazebo_sim/share/mrsim_gazebo_sim/models/Coast Water/materials/programs/GerstnerWaves_fs_330.glsl' of type 'FileSystem' to resource group 'General'
10:22:11: Added resource location '/home/user/ros2_ws/install/mrsim_gazebo_sim/share/mrsim_gazebo_sim/models/Coast Water/materials/programs/GerstnerWaves_vs_330.glsl' of type 'FileSystem' to resource group 'General'
10:22:11: Added resource location '/home/user/ros2_ws/install/mrsim_gazebo_sim/share/mrsim_gazebo_sim/models/Coast Water/materials/programs/GerstnerWaves_fs_330.glsl' of type 'FileSystem' to resource group 'General'
10:22:11: Added resource location '/home/user/ros2_ws/install/mrsim_gazebo_sim/share/mrsim_gazebo_sim/models/Coast Water/materials/programs/GerstnerWaves_vs_330.glsl' of type 'FileSystem' to resource group 'General'
10:22:11: Added resource location '/home/user/ros2_ws/install/mrsim_gazebo_sim/share/mrsim_gazebo_sim/models/Coast Water/materials/programs/GerstnerWaves_fs_330.glsl' of type 'FileSystem' to resource group 'General'
10:22:11: Added resource location '/home/user/ros2_ws/install/mrsim_gazebo_sim/share/mrsim_gazebo_sim/models/Coast Water/materials/programs/GerstnerWaves_vs_330.glsl' of type 'FileSystem' to resource group 'General'
10:22:11: Added resource location '/home/user/ros2_ws/install/mrsim_gazebo_sim/share/mrsim_gazebo_sim/models/Coast Water/materials/programs/GerstnerWaves_fs_330.glsl' of type 'FileSystem' to resource group 'General'
10:22:11: Added resource location '/home/user/ros2_ws/install/mrsim_gazebo_sim/share/mrsim_gazebo_sim/models/Coast Water/materials/textures/' of type 'FileSystem' to resource group 'General'
10:22:11: Texture memory budget exceeded. Stalling GPU.
10:22:11: Stalling was not enough. Freeing memory.
10:22:11: Vertex Shader: _ign_GerstnerWaves_vs_330.glsl
Fragment Shader: _ign_GerstnerWaves_fs_330.glsl
 GLSL validation result : 
active samplers with a different type refer to the same texture image unit
10:22:11: Texture memory budget exceeded. Stalling GPU.
10:22:11: Vertex Shader: 100000002VertexShader_vs
Fragment Shader: 100000002PixelShader_ps
 GLSL validation result : 
active samplers with a different type refer to the same texture image unit
10:22:12: Vertex Shader: 100000003VertexShader_vs
Fragment Shader: 100000003PixelShader_ps
 GLSL validation result : 
active samplers with a different type refer to the same texture image unit
10:22:12: WARNING: Deleting mapped buffer without having it unmapped. This is often sign of a resource leak or a bad pattern. Umapping the buffer for you...
10:22:12: WARNING: Deleting mapped buffer without having it unmapped. This is often sign of a resource leak or a bad pattern. Umapping the buffer for you...
10:22:12: WARNING: Deleting mapped buffer without having it unmapped. This is often sign of a resource leak or a bad pattern. Umapping the buffer for you...
10:22:12: WARNING: Deleting mapped buffer without having it unmapped. This is often sign of a resource leak or a bad pattern. Umapping the buffer for you...
