(2026-03-10T16:31:27.166547795) (2026-03-10T16:31:27.166555498) [Msg] Ignition Gazebo Server v6.17.1
(2026-03-10T16:31:27.168408746) (2026-03-10T16:31:27.168417047) [Msg] Loading SDF world file[/home/user/ros2_ws/install/mrsim_gazebo_sim/share/mrsim_gazebo_sim/worlds/example.world].
(2026-03-10T16:31:27.479539239) (2026-03-10T16:31:27.479551543) [Msg] Serving entity system service on [/entity/system/add]
(2026-03-10T16:31:27.506853025) (2026-03-10T16:31:27.506860747) [Dbg] [SystemManager.cc:73] Loaded system [ignition::gazebo::systems::ShaderParam] for entity [9]
(2026-03-10T16:31:27.510268045) (2026-03-10T16:31:27.510279523) [Dbg] [SystemManager.cc:73] Loaded system [mrsim_gazebo_sim::SetPegPosePlugin] for entity [10]
(2026-03-10T16:31:27.540834616) (2026-03-10T16:31:27.540841770) [Dbg] [SystemManager.cc:73] Loaded system [mrsim_gazebo_sim::MrsimDroneIgnPlugin] for entity [14]
(2026-03-10T16:31:27.543350378) (2026-03-10T16:31:27.543356797) [Dbg] [MulticopterMotorModel.cc:373] Listening to topic: qr4/gazebo/command/motor_speed
(2026-03-10T16:31:27.543473926) (2026-03-10T16:31:27.543477894) [Dbg] [SystemManager.cc:73] Loaded system [ignition::gazebo::systems::MulticopterMotorModel] for entity [14]
(2026-03-10T16:31:27.543723339) (2026-03-10T16:31:27.543728067) [Dbg] [MulticopterMotorModel.cc:373] Listening to topic: qr4/gazebo/command/motor_speed
(2026-03-10T16:31:27.543794159) (2026-03-10T16:31:27.543797989) [Dbg] [SystemManager.cc:73] Loaded system [ignition::gazebo::systems::MulticopterMotorModel] for entity [14]
(2026-03-10T16:31:27.544049136) (2026-03-10T16:31:27.544054483) [Dbg] [MulticopterMotorModel.cc:373] Listening to topic: qr4/gazebo/command/motor_speed
(2026-03-10T16:31:27.544139135) (2026-03-10T16:31:27.544143370) [Dbg] [SystemManager.cc:73] Loaded system [ignition::gazebo::systems::MulticopterMotorModel] for entity [14]
(2026-03-10T16:31:27.544358181) (2026-03-10T16:31:27.544362579) [Dbg] [MulticopterMotorModel.cc:373] Listening to topic: qr4/gazebo/command/motor_speed
(2026-03-10T16:31:27.544444143) (2026-03-10T16:31:27.544447998) [Dbg] [SystemManager.cc:73] Loaded system [ignition::gazebo::systems::MulticopterMotorModel] for entity [14]
(2026-03-10T16:31:27.546496709) (2026-03-10T16:31:27.546503137) [Msg] OdometryPublisher publishing odometry on [/model/qr4/odometry]
(2026-03-10T16:31:27.546575485) (2026-03-10T16:31:27.546579378) [Msg] OdometryPublisher publishing odometry with covariance on [/model/qr4/odometry_with_covariance]
(2026-03-10T16:31:27.546640504) (2026-03-10T16:31:27.546644359) [Msg] OdometryPublisher publishing Pose_V (TF) on [/model/qr4/pose]
(2026-03-10T16:31:27.546662946) (2026-03-10T16:31:27.546666431) [Dbg] [SystemManager.cc:73] Loaded system [ignition::gazebo::systems::OdometryPublisher] for entity [14]
(2026-03-10T16:31:27.571926011) (2026-03-10T16:31:27.571933825) [Dbg] [Sensors.cc:506] Configuring Sensors system
(2026-03-10T16:31:27.572045254) (2026-03-10T16:31:27.572048855) [Dbg] [Sensors.cc:431] SensorsPrivate::Run
((2026-03-10T16:31:27.572174279) (2026-03-10T16:31:27.572182854) [Dbg] [Sensors.cc:411] ) (2026-03-10T16:31:27.572198202) 
(2026-03-10T16:31:27.572214179) (2026-03-10T16:31:27.572221884) [Dbg] [Sensors.cc:258] Waiting for init
] for entity []
(2026-03-10T16:31:27.572643582) (2026-03-10T16:31:27.572648166) [Msg] Loaded level [3]
(2026-03-10T16:31:27.572666340) (2026-03-10T16:31:27.572669787) [Msg] No systems loaded from SDF, loading defaults
(2026-03-10T16:31:27.572836136) (2026-03-10T16:31:27.572839927) [Dbg] [ServerConfig.cc:1043] Loaded (3) plugins from file [/home/user/.ignition/gazebo/6/server.config]
(2026-03-10T16:31:27.616170048) (2026-03-10T16:31:27.616176982) [Dbg] [Physics.cc:804] Loaded [ignition::physics::dartsim::Plugin] from library [/usr/lib/x86_64-linux-gnu/ign-physics-5/engine-plugins/libignition-physics-dartsim-plugin.so]
(2026-03-10T16:31:27.617377013) (2026-03-10T16:31:27.617385258) [Dbg] [SystemManager.cc:73] Loaded system [gz::sim::systems::Physics] for entity [1]
(2026-03-10T16:31:27.677438860) (2026-03-10T16:31:27.677449923) [Msg] Create service on [/world/mrsim/create]
(2026-03-10T16:31:27.677899472) (2026-03-10T16:31:27.677906595) [Msg] Remove service on [/world/mrsim/remove]
(2026-03-10T16:31:27.678015028) (2026-03-10T16:31:27.678021578) [Msg] Pose service on [/world/mrsim/set_pose]
(2026-03-10T16:31:27.678085276) (2026-03-10T16:31:27.678091518) [Msg] Pose service on [/world/mrsim/set_pose_vector]
(2026-03-10T16:31:27.678240412) (2026-03-10T16:31:27.678247046) [Msg] Light configuration service on [/world/mrsim/light_config]
(2026-03-10T16:31:27.678422934) (2026-03-10T16:31:27.678429348) [Msg] Physics service on [/world/mrsim/set_physics]
(2026-03-10T16:31:27.678517233) (2026-03-10T16:31:27.678523022) [Msg] SphericalCoordinates service on [/world/mrsim/set_spherical_coordinates]
(2026-03-10T16:31:27.678564928) (2026-03-10T16:31:27.678570819) [Msg] Enable collision service on [/world/mrsim/enable_collision]
(2026-03-10T16:31:27.678619916) (2026-03-10T16:31:27.678626315) [Msg] Disable collision service on [/world/mrsim/disable_collision]
(2026-03-10T16:31:27.678747664) (2026-03-10T16:31:27.678754051) [Msg] Material service on [/world/mrsim/visual_config]
(2026-03-10T16:31:27.678829134) (2026-03-10T16:31:27.678835440) [Msg] Material service on [/world/mrsim/wheel_slip]
(2026-03-10T16:31:27.678872694) (2026-03-10T16:31:27.678876309) [Dbg] [SystemManager.cc:73] Loaded system [gz::sim::systems::UserCommands] for entity [1]
(2026-03-10T16:31:27.714541089) (2026-03-10T16:31:27.714549678) [Dbg] [SystemManager.cc:73] Loaded system [gz::sim::systems::SceneBroadcaster] for entity [1]
(2026-03-10T16:31:27.714854680) (2026-03-10T16:31:27.714862347) [Msg] Serving world controls on [/world/mrsim/control], [/world/mrsim/control/state] and [/world/mrsim/playback/control]
(2026-03-10T16:31:27.714965410) (2026-03-10T16:31:27.714971847) [Msg] Serving GUI information on [/world/mrsim/gui/info]
(2026-03-10T16:31:27.715003358) (2026-03-10T16:31:27.715009209) [Msg] World [mrsim] initialized with [1ms] physics profile.
(2026-03-10T16:31:27.715137165) (2026-03-10T16:31:27.715143627) [Msg] Serving world SDF generation service on [/world/mrsim/generate_world_sdf]
(2026-03-10T16:31:27.715313488) (2026-03-10T16:31:27.715320768) [Msg] Serving world names on [/gazebo/worlds]
(2026-03-10T16:31:27.715408359) (2026-03-10T16:31:27.715414781) [Msg] Resource path add service on [/gazebo/resource_paths/add].
(2026-03-10T16:31:27.715530275) (2026-03-10T16:31:27.715537519) [Msg] Resource path get service on [/gazebo/resource_paths/get].
(2026-03-10T16:31:27.715937599) (2026-03-10T16:31:27.715946700) [Msg] Resource path resolve service on [/gazebo/resource_paths/resolve].
(2026-03-10T16:31:27.716107331) (2026-03-10T16:31:27.716114225) [Msg] Resource paths published on [/gazebo/resource_paths].
(2026-03-10T16:31:27.716323660) (2026-03-10T16:31:27.716330895) [Msg] Server control service on [/server_control].
(2026-03-10T16:31:29.65577741) (2026-03-10T16:31:29.65585764) [Wrn] [SimulationRunner.cc:662] Found additional publishers on /stats, using namespaced stats topic only
(2026-03-10T16:31:29.65616165) (2026-03-10T16:31:29.65619805) [Dbg] [SimulationRunner.cc:664] Publishers [Address, Message Type]:
(2026-03-10T16:31:29.65628008) (2026-03-10T16:31:29.65631390) [Dbg] [SimulationRunner.cc:669]   tcp://100.70.19.185:37451, ignition.msgs.WorldStatistics
(2026-03-10T16:31:29.65784280) (2026-03-10T16:31:29.65790759) [Wrn] [SimulationRunner.cc:695] Found additional publishers on /clock, using namespaced clock topic only
(2026-03-10T16:31:29.65814268) (2026-03-10T16:31:29.65819949) [Dbg] [SimulationRunner.cc:697] Publishers [Address, Message Type]:
(2026-03-10T16:31:29.65828542) (2026-03-10T16:31:29.65831919) [Dbg] [SimulationRunner.cc:702]   tcp://100.70.19.185:37451, ignition.msgs.Clock
(2026-03-10T16:31:29.65914412) (2026-03-10T16:31:29.65918072) [Dbg] [SimulationRunner.cc:501] Creating PostUpdate worker threads: 4
(2026-03-10T16:31:29.65939207) (2026-03-10T16:31:29.65943432) [Dbg] [SimulationRunner.cc:512] Creating postupdate worker thread (0)
(2026-03-10T16:31:29.66026793) (2026-03-10T16:31:29.66032479) [Dbg] [SimulationRunner.cc:512] Creating postupdate worker thread (1)
(2026-03-10T16:31:29.66078212) (2026-03-10T16:31:29.66083661) [Dbg] [SimulationRunner.cc:512] Creating postupdate worker thread (2)
(2026-03-10T16:31:29.69364970) (2026-03-10T16:31:29.69373047) [Dbg] [Sensors.cc:610] Initialization needed
(2026-03-10T16:31:29.69406570) (2026-03-10T16:31:29.69411304) [Dbg] [Sensors.cc:270] Initializing render context
(2026-03-10T16:31:29.69509596) (2026-03-10T16:31:29.69513368) [Msg] Loading plugin [ignition-rendering-ogre2]
(2026-03-10T16:31:29.70016869) (2026-03-10T16:31:29.70024852) [Msg] Serving scene information on [/world/mrsim/scene/info]
(2026-03-10T16:31:29.70084618) (2026-03-10T16:31:29.70090038) [Msg] Serving graph information on [/world/mrsim/scene/graph]
(2026-03-10T16:31:29.70195548) (2026-03-10T16:31:29.70201947) [Msg] Serving full state on [/world/mrsim/state]
(2026-03-10T16:31:29.70248720) (2026-03-10T16:31:29.70254925) [Msg] Serving full state (async) on [/world/mrsim/state_async]
(2026-03-10T16:31:29.70314531) (2026-03-10T16:31:29.70318314) [Msg] Publishing scene information on [/world/mrsim/scene/info]
(2026-03-10T16:31:29.70387680) (2026-03-10T16:31:29.70394152) [Msg] Publishing entity deletions on [/world/mrsim/scene/deletion]
(2026-03-10T16:31:29.70434604) (2026-03-10T16:31:29.70439523) [Msg] Publishing state changes on [/world/mrsim/state]
(2026-03-10T16:31:29.70499584) (2026-03-10T16:31:29.70505926) [Msg] Publishing pose messages on [/world/mrsim/pose/info]
(2026-03-10T16:31:29.70563923) (2026-03-10T16:31:29.70569696) [Msg] Publishing dynamic pose messages on [/world/mrsim/dynamic_pose/info]
(2026-03-10T16:31:31.331393253) (2026-03-10T16:31:31.331413036) [Dbg] [RenderUtil.cc:2591] Create scene [scene]
((2026-03-10T16:31:33.570421682026-03-10T16:31:33.570421682026-03-10T16:31:33.57048311) ) (2026-03-10T16:31:33.57063327) ) 2026-03-10T16:31:33.57070873) [Dbg] [Sensors.cc:284] [Dbg] [Sensors.cc:610] [Dbg] [Sensors.cc:284] [Dbg] [Sensors.cc:610] Rendering Thread initializedInitialization neededi
(2026-03-10T16:31:35.997576700) (2026-03-10T16:31:35.997596096) [Dbg] [CameraSensor.cc:394] Camera images for [qr4::base::camera] advertised on [/camera]
(2026-03-10T16:31:35.997836406) (2026-03-10T16:31:35.997841988) [Dbg] [CameraSensor.cc:705] Camera info for [qr4::base::camera] advertised on [/camera_info]
(2026-03-10T16:31:35.998345958) (2026-03-10T16:31:35.998351480) [Wrn] [Ogre2Camera.cc:390] Ogre2Camera::SetVisibilityMask: Mask bits c0000000 are set but will be ignored as they conflict with the reserved bits used internally by the ogre2 backend.
(2026-03-10T16:31:35.998568966) (2026-03-10T16:31:35.998572941) [Msg] Loading plugin [ignition-rendering-ogre2]
(2026-03-10T16:31:36.73984098) (2026-03-10T16:31:36.73996525) [Dbg] [CameraSensor.cc:518] Enabling camera sensor: 'qr4::base::camera' data generation.
(2026-03-10T16:32:04.497130466) (2026-03-10T16:32:04.497145808) [Dbg] [SimulationFeatures.cc:71] Simulation timestep set to: 0.005
(2026-03-10T16:32:24.577824067) (2026-03-10T16:32:24.577832626) [Dbg] [SignalHandler.cc:141] Received signal[2].
(2026-03-10T16:32:24.587408193) (2026-03-10T16:32:24.587418303) [Dbg] [ServerPrivate.cc:110] Server received signal[2]
(2026-03-10T16:32:24.587444066) (2026-03-10T16:32:24.587447736) [Dbg] [Sensors.cc:439] SensorsPrivate::Stop
(2026-03-10T16:32:24.588264001) (2026-03-10T16:32:24.588270277) [Dbg] [Sensors.cc:425] SensorsPrivate::RenderThread stopped
(2026-03-10T16:32:24.592691020) (2026-03-10T16:32:24.592697292) [Dbg] [gz.cc:410] Shutting down ign-gazebo-server
((2026-03-10T16:32:24.595201778() (() () [Dbg] [SimulationRunner.cc:528] 2026-03-10T16:32:24.5952283252026-03-10T16:32:24.5952283252026-03-10T16:32:24.595223030) ) (2026-03-10T16:32:24.595249563) Exiting postupdate worker thread (2)
[Dbg] [SimulationRunner.cc:528] Exiting postupdate worker thread (Exiting postupdate worker thread (1)

)
(2026-03-10T16:32:24.623413291) (2026-03-10T16:32:24.623420792) [Dbg] [Sensors.cc:439] SensorsPrivate::Stop
