(2026-03-18T09:40:12.868615268) (2026-03-18T09:40:12.868628803) [Msg] Ignition Gazebo Server v6.17.1
(2026-03-18T09:40:12.871687049) (2026-03-18T09:40:12.871699480) [Msg] Loading SDF world file[/home/user/ros2_ws/install/mrsim_gazebo_sim/share/mrsim_gazebo_sim/worlds/example.world].
(2026-03-18T09:40:13.204861885) (2026-03-18T09:40:13.204878177) [Msg] Serving entity system service on [/entity/system/add]
(2026-03-18T09:40:13.258196594) (2026-03-18T09:40:13.258210314) [Dbg] [SystemManager.cc:73] Loaded system [ignition::gazebo::systems::ShaderParam] for entity [9]
(2026-03-18T09:40:13.263393403) (2026-03-18T09:40:13.263405052) [Dbg] [SystemManager.cc:73] Loaded system [mrsim_gazebo_sim::SetPegPosePlugin] for entity [10]
(2026-03-18T09:40:13.294477792) (2026-03-18T09:40:13.294487647) [Dbg] [SystemManager.cc:73] Loaded system [mrsim_gazebo_sim::MrsimDroneIgnPlugin] for entity [14]
(2026-03-18T09:40:13.296582766) (2026-03-18T09:40:13.296592311) [Dbg] [MulticopterMotorModel.cc:373] Listening to topic: qr4/gazebo/command/motor_speed
(2026-03-18T09:40:13.296743138) (2026-03-18T09:40:13.296748813) [Dbg] [SystemManager.cc:73] Loaded system [ignition::gazebo::systems::MulticopterMotorModel] for entity [14]
(2026-03-18T09:40:13.297059899) (2026-03-18T09:40:13.297065764) [Dbg] [MulticopterMotorModel.cc:373] Listening to topic: qr4/gazebo/command/motor_speed
(2026-03-18T09:40:13.297151298) (2026-03-18T09:40:13.297156624) [Dbg] [SystemManager.cc:73] Loaded system [ignition::gazebo::systems::MulticopterMotorModel] for entity [14]
(2026-03-18T09:40:13.297449792) (2026-03-18T09:40:13.297455629) [Dbg] [MulticopterMotorModel.cc:373] Listening to topic: qr4/gazebo/command/motor_speed
(2026-03-18T09:40:13.297529716) (2026-03-18T09:40:13.297534933) [Dbg] [SystemManager.cc:73] Loaded system [ignition::gazebo::systems::MulticopterMotorModel] for entity [14]
(2026-03-18T09:40:13.297818164) (2026-03-18T09:40:13.297823757) [Dbg] [MulticopterMotorModel.cc:373] Listening to topic: qr4/gazebo/command/motor_speed
(2026-03-18T09:40:13.297895430) (2026-03-18T09:40:13.297900585) [Dbg] [SystemManager.cc:73] Loaded system [ignition::gazebo::systems::MulticopterMotorModel] for entity [14]
(2026-03-18T09:40:13.299757106) (2026-03-18T09:40:13.299764482) [Msg] OdometryPublisher publishing odometry on [/model/qr4/odometry]
(2026-03-18T09:40:13.299893833) (2026-03-18T09:40:13.299899078) [Msg] OdometryPublisher publishing odometry with covariance on [/model/qr4/odometry_with_covariance]
(2026-03-18T09:40:13.299995174) (2026-03-18T09:40:13.300000553) [Msg] OdometryPublisher publishing Pose_V (TF) on [/model/qr4/pose]
(2026-03-18T09:40:13.300025260) (2026-03-18T09:40:13.300029877) [Dbg] [SystemManager.cc:73] Loaded system [ignition::gazebo::systems::OdometryPublisher] for entity [14]
(2026-03-18T09:40:13.319066718) (2026-03-18T09:40:13.319080196) [Dbg] [Sensors.cc:506] Configuring Sensors system
(2026-03-18T09:40:13.319237945) (2026-03-18T09:40:13.319246453) [Dbg] [Sensors.cc:431] SensorsPrivate::Run
(2026-03-18T09:40:13.319402293) (2026-03-18T09:40:13.319416726) [Dbg] [Sensors.cc:411] SensorsPrivate::RenderThread started
(2026-03-18T09:40:13.319451769) (2026-03-18T09:40:13.319459795) [Dbg] [Sensors.cc:258] Waiting for init
(2026-03-18T09:40:13.319495303) (2026-03-18T09:40:13.319503771) [Dbg] [SystemManager.cc:73] Loaded system [ignition::gazebo::systems::Sensors] for entity [14]
(2026-03-18T09:40:13.320225896) (2026-03-18T09:40:13.320238045) [Msg] Loaded level [3]
(2026-03-18T09:40:13.320282012) (2026-03-18T09:40:13.320289757) [Msg] No systems loaded from SDF, loading defaults
(2026-03-18T09:40:13.320889863) (2026-03-18T09:40:13.320900383) [Dbg] [ServerConfig.cc:1043] Loaded (3) plugins from file [/home/user/.ignition/gazebo/6/server.config]
(2026-03-18T09:40:13.360050878) (2026-03-18T09:40:13.360067563) [Dbg] [Physics.cc:804] Loaded [ignition::physics::dartsim::Plugin] from library [/usr/lib/x86_64-linux-gnu/ign-physics-5/engine-plugins/libignition-physics-dartsim-plugin.so]
(2026-03-18T09:40:13.360156506) (2026-03-18T09:40:13.360162941) [Dbg] [SystemManager.cc:73] Loaded system [gz::sim::systems::Physics] for entity [1]
(2026-03-18T09:40:13.364119387) (2026-03-18T09:40:13.364132755) [Msg] Create service on [/world/mrsim/create]
(2026-03-18T09:40:13.364586634) (2026-03-18T09:40:13.364597356) [Msg] Remove service on [/world/mrsim/remove]
(2026-03-18T09:40:13.364858925) (2026-03-18T09:40:13.364868097) [Msg] Pose service on [/world/mrsim/set_pose]
(2026-03-18T09:40:13.365066399) (2026-03-18T09:40:13.365074658) [Msg] Pose service on [/world/mrsim/set_pose_vector]
(2026-03-18T09:40:13.365400299) (2026-03-18T09:40:13.365411066) [Msg] Light configuration service on [/world/mrsim/light_config]
(2026-03-18T09:40:13.365880276) (2026-03-18T09:40:13.365891335) [Msg] Physics service on [/world/mrsim/set_physics]
(2026-03-18T09:40:13.366162911) (2026-03-18T09:40:13.366171270) [Msg] SphericalCoordinates service on [/world/mrsim/set_spherical_coordinates]
(2026-03-18T09:40:13.366368715) (2026-03-18T09:40:13.366377755) [Msg] Enable collision service on [/world/mrsim/enable_collision]
(2026-03-18T09:40:13.366554604) (2026-03-18T09:40:13.366563714) [Msg] Disable collision service on [/world/mrsim/disable_collision]
(2026-03-18T09:40:13.366906623) (2026-03-18T09:40:13.366916465) [Msg] Material service on [/world/mrsim/visual_config]
(2026-03-18T09:40:13.367157975) (2026-03-18T09:40:13.367167425) [Msg] Material service on [/world/mrsim/wheel_slip]
(2026-03-18T09:40:13.367218247) (2026-03-18T09:40:13.367225960) [Dbg] [SystemManager.cc:73] Loaded system [gz::sim::systems::UserCommands] for entity [1]
(2026-03-18T09:40:13.370238615) (2026-03-18T09:40:13.370251638) [Dbg] [SystemManager.cc:73] Loaded system [gz::sim::systems::SceneBroadcaster] for entity [1]
(2026-03-18T09:40:13.370755680) (2026-03-18T09:40:13.370765288) [Msg] Serving world controls on [/world/mrsim/control], [/world/mrsim/control/state] and [/world/mrsim/playback/control]
(2026-03-18T09:40:13.370916431) (2026-03-18T09:40:13.370925870) [Msg] Serving GUI information on [/world/mrsim/gui/info]
(2026-03-18T09:40:13.370969341) (2026-03-18T09:40:13.370977864) [Msg] World [mrsim] initialized with [1ms] physics profile.
(2026-03-18T09:40:13.371156600) (2026-03-18T09:40:13.371165288) [Msg] Serving world SDF generation service on [/world/mrsim/generate_world_sdf]
(2026-03-18T09:40:13.371296482) (2026-03-18T09:40:13.371305725) [Msg] Serving world names on [/gazebo/worlds]
(2026-03-18T09:40:13.371407897) (2026-03-18T09:40:13.371418649) [Msg] Resource path add service on [/gazebo/resource_paths/add].
(2026-03-18T09:40:13.371502582) (2026-03-18T09:40:13.371511762) [Msg] Resource path get service on [/gazebo/resource_paths/get].
(2026-03-18T09:40:13.471852182) (2026-03-18T09:40:13.471867862) [Msg] Resource path resolve service on [/gazebo/resource_paths/resolve].
(2026-03-18T09:40:13.471980555) (2026-03-18T09:40:13.471987993) [Msg] Resource paths published on [/gazebo/resource_paths].
(2026-03-18T09:40:13.472135085) (2026-03-18T09:40:13.472142647) [Msg] Server control service on [/server_control].
(2026-03-18T09:40:14.754996572) (2026-03-18T09:40:14.755007463) [Msg] Found no publishers on /stats, adding root stats topic
(2026-03-18T09:40:14.755193677) (2026-03-18T09:40:14.755202090) [Msg] Found no publishers on /clock, adding root clock topic
(2026-03-18T09:40:14.755404317) (2026-03-18T09:40:14.755412939) [Dbg] [SimulationRunner.cc:501] Creating PostUpdate worker threads: 4
(2026-03-18T09:40:14.755447834) (2026-03-18T09:40:14.755455273) [Dbg] [SimulationRunner.cc:512] Creating postupdate worker thread (0)
(2026-03-18T09:40:14.755554142) (2026-03-18T09:40:14.755561699) [Dbg] [SimulationRunner.cc:512] Creating postupdate worker thread (1)
(2026-03-18T09:40:14.755624990) (2026-03-18T09:40:14.755632668) [Dbg] [SimulationRunner.cc:512] Creating postupdate worker thread (2)
(2026-03-18T09:40:14.760692373) (2026-03-18T09:40:14.760706857) [Dbg] [SimulationFeatures.cc:71] Simulation timestep set to: 0.005
(2026-03-18T09:40:14.761288636) (2026-03-18T09:40:14.761296210) [Dbg] [Sensors.cc:610] Initialization needed
(2026-03-18T09:40:14.761345763) (2026-03-18T09:40:14.761358416) [Dbg] [Sensors.cc:270] Initializing render context
(2026-03-18T09:40:14.761511564) (2026-03-18T09:40:14.761519632) [Msg] Loading plugin [ignition-rendering-ogre2]
(2026-03-18T09:40:14.762220172) (2026-03-18T09:40:14.762229701) [Msg] Serving scene information on [/world/mrsim/scene/info]
(2026-03-18T09:40:14.762306893) (2026-03-18T09:40:14.762314203) [Msg] Serving graph information on [/world/mrsim/scene/graph]
(2026-03-18T09:40:14.762455146) (2026-03-18T09:40:14.762463267) [Msg] Serving full state on [/world/mrsim/state]
(2026-03-18T09:40:14.762529368) (2026-03-18T09:40:14.762535893) [Msg] Serving full state (async) on [/world/mrsim/state_async]
(2026-03-18T09:40:14.762644530) (2026-03-18T09:40:14.762651970) [Msg] Publishing scene information on [/world/mrsim/scene/info]
(2026-03-18T09:40:14.762792107) (2026-03-18T09:40:14.762801344) [Msg] Publishing entity deletions on [/world/mrsim/scene/deletion]
(2026-03-18T09:40:14.762909827) (2026-03-18T09:40:14.762919182) [Msg] Publishing state changes on [/world/mrsim/state]
(2026-03-18T09:40:14.763012706) (2026-03-18T09:40:14.763021626) [Msg] Publishing pose messages on [/world/mrsim/pose/info]
(2026-03-18T09:40:14.763294937) (2026-03-18T09:40:14.763304364) [Msg] Publishing dynamic pose messages on [/world/mrsim/dynamic_pose/info]
(2026-03-18T09:40:14.763666206) (2026-03-18T09:40:14.763678214) [Dbg] [EntityComponentManager.cc:1623] Updated state thread iterators: 8 threads processing around 6 entities each.
(2026-03-18T09:40:14.977901624) (2026-03-18T09:40:14.977909414) [Dbg] [RenderUtil.cc:2591] Create scene [scene]
((2026-03-18T09:40:15.433306652026-03-18T09:40:15.43330365) (() (2026-03-18T09:40:15.43356909) ) [Dbg] [Sensors.cc:610] Initialization needed
[Dbg] [Sensors.cc:284] Rendering Thread initialized
(2026-03-18T09:40:16.220408004) (2026-03-18T09:40:16.220422671) [Dbg] [CameraSensor.cc:394] Camera images for [qr4::base::camera] advertised on [/camera]
(2026-03-18T09:40:16.220780235) (2026-03-18T09:40:16.220789567) [Dbg] [CameraSensor.cc:705] Camera info for [qr4::base::camera] advertised on [/camera_info]
(2026-03-18T09:40:16.221519251) (2026-03-18T09:40:16.221529728) [Wrn] [Ogre2Camera.cc:390] Ogre2Camera::SetVisibilityMask: Mask bits c0000000 are set but will be ignored as they conflict with the reserved bits used internally by the ogre2 backend.
(2026-03-18T09:40:16.223029398) (2026-03-18T09:40:16.223036314) [Msg] Loading plugin [ignition-rendering-ogre2]
(2026-03-18T09:40:16.301182961) (2026-03-18T09:40:16.301196409) [Dbg] [CameraSensor.cc:518] Enabling camera sensor: 'qr4::base::camera' data generation.
(2026-03-18T09:40:26.353115754) (2026-03-18T09:40:26.353126844) [Dbg] [SignalHandler.cc:141] Received signal[2].
(2026-03-18T09:40:26.353798299) (2026-03-18T09:40:26.353803300) [Dbg] [ServerPrivate.cc:110] Server received signal[2]
(2026-03-18T09:40:26.353824805) (2026-03-18T09:40:26.353829415) [Dbg] [Sensors.cc:439] SensorsPrivate::Stop
(2026-03-18T09:40:26.354184204) (2026-03-18T09:40:26.354194637) [Dbg] [Sensors.cc:425] SensorsPrivate::RenderThread stopped
(2026-03-18T09:40:26.358001726) (2026-03-18T09:40:26.358009838) [Dbg] [gz.cc:410] Shutting down ign-gazebo-server
((((((2026-03-18T09:40:26.363601484) (((2026-03-18T09:40:26.3636248192026-03-18T09:40:26.3636305822026-03-18T09:40:26.3636248192026-03-18T09:40:26.363630582) ) ) ([Dbg] [SimulationRunner.cc:528] [Dbg] [SimulationRunner.cc:528] 2026-03-18T09:40:26.363655499[Dbg] [SimulationRunner.cc:528] [Dbg] [SimulationRunner.cc:528] 2026-03-18T09:40:26.363655499[Dbg] [SimulationRunner.cc:528] Exiting postupdate worker thread (Exiting postupdate worker thread (1)
Exiting postupdate worker thread (Exiting postupdate worker thread (2)
Exiting postupdate worker thread (0)
(2026-03-18T09:40:26.389067351) (2026-03-18T09:40:26.389087342) [Dbg] [Sensors.cc:439] SensorsPrivate::Stop
