(2026-03-13T16:31:36.431763929) (2026-03-13T16:31:36.431772964) [Msg] Ignition Gazebo Server v6.17.1
(2026-03-13T16:31:36.434742829) (2026-03-13T16:31:36.434753845) [Msg] Loading SDF world file[/home/user/ros2_ws/install/mrsim_gazebo_sim/share/mrsim_gazebo_sim/worlds/example.world].
(2026-03-13T16:31:36.744281458) (2026-03-13T16:31:36.744306234) [Msg] Serving entity system service on [/entity/system/add]
(2026-03-13T16:31:36.790854241) (2026-03-13T16:31:36.790867307) [Dbg] [SystemManager.cc:73] Loaded system [ignition::gazebo::systems::ShaderParam] for entity [9]
(2026-03-13T16:31:36.796137594) (2026-03-13T16:31:36.796151899) [Dbg] [SystemManager.cc:73] Loaded system [mrsim_gazebo_sim::SetPegPosePlugin] for entity [10]
(2026-03-13T16:31:36.841450834) (2026-03-13T16:31:36.841463898) [Dbg] [SystemManager.cc:73] Loaded system [mrsim_gazebo_sim::MrsimDroneIgnPlugin] for entity [14]
(2026-03-13T16:31:36.843964627) (2026-03-13T16:31:36.843977498) [Dbg] [MulticopterMotorModel.cc:373] Listening to topic: qr4/gazebo/command/motor_speed
(2026-03-13T16:31:36.844190967) (2026-03-13T16:31:36.844199229) [Dbg] [SystemManager.cc:73] Loaded system [ignition::gazebo::systems::MulticopterMotorModel] for entity [14]
(2026-03-13T16:31:36.844799893) (2026-03-13T16:31:36.844810052) [Dbg] [MulticopterMotorModel.cc:373] Listening to topic: qr4/gazebo/command/motor_speed
(2026-03-13T16:31:36.844929443) (2026-03-13T16:31:36.844938081) [Dbg] [SystemManager.cc:73] Loaded system [ignition::gazebo::systems::MulticopterMotorModel] for entity [14]
(2026-03-13T16:31:36.845427346) (2026-03-13T16:31:36.845439040) [Dbg] [MulticopterMotorModel.cc:373] Listening to topic: qr4/gazebo/command/motor_speed
(2026-03-13T16:31:36.845571078) (2026-03-13T16:31:36.845579174) [Dbg] [SystemManager.cc:73] Loaded system [ignition::gazebo::systems::MulticopterMotorModel] for entity [14]
(2026-03-13T16:31:36.846077918) (2026-03-13T16:31:36.846087199) [Dbg] [MulticopterMotorModel.cc:373] Listening to topic: qr4/gazebo/command/motor_speed
(2026-03-13T16:31:36.846180172) (2026-03-13T16:31:36.846187992) [Dbg] [SystemManager.cc:73] Loaded system [ignition::gazebo::systems::MulticopterMotorModel] for entity [14]
(2026-03-13T16:31:36.849017358) (2026-03-13T16:31:36.849030639) [Msg] OdometryPublisher publishing odometry on [/model/qr4/odometry]
(2026-03-13T16:31:36.849258095) (2026-03-13T16:31:36.849267138) [Msg] OdometryPublisher publishing odometry with covariance on [/model/qr4/odometry_with_covariance]
(2026-03-13T16:31:36.849448663) (2026-03-13T16:31:36.849457162) [Msg] OdometryPublisher publishing Pose_V (TF) on [/model/qr4/pose]
(2026-03-13T16:31:36.849497810) (2026-03-13T16:31:36.849504830) [Dbg] [SystemManager.cc:73] Loaded system [ignition::gazebo::systems::OdometryPublisher] for entity [14]
(2026-03-13T16:31:36.876512138) (2026-03-13T16:31:36.876525258) [Dbg] [Sensors.cc:506] Configuring Sensors system
(2026-03-13T16:31:36.876659620) (2026-03-13T16:31:36.876667548) [Dbg] [Sensors.cc:431] SensorsPrivate::Run
(2026-03-13T16:31:36.876804039) (2026-03-13T16:31:36.876816798) 2026-03-13T16:31:36.876824291) (2026-03-13T16:31:36.876843542) ) [Dbg] [Sensors.cc:411] [Dbg] [SystemManager.cc:73] SensorsPrivate::RenderThread started
(Loaded system [2026-03-13T16:31:36.876877714ignition::gazebo::systems::Sensors2026-03-13T16:31:36.876877714ignition::gazebo::systems::Sensors) (2026-03-13T16:31:36.876893385) ] for entity [14[Dbg] [Sensors.cc:258] Waiting for init
14[Dbg] [Sensors.cc:258] ]
(2026-03-13T16:31:36.877505475) (2026-03-13T16:31:36.877517167) [Msg] Loaded level [3]
(2026-03-13T16:31:36.877555355) (2026-03-13T16:31:36.877563240) [Msg] No systems loaded from SDF, loading defaults
(2026-03-13T16:31:36.877823714) (2026-03-13T16:31:36.877832665) [Dbg] [ServerConfig.cc:1043] Loaded (3) plugins from file [/home/user/.ignition/gazebo/6/server.config]
(2026-03-13T16:31:36.915557351) (2026-03-13T16:31:36.915569812) [Dbg] [Physics.cc:804] Loaded [ignition::physics::dartsim::Plugin] from library [/usr/lib/x86_64-linux-gnu/ign-physics-5/engine-plugins/libignition-physics-dartsim-plugin.so]
(2026-03-13T16:31:36.915659136) (2026-03-13T16:31:36.915667033) [Dbg] [SystemManager.cc:73] Loaded system [gz::sim::systems::Physics] for entity [1]
(2026-03-13T16:31:36.918698263) (2026-03-13T16:31:36.918711187) [Msg] Create service on [/world/mrsim/create]
(2026-03-13T16:31:36.918880623) (2026-03-13T16:31:36.918890020) [Msg] Remove service on [/world/mrsim/remove]
(2026-03-13T16:31:36.919021471) (2026-03-13T16:31:36.919028997) [Msg] Pose service on [/world/mrsim/set_pose]
(2026-03-13T16:31:36.919110470) (2026-03-13T16:31:36.919118469) [Msg] Pose service on [/world/mrsim/set_pose_vector]
(2026-03-13T16:31:36.919314949) (2026-03-13T16:31:36.919330319) [Msg] Light configuration service on [/world/mrsim/light_config]
(2026-03-13T16:31:36.919575728) (2026-03-13T16:31:36.919585589) [Msg] Physics service on [/world/mrsim/set_physics]
(2026-03-13T16:31:36.919772794) (2026-03-13T16:31:36.919782630) [Msg] SphericalCoordinates service on [/world/mrsim/set_spherical_coordinates]
(2026-03-13T16:31:36.919866463) (2026-03-13T16:31:36.919875322) [Msg] Enable collision service on [/world/mrsim/enable_collision]
(2026-03-13T16:31:36.919956683) (2026-03-13T16:31:36.919964863) [Msg] Disable collision service on [/world/mrsim/disable_collision]
(2026-03-13T16:31:36.920173525) (2026-03-13T16:31:36.920183064) [Msg] Material service on [/world/mrsim/visual_config]
(2026-03-13T16:31:36.920473492) (2026-03-13T16:31:36.920482646) [Msg] Material service on [/world/mrsim/wheel_slip]
(2026-03-13T16:31:36.920529507) (2026-03-13T16:31:36.920537148) [Dbg] [SystemManager.cc:73] Loaded system [gz::sim::systems::UserCommands] for entity [1]
(2026-03-13T16:31:36.923480541) (2026-03-13T16:31:36.923492587) [Dbg] [SystemManager.cc:73] Loaded system [gz::sim::systems::SceneBroadcaster] for entity [1]
(2026-03-13T16:31:36.923967189) (2026-03-13T16:31:36.923976938) [Msg] Serving world controls on [/world/mrsim/control], [/world/mrsim/control/state] and [/world/mrsim/playback/control]
(2026-03-13T16:31:36.924217331) (2026-03-13T16:31:36.924226601) [Msg] Serving GUI information on [/world/mrsim/gui/info]
(2026-03-13T16:31:36.924264547) (2026-03-13T16:31:36.924272532) [Msg] World [mrsim] initialized with [1ms] physics profile.
(2026-03-13T16:31:36.924488531) (2026-03-13T16:31:36.924496540) [Msg] Serving world SDF generation service on [/world/mrsim/generate_world_sdf]
(2026-03-13T16:31:36.924627855) (2026-03-13T16:31:36.924635696) [Msg] Serving world names on [/gazebo/worlds]
(2026-03-13T16:31:36.924713178) (2026-03-13T16:31:36.924721864) [Msg] Resource path add service on [/gazebo/resource_paths/add].
(2026-03-13T16:31:36.924795084) (2026-03-13T16:31:36.924803093) [Msg] Resource path get service on [/gazebo/resource_paths/get].
(2026-03-13T16:31:36.924873312) (2026-03-13T16:31:36.924881828) [Msg] Resource path resolve service on [/gazebo/resource_paths/resolve].
(2026-03-13T16:31:36.924992453) (2026-03-13T16:31:36.924999880) [Msg] Resource paths published on [/gazebo/resource_paths].
(2026-03-13T16:31:37.25441508) (2026-03-13T16:31:37.25456620) [Msg] Server control service on [/server_control].
(2026-03-13T16:31:38.330707025) (2026-03-13T16:31:38.330722155) [Msg] Found no publishers on /stats, adding root stats topic
(2026-03-13T16:31:38.330941673) (2026-03-13T16:31:38.330949561) [Msg] Found no publishers on /clock, adding root clock topic
(2026-03-13T16:31:38.331155794) (2026-03-13T16:31:38.331164449) [Dbg] [SimulationRunner.cc:501] Creating PostUpdate worker threads: 4
(2026-03-13T16:31:38.331199771) (2026-03-13T16:31:38.331207454) [Dbg] [SimulationRunner.cc:512] Creating postupdate worker thread (0)
(2026-03-13T16:31:38.331313002) (2026-03-13T16:31:38.331321245) [Dbg] [SimulationRunner.cc:512] Creating postupdate worker thread (1)
(2026-03-13T16:31:38.331375329) (2026-03-13T16:31:38.331383286) [Dbg] [SimulationRunner.cc:512] Creating postupdate worker thread (2)
(2026-03-13T16:31:38.338581627) (2026-03-13T16:31:38.338590559) [Dbg] [SimulationFeatures.cc:71] Simulation timestep set to: 0.005
(2026-03-13T16:31:38.339288410) (2026-03-13T16:31:38.339300854) [Dbg] [Sensors.cc:610] Initialization needed
(2026-03-13T16:31:38.339363816) (2026-03-13T16:31:38.339375270) [Dbg] [Sensors.cc:270] Initializing render context
(2026-03-13T16:31:38.339520813) (2026-03-13T16:31:38.339530165) [Msg] Loading plugin [ignition-rendering-ogre2]
(2026-03-13T16:31:38.340058289) (2026-03-13T16:31:38.340067144) [Msg] Serving scene information on [/world/mrsim/scene/info]
(2026-03-13T16:31:38.340163356) (2026-03-13T16:31:38.340170134) [Msg] Serving graph information on [/world/mrsim/scene/graph]
(2026-03-13T16:31:38.340347984) (2026-03-13T16:31:38.340355899) [Msg] Serving full state on [/world/mrsim/state]
(2026-03-13T16:31:38.340416654) (2026-03-13T16:31:38.340424491) [Msg] Serving full state (async) on [/world/mrsim/state_async]
(2026-03-13T16:31:38.340543928) (2026-03-13T16:31:38.340552397) [Msg] Publishing scene information on [/world/mrsim/scene/info]
(2026-03-13T16:31:38.340649754) (2026-03-13T16:31:38.340655388) [Msg] Publishing entity deletions on [/world/mrsim/scene/deletion]
(2026-03-13T16:31:38.340705633) (2026-03-13T16:31:38.340710776) [Msg] Publishing state changes on [/world/mrsim/state]
(2026-03-13T16:31:38.340865936) (2026-03-13T16:31:38.340871972) [Msg] Publishing pose messages on [/world/mrsim/pose/info]
(2026-03-13T16:31:38.340953559) (2026-03-13T16:31:38.340962009) [Msg] Publishing dynamic pose messages on [/world/mrsim/dynamic_pose/info]
(2026-03-13T16:31:38.341216549) (2026-03-13T16:31:38.341226660) [Dbg] [EntityComponentManager.cc:1623] Updated state thread iterators: 8 threads processing around 6 entities each.
(2026-03-13T16:31:38.511983854) (2026-03-13T16:31:38.511991283) [Dbg] [RenderUtil.cc:2591] Create scene [scene]
((2026-03-13T16:31:38.551557175) 2026-03-13T16:31:38.551542338(2026-03-13T16:31:38.551571132) ) ) ([Dbg] [Sensors.cc:610] ) Initialization needed
Rendering Thread initialized
(2026-03-13T16:31:39.701881148) (2026-03-13T16:31:39.701892852) [Dbg] [CameraSensor.cc:394] Camera images for [qr4::base::camera] advertised on [/camera]
(2026-03-13T16:31:39.703572624) (2026-03-13T16:31:39.703578571) [Dbg] [CameraSensor.cc:705] Camera info for [qr4::base::camera] advertised on [/camera_info]
(2026-03-13T16:31:39.706028595) (2026-03-13T16:31:39.706034999) [Wrn] [Ogre2Camera.cc:390] Ogre2Camera::SetVisibilityMask: Mask bits c0000000 are set but will be ignored as they conflict with the reserved bits used internally by the ogre2 backend.
(2026-03-13T16:31:39.708150591) (2026-03-13T16:31:39.708159852) [Msg] Loading plugin [ignition-rendering-ogre2]
(2026-03-13T16:31:39.810780601) (2026-03-13T16:31:39.810795405) [Dbg] [CameraSensor.cc:518] Enabling camera sensor: 'qr4::base::camera' data generation.
(2026-03-13T16:31:54.8190221) (2026-03-13T16:31:54.8201344) [Dbg] [SignalHandler.cc:141] Received signal[2].
(2026-03-13T16:31:54.8586572) (2026-03-13T16:31:54.8592314) [Dbg] [ServerPrivate.cc:110] Server received signal[2]
(2026-03-13T16:31:54.8995084) (2026-03-13T16:31:54.9001917) [Dbg] [Sensors.cc:439] SensorsPrivate::Stop
(2026-03-13T16:31:54.9745538) (2026-03-13T16:31:54.9767563) [Dbg] [Sensors.cc:425] SensorsPrivate::RenderThread stopped
(2026-03-13T16:31:54.12206109) (2026-03-13T16:31:54.12214503) [Dbg] [gz.cc:410] Shutting down ign-gazebo-server
(2026-03-13T16:31:54.17709040) (2026-03-13T16:31:54.17716892) (2026-03-13T16:31:54.17735718) (2026-03-13T16:31:54.17745006) ) Exiting postupdate worker thread (Exiting postupdate worker thread ([Dbg] [SimulationRunner.cc:528] Exiting postupdate worker thread (0)()()2026-03-13T16:31:54.17802253) (2026-03-13T16:31:54.17818454) ) [Dbg] [SimulationRunner.cc:528] 
Exiting postupdate worker thread (2)
(2026-03-13T16:31:54.46863609) (2026-03-13T16:31:54.46883126) [Dbg] [Sensors.cc:439] SensorsPrivate::Stop
