(2026-03-17T15:48:01.636618371) (2026-03-17T15:48:01.636627306) [Msg] Ignition Gazebo Server v6.17.1
(2026-03-17T15:48:01.638158478) (2026-03-17T15:48:01.638164218) [Msg] Loading SDF world file[/home/user/ros2_ws/install/mrsim_gazebo_sim/share/mrsim_gazebo_sim/worlds/example.world].
(2026-03-17T15:48:01.934153626) (2026-03-17T15:48:01.934167325) [Msg] Serving entity system service on [/entity/system/add]
(2026-03-17T15:48:01.959499871) (2026-03-17T15:48:01.959509254) [Dbg] [SystemManager.cc:73] Loaded system [ignition::gazebo::systems::ShaderParam] for entity [9]
(2026-03-17T15:48:01.962702256) (2026-03-17T15:48:01.962713544) [Dbg] [SystemManager.cc:73] Loaded system [mrsim_gazebo_sim::SetPegPosePlugin] for entity [10]
(2026-03-17T15:48:01.997446703) (2026-03-17T15:48:01.997456236) [Dbg] [SystemManager.cc:73] Loaded system [mrsim_gazebo_sim::MrsimDroneIgnPlugin] for entity [14]
(2026-03-17T15:48:01.999259853) (2026-03-17T15:48:01.999269843) [Dbg] [MulticopterMotorModel.cc:373] Listening to topic: qr4/gazebo/command/motor_speed
(2026-03-17T15:48:01.999412745) (2026-03-17T15:48:01.999419808) [Dbg] [SystemManager.cc:73] Loaded system [ignition::gazebo::systems::MulticopterMotorModel] for entity [14]
(2026-03-17T15:48:01.999930307) (2026-03-17T15:48:01.999941069) [Dbg] [MulticopterMotorModel.cc:373] Listening to topic: qr4/gazebo/command/motor_speed
(2026-03-17T15:48:02.295915) (2026-03-17T15:48:02.304669) [Dbg] [SystemManager.cc:73] Loaded system [ignition::gazebo::systems::MulticopterMotorModel] for entity [14]
(2026-03-17T15:48:02.1028386) (2026-03-17T15:48:02.1038051) [Dbg] [MulticopterMotorModel.cc:373] Listening to topic: qr4/gazebo/command/motor_speed
(2026-03-17T15:48:02.1131712) (2026-03-17T15:48:02.1140040) [Dbg] [SystemManager.cc:73] Loaded system [ignition::gazebo::systems::MulticopterMotorModel] for entity [14]
(2026-03-17T15:48:02.1599315) (2026-03-17T15:48:02.1607066) [Dbg] [MulticopterMotorModel.cc:373] Listening to topic: qr4/gazebo/command/motor_speed
(2026-03-17T15:48:02.1692102) (2026-03-17T15:48:02.1700524) [Dbg] [SystemManager.cc:73] Loaded system [ignition::gazebo::systems::MulticopterMotorModel] for entity [14]
(2026-03-17T15:48:02.3516315) (2026-03-17T15:48:02.3523968) [Msg] OdometryPublisher publishing odometry on [/model/qr4/odometry]
(2026-03-17T15:48:02.3676572) (2026-03-17T15:48:02.3683805) [Msg] OdometryPublisher publishing odometry with covariance on [/model/qr4/odometry_with_covariance]
(2026-03-17T15:48:02.3784450) (2026-03-17T15:48:02.3791775) [Msg] OdometryPublisher publishing Pose_V (TF) on [/model/qr4/pose]
(2026-03-17T15:48:02.3824545) (2026-03-17T15:48:02.3830619) [Dbg] [SystemManager.cc:73] Loaded system [ignition::gazebo::systems::OdometryPublisher] for entity [14]
(2026-03-17T15:48:02.18752870) (2026-03-17T15:48:02.18761587) [Dbg] [Sensors.cc:506] Configuring Sensors system
(2026-03-17T15:48:02.18853737) (2026-03-17T15:48:02.18858252) [Dbg] [Sensors.cc:431] SensorsPrivate::Run
((2026-03-17T15:48:02.18973960) (2026-03-17T15:48:02.18983208) [Dbg] [SystemManager.cc:73] Loaded system [ignition::gazebo::systems::Sensors] for entity [14]
2026-03-17T15:48:02.18968097) (2026-03-17T15:48:02.19267571) [Dbg] [Sensors.cc:411] SensorsPrivate::RenderThread started
(2026-03-17T15:48:02.19292702) (2026-03-17T15:48:02.19299193) [Dbg] [Sensors.cc:258] Waiting for init
(2026-03-17T15:48:02.19618604) (2026-03-17T15:48:02.19624107) [Msg] Loaded level [3]
(2026-03-17T15:48:02.19646727) (2026-03-17T15:48:02.19651333) [Msg] No systems loaded from SDF, loading defaults
(2026-03-17T15:48:02.19871327) (2026-03-17T15:48:02.19937951) [Dbg] [ServerConfig.cc:1043] Loaded (3) plugins from file [/home/user/.ignition/gazebo/6/server.config]
(2026-03-17T15:48:02.43644715) (2026-03-17T15:48:02.43660300) [Dbg] [Physics.cc:804] Loaded [ignition::physics::dartsim::Plugin] from library [/usr/lib/x86_64-linux-gnu/ign-physics-5/engine-plugins/libignition-physics-dartsim-plugin.so]
(2026-03-17T15:48:02.43745439) (2026-03-17T15:48:02.43750391) [Dbg] [SystemManager.cc:73] Loaded system [gz::sim::systems::Physics] for entity [1]
(2026-03-17T15:48:02.46084882) (2026-03-17T15:48:02.46098019) [Msg] Create service on [/world/mrsim/create]
(2026-03-17T15:48:02.46244189) (2026-03-17T15:48:02.46253259) [Msg] Remove service on [/world/mrsim/remove]
(2026-03-17T15:48:02.46409201) (2026-03-17T15:48:02.46417875) [Msg] Pose service on [/world/mrsim/set_pose]
(2026-03-17T15:48:02.46504791) (2026-03-17T15:48:02.46513405) [Msg] Pose service on [/world/mrsim/set_pose_vector]
(2026-03-17T15:48:02.46721312) (2026-03-17T15:48:02.46730270) [Msg] Light configuration service on [/world/mrsim/light_config]
(2026-03-17T15:48:02.46999384) (2026-03-17T15:48:02.47008258) [Msg] Physics service on [/world/mrsim/set_physics]
(2026-03-17T15:48:02.47174163) (2026-03-17T15:48:02.47182542) [Msg] SphericalCoordinates service on [/world/mrsim/set_spherical_coordinates]
(2026-03-17T15:48:02.47293954) (2026-03-17T15:48:02.47301825) [Msg] Enable collision service on [/world/mrsim/enable_collision]
(2026-03-17T15:48:02.47365566) (2026-03-17T15:48:02.47373761) [Msg] Disable collision service on [/world/mrsim/disable_collision]
(2026-03-17T15:48:02.47542279) (2026-03-17T15:48:02.47550406) [Msg] Material service on [/world/mrsim/visual_config]
(2026-03-17T15:48:02.47705193) (2026-03-17T15:48:02.47713615) [Msg] Material service on [/world/mrsim/wheel_slip]
(2026-03-17T15:48:02.47745518) (2026-03-17T15:48:02.47750311) [Dbg] [SystemManager.cc:73] Loaded system [gz::sim::systems::UserCommands] for entity [1]
(2026-03-17T15:48:02.49376008) (2026-03-17T15:48:02.49384908) [Dbg] [SystemManager.cc:73] Loaded system [gz::sim::systems::SceneBroadcaster] for entity [1]
(2026-03-17T15:48:02.49859002) (2026-03-17T15:48:02.49866333) [Msg] Serving world controls on [/world/mrsim/control], [/world/mrsim/control/state] and [/world/mrsim/playback/control]
(2026-03-17T15:48:02.50027096) (2026-03-17T15:48:02.50035661) [Msg] Serving GUI information on [/world/mrsim/gui/info]
(2026-03-17T15:48:02.50059078) (2026-03-17T15:48:02.50063511) [Msg] World [mrsim] initialized with [1ms] physics profile.
(2026-03-17T15:48:02.50207040) (2026-03-17T15:48:02.50215644) [Msg] Serving world SDF generation service on [/world/mrsim/generate_world_sdf]
(2026-03-17T15:48:02.50364722) (2026-03-17T15:48:02.50373152) [Msg] Serving world names on [/gazebo/worlds]
(2026-03-17T15:48:02.50491997) (2026-03-17T15:48:02.50499736) [Msg] Resource path add service on [/gazebo/resource_paths/add].
(2026-03-17T15:48:02.50572665) (2026-03-17T15:48:02.50581010) [Msg] Resource path get service on [/gazebo/resource_paths/get].
(2026-03-17T15:48:02.50654450) (2026-03-17T15:48:02.50662366) [Msg] Resource path resolve service on [/gazebo/resource_paths/resolve].
(2026-03-17T15:48:02.50756343) (2026-03-17T15:48:02.50763765) [Msg] Resource paths published on [/gazebo/resource_paths].
(2026-03-17T15:48:02.151193077) (2026-03-17T15:48:02.151205127) [Msg] Server control service on [/server_control].
(2026-03-17T15:48:03.533942589) (2026-03-17T15:48:03.533963910) [Msg] Found no publishers on /stats, adding root stats topic
(2026-03-17T15:48:03.534205058) (2026-03-17T15:48:03.534216126) [Msg] Found no publishers on /clock, adding root clock topic
(2026-03-17T15:48:03.534466183) (2026-03-17T15:48:03.534495780) [Dbg] [SimulationRunner.cc:501] Creating PostUpdate worker threads: 4
(2026-03-17T15:48:03.534539683) (2026-03-17T15:48:03.534547398) [Dbg] [SimulationRunner.cc:512] Creating postupdate worker thread (0)
(2026-03-17T15:48:03.534703850) (2026-03-17T15:48:03.534711874) [Dbg] [SimulationRunner.cc:512] Creating postupdate worker thread (1)
(2026-03-17T15:48:03.534801180) (2026-03-17T15:48:03.534812069) [Dbg] [SimulationRunner.cc:512] Creating postupdate worker thread (2)
(2026-03-17T15:48:03.539431565) (2026-03-17T15:48:03.539440417) [Dbg] [SimulationFeatures.cc:71] Simulation timestep set to: 0.005
(2026-03-17T15:48:03.539874994) (2026-03-17T15:48:03.539885939) [Dbg] [Sensors.cc:610] Initialization needed
(2026-03-17T15:48:03.539931772) (2026-03-17T15:48:03.539938586) [Dbg] [Sensors.cc:270] Initializing render context
(2026-03-17T15:48:03.540044089) (2026-03-17T15:48:03.540048972) [Msg] Loading plugin [ignition-rendering-ogre2]
(2026-03-17T15:48:03.540587098) (2026-03-17T15:48:03.540595916) [Msg] Serving scene information on [/world/mrsim/scene/info]
(2026-03-17T15:48:03.540676358) (2026-03-17T15:48:03.540684641) [Msg] Serving graph information on [/world/mrsim/scene/graph]
(2026-03-17T15:48:03.540811779) (2026-03-17T15:48:03.540820263) [Msg] Serving full state on [/world/mrsim/state]
(2026-03-17T15:48:03.540883007) (2026-03-17T15:48:03.540890131) [Msg] Serving full state (async) on [/world/mrsim/state_async]
(2026-03-17T15:48:03.540968764) (2026-03-17T15:48:03.540974092) [Msg] Publishing scene information on [/world/mrsim/scene/info]
(2026-03-17T15:48:03.541060319) (2026-03-17T15:48:03.541065782) [Msg] Publishing entity deletions on [/world/mrsim/scene/deletion]
(2026-03-17T15:48:03.541106330) (2026-03-17T15:48:03.541111164) [Msg] Publishing state changes on [/world/mrsim/state]
(2026-03-17T15:48:03.541172575) (2026-03-17T15:48:03.541177504) [Msg] Publishing pose messages on [/world/mrsim/pose/info]
(2026-03-17T15:48:03.541245393) (2026-03-17T15:48:03.541250415) [Msg] Publishing dynamic pose messages on [/world/mrsim/dynamic_pose/info]
(2026-03-17T15:48:03.541537509) (2026-03-17T15:48:03.541543227) [Dbg] [EntityComponentManager.cc:1623] Updated state thread iterators: 8 threads processing around 6 entities each.
(2026-03-17T15:48:03.710516152) (2026-03-17T15:48:03.710523394) [Dbg] [RenderUtil.cc:2591] Create scene [scene]
(2026-03-17T15:48:03.740547242) (2026-03-17T15:48:03.740563391) 2026-03-17T15:48:03.740576925) (2026-03-17T15:48:03.740626771) [Dbg] [Sensors.cc:284] Rendering Thread initialized
[Dbg] [Sensors.cc:610] Initialization needed
(2026-03-17T15:48:04.762686605) (2026-03-17T15:48:04.762700947) [Dbg] [CameraSensor.cc:394] Camera images for [qr4::base::camera] advertised on [/camera]
(2026-03-17T15:48:04.762899282) (2026-03-17T15:48:04.762908566) [Dbg] [CameraSensor.cc:705] Camera info for [qr4::base::camera] advertised on [/camera_info]
(2026-03-17T15:48:04.763302731) (2026-03-17T15:48:04.763310149) [Wrn] [Ogre2Camera.cc:390] Ogre2Camera::SetVisibilityMask: Mask bits c0000000 are set but will be ignored as they conflict with the reserved bits used internally by the ogre2 backend.
(2026-03-17T15:48:04.763569363) (2026-03-17T15:48:04.763576838) [Msg] Loading plugin [ignition-rendering-ogre2]
(2026-03-17T15:48:04.837424088) (2026-03-17T15:48:04.837433764) [Dbg] [CameraSensor.cc:518] Enabling camera sensor: 'qr4::base::camera' data generation.
(2026-03-17T15:48:14.554007388) (2026-03-17T15:48:14.554017294) [Dbg] [SignalHandler.cc:141] Received signal[2].
(2026-03-17T15:48:14.554047505) (2026-03-17T15:48:14.554052179) [Dbg] [ServerPrivate.cc:110] Server received signal[2]
(2026-03-17T15:48:14.554072961) (2026-03-17T15:48:14.554077615) [Dbg] [Sensors.cc:439] SensorsPrivate::Stop
(2026-03-17T15:48:14.554411902) (2026-03-17T15:48:14.554421839) [Dbg] [Sensors.cc:425] SensorsPrivate::RenderThread stopped
(2026-03-17T15:48:14.558308027) (2026-03-17T15:48:14.558315879) [Dbg] [gz.cc:410] Shutting down ign-gazebo-server
(((2026-03-17T15:48:14.5612337212026-03-17T15:48:14.561243306) () (2026-03-17T15:48:14.561265426) 2026-03-17T15:48:14.561276656) [Dbg] [SimulationRunner.cc:528] [Dbg] [SimulationRunner.cc:528] ) (2026-03-17T15:48:14.561303926) [Dbg] [SimulationRunner.cc:528] Exiting postupdate worker thread (100)
)
2)
(2026-03-17T15:48:14.587533075) (2026-03-17T15:48:14.587542791) [Dbg] [Sensors.cc:439] SensorsPrivate::Stop
