(2026-03-17T12:10:34.518248362) (2026-03-17T12:10:34.518253303) [Msg] Ignition Gazebo Server v6.17.1
(2026-03-17T12:10:34.519389826) (2026-03-17T12:10:34.519394394) [Msg] Loading SDF world file[/home/user/ros2_ws/install/mrsim_gazebo_sim/share/mrsim_gazebo_sim/worlds/example.world].
(2026-03-17T12:10:34.728798536) (2026-03-17T12:10:34.728808670) [Msg] Serving entity system service on [/entity/system/add]
(2026-03-17T12:10:34.754768710) (2026-03-17T12:10:34.754780652) [Dbg] [SystemManager.cc:73] Loaded system [ignition::gazebo::systems::ShaderParam] for entity [9]
(2026-03-17T12:10:34.758521967) (2026-03-17T12:10:34.758533392) [Dbg] [SystemManager.cc:73] Loaded system [mrsim_gazebo_sim::SetPegPosePlugin] for entity [10]
(2026-03-17T12:10:34.789304886) (2026-03-17T12:10:34.789311816) [Dbg] [SystemManager.cc:73] Loaded system [mrsim_gazebo_sim::MrsimDroneIgnPlugin] for entity [14]
(2026-03-17T12:10:34.790825833) (2026-03-17T12:10:34.790834472) [Dbg] [MulticopterMotorModel.cc:373] Listening to topic: qr4/gazebo/command/motor_speed
(2026-03-17T12:10:34.790970590) (2026-03-17T12:10:34.790976302) [Dbg] [SystemManager.cc:73] Loaded system [ignition::gazebo::systems::MulticopterMotorModel] for entity [14]
(2026-03-17T12:10:34.791326127) (2026-03-17T12:10:34.791333520) [Dbg] [MulticopterMotorModel.cc:373] Listening to topic: qr4/gazebo/command/motor_speed
(2026-03-17T12:10:34.791435054) (2026-03-17T12:10:34.791441903) [Dbg] [SystemManager.cc:73] Loaded system [ignition::gazebo::systems::MulticopterMotorModel] for entity [14]
(2026-03-17T12:10:34.791755930) (2026-03-17T12:10:34.791762310) [Dbg] [MulticopterMotorModel.cc:373] Listening to topic: qr4/gazebo/command/motor_speed
(2026-03-17T12:10:34.791846962) (2026-03-17T12:10:34.791852716) [Dbg] [SystemManager.cc:73] Loaded system [ignition::gazebo::systems::MulticopterMotorModel] for entity [14]
(2026-03-17T12:10:34.792181892) (2026-03-17T12:10:34.792188631) [Dbg] [MulticopterMotorModel.cc:373] Listening to topic: qr4/gazebo/command/motor_speed
(2026-03-17T12:10:34.792271187) (2026-03-17T12:10:34.792277125) [Dbg] [SystemManager.cc:73] Loaded system [ignition::gazebo::systems::MulticopterMotorModel] for entity [14]
(2026-03-17T12:10:34.793844567) (2026-03-17T12:10:34.793852783) [Msg] OdometryPublisher publishing odometry on [/model/qr4/odometry]
(2026-03-17T12:10:34.793968831) (2026-03-17T12:10:34.793975294) [Msg] OdometryPublisher publishing odometry with covariance on [/model/qr4/odometry_with_covariance]
(2026-03-17T12:10:34.794076212) (2026-03-17T12:10:34.794082419) [Msg] OdometryPublisher publishing Pose_V (TF) on [/model/qr4/pose]
(2026-03-17T12:10:34.794111843) (2026-03-17T12:10:34.794117627) [Dbg] [SystemManager.cc:73] Loaded system [ignition::gazebo::systems::OdometryPublisher] for entity [14]
(2026-03-17T12:10:34.805455560) (2026-03-17T12:10:34.805463059) [Dbg] [Sensors.cc:506] Configuring Sensors system
(2026-03-17T12:10:34.805542851) (2026-03-17T12:10:34.805546368) [Dbg] [Sensors.cc:431] SensorsPrivate::Run
(2026-03-17T12:10:34.805632456) (2026-03-17T12:10:34.805636230) [Dbg] [SystemManager.cc:73] Loaded system [ignition::gazebo::systems::Sensors] for entity [14]
(2026-03-17T12:10:34.805666102) (2026-03-17T12:10:34.805673117) [Dbg] [Sensors.cc:411] SensorsPrivate::RenderThread started
(2026-03-17T12:10:34.805690218) (2026-03-17T12:10:34.805693701) [Dbg] [Sensors.cc:258] Waiting for init
(2026-03-17T12:10:34.805986039) (2026-03-17T12:10:34.805990324) [Msg] Loaded level [3]
(2026-03-17T12:10:34.806006943) (2026-03-17T12:10:34.806010293) [Msg] No systems loaded from SDF, loading defaults
(2026-03-17T12:10:34.806462472) (2026-03-17T12:10:34.806468503) [Dbg] [ServerConfig.cc:1043] Loaded (3) plugins from file [/home/user/.ignition/gazebo/6/server.config]
(2026-03-17T12:10:34.827127445) (2026-03-17T12:10:34.827139588) [Dbg] [Physics.cc:804] Loaded [ignition::physics::dartsim::Plugin] from library [/usr/lib/x86_64-linux-gnu/ign-physics-5/engine-plugins/libignition-physics-dartsim-plugin.so]
(2026-03-17T12:10:34.827206784) (2026-03-17T12:10:34.827212436) [Dbg] [SystemManager.cc:73] Loaded system [gz::sim::systems::Physics] for entity [1]
(2026-03-17T12:10:34.829243245) (2026-03-17T12:10:34.829249971) [Msg] Create service on [/world/mrsim/create]
(2026-03-17T12:10:34.829343354) (2026-03-17T12:10:34.829350073) [Msg] Remove service on [/world/mrsim/remove]
(2026-03-17T12:10:34.829481169) (2026-03-17T12:10:34.829487371) [Msg] Pose service on [/world/mrsim/set_pose]
(2026-03-17T12:10:34.829566843) (2026-03-17T12:10:34.829572966) [Msg] Pose service on [/world/mrsim/set_pose_vector]
(2026-03-17T12:10:34.829705885) (2026-03-17T12:10:34.829711412) [Msg] Light configuration service on [/world/mrsim/light_config]
(2026-03-17T12:10:34.829833698) (2026-03-17T12:10:34.829839952) [Msg] Physics service on [/world/mrsim/set_physics]
(2026-03-17T12:10:34.829914971) (2026-03-17T12:10:34.829921315) [Msg] SphericalCoordinates service on [/world/mrsim/set_spherical_coordinates]
(2026-03-17T12:10:34.829966105) (2026-03-17T12:10:34.829972299) [Msg] Enable collision service on [/world/mrsim/enable_collision]
(2026-03-17T12:10:34.830059450) (2026-03-17T12:10:34.830065587) [Msg] Disable collision service on [/world/mrsim/disable_collision]
(2026-03-17T12:10:34.830174284) (2026-03-17T12:10:34.830180497) [Msg] Material service on [/world/mrsim/visual_config]
(2026-03-17T12:10:34.830252680) (2026-03-17T12:10:34.830258120) [Msg] Material service on [/world/mrsim/wheel_slip]
(2026-03-17T12:10:34.830279731) (2026-03-17T12:10:34.830283128) [Dbg] [SystemManager.cc:73] Loaded system [gz::sim::systems::UserCommands] for entity [1]
(2026-03-17T12:10:34.831681387) (2026-03-17T12:10:34.831688253) [Dbg] [SystemManager.cc:73] Loaded system [gz::sim::systems::SceneBroadcaster] for entity [1]
(2026-03-17T12:10:34.831996690) (2026-03-17T12:10:34.832003895) [Msg] Serving world controls on [/world/mrsim/control], [/world/mrsim/control/state] and [/world/mrsim/playback/control]
(2026-03-17T12:10:34.832098324) (2026-03-17T12:10:34.832104804) [Msg] Serving GUI information on [/world/mrsim/gui/info]
(2026-03-17T12:10:34.832131729) (2026-03-17T12:10:34.832135283) [Msg] World [mrsim] initialized with [1ms] physics profile.
(2026-03-17T12:10:34.832232622) (2026-03-17T12:10:34.832238891) [Msg] Serving world SDF generation service on [/world/mrsim/generate_world_sdf]
(2026-03-17T12:10:34.832364163) (2026-03-17T12:10:34.832370066) [Msg] Serving world names on [/gazebo/worlds]
(2026-03-17T12:10:34.832429573) (2026-03-17T12:10:34.832435688) [Msg] Resource path add service on [/gazebo/resource_paths/add].
(2026-03-17T12:10:34.832479141) (2026-03-17T12:10:34.832485245) [Msg] Resource path get service on [/gazebo/resource_paths/get].
(2026-03-17T12:10:34.832532391) (2026-03-17T12:10:34.832538090) [Msg] Resource path resolve service on [/gazebo/resource_paths/resolve].
(2026-03-17T12:10:34.832623626) (2026-03-17T12:10:34.832628475) [Msg] Resource paths published on [/gazebo/resource_paths].
(2026-03-17T12:10:34.832712047) (2026-03-17T12:10:34.832716076) [Msg] Server control service on [/server_control].
(2026-03-17T12:10:36.416356527) (2026-03-17T12:10:36.416363918) [Msg] Found no publishers on /stats, adding root stats topic
(2026-03-17T12:10:36.416523004) (2026-03-17T12:10:36.416527554) [Msg] Found no publishers on /clock, adding root clock topic
(2026-03-17T12:10:36.416674333) (2026-03-17T12:10:36.416678440) [Dbg] [SimulationRunner.cc:501] Creating PostUpdate worker threads: 4
(2026-03-17T12:10:36.416694853) (2026-03-17T12:10:36.416698308) [Dbg] [SimulationRunner.cc:512] Creating postupdate worker thread (0)
(2026-03-17T12:10:36.416763239) (2026-03-17T12:10:36.416768418) [Dbg] [SimulationRunner.cc:512] Creating postupdate worker thread (1)
(2026-03-17T12:10:36.416801962) (2026-03-17T12:10:36.416805560) [Dbg] [SimulationRunner.cc:512] Creating postupdate worker thread (2)
(2026-03-17T12:10:36.420206529) (2026-03-17T12:10:36.420213770) [Dbg] [SimulationFeatures.cc:71] Simulation timestep set to: 0.005
(2026-03-17T12:10:36.420631618) (2026-03-17T12:10:36.420640473) [Dbg] [Sensors.cc:610] Initialization needed
(2026-03-17T12:10:36.420678193) (2026-03-17T12:10:36.420684718) [Dbg] [Sensors.cc:270] Initializing render context
(2026-03-17T12:10:36.420784983) (2026-03-17T12:10:36.420788997) [Msg] Loading plugin [ignition-rendering-ogre2]
(2026-03-17T12:10:36.421374917) (2026-03-17T12:10:36.421384362) [Msg] Serving scene information on [/world/mrsim/scene/info]
(2026-03-17T12:10:36.421507528) (2026-03-17T12:10:36.421513943) [Msg] Serving graph information on [/world/mrsim/scene/graph]
(2026-03-17T12:10:36.421704469) (2026-03-17T12:10:36.421712207) [Msg] Serving full state on [/world/mrsim/state]
(2026-03-17T12:10:36.421851692) (2026-03-17T12:10:36.421858178) [Msg] Serving full state (async) on [/world/mrsim/state_async]
(2026-03-17T12:10:36.421939924) (2026-03-17T12:10:36.421945882) [Msg] Publishing scene information on [/world/mrsim/scene/info]
(2026-03-17T12:10:36.422031649) (2026-03-17T12:10:36.422036049) [Msg] Publishing entity deletions on [/world/mrsim/scene/deletion]
(2026-03-17T12:10:36.422129288) (2026-03-17T12:10:36.422134944) [Msg] Publishing state changes on [/world/mrsim/state]
(2026-03-17T12:10:36.422187184) (2026-03-17T12:10:36.422193559) [Msg] Publishing pose messages on [/world/mrsim/pose/info]
(2026-03-17T12:10:36.422271732) (2026-03-17T12:10:36.422275917) [Msg] Publishing dynamic pose messages on [/world/mrsim/dynamic_pose/info]
(2026-03-17T12:10:36.422498607) (2026-03-17T12:10:36.422504735) [Dbg] [EntityComponentManager.cc:1623] Updated state thread iterators: 8 threads processing around 6 entities each.
(2026-03-17T12:10:36.591103585) (2026-03-17T12:10:36.591110220) [Dbg] [RenderUtil.cc:2591] Create scene [scene]
((2026-03-17T12:10:36.615316849) (2026-03-17T12:10:36.615339003) ) (2026-03-17T12:10:36.615348421) [Dbg] [Sensors.cc:284] [Dbg] [Sensors.cc:284] [Dbg] [Sensors.cc:610] Rendering Thread initializedRendering Thread initialized
(2026-03-17T12:10:37.444839403) (2026-03-17T12:10:37.444850224) [Dbg] [CameraSensor.cc:394] Camera images for [qr4::base::camera] advertised on [/camera]
(2026-03-17T12:10:37.444998872) (2026-03-17T12:10:37.445005441) [Dbg] [CameraSensor.cc:705] Camera info for [qr4::base::camera] advertised on [/camera_info]
(2026-03-17T12:10:37.445341068) (2026-03-17T12:10:37.445346368) [Wrn] [Ogre2Camera.cc:390] Ogre2Camera::SetVisibilityMask: Mask bits c0000000 are set but will be ignored as they conflict with the reserved bits used internally by the ogre2 backend.
(2026-03-17T12:10:37.445516780) (2026-03-17T12:10:37.445520677) [Msg] Loading plugin [ignition-rendering-ogre2]
(2026-03-17T12:10:37.521492652) (2026-03-17T12:10:37.521500001) [Dbg] [CameraSensor.cc:518] Enabling camera sensor: 'qr4::base::camera' data generation.
(2026-03-17T12:10:55.909593613) (2026-03-17T12:10:55.909601307) [Dbg] [SignalHandler.cc:141] Received signal[2].
(2026-03-17T12:10:55.909620036) (2026-03-17T12:10:55.909623447) [Dbg] [ServerPrivate.cc:110] Server received signal[2]
(2026-03-17T12:10:55.909638480) (2026-03-17T12:10:55.909641914) [Dbg] [Sensors.cc:439] SensorsPrivate::Stop
(2026-03-17T12:10:55.909900390) (2026-03-17T12:10:55.909905655) [Dbg] [Sensors.cc:425] SensorsPrivate::RenderThread stopped
(2026-03-17T12:10:55.913995404) (2026-03-17T12:10:55.914001496) [Dbg] [gz.cc:410] Shutting down ign-gazebo-server
(2026-03-17T12:10:55.916680613) (2026-03-17T12:10:55.916696312) [Dbg] [SimulationRunner.cc:528] Exiting postupdate worker thread (0)
((2026-03-17T12:10:55.916745393) (2026-03-17T12:10:55.916756578) ) ([Dbg] [SimulationRunner.cc:528] 2026-03-17T12:10:55.916772020[Dbg] [SimulationRunner.cc:528] 2026-03-17T12:10:55.916772020) Exiting postupdate worker thread (1)
[Dbg] [SimulationRunner.cc:528] Exiting postupdate worker thread (2)
(2026-03-17T12:10:55.936646922) (2026-03-17T12:10:55.936656320) [Dbg] [Sensors.cc:439] SensorsPrivate::Stop
