(2026-03-18T10:21:29.110707686) (2026-03-18T10:21:29.110714354) [Msg] Ignition Gazebo Server v6.17.1
(2026-03-18T10:21:29.112960302) (2026-03-18T10:21:29.112971658) [Msg] Loading SDF world file[/home/user/ros2_ws/install/mrsim_gazebo_sim/share/mrsim_gazebo_sim/worlds/example.world].
(2026-03-18T10:21:29.420800981) (2026-03-18T10:21:29.420814178) [Msg] Serving entity system service on [/entity/system/add]
(2026-03-18T10:21:29.467541725) (2026-03-18T10:21:29.467553524) [Dbg] [SystemManager.cc:73] Loaded system [ignition::gazebo::systems::ShaderParam] for entity [9]
(2026-03-18T10:21:29.472962281) (2026-03-18T10:21:29.472973173) [Dbg] [SystemManager.cc:73] Loaded system [mrsim_gazebo_sim::SetPegPosePlugin] for entity [10]
(2026-03-18T10:21:29.513301338) (2026-03-18T10:21:29.513313290) [Dbg] [SystemManager.cc:73] Loaded system [mrsim_gazebo_sim::MrsimDroneIgnPlugin] for entity [14]
(2026-03-18T10:21:29.515780831) (2026-03-18T10:21:29.515789873) [Dbg] [MulticopterMotorModel.cc:373] Listening to topic: qr4/gazebo/command/motor_speed
(2026-03-18T10:21:29.515951258) (2026-03-18T10:21:29.515957155) [Dbg] [SystemManager.cc:73] Loaded system [ignition::gazebo::systems::MulticopterMotorModel] for entity [14]
(2026-03-18T10:21:29.516332918) (2026-03-18T10:21:29.516339903) [Dbg] [MulticopterMotorModel.cc:373] Listening to topic: qr4/gazebo/command/motor_speed
(2026-03-18T10:21:29.516441391) (2026-03-18T10:21:29.516447738) [Dbg] [SystemManager.cc:73] Loaded system [ignition::gazebo::systems::MulticopterMotorModel] for entity [14]
(2026-03-18T10:21:29.516790775) (2026-03-18T10:21:29.516797559) [Dbg] [MulticopterMotorModel.cc:373] Listening to topic: qr4/gazebo/command/motor_speed
(2026-03-18T10:21:29.516883048) (2026-03-18T10:21:29.516889183) [Dbg] [SystemManager.cc:73] Loaded system [ignition::gazebo::systems::MulticopterMotorModel] for entity [14]
(2026-03-18T10:21:29.517220641) (2026-03-18T10:21:29.517227611) [Dbg] [MulticopterMotorModel.cc:373] Listening to topic: qr4/gazebo/command/motor_speed
(2026-03-18T10:21:29.517312948) (2026-03-18T10:21:29.517319441) [Dbg] [SystemManager.cc:73] Loaded system [ignition::gazebo::systems::MulticopterMotorModel] for entity [14]
(2026-03-18T10:21:29.520366895) (2026-03-18T10:21:29.520388171) [Msg] OdometryPublisher publishing odometry on [/model/qr4/odometry]
(2026-03-18T10:21:29.520540680) (2026-03-18T10:21:29.520546412) [Msg] OdometryPublisher publishing odometry with covariance on [/model/qr4/odometry_with_covariance]
(2026-03-18T10:21:29.520662920) (2026-03-18T10:21:29.520669355) [Msg] OdometryPublisher publishing Pose_V (TF) on [/model/qr4/pose]
(2026-03-18T10:21:29.520725721) (2026-03-18T10:21:29.520734311) [Dbg] [SystemManager.cc:73] Loaded system [ignition::gazebo::systems::OdometryPublisher] for entity [14]
(2026-03-18T10:21:29.558848280) (2026-03-18T10:21:29.558859693) [Dbg] [Sensors.cc:506] Configuring Sensors system
(2026-03-18T10:21:29.559016028) (2026-03-18T10:21:29.559021483) [Dbg] [Sensors.cc:431] SensorsPrivate::Run
(2026-03-18T10:21:29.559191009) (2026-03-18T10:21:29.559202343) 2026-03-18T10:21:29.559205159) ([Dbg] [SystemManager.cc:73] 2026-03-18T10:21:29.559222829[Dbg] [SystemManager.cc:73] 2026-03-18T10:21:29.559222829) Loaded system [ignition::gazebo::systems::Sensors] for entity [14]
SensorsPrivate::RenderThread started
(2026-03-18T10:21:29.559270528) (2026-03-18T10:21:29.559274116) [Dbg] [Sensors.cc:258] Waiting for init
(2026-03-18T10:21:29.560181671) (2026-03-18T10:21:29.560190605) [Msg] Loaded level [3]
(2026-03-18T10:21:29.560218465) (2026-03-18T10:21:29.560223331) [Msg] No systems loaded from SDF, loading defaults
(2026-03-18T10:21:29.560769724) (2026-03-18T10:21:29.560779126) [Dbg] [ServerConfig.cc:1043] Loaded (3) plugins from file [/home/user/.ignition/gazebo/6/server.config]
(2026-03-18T10:21:29.599885697) (2026-03-18T10:21:29.599897654) [Dbg] [Physics.cc:804] Loaded [ignition::physics::dartsim::Plugin] from library [/usr/lib/x86_64-linux-gnu/ign-physics-5/engine-plugins/libignition-physics-dartsim-plugin.so]
(2026-03-18T10:21:29.603490574) (2026-03-18T10:21:29.603503420) [Dbg] [SystemManager.cc:73] Loaded system [gz::sim::systems::Physics] for entity [1]
(2026-03-18T10:21:29.607693098) (2026-03-18T10:21:29.607705401) [Msg] Create service on [/world/mrsim/create]
(2026-03-18T10:21:29.607885882) (2026-03-18T10:21:29.607892169) [Msg] Remove service on [/world/mrsim/remove]
(2026-03-18T10:21:29.608024954) (2026-03-18T10:21:29.608030043) [Msg] Pose service on [/world/mrsim/set_pose]
(2026-03-18T10:21:29.608152059) (2026-03-18T10:21:29.608158283) [Msg] Pose service on [/world/mrsim/set_pose_vector]
(2026-03-18T10:21:29.608396619) (2026-03-18T10:21:29.608403380) [Msg] Light configuration service on [/world/mrsim/light_config]
(2026-03-18T10:21:29.608737108) (2026-03-18T10:21:29.608743874) [Msg] Physics service on [/world/mrsim/set_physics]
(2026-03-18T10:21:29.608927902) (2026-03-18T10:21:29.608933770) [Msg] SphericalCoordinates service on [/world/mrsim/set_spherical_coordinates]
(2026-03-18T10:21:29.609089673) (2026-03-18T10:21:29.609096430) [Msg] Enable collision service on [/world/mrsim/enable_collision]
(2026-03-18T10:21:29.609250908) (2026-03-18T10:21:29.609257378) [Msg] Disable collision service on [/world/mrsim/disable_collision]
(2026-03-18T10:21:29.609533613) (2026-03-18T10:21:29.609541124) [Msg] Material service on [/world/mrsim/visual_config]
(2026-03-18T10:21:29.609736621) (2026-03-18T10:21:29.609743208) [Msg] Material service on [/world/mrsim/wheel_slip]
(2026-03-18T10:21:29.609784339) (2026-03-18T10:21:29.609790200) [Dbg] [SystemManager.cc:73] Loaded system [gz::sim::systems::UserCommands] for entity [1]
(2026-03-18T10:21:29.613632435) (2026-03-18T10:21:29.613644648) [Dbg] [SystemManager.cc:73] Loaded system [gz::sim::systems::SceneBroadcaster] for entity [1]
(2026-03-18T10:21:29.614359048) (2026-03-18T10:21:29.614367541) [Msg] Serving world controls on [/world/mrsim/control], [/world/mrsim/control/state] and [/world/mrsim/playback/control]
(2026-03-18T10:21:29.614556538) (2026-03-18T10:21:29.614563429) [Msg] Serving GUI information on [/world/mrsim/gui/info]
(2026-03-18T10:21:29.614593968) (2026-03-18T10:21:29.614600098) [Msg] World [mrsim] initialized with [1ms] physics profile.
(2026-03-18T10:21:29.614822252) (2026-03-18T10:21:29.614829177) [Msg] Serving world SDF generation service on [/world/mrsim/generate_world_sdf]
(2026-03-18T10:21:29.615071095) (2026-03-18T10:21:29.615078165) [Msg] Serving world names on [/gazebo/worlds]
(2026-03-18T10:21:29.615225782) (2026-03-18T10:21:29.615231940) [Msg] Resource path add service on [/gazebo/resource_paths/add].
(2026-03-18T10:21:29.615372273) (2026-03-18T10:21:29.615387500) [Msg] Resource path get service on [/gazebo/resource_paths/get].
(2026-03-18T10:21:29.715682465) (2026-03-18T10:21:29.715694739) [Msg] Resource path resolve service on [/gazebo/resource_paths/resolve].
(2026-03-18T10:21:29.715786780) (2026-03-18T10:21:29.715792360) [Msg] Resource paths published on [/gazebo/resource_paths].
(2026-03-18T10:21:29.715924781) (2026-03-18T10:21:29.715931256) [Msg] Server control service on [/server_control].
(2026-03-18T10:21:31.244533) (2026-03-18T10:21:31.255637) [Msg] Found no publishers on /stats, adding root stats topic
(2026-03-18T10:21:31.393385) (2026-03-18T10:21:31.399986) [Msg] Found no publishers on /clock, adding root clock topic
(2026-03-18T10:21:31.560980) (2026-03-18T10:21:31.567251) [Dbg] [SimulationRunner.cc:501] Creating PostUpdate worker threads: 4
(2026-03-18T10:21:31.593720) (2026-03-18T10:21:31.599698) [Dbg] [SimulationRunner.cc:512] Creating postupdate worker thread (0)
(2026-03-18T10:21:31.679771) (2026-03-18T10:21:31.685807) [Dbg] [SimulationRunner.cc:512] Creating postupdate worker thread (1)
(2026-03-18T10:21:31.724526) (2026-03-18T10:21:31.730418) [Dbg] [SimulationRunner.cc:512] Creating postupdate worker thread (2)
(2026-03-18T10:21:31.6568881) (2026-03-18T10:21:31.6577363) [Dbg] [SimulationFeatures.cc:71] Simulation timestep set to: 0.005
(2026-03-18T10:21:31.7006456) (2026-03-18T10:21:31.7016211) [Dbg] [Sensors.cc:610] Initialization needed
(2026-03-18T10:21:31.7075891) (2026-03-18T10:21:31.7084832) [Dbg] [Sensors.cc:270] Initializing render context
(2026-03-18T10:21:31.7330856) (2026-03-18T10:21:31.7337749) [Msg] Loading plugin [ignition-rendering-ogre2]
(2026-03-18T10:21:31.7805903) (2026-03-18T10:21:31.7811560) [Msg] Serving scene information on [/world/mrsim/scene/info]
(2026-03-18T10:21:31.7866793) (2026-03-18T10:21:31.7872550) [Msg] Serving graph information on [/world/mrsim/scene/graph]
(2026-03-18T10:21:31.7991119) (2026-03-18T10:21:31.7996674) [Msg] Serving full state on [/world/mrsim/state]
(2026-03-18T10:21:31.8040565) (2026-03-18T10:21:31.8045417) [Msg] Serving full state (async) on [/world/mrsim/state_async]
(2026-03-18T10:21:31.8102394) (2026-03-18T10:21:31.8107956) [Msg] Publishing scene information on [/world/mrsim/scene/info]
(2026-03-18T10:21:31.8191973) (2026-03-18T10:21:31.8197742) [Msg] Publishing entity deletions on [/world/mrsim/scene/deletion]
(2026-03-18T10:21:31.8237730) (2026-03-18T10:21:31.8244175) [Msg] Publishing state changes on [/world/mrsim/state]
(2026-03-18T10:21:31.8318194) (2026-03-18T10:21:31.8322630) [Msg] Publishing pose messages on [/world/mrsim/pose/info]
(2026-03-18T10:21:31.8388843) (2026-03-18T10:21:31.8395759) [Msg] Publishing dynamic pose messages on [/world/mrsim/dynamic_pose/info]
(2026-03-18T10:21:31.8927368) (2026-03-18T10:21:31.8934019) [Dbg] [EntityComponentManager.cc:1623] Updated state thread iterators: 8 threads processing around 6 entities each.
(2026-03-18T10:21:31.183130249) (2026-03-18T10:21:31.183137182) [Dbg] [RenderUtil.cc:2591] Create scene [scene]
((2026-03-18T10:21:31.207376539) (2026-03-18T10:21:31.207405223) [Dbg] [Sensors.cc:610] Initialization needed
2026-03-18T10:21:31.207359978) (2026-03-18T10:21:31.207524899) [Dbg] [Sensors.cc:284] Rendering Thread initialized
(2026-03-18T10:21:32.61474711) (2026-03-18T10:21:32.61482204) [Dbg] [CameraSensor.cc:394] Camera images for [qr4::base::camera] advertised on [/camera]
(2026-03-18T10:21:32.61601508) (2026-03-18T10:21:32.61605774) [Dbg] [CameraSensor.cc:705] Camera info for [qr4::base::camera] advertised on [/camera_info]
(2026-03-18T10:21:32.61926988) (2026-03-18T10:21:32.61931508) [Wrn] [Ogre2Camera.cc:390] Ogre2Camera::SetVisibilityMask: Mask bits c0000000 are set but will be ignored as they conflict with the reserved bits used internally by the ogre2 backend.
(2026-03-18T10:21:32.62095636) (2026-03-18T10:21:32.62099287) [Msg] Loading plugin [ignition-rendering-ogre2]
(2026-03-18T10:21:32.126476848) (2026-03-18T10:21:32.126489303) [Dbg] [CameraSensor.cc:518] Enabling camera sensor: 'qr4::base::camera' data generation.
(2026-03-18T10:21:51.929185482) (2026-03-18T10:21:51.929193324) [Dbg] [SignalHandler.cc:141] Received signal[2].
(2026-03-18T10:21:51.929212624) (2026-03-18T10:21:51.929216092) [Dbg] [ServerPrivate.cc:110] Server received signal[2]
(2026-03-18T10:21:51.929230313) (2026-03-18T10:21:51.929233718) [Dbg] [Sensors.cc:439] SensorsPrivate::Stop
(2026-03-18T10:21:51.929497822) (2026-03-18T10:21:51.929503223) [Dbg] [Sensors.cc:425] SensorsPrivate::RenderThread stopped
(2026-03-18T10:21:51.934028244) (2026-03-18T10:21:51.934037732) [Dbg] [gz.cc:410] Shutting down ign-gazebo-server
(2026-03-18T10:21:51.937139339) (2026-03-18T10:21:51.937152023) ((2026-03-18T10:21:51.937175744) (2026-03-18T10:21:51.9371917342026-03-18T10:21:51.937191734[Dbg] [SimulationRunner.cc:528] 2026-03-18T10:21:51.937200993) (Exiting postupdate worker thread (2026-03-18T10:21:51.93722163002026-03-18T10:21:51.93722163002026-03-18T10:21:51.9372216300) ) )
Exiting postupdate worker thread (2)

1)
(2026-03-18T10:21:51.960117420) (2026-03-18T10:21:51.960124515) [Dbg] [Sensors.cc:439] SensorsPrivate::Stop
