(2026-03-16T15:31:43.772931199) (2026-03-16T15:31:43.772939467) [Msg] Ignition Gazebo Server v6.17.1
(2026-03-16T15:31:43.775426899) (2026-03-16T15:31:43.775436846) [Msg] Loading SDF world file[/home/user/ros2_ws/install/mrsim_gazebo_sim/share/mrsim_gazebo_sim/worlds/example.world].
(2026-03-16T15:31:44.2719334) (2026-03-16T15:31:44.2727753) [Msg] Serving entity system service on [/entity/system/add]
(2026-03-16T15:31:44.22122846) (2026-03-16T15:31:44.22130879) [Dbg] [SystemManager.cc:73] Loaded system [ignition::gazebo::systems::ShaderParam] for entity [9]
(2026-03-16T15:31:44.24492748) (2026-03-16T15:31:44.24499314) [Dbg] [SystemManager.cc:73] Loaded system [mrsim_gazebo_sim::SetPegPosePlugin] for entity [10]
(2026-03-16T15:31:44.50398419) (2026-03-16T15:31:44.50409696) [Dbg] [SystemManager.cc:73] Loaded system [mrsim_gazebo_sim::MrsimDroneIgnPlugin] for entity [14]
(2026-03-16T15:31:44.52567722) (2026-03-16T15:31:44.52578143) [Dbg] [MulticopterMotorModel.cc:373] Listening to topic: qr4/gazebo/command/motor_speed
(2026-03-16T15:31:44.52771260) (2026-03-16T15:31:44.52778331) [Dbg] [SystemManager.cc:73] Loaded system [ignition::gazebo::systems::MulticopterMotorModel] for entity [14]
(2026-03-16T15:31:44.53213152) (2026-03-16T15:31:44.53220696) [Dbg] [MulticopterMotorModel.cc:373] Listening to topic: qr4/gazebo/command/motor_speed
(2026-03-16T15:31:44.53314941) (2026-03-16T15:31:44.53321094) [Dbg] [SystemManager.cc:73] Loaded system [ignition::gazebo::systems::MulticopterMotorModel] for entity [14]
(2026-03-16T15:31:44.53679112) (2026-03-16T15:31:44.53685905) [Dbg] [MulticopterMotorModel.cc:373] Listening to topic: qr4/gazebo/command/motor_speed
(2026-03-16T15:31:44.53751530) (2026-03-16T15:31:44.53757479) [Dbg] [SystemManager.cc:73] Loaded system [ignition::gazebo::systems::MulticopterMotorModel] for entity [14]
(2026-03-16T15:31:44.54006297) (2026-03-16T15:31:44.54010597) [Dbg] [MulticopterMotorModel.cc:373] Listening to topic: qr4/gazebo/command/motor_speed
(2026-03-16T15:31:44.54052261) (2026-03-16T15:31:44.54056013) [Dbg] [SystemManager.cc:73] Loaded system [ignition::gazebo::systems::MulticopterMotorModel] for entity [14]
(2026-03-16T15:31:44.55666947) (2026-03-16T15:31:44.55674918) [Msg] OdometryPublisher publishing odometry on [/model/qr4/odometry]
(2026-03-16T15:31:44.55752315) (2026-03-16T15:31:44.55756453) [Msg] OdometryPublisher publishing odometry with covariance on [/model/qr4/odometry_with_covariance]
(2026-03-16T15:31:44.55812039) (2026-03-16T15:31:44.55815905) [Msg] OdometryPublisher publishing Pose_V (TF) on [/model/qr4/pose]
(2026-03-16T15:31:44.55834902) (2026-03-16T15:31:44.55838304) [Dbg] [SystemManager.cc:73] Loaded system [ignition::gazebo::systems::OdometryPublisher] for entity [14]
(2026-03-16T15:31:44.66582294) (2026-03-16T15:31:44.66590510) [Dbg] [Sensors.cc:506] Configuring Sensors system
(2026-03-16T15:31:44.66679548) (2026-03-16T15:31:44.66683177) [Dbg] [Sensors.cc:431] SensorsPrivate::Run
((2026-03-16T15:31:44.66770470) (2026-03-16T15:31:44.66785711) 2026-03-16T15:31:44.66774776) (2026-03-16T15:31:44.66798375) [Dbg] [Sensors.cc:411] [Dbg] [Sensors.cc:411] [Dbg] [SystemManager.cc:73] SensorsPrivate::RenderThread started
Loaded system [(2026-03-16T15:31:44.66835589) ((142026-03-16T15:31:44.66846021]2026-03-16T15:31:44.66846021]) [Dbg] [Sensors.cc:258] Waiting for init
(2026-03-16T15:31:44.67308223) (2026-03-16T15:31:44.67313774) [Msg] Loaded level [3]
(2026-03-16T15:31:44.67336765) (2026-03-16T15:31:44.67341365) [Msg] No systems loaded from SDF, loading defaults
(2026-03-16T15:31:44.67759310) (2026-03-16T15:31:44.67764342) [Dbg] [ServerConfig.cc:1043] Loaded (3) plugins from file [/home/user/.ignition/gazebo/6/server.config]
(2026-03-16T15:31:44.87220028) (2026-03-16T15:31:44.87231585) [Dbg] [Physics.cc:804] Loaded [ignition::physics::dartsim::Plugin] from library [/usr/lib/x86_64-linux-gnu/ign-physics-5/engine-plugins/libignition-physics-dartsim-plugin.so]
(2026-03-16T15:31:44.87304790) (2026-03-16T15:31:44.87308350) [Dbg] [SystemManager.cc:73] Loaded system [gz::sim::systems::Physics] for entity [1]
(2026-03-16T15:31:44.89712186) (2026-03-16T15:31:44.89721878) [Msg] Create service on [/world/mrsim/create]
(2026-03-16T15:31:44.89806045) (2026-03-16T15:31:44.89810118) [Msg] Remove service on [/world/mrsim/remove]
(2026-03-16T15:31:44.89871485) (2026-03-16T15:31:44.89875471) [Msg] Pose service on [/world/mrsim/set_pose]
(2026-03-16T15:31:44.89915687) (2026-03-16T15:31:44.89919858) [Msg] Pose service on [/world/mrsim/set_pose_vector]
(2026-03-16T15:31:44.90015558) (2026-03-16T15:31:44.90019579) [Msg] Light configuration service on [/world/mrsim/light_config]
(2026-03-16T15:31:44.90135245) (2026-03-16T15:31:44.90139298) [Msg] Physics service on [/world/mrsim/set_physics]
(2026-03-16T15:31:44.90203512) (2026-03-16T15:31:44.90207486) [Msg] SphericalCoordinates service on [/world/mrsim/set_spherical_coordinates]
(2026-03-16T15:31:44.90245299) (2026-03-16T15:31:44.90249946) [Msg] Enable collision service on [/world/mrsim/enable_collision]
(2026-03-16T15:31:44.90284445) (2026-03-16T15:31:44.90289238) [Msg] Disable collision service on [/world/mrsim/disable_collision]
(2026-03-16T15:31:44.90396149) (2026-03-16T15:31:44.90400040) [Msg] Material service on [/world/mrsim/visual_config]
(2026-03-16T15:31:44.90467814) (2026-03-16T15:31:44.90471731) [Msg] Material service on [/world/mrsim/wheel_slip]
(2026-03-16T15:31:44.90495268) (2026-03-16T15:31:44.90498714) [Dbg] [SystemManager.cc:73] Loaded system [gz::sim::systems::UserCommands] for entity [1]
(2026-03-16T15:31:44.92341808) (2026-03-16T15:31:44.92348279) [Dbg] [SystemManager.cc:73] Loaded system [gz::sim::systems::SceneBroadcaster] for entity [1]
(2026-03-16T15:31:44.92606178) (2026-03-16T15:31:44.92612014) [Msg] Serving world controls on [/world/mrsim/control], [/world/mrsim/control/state] and [/world/mrsim/playback/control]
(2026-03-16T15:31:44.92686260) (2026-03-16T15:31:44.92690226) [Msg] Serving GUI information on [/world/mrsim/gui/info]
(2026-03-16T15:31:44.92707840) (2026-03-16T15:31:44.92711210) [Msg] World [mrsim] initialized with [1ms] physics profile.
(2026-03-16T15:31:44.92801421) (2026-03-16T15:31:44.92805281) [Msg] Serving world SDF generation service on [/world/mrsim/generate_world_sdf]
(2026-03-16T15:31:44.92874211) (2026-03-16T15:31:44.92878092) [Msg] Serving world names on [/gazebo/worlds]
(2026-03-16T15:31:44.92929192) (2026-03-16T15:31:44.92934748) [Msg] Resource path add service on [/gazebo/resource_paths/add].
(2026-03-16T15:31:44.93002118) (2026-03-16T15:31:44.93007438) [Msg] Resource path get service on [/gazebo/resource_paths/get].
(2026-03-16T15:31:44.93069399) (2026-03-16T15:31:44.93076143) [Msg] Resource path resolve service on [/gazebo/resource_paths/resolve].
(2026-03-16T15:31:44.93174400) (2026-03-16T15:31:44.93179814) [Msg] Resource paths published on [/gazebo/resource_paths].
(2026-03-16T15:31:44.93305041) (2026-03-16T15:31:44.93311830) [Msg] Server control service on [/server_control].
(2026-03-16T15:31:45.671770563) (2026-03-16T15:31:45.671778353) [Msg] Found no publishers on /stats, adding root stats topic
(2026-03-16T15:31:45.671902833) (2026-03-16T15:31:45.671907258) [Msg] Found no publishers on /clock, adding root clock topic
(2026-03-16T15:31:45.672045886) (2026-03-16T15:31:45.672052317) [Dbg] [SimulationRunner.cc:501] Creating PostUpdate worker threads: 4
(2026-03-16T15:31:45.672074821) (2026-03-16T15:31:45.672079659) [Dbg] [SimulationRunner.cc:512] Creating postupdate worker thread (0)
(2026-03-16T15:31:45.672163326) (2026-03-16T15:31:45.672167267) [Dbg] [SimulationRunner.cc:512] Creating postupdate worker thread (1)
(2026-03-16T15:31:45.672199362) (2026-03-16T15:31:45.672202985) [Dbg] [SimulationRunner.cc:512] Creating postupdate worker thread (2)
(2026-03-16T15:31:45.675590021) (2026-03-16T15:31:45.675596629) [Dbg] [SimulationFeatures.cc:71] Simulation timestep set to: 0.005
(2026-03-16T15:31:45.675977345) (2026-03-16T15:31:45.675983640) [Dbg] [Sensors.cc:610] Initialization needed
(2026-03-16T15:31:45.676024286) (2026-03-16T15:31:45.676031171) [Dbg] [Sensors.cc:270] Initializing render context
(2026-03-16T15:31:45.676135534) (2026-03-16T15:31:45.676148942) [Msg] Loading plugin [ignition-rendering-ogre2]
(2026-03-16T15:31:45.676711531) (2026-03-16T15:31:45.676720075) [Msg] Serving scene information on [/world/mrsim/scene/info]
(2026-03-16T15:31:45.676839634) (2026-03-16T15:31:45.676845952) [Msg] Serving graph information on [/world/mrsim/scene/graph]
(2026-03-16T15:31:45.677015743) (2026-03-16T15:31:45.677022193) [Msg] Serving full state on [/world/mrsim/state]
(2026-03-16T15:31:45.677117930) (2026-03-16T15:31:45.677124167) [Msg] Serving full state (async) on [/world/mrsim/state_async]
(2026-03-16T15:31:45.677227503) (2026-03-16T15:31:45.677279838) [Msg] Publishing scene information on [/world/mrsim/scene/info]
(2026-03-16T15:31:45.677361817) (2026-03-16T15:31:45.677368693) [Msg] Publishing entity deletions on [/world/mrsim/scene/deletion]
(2026-03-16T15:31:45.677453467) (2026-03-16T15:31:45.677459872) [Msg] Publishing state changes on [/world/mrsim/state]
(2026-03-16T15:31:45.677585780) (2026-03-16T15:31:45.677592266) [Msg] Publishing pose messages on [/world/mrsim/pose/info]
(2026-03-16T15:31:45.677691730) (2026-03-16T15:31:45.677699204) [Msg] Publishing dynamic pose messages on [/world/mrsim/dynamic_pose/info]
(2026-03-16T15:31:45.678003928) (2026-03-16T15:31:45.678011443) [Dbg] [EntityComponentManager.cc:1623] Updated state thread iterators: 8 threads processing around 6 entities each.
(2026-03-16T15:31:45.814506948) (2026-03-16T15:31:45.814515332) [Dbg] [RenderUtil.cc:2591] Create scene [scene]
((2026-03-16T15:31:45.837882822) (2026-03-16T15:31:45.8379042372026-03-16T15:31:45.8379042372026-03-16T15:31:45.837896894) ) ) ) (2026-03-16T15:31:45.837918657) [Dbg] [Sensors.cc:284] [Dbg] [Sensors.cc:284] [Dbg] [Sensors.cc:610] Rendering Thread initialized
Initialization needed
Initialization needed
(2026-03-16T15:31:46.730734911) (2026-03-16T15:31:46.730746069) [Dbg] [CameraSensor.cc:394] Camera images for [qr4::base::camera] advertised on [/camera]
(2026-03-16T15:31:46.730932762) (2026-03-16T15:31:46.730968043) [Dbg] [CameraSensor.cc:705] Camera info for [qr4::base::camera] advertised on [/camera_info]
(2026-03-16T15:31:46.731449393) (2026-03-16T15:31:46.731458007) [Wrn] [Ogre2Camera.cc:390] Ogre2Camera::SetVisibilityMask: Mask bits c0000000 are set but will be ignored as they conflict with the reserved bits used internally by the ogre2 backend.
(2026-03-16T15:31:46.731718745) (2026-03-16T15:31:46.731724771) [Msg] Loading plugin [ignition-rendering-ogre2]
(2026-03-16T15:31:46.810887726) (2026-03-16T15:31:46.810896108) [Dbg] [CameraSensor.cc:518] Enabling camera sensor: 'qr4::base::camera' data generation.
(2026-03-16T15:31:54.59331361) (2026-03-16T15:31:54.59339616) [Dbg] [SignalHandler.cc:141] Received signal[2].
(2026-03-16T15:31:54.59358857) (2026-03-16T15:31:54.59362365) [Dbg] [ServerPrivate.cc:110] Server received signal[2]
(2026-03-16T15:31:54.59377544) (2026-03-16T15:31:54.59380915) [Dbg] [Sensors.cc:439] SensorsPrivate::Stop
(2026-03-16T15:31:54.59650568) (2026-03-16T15:31:54.59656493) [Dbg] [Sensors.cc:425] SensorsPrivate::RenderThread stopped
(2026-03-16T15:31:54.63625736) (2026-03-16T15:31:54.63632821) [Dbg] [gz.cc:410] Shutting down ign-gazebo-server
((2026-03-16T15:31:54.65887534) (2026-03-16T15:31:54.658889092026-03-16T15:31:54.658998092026-03-16T15:31:54.658889092026-03-16T15:31:54.65899809) (2026-03-16T15:31:54.65911914) ) [Dbg] [SimulationRunner.cc:528] [Dbg] [SimulationRunner.cc:528] Exiting postupdate worker thread (1)
1Exiting postupdate worker thread (2)
2026-03-16T15:31:54.65967154) (2026-03-16T15:31:54.659810472026-03-16T15:31:54.65981047) [Dbg] [SimulationRunner.cc:528] Exiting postupdate worker thread (0)
(2026-03-16T15:31:54.85991876) (2026-03-16T15:31:54.86001162) [Dbg] [Sensors.cc:439] SensorsPrivate::Stop
