(2026-03-17T11:55:34.860719783) (2026-03-17T11:55:34.860726337) [Msg] Ignition Gazebo Server v6.17.1
(2026-03-17T11:55:34.862168503) (2026-03-17T11:55:34.862173556) [Msg] Loading SDF world file[/home/user/ros2_ws/install/mrsim_gazebo_sim/share/mrsim_gazebo_sim/worlds/example.world].
(2026-03-17T11:55:35.98984123) (2026-03-17T11:55:35.98991200) [Msg] Serving entity system service on [/entity/system/add]
(2026-03-17T11:55:35.120831505) (2026-03-17T11:55:35.120838717) [Dbg] [SystemManager.cc:73] Loaded system [ignition::gazebo::systems::ShaderParam] for entity [9]
(2026-03-17T11:55:35.123468904) (2026-03-17T11:55:35.123477101) [Dbg] [SystemManager.cc:73] Loaded system [mrsim_gazebo_sim::SetPegPosePlugin] for entity [10]
(2026-03-17T11:55:35.153945436) (2026-03-17T11:55:35.153952460) [Dbg] [SystemManager.cc:73] Loaded system [mrsim_gazebo_sim::MrsimDroneIgnPlugin] for entity [14]
(2026-03-17T11:55:35.155608064) (2026-03-17T11:55:35.155616833) [Dbg] [MulticopterMotorModel.cc:373] Listening to topic: qr4/gazebo/command/motor_speed
(2026-03-17T11:55:35.155730158) (2026-03-17T11:55:35.155736197) [Dbg] [SystemManager.cc:73] Loaded system [ignition::gazebo::systems::MulticopterMotorModel] for entity [14]
(2026-03-17T11:55:35.156171372) (2026-03-17T11:55:35.156178739) [Dbg] [MulticopterMotorModel.cc:373] Listening to topic: qr4/gazebo/command/motor_speed
(2026-03-17T11:55:35.156498091) (2026-03-17T11:55:35.156579908) [Dbg] [SystemManager.cc:73] Loaded system [ignition::gazebo::systems::MulticopterMotorModel] for entity [14]
(2026-03-17T11:55:35.157150170) (2026-03-17T11:55:35.157157514) [Dbg] [MulticopterMotorModel.cc:373] Listening to topic: qr4/gazebo/command/motor_speed
(2026-03-17T11:55:35.157224966) (2026-03-17T11:55:35.157230601) [Dbg] [SystemManager.cc:73] Loaded system [ignition::gazebo::systems::MulticopterMotorModel] for entity [14]
(2026-03-17T11:55:35.157563916) (2026-03-17T11:55:35.157570427) [Dbg] [MulticopterMotorModel.cc:373] Listening to topic: qr4/gazebo/command/motor_speed
(2026-03-17T11:55:35.157633804) (2026-03-17T11:55:35.157950849) [Dbg] [SystemManager.cc:73] Loaded system [ignition::gazebo::systems::MulticopterMotorModel] for entity [14]
(2026-03-17T11:55:35.159695927) (2026-03-17T11:55:35.159704251) [Msg] OdometryPublisher publishing odometry on [/model/qr4/odometry]
(2026-03-17T11:55:35.159873910) (2026-03-17T11:55:35.159880041) [Msg] OdometryPublisher publishing odometry with covariance on [/model/qr4/odometry_with_covariance]
(2026-03-17T11:55:35.160001107) (2026-03-17T11:55:35.160007291) [Msg] OdometryPublisher publishing Pose_V (TF) on [/model/qr4/pose]
(2026-03-17T11:55:35.160035731) (2026-03-17T11:55:35.160039375) [Dbg] [SystemManager.cc:73] Loaded system [ignition::gazebo::systems::OdometryPublisher] for entity [14]
(2026-03-17T11:55:35.171014429) (2026-03-17T11:55:35.171021744) [Dbg] [Sensors.cc:506] Configuring Sensors system
(2026-03-17T11:55:35.171106450) (2026-03-17T11:55:35.171110066) [Dbg] [Sensors.cc:431] SensorsPrivate::Run
(2026-03-17T11:55:35.171198224) (2026-03-17T11:55:35.171202459) [Dbg] [SystemManager.cc:73] Loaded system [ignition::gazebo::systems::Sensors] for entity [14]
(2026-03-17T11:55:35.171301064) (2026-03-17T11:55:35.171307363) [Dbg] [Sensors.cc:411] SensorsPrivate::RenderThread started
(2026-03-17T11:55:35.171324098) (2026-03-17T11:55:35.171327502) [Dbg] [Sensors.cc:258] Waiting for init
(2026-03-17T11:55:35.171543557) (2026-03-17T11:55:35.171547730) [Msg] Loaded level [3]
(2026-03-17T11:55:35.171564667) (2026-03-17T11:55:35.171576016) [Msg] No systems loaded from SDF, loading defaults
(2026-03-17T11:55:35.171710380) (2026-03-17T11:55:35.171714155) [Dbg] [ServerConfig.cc:1043] Loaded (3) plugins from file [/home/user/.ignition/gazebo/6/server.config]
(2026-03-17T11:55:35.189839515) (2026-03-17T11:55:35.189850947) [Dbg] [Physics.cc:804] Loaded [ignition::physics::dartsim::Plugin] from library [/usr/lib/x86_64-linux-gnu/ign-physics-5/engine-plugins/libignition-physics-dartsim-plugin.so]
(2026-03-17T11:55:35.189917421) (2026-03-17T11:55:35.189923176) [Dbg] [SystemManager.cc:73] Loaded system [gz::sim::systems::Physics] for entity [1]
(2026-03-17T11:55:35.192271033) (2026-03-17T11:55:35.192277922) [Msg] Create service on [/world/mrsim/create]
(2026-03-17T11:55:35.192446715) (2026-03-17T11:55:35.192452654) [Msg] Remove service on [/world/mrsim/remove]
(2026-03-17T11:55:35.192519368) (2026-03-17T11:55:35.192523967) [Msg] Pose service on [/world/mrsim/set_pose]
(2026-03-17T11:55:35.192625835) (2026-03-17T11:55:35.192629612) [Msg] Pose service on [/world/mrsim/set_pose_vector]
(2026-03-17T11:55:35.192886585) (2026-03-17T11:55:35.192909408) [Msg] Light configuration service on [/world/mrsim/light_config]
(2026-03-17T11:55:35.193219162) (2026-03-17T11:55:35.193224460) [Msg] Physics service on [/world/mrsim/set_physics]
(2026-03-17T11:55:35.193384666) (2026-03-17T11:55:35.193388578) [Msg] SphericalCoordinates service on [/world/mrsim/set_spherical_coordinates]
(2026-03-17T11:55:35.193422403) (2026-03-17T11:55:35.193426077) [Msg] Enable collision service on [/world/mrsim/enable_collision]
(2026-03-17T11:55:35.193532390) (2026-03-17T11:55:35.193596216) [Msg] Disable collision service on [/world/mrsim/disable_collision]
(2026-03-17T11:55:35.193825408) (2026-03-17T11:55:35.193829363) [Msg] Material service on [/world/mrsim/visual_config]
(2026-03-17T11:55:35.194024692) (2026-03-17T11:55:35.194046631) [Msg] Material service on [/world/mrsim/wheel_slip]
(2026-03-17T11:55:35.194149641) (2026-03-17T11:55:35.194166265) [Dbg] [SystemManager.cc:73] Loaded system [gz::sim::systems::UserCommands] for entity [1]
(2026-03-17T11:55:35.195729247) (2026-03-17T11:55:35.195736243) [Dbg] [SystemManager.cc:73] Loaded system [gz::sim::systems::SceneBroadcaster] for entity [1]
(2026-03-17T11:55:35.196061532) (2026-03-17T11:55:35.196066370) [Msg] Serving world controls on [/world/mrsim/control], [/world/mrsim/control/state] and [/world/mrsim/playback/control]
(2026-03-17T11:55:35.196202384) (2026-03-17T11:55:35.196206388) [Msg] Serving GUI information on [/world/mrsim/gui/info]
(2026-03-17T11:55:35.196288767) (2026-03-17T11:55:35.196292174) [Msg] World [mrsim] initialized with [1ms] physics profile.
(2026-03-17T11:55:35.196379092) (2026-03-17T11:55:35.196382964) [Msg] Serving world SDF generation service on [/world/mrsim/generate_world_sdf]
(2026-03-17T11:55:35.196587285) (2026-03-17T11:55:35.196605350) [Msg] Serving world names on [/gazebo/worlds]
(2026-03-17T11:55:35.196731596) (2026-03-17T11:55:35.196735199) [Msg] Resource path add service on [/gazebo/resource_paths/add].
(2026-03-17T11:55:35.196766732) (2026-03-17T11:55:35.196770284) [Msg] Resource path get service on [/gazebo/resource_paths/get].
(2026-03-17T11:55:35.196873298) (2026-03-17T11:55:35.196878104) [Msg] Resource path resolve service on [/gazebo/resource_paths/resolve].
(2026-03-17T11:55:35.197147050) (2026-03-17T11:55:35.197151883) [Msg] Resource paths published on [/gazebo/resource_paths].
(2026-03-17T11:55:35.197389298) (2026-03-17T11:55:35.197393127) [Msg] Server control service on [/server_control].
(2026-03-17T11:55:36.758472802) (2026-03-17T11:55:36.758479926) [Msg] Found no publishers on /stats, adding root stats topic
(2026-03-17T11:55:36.758616396) (2026-03-17T11:55:36.758620619) [Msg] Found no publishers on /clock, adding root clock topic
(2026-03-17T11:55:36.758747050) (2026-03-17T11:55:36.758752935) [Dbg] [SimulationRunner.cc:501] Creating PostUpdate worker threads: 4
(2026-03-17T11:55:36.758778215) (2026-03-17T11:55:36.758782088) [Dbg] [SimulationRunner.cc:512] Creating postupdate worker thread (0)
(2026-03-17T11:55:36.758868341) (2026-03-17T11:55:36.758873345) [Dbg] [SimulationRunner.cc:512] Creating postupdate worker thread (1)
(2026-03-17T11:55:36.758908180) (2026-03-17T11:55:36.758912008) [Dbg] [SimulationRunner.cc:512] Creating postupdate worker thread (2)
(2026-03-17T11:55:36.762591573) (2026-03-17T11:55:36.762599367) [Dbg] [SimulationFeatures.cc:71] Simulation timestep set to: 0.005
(2026-03-17T11:55:36.763089898) (2026-03-17T11:55:36.763096615) [Dbg] [Sensors.cc:610] Initialization needed
(2026-03-17T11:55:36.763127701) (2026-03-17T11:55:36.763133448) [Dbg] [Sensors.cc:270] Initializing render context
(2026-03-17T11:55:36.763229274) (2026-03-17T11:55:36.763233368) [Msg] Loading plugin [ignition-rendering-ogre2]
(2026-03-17T11:55:36.763891837) (2026-03-17T11:55:36.763901435) [Msg] Serving scene information on [/world/mrsim/scene/info]
(2026-03-17T11:55:36.763977799) (2026-03-17T11:55:36.763985111) [Msg] Serving graph information on [/world/mrsim/scene/graph]
(2026-03-17T11:55:36.764125734) (2026-03-17T11:55:36.764132262) [Msg] Serving full state on [/world/mrsim/state]
(2026-03-17T11:55:36.764198635) (2026-03-17T11:55:36.764205095) [Msg] Serving full state (async) on [/world/mrsim/state_async]
(2026-03-17T11:55:36.764284137) (2026-03-17T11:55:36.764290521) [Msg] Publishing scene information on [/world/mrsim/scene/info]
(2026-03-17T11:55:36.764366730) (2026-03-17T11:55:36.764374023) [Msg] Publishing entity deletions on [/world/mrsim/scene/deletion]
(2026-03-17T11:55:36.764424365) (2026-03-17T11:55:36.764430234) [Msg] Publishing state changes on [/world/mrsim/state]
(2026-03-17T11:55:36.764505380) (2026-03-17T11:55:36.764511765) [Msg] Publishing pose messages on [/world/mrsim/pose/info]
(2026-03-17T11:55:36.764579315) (2026-03-17T11:55:36.764585503) [Msg] Publishing dynamic pose messages on [/world/mrsim/dynamic_pose/info]
(2026-03-17T11:55:36.764827233) (2026-03-17T11:55:36.764834832) [Dbg] [EntityComponentManager.cc:1623] Updated state thread iterators: 8 threads processing around 6 entities each.
(2026-03-17T11:55:36.904647419) (2026-03-17T11:55:36.904653489) [Dbg] [RenderUtil.cc:2591] Create scene [scene]
(2026-03-17T11:55:36.928527024) (2026-03-17T11:55:36.928534761) ([Dbg] [Sensors.cc:284] Rendering Thread initialized2026-03-17T11:55:36.928544694) (2026-03-17T11:55:36.928559234) 
Initialization needed
(2026-03-17T11:55:37.734755283) (2026-03-17T11:55:37.734762232) [Dbg] [CameraSensor.cc:394] Camera images for [qr4::base::camera] advertised on [/camera]
(2026-03-17T11:55:37.734876993) (2026-03-17T11:55:37.734881260) [Dbg] [CameraSensor.cc:705] Camera info for [qr4::base::camera] advertised on [/camera_info]
(2026-03-17T11:55:37.735195427) (2026-03-17T11:55:37.735200389) [Wrn] [Ogre2Camera.cc:390] Ogre2Camera::SetVisibilityMask: Mask bits c0000000 are set but will be ignored as they conflict with the reserved bits used internally by the ogre2 backend.
(2026-03-17T11:55:37.735369294) (2026-03-17T11:55:37.735373038) [Msg] Loading plugin [ignition-rendering-ogre2]
(2026-03-17T11:55:37.798563846) (2026-03-17T11:55:37.798577104) [Dbg] [CameraSensor.cc:518] Enabling camera sensor: 'qr4::base::camera' data generation.
(2026-03-17T11:55:52.279828496) (2026-03-17T11:55:52.279836963) [Dbg] [SignalHandler.cc:141] Received signal[2].
(2026-03-17T11:55:52.279856803) (2026-03-17T11:55:52.279860225) [Dbg] [ServerPrivate.cc:110] Server received signal[2]
(2026-03-17T11:55:52.279876008) (2026-03-17T11:55:52.279879339) [Dbg] [Sensors.cc:439] SensorsPrivate::Stop
(2026-03-17T11:55:52.280189806) (2026-03-17T11:55:52.280198198) [Dbg] [Sensors.cc:425] SensorsPrivate::RenderThread stopped
(2026-03-17T11:55:52.284418905) (2026-03-17T11:55:52.284431708) [Dbg] [gz.cc:410] Shutting down ign-gazebo-server
(((2026-03-17T11:55:52.287448272) () ((2026-03-17T11:55:52.287470504) ) ) [Dbg] [SimulationRunner.cc:528] ) [Dbg] [SimulationRunner.cc:528] 2026-03-17T11:55:52.287485692) ((2026-03-17T11:55:52.287492720) Exiting postupdate worker thread (0)
[Dbg] [SimulationRunner.cc:528] [Dbg] [SimulationRunner.cc:528] [Dbg] [SimulationRunner.cc:528] Exiting postupdate worker thread (1)
Exiting postupdate worker thread (2)
(2026-03-17T11:55:52.314462903) (2026-03-17T11:55:52.314470602) [Dbg] [Sensors.cc:439] SensorsPrivate::Stop
