(2026-03-12T16:26:52.89871148) (2026-03-12T16:26:52.89879025) [Msg] Ignition Gazebo Server v6.17.1
(2026-03-12T16:26:52.92169110) (2026-03-12T16:26:52.92179433) [Msg] Loading SDF world file[/home/user/ros2_ws/install/mrsim_gazebo_sim/share/mrsim_gazebo_sim/worlds/example.world].
(2026-03-12T16:26:52.268273408) (2026-03-12T16:26:52.268295499) [Msg] Serving entity system service on [/entity/system/add]
(2026-03-12T16:26:52.297838955) (2026-03-12T16:26:52.297847683) [Dbg] [SystemManager.cc:73] Loaded system [ignition::gazebo::systems::ShaderParam] for entity [9]
(2026-03-12T16:26:52.300747816) (2026-03-12T16:26:52.300755603) [Dbg] [SystemManager.cc:73] Loaded system [mrsim_gazebo_sim::SetPegPosePlugin] for entity [10]
(2026-03-12T16:26:52.324663876) (2026-03-12T16:26:52.324670958) [Dbg] [SystemManager.cc:73] Loaded system [mrsim_gazebo_sim::MrsimDroneIgnPlugin] for entity [14]
(2026-03-12T16:26:52.326274268) (2026-03-12T16:26:52.326281323) [Dbg] [MulticopterMotorModel.cc:373] Listening to topic: qr4/gazebo/command/motor_speed
(2026-03-12T16:26:52.326392066) (2026-03-12T16:26:52.326396377) [Dbg] [SystemManager.cc:73] Loaded system [ignition::gazebo::systems::MulticopterMotorModel] for entity [14]
(2026-03-12T16:26:52.326649696) (2026-03-12T16:26:52.326654483) [Dbg] [MulticopterMotorModel.cc:373] Listening to topic: qr4/gazebo/command/motor_speed
(2026-03-12T16:26:52.326712872) (2026-03-12T16:26:52.326716945) [Dbg] [SystemManager.cc:73] Loaded system [ignition::gazebo::systems::MulticopterMotorModel] for entity [14]
(2026-03-12T16:26:52.326921587) (2026-03-12T16:26:52.326925788) [Dbg] [MulticopterMotorModel.cc:373] Listening to topic: qr4/gazebo/command/motor_speed
(2026-03-12T16:26:52.326974368) (2026-03-12T16:26:52.326978466) [Dbg] [SystemManager.cc:73] Loaded system [ignition::gazebo::systems::MulticopterMotorModel] for entity [14]
(2026-03-12T16:26:52.327165449) (2026-03-12T16:26:52.327169630) [Dbg] [MulticopterMotorModel.cc:373] Listening to topic: qr4/gazebo/command/motor_speed
(2026-03-12T16:26:52.327215065) (2026-03-12T16:26:52.327218933) [Dbg] [SystemManager.cc:73] Loaded system [ignition::gazebo::systems::MulticopterMotorModel] for entity [14]
(2026-03-12T16:26:52.328355539) (2026-03-12T16:26:52.328361736) [Msg] OdometryPublisher publishing odometry on [/model/qr4/odometry]
(2026-03-12T16:26:52.328431218) (2026-03-12T16:26:52.328435566) [Msg] OdometryPublisher publishing odometry with covariance on [/model/qr4/odometry_with_covariance]
(2026-03-12T16:26:52.328497343) (2026-03-12T16:26:52.328501377) [Msg] OdometryPublisher publishing Pose_V (TF) on [/model/qr4/pose]
(2026-03-12T16:26:52.328521282) (2026-03-12T16:26:52.328524766) [Dbg] [SystemManager.cc:73] Loaded system [ignition::gazebo::systems::OdometryPublisher] for entity [14]
(2026-03-12T16:26:52.348025946) (2026-03-12T16:26:52.348038030) [Dbg] [Sensors.cc:506] Configuring Sensors system
(2026-03-12T16:26:52.348169156) (2026-03-12T16:26:52.348175950) [Dbg] [Sensors.cc:431] SensorsPrivate::Run
(2026-03-12T16:26:52.348268875) (2026-03-12T16:26:52.348275308) [Dbg] [Sensors.cc:411] 2026-03-12T16:26:52.348286096) (2026-03-12T16:26:52.348299937) SensorsPrivate::RenderThread started
() (2026-03-12T16:26:52.348330676) Loaded system [[Dbg] [Sensors.cc:258] ignition::gazebo::systems::Sensors[Dbg] [Sensors.cc:258] ignition::gazebo::systems::SensorsWaiting for initWaiting for init
14
14
(2026-03-12T16:26:52.348780158) (2026-03-12T16:26:52.348785408) [Msg] Loaded level [3]
(2026-03-12T16:26:52.348806555) (2026-03-12T16:26:52.348810238) [Msg] No systems loaded from SDF, loading defaults
(2026-03-12T16:26:52.349286414) (2026-03-12T16:26:52.349298482) [Dbg] [ServerConfig.cc:1043] Loaded (3) plugins from file [/home/user/.ignition/gazebo/6/server.config]
(2026-03-12T16:26:52.381266641) (2026-03-12T16:26:52.381275138) [Dbg] [Physics.cc:804] Loaded [ignition::physics::dartsim::Plugin] from library [/usr/lib/x86_64-linux-gnu/ign-physics-5/engine-plugins/libignition-physics-dartsim-plugin.so]
(2026-03-12T16:26:52.381321813) (2026-03-12T16:26:52.381325495) [Dbg] [SystemManager.cc:73] Loaded system [gz::sim::systems::Physics] for entity [1]
(2026-03-12T16:26:52.383698217) (2026-03-12T16:26:52.383704930) [Msg] Create service on [/world/mrsim/create]
(2026-03-12T16:26:52.383840343) (2026-03-12T16:26:52.383844826) [Msg] Remove service on [/world/mrsim/remove]
(2026-03-12T16:26:52.383946645) (2026-03-12T16:26:52.383950727) [Msg] Pose service on [/world/mrsim/set_pose]
(2026-03-12T16:26:52.384014107) (2026-03-12T16:26:52.384020377) [Msg] Pose service on [/world/mrsim/set_pose_vector]
(2026-03-12T16:26:52.384141907) (2026-03-12T16:26:52.384148150) [Msg] Light configuration service on [/world/mrsim/light_config]
(2026-03-12T16:26:52.384272445) (2026-03-12T16:26:52.384278530) [Msg] Physics service on [/world/mrsim/set_physics]
(2026-03-12T16:26:52.384354845) (2026-03-12T16:26:52.384361384) [Msg] SphericalCoordinates service on [/world/mrsim/set_spherical_coordinates]
(2026-03-12T16:26:52.384404859) (2026-03-12T16:26:52.384410870) [Msg] Enable collision service on [/world/mrsim/enable_collision]
(2026-03-12T16:26:52.384454636) (2026-03-12T16:26:52.384459690) [Msg] Disable collision service on [/world/mrsim/disable_collision]
(2026-03-12T16:26:52.384576166) (2026-03-12T16:26:52.384582474) [Msg] Material service on [/world/mrsim/visual_config]
(2026-03-12T16:26:52.384649109) (2026-03-12T16:26:52.384655450) [Msg] Material service on [/world/mrsim/wheel_slip]
(2026-03-12T16:26:52.384686450) (2026-03-12T16:26:52.384691408) [Dbg] [SystemManager.cc:73] Loaded system [gz::sim::systems::UserCommands] for entity [1]
(2026-03-12T16:26:52.387479095) (2026-03-12T16:26:52.387491335) [Dbg] [SystemManager.cc:73] Loaded system [gz::sim::systems::SceneBroadcaster] for entity [1]
(2026-03-12T16:26:52.387975509) (2026-03-12T16:26:52.387984224) [Msg] Serving world controls on [/world/mrsim/control], [/world/mrsim/control/state] and [/world/mrsim/playback/control]
(2026-03-12T16:26:52.388116888) (2026-03-12T16:26:52.388122713) [Msg] Serving GUI information on [/world/mrsim/gui/info]
(2026-03-12T16:26:52.388148141) (2026-03-12T16:26:52.388151805) [Msg] World [mrsim] initialized with [1ms] physics profile.
(2026-03-12T16:26:52.388247967) (2026-03-12T16:26:52.388251959) [Msg] Serving world SDF generation service on [/world/mrsim/generate_world_sdf]
(2026-03-12T16:26:52.388353322) (2026-03-12T16:26:52.388358657) [Msg] Serving world names on [/gazebo/worlds]
(2026-03-12T16:26:52.388422182) (2026-03-12T16:26:52.388427073) [Msg] Resource path add service on [/gazebo/resource_paths/add].
(2026-03-12T16:26:52.388489362) (2026-03-12T16:26:52.388495539) [Msg] Resource path get service on [/gazebo/resource_paths/get].
(2026-03-12T16:26:52.388577127) (2026-03-12T16:26:52.388583916) [Msg] Resource path resolve service on [/gazebo/resource_paths/resolve].
(2026-03-12T16:26:52.488933919) (2026-03-12T16:26:52.488945444) [Msg] Resource paths published on [/gazebo/resource_paths].
(2026-03-12T16:26:52.489353000) (2026-03-12T16:26:52.489361502) [Msg] Server control service on [/server_control].
(2026-03-12T16:26:53.986210575) (2026-03-12T16:26:53.986222570) [Msg] Found no publishers on /stats, adding root stats topic
(2026-03-12T16:26:53.986450671) (2026-03-12T16:26:53.986455593) [Msg] Found no publishers on /clock, adding root clock topic
(2026-03-12T16:26:53.986613897) (2026-03-12T16:26:53.986620706) [Dbg] [SimulationRunner.cc:501] Creating PostUpdate worker threads: 4
(2026-03-12T16:26:53.986646472) (2026-03-12T16:26:53.986652442) [Dbg] [SimulationRunner.cc:512] Creating postupdate worker thread (0)
(2026-03-12T16:26:53.986742257) (2026-03-12T16:26:53.986747465) [Dbg] [SimulationRunner.cc:512] Creating postupdate worker thread (1)
(2026-03-12T16:26:53.986799605) (2026-03-12T16:26:53.986804248) [Dbg] [SimulationRunner.cc:512] Creating postupdate worker thread (2)
(2026-03-12T16:26:53.990151307) (2026-03-12T16:26:53.990158901) [Dbg] [Sensors.cc:610] Initialization needed
(2026-03-12T16:26:53.990195206) (2026-03-12T16:26:53.990199836) [Dbg] [Sensors.cc:270] Initializing render context
(2026-03-12T16:26:53.990296309) (2026-03-12T16:26:53.990300050) [Msg] Loading plugin [ignition-rendering-ogre2]
(2026-03-12T16:26:53.990752557) (2026-03-12T16:26:53.990761382) [Msg] Serving scene information on [/world/mrsim/scene/info]
(2026-03-12T16:26:53.990818149) (2026-03-12T16:26:53.990825401) [Msg] Serving graph information on [/world/mrsim/scene/graph]
(2026-03-12T16:26:53.990924938) (2026-03-12T16:26:53.990931250) [Msg] Serving full state on [/world/mrsim/state]
(2026-03-12T16:26:53.990984308) (2026-03-12T16:26:53.990989641) [Msg] Serving full state (async) on [/world/mrsim/state_async]
(2026-03-12T16:26:53.991054014) (2026-03-12T16:26:53.991059858) [Msg] Publishing scene information on [/world/mrsim/scene/info]
(2026-03-12T16:26:53.991140196) (2026-03-12T16:26:53.991144235) [Msg] Publishing entity deletions on [/world/mrsim/scene/deletion]
(2026-03-12T16:26:53.991180759) (2026-03-12T16:26:53.991186272) [Msg] Publishing state changes on [/world/mrsim/state]
(2026-03-12T16:26:53.991257413) (2026-03-12T16:26:53.991262020) [Msg] Publishing pose messages on [/world/mrsim/pose/info]
(2026-03-12T16:26:53.991316407) (2026-03-12T16:26:53.991322995) [Msg] Publishing dynamic pose messages on [/world/mrsim/dynamic_pose/info]
(2026-03-12T16:26:53.991498025) (2026-03-12T16:26:53.991502355) [Dbg] [EntityComponentManager.cc:1623] Updated state thread iterators: 8 threads processing around 6 entities each.
(2026-03-12T16:26:54.134519817) (2026-03-12T16:26:54.134526583) [Dbg] [RenderUtil.cc:2591] Create scene [scene]
((2026-03-12T16:26:54.159874250) (2026-03-12T16:26:54.1598944622026-03-12T16:26:54.159894462(2026-03-12T16:26:54.159902393) ) [Dbg] [Sensors.cc:610] [Dbg] [Sensors.cc:610] [Dbg] [Sensors.cc:284] Rendering Thread initialized

(2026-03-12T16:26:55.231049226) (2026-03-12T16:26:55.231062579) [Dbg] [CameraSensor.cc:394] Camera images for [qr4::base::camera] advertised on [/camera]
(2026-03-12T16:26:55.233977360) (2026-03-12T16:26:55.233983585) [Dbg] [CameraSensor.cc:705] Camera info for [qr4::base::camera] advertised on [/camera_info]
(2026-03-12T16:26:55.240507748) (2026-03-12T16:26:55.240516602) [Wrn] [Ogre2Camera.cc:390] Ogre2Camera::SetVisibilityMask: Mask bits c0000000 are set but will be ignored as they conflict with the reserved bits used internally by the ogre2 backend.
(2026-03-12T16:26:55.248649522) (2026-03-12T16:26:55.248659455) [Msg] Loading plugin [ignition-rendering-ogre2]
(2026-03-12T16:26:55.393100950) (2026-03-12T16:26:55.393108955) [Dbg] [CameraSensor.cc:518] Enabling camera sensor: 'qr4::base::camera' data generation.
(2026-03-12T16:27:05.697381413) (2026-03-12T16:27:05.697390364) [Dbg] [SimulationFeatures.cc:71] Simulation timestep set to: 0.005
(2026-03-12T16:27:39.361757911) (2026-03-12T16:27:39.361769076) [Dbg] [SignalHandler.cc:141] Received signal[2].
(2026-03-12T16:27:39.361816278) (2026-03-12T16:27:39.361819770) [Dbg] [ServerPrivate.cc:110] Server received signal[2]
(2026-03-12T16:27:39.361847958) (2026-03-12T16:27:39.361851335) [Dbg] [Sensors.cc:439] SensorsPrivate::Stop
(2026-03-12T16:27:39.362265472) (2026-03-12T16:27:39.362271274) [Dbg] [Sensors.cc:425] SensorsPrivate::RenderThread stopped
(2026-03-12T16:27:39.363311455) (2026-03-12T16:27:39.363322504) [Dbg] [gz.cc:410] Shutting down ign-gazebo-server
((2026-03-12T16:27:39.3692798162026-03-12T16:27:39.3692846442026-03-12T16:27:39.3692798162026-03-12T16:27:39.369284644) () () (2026-03-12T16:27:39.369309473) 2026-03-12T16:27:39.3693154212026-03-12T16:27:39.369318091) ) [Dbg] [SimulationRunner.cc:528] (() 2026-03-12T16:27:39.369350427) [Dbg] [SimulationRunner.cc:528] [Dbg] [SimulationRunner.cc:528] Exiting postupdate worker thread ([Dbg] [SimulationRunner.cc:528] Exiting postupdate worker thread ([Dbg] [SimulationRunner.cc:528] Exiting postupdate worker thread (Exiting postupdate worker thread (1)
0)
Exiting postupdate worker thread (Exiting postupdate worker thread ()
(2026-03-12T16:27:39.406496259) (2026-03-12T16:27:39.406504224) [Dbg] [Sensors.cc:439] SensorsPrivate::Stop
