(2026-03-16T16:26:40.757309741) (2026-03-16T16:26:40.757318114) [Msg] Ignition Gazebo Server v6.17.1
(2026-03-16T16:26:40.759730233) (2026-03-16T16:26:40.759740933) [Msg] Loading SDF world file[/home/user/ros2_ws/install/mrsim_gazebo_sim/share/mrsim_gazebo_sim/worlds/example.world].
(2026-03-16T16:26:41.33520053) (2026-03-16T16:26:41.33536445) [Msg] Serving entity system service on [/entity/system/add]
(2026-03-16T16:26:41.69633573) (2026-03-16T16:26:41.69659174) [Dbg] [SystemManager.cc:73] Loaded system [ignition::gazebo::systems::ShaderParam] for entity [9]
(2026-03-16T16:26:41.74675416) (2026-03-16T16:26:41.74686687) [Dbg] [SystemManager.cc:73] Loaded system [mrsim_gazebo_sim::SetPegPosePlugin] for entity [10]
(2026-03-16T16:26:41.129923923) (2026-03-16T16:26:41.129934950) [Dbg] [SystemManager.cc:73] Loaded system [mrsim_gazebo_sim::MrsimDroneIgnPlugin] for entity [14]
(2026-03-16T16:26:41.132422424) (2026-03-16T16:26:41.132435386) [Dbg] [MulticopterMotorModel.cc:373] Listening to topic: qr4/gazebo/command/motor_speed
(2026-03-16T16:26:41.132730802) (2026-03-16T16:26:41.132738732) [Dbg] [SystemManager.cc:73] Loaded system [ignition::gazebo::systems::MulticopterMotorModel] for entity [14]
(2026-03-16T16:26:41.133234410) (2026-03-16T16:26:41.133240862) [Dbg] [MulticopterMotorModel.cc:373] Listening to topic: qr4/gazebo/command/motor_speed
(2026-03-16T16:26:41.133351025) (2026-03-16T16:26:41.133357194) [Dbg] [SystemManager.cc:73] Loaded system [ignition::gazebo::systems::MulticopterMotorModel] for entity [14]
(2026-03-16T16:26:41.133677909) (2026-03-16T16:26:41.133684487) [Dbg] [MulticopterMotorModel.cc:373] Listening to topic: qr4/gazebo/command/motor_speed
(2026-03-16T16:26:41.133783208) (2026-03-16T16:26:41.133790177) [Dbg] [SystemManager.cc:73] Loaded system [ignition::gazebo::systems::MulticopterMotorModel] for entity [14]
(2026-03-16T16:26:41.134128213) (2026-03-16T16:26:41.134135481) [Dbg] [MulticopterMotorModel.cc:373] Listening to topic: qr4/gazebo/command/motor_speed
(2026-03-16T16:26:41.134283379) (2026-03-16T16:26:41.134289022) [Dbg] [SystemManager.cc:73] Loaded system [ignition::gazebo::systems::MulticopterMotorModel] for entity [14]
(2026-03-16T16:26:41.143001861) (2026-03-16T16:26:41.143014960) [Msg] OdometryPublisher publishing odometry on [/model/qr4/odometry]
(2026-03-16T16:26:41.143311861) (2026-03-16T16:26:41.143318920) [Msg] OdometryPublisher publishing odometry with covariance on [/model/qr4/odometry_with_covariance]
(2026-03-16T16:26:41.143449678) (2026-03-16T16:26:41.143455808) [Msg] OdometryPublisher publishing Pose_V (TF) on [/model/qr4/pose]
(2026-03-16T16:26:41.143494213) (2026-03-16T16:26:41.143499692) [Dbg] [SystemManager.cc:73] Loaded system [ignition::gazebo::systems::OdometryPublisher] for entity [14]
(2026-03-16T16:26:41.167091566) (2026-03-16T16:26:41.167103199) [Dbg] [Sensors.cc:506] Configuring Sensors system
(2026-03-16T16:26:41.167243309) (2026-03-16T16:26:41.167248728) [Dbg] [Sensors.cc:431] SensorsPrivate::Run
(2026-03-16T16:26:41.167357896) (2026-03-16T16:26:41.167362902) [Dbg] [SystemManager.cc:73] Loaded system [ignition::gazebo::systems::Sensors] for entity [14]
(2026-03-16T16:26:41.167939887) (2026-03-16T16:26:41.167946453) [Msg] Loaded level [3]
(2026-03-16T16:26:41.167974497) (2026-03-16T16:26:41.167979832) [Msg] No systems loaded from SDF, loading defaults
(2026-03-16T16:26:41.168229813) (2026-03-16T16:26:41.168235221) [Dbg] [ServerConfig.cc:1043] Loaded (3) plugins from file [/home/user/.ignition/gazebo/6/server.config]
(2026-03-16T16:26:41.180111226) (2026-03-16T16:26:41.180125271) [Dbg] [Sensors.cc:411] SensorsPrivate::RenderThread started
(2026-03-16T16:26:41.180160488) (2026-03-16T16:26:41.180166067) [Dbg] [Sensors.cc:258] Waiting for init
(2026-03-16T16:26:41.204886988) (2026-03-16T16:26:41.204917736) [Dbg] [Physics.cc:804] Loaded [ignition::physics::dartsim::Plugin] from library [/usr/lib/x86_64-linux-gnu/ign-physics-5/engine-plugins/libignition-physics-dartsim-plugin.so]
(2026-03-16T16:26:41.204996791) (2026-03-16T16:26:41.205002763) [Dbg] [SystemManager.cc:73] Loaded system [gz::sim::systems::Physics] for entity [1]
(2026-03-16T16:26:41.207899319) (2026-03-16T16:26:41.207910190) [Msg] Create service on [/world/mrsim/create]
(2026-03-16T16:26:41.208061161) (2026-03-16T16:26:41.208067942) [Msg] Remove service on [/world/mrsim/remove]
(2026-03-16T16:26:41.208167203) (2026-03-16T16:26:41.208173588) [Msg] Pose service on [/world/mrsim/set_pose]
(2026-03-16T16:26:41.208237905) (2026-03-16T16:26:41.208244161) [Msg] Pose service on [/world/mrsim/set_pose_vector]
(2026-03-16T16:26:41.208392364) (2026-03-16T16:26:41.208399089) [Msg] Light configuration service on [/world/mrsim/light_config]
(2026-03-16T16:26:41.208589001) (2026-03-16T16:26:41.208595522) [Msg] Physics service on [/world/mrsim/set_physics]
(2026-03-16T16:26:41.208710411) (2026-03-16T16:26:41.208716916) [Msg] SphericalCoordinates service on [/world/mrsim/set_spherical_coordinates]
(2026-03-16T16:26:41.208787787) (2026-03-16T16:26:41.208793851) [Msg] Enable collision service on [/world/mrsim/enable_collision]
(2026-03-16T16:26:41.208851599) (2026-03-16T16:26:41.208857529) [Msg] Disable collision service on [/world/mrsim/disable_collision]
(2026-03-16T16:26:41.209037814) (2026-03-16T16:26:41.209044627) [Msg] Material service on [/world/mrsim/visual_config]
(2026-03-16T16:26:41.209145206) (2026-03-16T16:26:41.209151692) [Msg] Material service on [/world/mrsim/wheel_slip]
(2026-03-16T16:26:41.209189461) (2026-03-16T16:26:41.209195144) [Dbg] [SystemManager.cc:73] Loaded system [gz::sim::systems::UserCommands] for entity [1]
(2026-03-16T16:26:41.211823624) (2026-03-16T16:26:41.211836192) [Dbg] [SystemManager.cc:73] Loaded system [gz::sim::systems::SceneBroadcaster] for entity [1]
(2026-03-16T16:26:41.212350005) (2026-03-16T16:26:41.212358367) [Msg] Serving world controls on [/world/mrsim/control], [/world/mrsim/control/state] and [/world/mrsim/playback/control]
(2026-03-16T16:26:41.212490756) (2026-03-16T16:26:41.212497549) [Msg] Serving GUI information on [/world/mrsim/gui/info]
(2026-03-16T16:26:41.212528123) (2026-03-16T16:26:41.212533715) [Msg] World [mrsim] initialized with [1ms] physics profile.
(2026-03-16T16:26:41.212718418) (2026-03-16T16:26:41.212725088) [Msg] Serving world SDF generation service on [/world/mrsim/generate_world_sdf]
(2026-03-16T16:26:41.212831969) (2026-03-16T16:26:41.212838472) [Msg] Serving world names on [/gazebo/worlds]
(2026-03-16T16:26:41.212906750) (2026-03-16T16:26:41.212913050) [Msg] Resource path add service on [/gazebo/resource_paths/add].
(2026-03-16T16:26:41.212978647) (2026-03-16T16:26:41.212985130) [Msg] Resource path get service on [/gazebo/resource_paths/get].
(2026-03-16T16:26:41.213056072) (2026-03-16T16:26:41.213062892) [Msg] Resource path resolve service on [/gazebo/resource_paths/resolve].
(2026-03-16T16:26:41.313412513) (2026-03-16T16:26:41.313424961) [Msg] Resource paths published on [/gazebo/resource_paths].
(2026-03-16T16:26:41.313664300) (2026-03-16T16:26:41.313671264) [Msg] Server control service on [/server_control].
(2026-03-16T16:26:42.673282819) (2026-03-16T16:26:42.673302788) [Msg] Found no publishers on /stats, adding root stats topic
(2026-03-16T16:26:42.673654588) (2026-03-16T16:26:42.673660992) [Msg] Found no publishers on /clock, adding root clock topic
(2026-03-16T16:26:42.673867130) (2026-03-16T16:26:42.673872977) [Dbg] [SimulationRunner.cc:501] Creating PostUpdate worker threads: 4
(2026-03-16T16:26:42.673897293) (2026-03-16T16:26:42.673902415) [Dbg] [SimulationRunner.cc:512] Creating postupdate worker thread (0)
(2026-03-16T16:26:42.673995834) (2026-03-16T16:26:42.674001692) [Dbg] [SimulationRunner.cc:512] Creating postupdate worker thread (1)
(2026-03-16T16:26:42.674040348) (2026-03-16T16:26:42.674045436) [Dbg] [SimulationRunner.cc:512] Creating postupdate worker thread (2)
(2026-03-16T16:26:42.681121202) (2026-03-16T16:26:42.681133364) [Dbg] [SimulationFeatures.cc:71] Simulation timestep set to: 0.005
(2026-03-16T16:26:42.685476717) (2026-03-16T16:26:42.685490375) [Dbg] [Sensors.cc:610] Initialization needed
(2026-03-16T16:26:42.685550903) (2026-03-16T16:26:42.685560302) [Dbg] [Sensors.cc:270] Initializing render context
(2026-03-16T16:26:42.685731768) (2026-03-16T16:26:42.685738141) [Msg] Loading plugin [ignition-rendering-ogre2]
(2026-03-16T16:26:42.686579535) (2026-03-16T16:26:42.686590305) [Msg] Serving scene information on [/world/mrsim/scene/info]
(2026-03-16T16:26:42.686693465) (2026-03-16T16:26:42.686699704) [Msg] Serving graph information on [/world/mrsim/scene/graph]
(2026-03-16T16:26:42.687003576) (2026-03-16T16:26:42.687010277) [Msg] Serving full state on [/world/mrsim/state]
(2026-03-16T16:26:42.687174201) (2026-03-16T16:26:42.687180710) [Msg] Serving full state (async) on [/world/mrsim/state_async]
(2026-03-16T16:26:42.687443470) (2026-03-16T16:26:42.687528615) [Msg] Publishing scene information on [/world/mrsim/scene/info]
(2026-03-16T16:26:42.687637938) (2026-03-16T16:26:42.687754846) [Msg] Publishing entity deletions on [/world/mrsim/scene/deletion]
(2026-03-16T16:26:42.687816068) (2026-03-16T16:26:42.687822938) [Msg] Publishing state changes on [/world/mrsim/state]
(2026-03-16T16:26:42.687999744) (2026-03-16T16:26:42.688007335) [Msg] Publishing pose messages on [/world/mrsim/pose/info]
(2026-03-16T16:26:42.688140677) (2026-03-16T16:26:42.688147031) [Msg] Publishing dynamic pose messages on [/world/mrsim/dynamic_pose/info]
(2026-03-16T16:26:42.688573074) (2026-03-16T16:26:42.688581862) [Dbg] [EntityComponentManager.cc:1623] Updated state thread iterators: 8 threads processing around 6 entities each.
(2026-03-16T16:26:42.873917267) (2026-03-16T16:26:42.873927041) [Dbg] [RenderUtil.cc:2591] Create scene [scene]
((2026-03-16T16:26:42.905171235) (2026-03-16T16:26:42.905179210) ) [Dbg] [Sensors.cc:610] ([Dbg] [Sensors.cc:610] (Initialization needed
) [Dbg] [Sensors.cc:284] Rendering Thread initialized
(2026-03-16T16:26:43.871268421) (2026-03-16T16:26:43.871282343) [Dbg] [CameraSensor.cc:394] Camera images for [qr4::base::camera] advertised on [/camera]
(2026-03-16T16:26:43.871542182) (2026-03-16T16:26:43.871579658) [Dbg] [CameraSensor.cc:705] Camera info for [qr4::base::camera] advertised on [/camera_info]
(2026-03-16T16:26:43.872125087) (2026-03-16T16:26:43.872132680) [Wrn] [Ogre2Camera.cc:390] Ogre2Camera::SetVisibilityMask: Mask bits c0000000 are set but will be ignored as they conflict with the reserved bits used internally by the ogre2 backend.
(2026-03-16T16:26:43.872469711) (2026-03-16T16:26:43.872476695) [Msg] Loading plugin [ignition-rendering-ogre2]
(2026-03-16T16:26:43.939987118) (2026-03-16T16:26:43.939999877) [Dbg] [CameraSensor.cc:518] Enabling camera sensor: 'qr4::base::camera' data generation.
(2026-03-16T16:27:13.739748790) (2026-03-16T16:27:13.739762031) [Dbg] [SignalHandler.cc:141] Received signal[2].
(2026-03-16T16:27:13.739791917) (2026-03-16T16:27:13.739795571) [Dbg] [ServerPrivate.cc:110] Server received signal[2]
(2026-03-16T16:27:13.739816534) (2026-03-16T16:27:13.739819936) [Dbg] [Sensors.cc:439] SensorsPrivate::Stop
(2026-03-16T16:27:13.743183323) (2026-03-16T16:27:13.743190906) [Dbg] [Sensors.cc:425] SensorsPrivate::RenderThread stopped
(2026-03-16T16:27:13.743697355) (2026-03-16T16:27:13.743702534) [Dbg] [gz.cc:410] Shutting down ign-gazebo-server
(2026-03-16T16:27:13.746005352) (2026-03-16T16:27:13.746011368) [Dbg] [SimulationRunner.cc:528] Exiting postupdate worker thread (2()2026-03-16T16:27:13.7460313292026-03-16T16:27:13.746031329
) 2026-03-16T16:27:13.746032374(() ((2026-03-16T16:27:13.746060336) ) [Dbg] [SimulationRunner.cc:528] Exiting postupdate worker thread (Exiting postupdate worker thread (10)
)
(2026-03-16T16:27:13.767070672) (2026-03-16T16:27:13.767079063) [Dbg] [Sensors.cc:439] SensorsPrivate::Stop
