(2026-03-17T16:50:10.911358811) (2026-03-17T16:50:10.911367714) [Msg] Ignition Gazebo Server v6.17.1
(2026-03-17T16:50:10.914235569) (2026-03-17T16:50:10.914246323) [Msg] Loading SDF world file[/home/user/ros2_ws/install/mrsim_gazebo_sim/share/mrsim_gazebo_sim/worlds/example.world].
(2026-03-17T16:50:11.177062166) (2026-03-17T16:50:11.177074203) [Msg] Serving entity system service on [/entity/system/add]
(2026-03-17T16:50:11.210268295) (2026-03-17T16:50:11.210280211) [Dbg] [SystemManager.cc:73] Loaded system [ignition::gazebo::systems::ShaderParam] for entity [9]
(2026-03-17T16:50:11.214805623) (2026-03-17T16:50:11.214817285) [Dbg] [SystemManager.cc:73] Loaded system [mrsim_gazebo_sim::SetPegPosePlugin] for entity [10]
(2026-03-17T16:50:11.251018412) (2026-03-17T16:50:11.251029730) [Dbg] [SystemManager.cc:73] Loaded system [mrsim_gazebo_sim::MrsimDroneIgnPlugin] for entity [14]
(2026-03-17T16:50:11.252860894) (2026-03-17T16:50:11.252869515) [Dbg] [MulticopterMotorModel.cc:373] Listening to topic: qr4/gazebo/command/motor_speed
(2026-03-17T16:50:11.252985179) (2026-03-17T16:50:11.252992009) [Dbg] [SystemManager.cc:73] Loaded system [ignition::gazebo::systems::MulticopterMotorModel] for entity [14]
(2026-03-17T16:50:11.253361941) (2026-03-17T16:50:11.253369121) [Dbg] [MulticopterMotorModel.cc:373] Listening to topic: qr4/gazebo/command/motor_speed
(2026-03-17T16:50:11.253449814) (2026-03-17T16:50:11.253455426) [Dbg] [SystemManager.cc:73] Loaded system [ignition::gazebo::systems::MulticopterMotorModel] for entity [14]
(2026-03-17T16:50:11.253798898) (2026-03-17T16:50:11.253806093) [Dbg] [MulticopterMotorModel.cc:373] Listening to topic: qr4/gazebo/command/motor_speed
(2026-03-17T16:50:11.253872306) (2026-03-17T16:50:11.253878755) [Dbg] [SystemManager.cc:73] Loaded system [ignition::gazebo::systems::MulticopterMotorModel] for entity [14]
(2026-03-17T16:50:11.254193625) (2026-03-17T16:50:11.254200411) [Dbg] [MulticopterMotorModel.cc:373] Listening to topic: qr4/gazebo/command/motor_speed
(2026-03-17T16:50:11.254264265) (2026-03-17T16:50:11.254270243) [Dbg] [SystemManager.cc:73] Loaded system [ignition::gazebo::systems::MulticopterMotorModel] for entity [14]
(2026-03-17T16:50:11.255810532) (2026-03-17T16:50:11.255818317) [Msg] OdometryPublisher publishing odometry on [/model/qr4/odometry]
(2026-03-17T16:50:11.255906631) (2026-03-17T16:50:11.255912608) [Msg] OdometryPublisher publishing odometry with covariance on [/model/qr4/odometry_with_covariance]
(2026-03-17T16:50:11.255996871) (2026-03-17T16:50:11.256003497) [Msg] OdometryPublisher publishing Pose_V (TF) on [/model/qr4/pose]
(2026-03-17T16:50:11.256032716) (2026-03-17T16:50:11.256038379) [Dbg] [SystemManager.cc:73] Loaded system [ignition::gazebo::systems::OdometryPublisher] for entity [14]
(2026-03-17T16:50:11.282225110) (2026-03-17T16:50:11.282236429) [Dbg] [Sensors.cc:506] Configuring Sensors system
(2026-03-17T16:50:11.282365331) (2026-03-17T16:50:11.282371508) [Dbg] [Sensors.cc:431] SensorsPrivate::Run
(2026-03-17T16:50:11.282492343) (2026-03-17T16:50:11.282498918) [Dbg] [SystemManager.cc:73] Loaded system [ignition::gazebo::systems::Sensors] for entity [14]
(2026-03-17T16:50:11.282585366) (2026-03-17T16:50:11.282591764) [Dbg] [Sensors.cc:411] SensorsPrivate::RenderThread started
(2026-03-17T16:50:11.282608986) (2026-03-17T16:50:11.282612517) [Dbg] [Sensors.cc:258] Waiting for init
(2026-03-17T16:50:11.283052727) (2026-03-17T16:50:11.283059939) [Msg] Loaded level [3]
(2026-03-17T16:50:11.283090650) (2026-03-17T16:50:11.283096572) [Msg] No systems loaded from SDF, loading defaults
(2026-03-17T16:50:11.283315867) (2026-03-17T16:50:11.283322468) [Dbg] [ServerConfig.cc:1043] Loaded (3) plugins from file [/home/user/.ignition/gazebo/6/server.config]
(2026-03-17T16:50:11.310619268) (2026-03-17T16:50:11.310632035) [Dbg] [Physics.cc:804] Loaded [ignition::physics::dartsim::Plugin] from library [/usr/lib/x86_64-linux-gnu/ign-physics-5/engine-plugins/libignition-physics-dartsim-plugin.so]
(2026-03-17T16:50:11.310703779) (2026-03-17T16:50:11.310709888) [Dbg] [SystemManager.cc:73] Loaded system [gz::sim::systems::Physics] for entity [1]
(2026-03-17T16:50:11.313386871) (2026-03-17T16:50:11.313396971) [Msg] Create service on [/world/mrsim/create]
(2026-03-17T16:50:11.313523901) (2026-03-17T16:50:11.313530869) [Msg] Remove service on [/world/mrsim/remove]
(2026-03-17T16:50:11.313630606) (2026-03-17T16:50:11.313637007) [Msg] Pose service on [/world/mrsim/set_pose]
(2026-03-17T16:50:11.313699942) (2026-03-17T16:50:11.313706145) [Msg] Pose service on [/world/mrsim/set_pose_vector]
(2026-03-17T16:50:11.313851455) (2026-03-17T16:50:11.313857982) [Msg] Light configuration service on [/world/mrsim/light_config]
(2026-03-17T16:50:11.314030310) (2026-03-17T16:50:11.314036811) [Msg] Physics service on [/world/mrsim/set_physics]
(2026-03-17T16:50:11.314137450) (2026-03-17T16:50:11.314143750) [Msg] SphericalCoordinates service on [/world/mrsim/set_spherical_coordinates]
(2026-03-17T16:50:11.314198604) (2026-03-17T16:50:11.314204766) [Msg] Enable collision service on [/world/mrsim/enable_collision]
(2026-03-17T16:50:11.314260459) (2026-03-17T16:50:11.314266733) [Msg] Disable collision service on [/world/mrsim/disable_collision]
(2026-03-17T16:50:11.314421617) (2026-03-17T16:50:11.314428289) [Msg] Material service on [/world/mrsim/visual_config]
(2026-03-17T16:50:11.314517923) (2026-03-17T16:50:11.314524438) [Msg] Material service on [/world/mrsim/wheel_slip]
(2026-03-17T16:50:11.314560142) (2026-03-17T16:50:11.314566920) [Dbg] [SystemManager.cc:73] Loaded system [gz::sim::systems::UserCommands] for entity [1]
(2026-03-17T16:50:11.316628331) (2026-03-17T16:50:11.316637480) [Dbg] [SystemManager.cc:73] Loaded system [gz::sim::systems::SceneBroadcaster] for entity [1]
(2026-03-17T16:50:11.316934224) (2026-03-17T16:50:11.316940924) [Msg] Serving world controls on [/world/mrsim/control], [/world/mrsim/control/state] and [/world/mrsim/playback/control]
(2026-03-17T16:50:11.317048558) (2026-03-17T16:50:11.317055190) [Msg] Serving GUI information on [/world/mrsim/gui/info]
(2026-03-17T16:50:11.317081941) (2026-03-17T16:50:11.317087198) [Msg] World [mrsim] initialized with [1ms] physics profile.
(2026-03-17T16:50:11.317221109) (2026-03-17T16:50:11.317228300) [Msg] Serving world SDF generation service on [/world/mrsim/generate_world_sdf]
(2026-03-17T16:50:11.317319844) (2026-03-17T16:50:11.317325377) [Msg] Serving world names on [/gazebo/worlds]
(2026-03-17T16:50:11.317415814) (2026-03-17T16:50:11.317422231) [Msg] Resource path add service on [/gazebo/resource_paths/add].
(2026-03-17T16:50:11.317485750) (2026-03-17T16:50:11.317491731) [Msg] Resource path get service on [/gazebo/resource_paths/get].
(2026-03-17T16:50:11.417868507) (2026-03-17T16:50:11.417880209) [Msg] Resource path resolve service on [/gazebo/resource_paths/resolve].
(2026-03-17T16:50:11.417994867) (2026-03-17T16:50:11.418001013) [Msg] Resource paths published on [/gazebo/resource_paths].
(2026-03-17T16:50:11.418219185) (2026-03-17T16:50:11.418226186) [Msg] Server control service on [/server_control].
(2026-03-17T16:50:12.809904724) (2026-03-17T16:50:12.809916098) [Msg] Found no publishers on /stats, adding root stats topic
(2026-03-17T16:50:12.810080626) (2026-03-17T16:50:12.810085943) [Msg] Found no publishers on /clock, adding root clock topic
(2026-03-17T16:50:12.810227167) (2026-03-17T16:50:12.810231199) [Dbg] [SimulationRunner.cc:501] Creating PostUpdate worker threads: 4
(2026-03-17T16:50:12.810253702) (2026-03-17T16:50:12.810257429) [Dbg] [SimulationRunner.cc:512] Creating postupdate worker thread (0)
(2026-03-17T16:50:12.810334264) (2026-03-17T16:50:12.810340213) [Dbg] [SimulationRunner.cc:512] Creating postupdate worker thread (1)
(2026-03-17T16:50:12.810380496) (2026-03-17T16:50:12.810386541) [Dbg] [SimulationRunner.cc:512] Creating postupdate worker thread (2)
(2026-03-17T16:50:12.814231235) (2026-03-17T16:50:12.814240212) [Dbg] [SimulationFeatures.cc:71] Simulation timestep set to: 0.005
(2026-03-17T16:50:12.814658525) (2026-03-17T16:50:12.814667084) [Dbg] [Sensors.cc:610] Initialization needed
(2026-03-17T16:50:12.814700758) (2026-03-17T16:50:12.814705705) [Dbg] [Sensors.cc:270] Initializing render context
(2026-03-17T16:50:12.814803121) (2026-03-17T16:50:12.814806928) [Msg] Loading plugin [ignition-rendering-ogre2]
(2026-03-17T16:50:12.815336700) (2026-03-17T16:50:12.815346181) [Msg] Serving scene information on [/world/mrsim/scene/info]
(2026-03-17T16:50:12.815410972) (2026-03-17T16:50:12.815417318) [Msg] Serving graph information on [/world/mrsim/scene/graph]
(2026-03-17T16:50:12.815529748) (2026-03-17T16:50:12.815537346) [Msg] Serving full state on [/world/mrsim/state]
(2026-03-17T16:50:12.815587198) (2026-03-17T16:50:12.815593825) [Msg] Serving full state (async) on [/world/mrsim/state_async]
(2026-03-17T16:50:12.815678853) (2026-03-17T16:50:12.815685239) [Msg] Publishing scene information on [/world/mrsim/scene/info]
(2026-03-17T16:50:12.815758129) (2026-03-17T16:50:12.815762126) [Msg] Publishing entity deletions on [/world/mrsim/scene/deletion]
(2026-03-17T16:50:12.815795696) (2026-03-17T16:50:12.815799457) [Msg] Publishing state changes on [/world/mrsim/state]
(2026-03-17T16:50:12.815868332) (2026-03-17T16:50:12.815874850) [Msg] Publishing pose messages on [/world/mrsim/pose/info]
(2026-03-17T16:50:12.815933111) (2026-03-17T16:50:12.815937388) [Msg] Publishing dynamic pose messages on [/world/mrsim/dynamic_pose/info]
(2026-03-17T16:50:12.816149970) (2026-03-17T16:50:12.816155915) [Dbg] [EntityComponentManager.cc:1623] Updated state thread iterators: 8 threads processing around 6 entities each.
(2026-03-17T16:50:12.952103899) (2026-03-17T16:50:12.952110979) [Dbg] [RenderUtil.cc:2591] Create scene [scene]
((2026-03-17T16:50:12.977431464) (2026-03-17T16:50:12.9774224782026-03-17T16:50:12.977440004) ) (2026-03-17T16:50:12.977452057) ) Rendering Thread initialized
Initialization needed
(2026-03-17T16:50:13.837718138) (2026-03-17T16:50:13.837727292) [Dbg] [CameraSensor.cc:394] Camera images for [qr4::base::camera] advertised on [/camera]
(2026-03-17T16:50:13.837845881) (2026-03-17T16:50:13.837850118) [Dbg] [CameraSensor.cc:705] Camera info for [qr4::base::camera] advertised on [/camera_info]
(2026-03-17T16:50:13.838188277) (2026-03-17T16:50:13.838193291) [Wrn] [Ogre2Camera.cc:390] Ogre2Camera::SetVisibilityMask: Mask bits c0000000 are set but will be ignored as they conflict with the reserved bits used internally by the ogre2 backend.
(2026-03-17T16:50:13.838372969) (2026-03-17T16:50:13.838376735) [Msg] Loading plugin [ignition-rendering-ogre2]
(2026-03-17T16:50:13.893621808) (2026-03-17T16:50:13.893634253) [Dbg] [CameraSensor.cc:518] Enabling camera sensor: 'qr4::base::camera' data generation.
(2026-03-17T16:50:21.266652724) (2026-03-17T16:50:21.266665985) [Dbg] [SignalHandler.cc:141] Received signal[2].
(2026-03-17T16:50:21.266696327) (2026-03-17T16:50:21.266699914) [Dbg] [ServerPrivate.cc:110] Server received signal[2]
(2026-03-17T16:50:21.266728906) (2026-03-17T16:50:21.266732594) [Dbg] [Sensors.cc:439] SensorsPrivate::Stop
(2026-03-17T16:50:21.270696940) (2026-03-17T16:50:21.270717743) [Dbg] [Sensors.cc:425] SensorsPrivate::RenderThread stopped
(2026-03-17T16:50:21.273586891) (2026-03-17T16:50:21.273596048) [Dbg] [gz.cc:410] Shutting down ign-gazebo-server
(((2026-03-17T16:50:21.276838302) 2026-03-17T16:50:21.276824423(2026-03-17T16:50:21.276824423(2026-03-17T16:50:21.2768413212026-03-17T16:50:21.276856042) ) ) (2026-03-17T16:50:21.276869657(2026-03-17T16:50:21.276877628) ) [Dbg] [SimulationRunner.cc:528] [Dbg] [SimulationRunner.cc:528] Exiting postupdate worker thread (Exiting postupdate worker thread (2)

))[Dbg] [SimulationRunner.cc:528] Exiting postupdate worker thread (1)
(2026-03-17T16:50:21.304569865) (2026-03-17T16:50:21.304579674) [Dbg] [Sensors.cc:439] SensorsPrivate::Stop
