(2026-03-11T12:12:38.309244646) (2026-03-11T12:12:38.309258305) [Msg] Ignition Gazebo Server v6.17.1
(2026-03-11T12:12:38.312043052) (2026-03-11T12:12:38.312054764) [Msg] Loading SDF world file[/home/user/ros2_ws/install/mrsim_gazebo_sim/share/mrsim_gazebo_sim/worlds/example.world].
(2026-03-11T12:12:38.592028044) (2026-03-11T12:12:38.592042268) [Msg] Serving entity system service on [/entity/system/add]
(2026-03-11T12:12:38.619354494) (2026-03-11T12:12:38.619364240) [Dbg] [SystemManager.cc:73] Loaded system [ignition::gazebo::systems::ShaderParam] for entity [9]
(2026-03-11T12:12:38.622591019) (2026-03-11T12:12:38.622600720) [Dbg] [SystemManager.cc:73] Loaded system [mrsim_gazebo_sim::SetPegPosePlugin] for entity [10]
(2026-03-11T12:12:38.656919998) (2026-03-11T12:12:38.656928991) [Dbg] [SystemManager.cc:73] Loaded system [mrsim_gazebo_sim::MrsimDroneIgnPlugin] for entity [14]
(2026-03-11T12:12:38.658641524) (2026-03-11T12:12:38.658649180) [Dbg] [MulticopterMotorModel.cc:373] Listening to topic: qr4/gazebo/command/motor_speed
(2026-03-11T12:12:38.658755056) (2026-03-11T12:12:38.658760186) [Dbg] [SystemManager.cc:73] Loaded system [ignition::gazebo::systems::MulticopterMotorModel] for entity [14]
(2026-03-11T12:12:38.659104934) (2026-03-11T12:12:38.659110478) [Dbg] [MulticopterMotorModel.cc:373] Listening to topic: qr4/gazebo/command/motor_speed
(2026-03-11T12:12:38.659181146) (2026-03-11T12:12:38.659188107) [Dbg] [SystemManager.cc:73] Loaded system [ignition::gazebo::systems::MulticopterMotorModel] for entity [14]
(2026-03-11T12:12:38.659891708) (2026-03-11T12:12:38.659897206) [Dbg] [MulticopterMotorModel.cc:373] Listening to topic: qr4/gazebo/command/motor_speed
(2026-03-11T12:12:38.659953360) (2026-03-11T12:12:38.659958334) [Dbg] [SystemManager.cc:73] Loaded system [ignition::gazebo::systems::MulticopterMotorModel] for entity [14]
(2026-03-11T12:12:38.660214907) (2026-03-11T12:12:38.660220212) [Dbg] [MulticopterMotorModel.cc:373] Listening to topic: qr4/gazebo/command/motor_speed
(2026-03-11T12:12:38.660282344) (2026-03-11T12:12:38.660287338) [Dbg] [SystemManager.cc:73] Loaded system [ignition::gazebo::systems::MulticopterMotorModel] for entity [14]
(2026-03-11T12:12:38.661895657) (2026-03-11T12:12:38.661917358) [Msg] OdometryPublisher publishing odometry on [/model/qr4/odometry]
(2026-03-11T12:12:38.662098670) (2026-03-11T12:12:38.662103952) [Msg] OdometryPublisher publishing odometry with covariance on [/model/qr4/odometry_with_covariance]
(2026-03-11T12:12:38.662240192) (2026-03-11T12:12:38.662245224) [Msg] OdometryPublisher publishing Pose_V (TF) on [/model/qr4/pose]
(2026-03-11T12:12:38.662268985) (2026-03-11T12:12:38.662273444) [Dbg] [SystemManager.cc:73] Loaded system [ignition::gazebo::systems::OdometryPublisher] for entity [14]
(2026-03-11T12:12:38.675521159) (2026-03-11T12:12:38.675534612) [Dbg] [Sensors.cc:506] Configuring Sensors system
(2026-03-11T12:12:38.675673816) (2026-03-11T12:12:38.675681392) [Dbg] [Sensors.cc:431] SensorsPrivate::Run
(2026-03-11T12:12:38.675815328) (2026-03-11T12:12:38.675835846) [Dbg] [SystemManager.cc:73] Loaded system [ignition::gazebo::systems::Sensors] for entity [14]
(2026-03-11T12:12:38.675933928) (2026-03-11T12:12:38.675942637) [Dbg] [Sensors.cc:411] SensorsPrivate::RenderThread started
(2026-03-11T12:12:38.675965540) (2026-03-11T12:12:38.675970498) [Dbg] [Sensors.cc:258] Waiting for init
(2026-03-11T12:12:38.676522086) (2026-03-11T12:12:38.676531199) [Msg] Loaded level [3]
(2026-03-11T12:12:38.676569417) (2026-03-11T12:12:38.676577016) [Msg] No systems loaded from SDF, loading defaults
(2026-03-11T12:12:38.676867393) (2026-03-11T12:12:38.676876209) [Dbg] [ServerConfig.cc:1043] Loaded (3) plugins from file [/home/user/.ignition/gazebo/6/server.config]
(2026-03-11T12:12:38.703631729) (2026-03-11T12:12:38.703641371) [Dbg] [Physics.cc:804] Loaded [ignition::physics::dartsim::Plugin] from library [/usr/lib/x86_64-linux-gnu/ign-physics-5/engine-plugins/libignition-physics-dartsim-plugin.so]
(2026-03-11T12:12:38.703695250) (2026-03-11T12:12:38.703699846) [Dbg] [SystemManager.cc:73] Loaded system [gz::sim::systems::Physics] for entity [1]
(2026-03-11T12:12:38.706437165) (2026-03-11T12:12:38.706445944) [Msg] Create service on [/world/mrsim/create]
(2026-03-11T12:12:38.706581516) (2026-03-11T12:12:38.706588070) [Msg] Remove service on [/world/mrsim/remove]
(2026-03-11T12:12:38.706736189) (2026-03-11T12:12:38.706742766) [Msg] Pose service on [/world/mrsim/set_pose]
(2026-03-11T12:12:38.706855984) (2026-03-11T12:12:38.706862988) [Msg] Pose service on [/world/mrsim/set_pose_vector]
(2026-03-11T12:12:38.707072923) (2026-03-11T12:12:38.707079382) [Msg] Light configuration service on [/world/mrsim/light_config]
(2026-03-11T12:12:38.707369607) (2026-03-11T12:12:38.707376399) [Msg] Physics service on [/world/mrsim/set_physics]
(2026-03-11T12:12:38.707526992) (2026-03-11T12:12:38.707533449) [Msg] SphericalCoordinates service on [/world/mrsim/set_spherical_coordinates]
(2026-03-11T12:12:38.707650983) (2026-03-11T12:12:38.707658710) [Msg] Enable collision service on [/world/mrsim/enable_collision]
(2026-03-11T12:12:38.707716028) (2026-03-11T12:12:38.707722408) [Msg] Disable collision service on [/world/mrsim/disable_collision]
(2026-03-11T12:12:38.707885508) (2026-03-11T12:12:38.707892005) [Msg] Material service on [/world/mrsim/visual_config]
(2026-03-11T12:12:38.708037746) (2026-03-11T12:12:38.708042808) [Msg] Material service on [/world/mrsim/wheel_slip]
(2026-03-11T12:12:38.708071349) (2026-03-11T12:12:38.708075654) [Dbg] [SystemManager.cc:73] Loaded system [gz::sim::systems::UserCommands] for entity [1]
(2026-03-11T12:12:38.710014861) (2026-03-11T12:12:38.710024656) [Dbg] [SystemManager.cc:73] Loaded system [gz::sim::systems::SceneBroadcaster] for entity [1]
(2026-03-11T12:12:38.710539108) (2026-03-11T12:12:38.710547990) [Msg] Serving world controls on [/world/mrsim/control], [/world/mrsim/control/state] and [/world/mrsim/playback/control]
(2026-03-11T12:12:38.710707573) (2026-03-11T12:12:38.710716665) [Msg] Serving GUI information on [/world/mrsim/gui/info]
(2026-03-11T12:12:38.710744888) (2026-03-11T12:12:38.710749738) [Msg] World [mrsim] initialized with [1ms] physics profile.
(2026-03-11T12:12:38.710916651) (2026-03-11T12:12:38.710926656) [Msg] Serving world SDF generation service on [/world/mrsim/generate_world_sdf]
(2026-03-11T12:12:38.711097962) (2026-03-11T12:12:38.711106942) [Msg] Serving world names on [/gazebo/worlds]
(2026-03-11T12:12:38.711206362) (2026-03-11T12:12:38.711214061) [Msg] Resource path add service on [/gazebo/resource_paths/add].
(2026-03-11T12:12:38.711345378) (2026-03-11T12:12:38.711353643) [Msg] Resource path get service on [/gazebo/resource_paths/get].
(2026-03-11T12:12:38.711453278) (2026-03-11T12:12:38.711460808) [Msg] Resource path resolve service on [/gazebo/resource_paths/resolve].
(2026-03-11T12:12:38.811762895) (2026-03-11T12:12:38.811777228) [Msg] Resource paths published on [/gazebo/resource_paths].
(2026-03-11T12:12:38.812193194) (2026-03-11T12:12:38.812202452) [Msg] Server control service on [/server_control].
(2026-03-11T12:12:40.207346425) (2026-03-11T12:12:40.207376948) [Msg] Found no publishers on /stats, adding root stats topic
(2026-03-11T12:12:40.207600115) (2026-03-11T12:12:40.207614139) [Msg] Found no publishers on /clock, adding root clock topic
(2026-03-11T12:12:40.207822767) (2026-03-11T12:12:40.207850163) [Dbg] [SimulationRunner.cc:501] Creating PostUpdate worker threads: 4
(2026-03-11T12:12:40.207874489) (2026-03-11T12:12:40.207878927) [Dbg] [SimulationRunner.cc:512] Creating postupdate worker thread (0)
(2026-03-11T12:12:40.207947523) (2026-03-11T12:12:40.207952262) [Dbg] [SimulationRunner.cc:512] Creating postupdate worker thread (1)
(2026-03-11T12:12:40.207985660) (2026-03-11T12:12:40.207990132) [Dbg] [SimulationRunner.cc:512] Creating postupdate worker thread (2)
(2026-03-11T12:12:40.211344424) (2026-03-11T12:12:40.211357787) [Dbg] [Sensors.cc:610] Initialization needed
(2026-03-11T12:12:40.211412869) (2026-03-11T12:12:40.211420247) [Dbg] [Sensors.cc:270] Initializing render context
(2026-03-11T12:12:40.211538008) (2026-03-11T12:12:40.211542796) [Msg] Loading plugin [ignition-rendering-ogre2]
(2026-03-11T12:12:40.212131169) (2026-03-11T12:12:40.212138714) [Msg] Serving scene information on [/world/mrsim/scene/info]
(2026-03-11T12:12:40.212218548) (2026-03-11T12:12:40.212227188) [Msg] Serving graph information on [/world/mrsim/scene/graph]
(2026-03-11T12:12:40.212362501) (2026-03-11T12:12:40.212372734) [Msg] Serving full state on [/world/mrsim/state]
(2026-03-11T12:12:40.212437748) (2026-03-11T12:12:40.212444896) [Msg] Serving full state (async) on [/world/mrsim/state_async]
(2026-03-11T12:12:40.212571161) (2026-03-11T12:12:40.212578531) [Msg] Publishing scene information on [/world/mrsim/scene/info]
(2026-03-11T12:12:40.212710287) (2026-03-11T12:12:40.212717511) [Msg] Publishing entity deletions on [/world/mrsim/scene/deletion]
(2026-03-11T12:12:40.212799406) (2026-03-11T12:12:40.212805546) [Msg] Publishing state changes on [/world/mrsim/state]
(2026-03-11T12:12:40.212913486) (2026-03-11T12:12:40.212920664) [Msg] Publishing pose messages on [/world/mrsim/pose/info]
(2026-03-11T12:12:40.212987164) (2026-03-11T12:12:40.212994301) [Msg] Publishing dynamic pose messages on [/world/mrsim/dynamic_pose/info]
(2026-03-11T12:12:40.213402174) (2026-03-11T12:12:40.213410356) [Dbg] [EntityComponentManager.cc:1623] Updated state thread iterators: 8 threads processing around 6 entities each.
(2026-03-11T12:12:40.419777915) (2026-03-11T12:12:40.419786645) [Dbg] [RenderUtil.cc:2591] Create scene [scene]
((2026-03-11T12:12:40.447953786) (2026-03-11T12:12:40.4479690322026-03-11T12:12:40.447977442) (2026-03-11T12:12:40.447987297) 2026-03-11T12:12:40.447987297) ) [Dbg] [Sensors.cc:284] Rendering Thread initializedInitialization neededInitialization needed(2026-03-11T12:12:41.516758981) (2026-03-11T12:12:41.516768332) [Dbg] [CameraSensor.cc:394] Camera images for [qr4::base::camera] advertised on [/camera]
(2026-03-11T12:12:41.516920645) (2026-03-11T12:12:41.516926433) [Dbg] [CameraSensor.cc:705] Camera info for [qr4::base::camera] advertised on [/camera_info]
(2026-03-11T12:12:41.517288428) (2026-03-11T12:12:41.517294253) [Wrn] [Ogre2Camera.cc:390] Ogre2Camera::SetVisibilityMask: Mask bits c0000000 are set but will be ignored as they conflict with the reserved bits used internally by the ogre2 backend.
(2026-03-11T12:12:41.517567819) (2026-03-11T12:12:41.517577180) [Msg] Loading plugin [ignition-rendering-ogre2]
(2026-03-11T12:12:41.601814557) (2026-03-11T12:12:41.601824877) [Dbg] [CameraSensor.cc:518] Enabling camera sensor: 'qr4::base::camera' data generation.
(2026-03-11T12:12:44.736369930) (2026-03-11T12:12:44.736388285) [Dbg] [SimulationFeatures.cc:71] Simulation timestep set to: 0.005
(2026-03-11T12:12:51.783146540) (2026-03-11T12:12:51.783161289) [Dbg] [SignalHandler.cc:141] Received signal[2].
(2026-03-11T12:12:51.783192643) (2026-03-11T12:12:51.783198157) [Dbg] [ServerPrivate.cc:110] Server received signal[2]
(2026-03-11T12:12:51.783223785) (2026-03-11T12:12:51.783229241) [Dbg] [Sensors.cc:439] SensorsPrivate::Stop
(2026-03-11T12:12:51.783719489) (2026-03-11T12:12:51.783729984) [Dbg] [Sensors.cc:425] SensorsPrivate::RenderThread stopped
(2026-03-11T12:12:51.786705461) (2026-03-11T12:12:51.786718043) [Dbg] [gz.cc:410] Shutting down ign-gazebo-server
((() ) 2026-03-11T12:12:51.790032040) (2026-03-11T12:12:51.7900660052026-03-11T12:12:51.790066005) (2026-03-11T12:12:51.790083165) () ) [Dbg] [SimulationRunner.cc:528] [Dbg] [SimulationRunner.cc:528] ) [Dbg] [SimulationRunner.cc:528] [Dbg] [SimulationRunner.cc:528] Exiting postupdate worker thread (1)
Exiting postupdate worker thread (Exiting postupdate worker thread (Exiting postupdate worker thread (2)
)
(2026-03-11T12:12:51.833807889) (2026-03-11T12:12:51.833828781) [Dbg] [Sensors.cc:439] SensorsPrivate::Stop
