(2026-03-16T17:40:50.385078422) (2026-03-16T17:40:50.385090319) [Msg] Ignition Gazebo Server v6.17.1
(2026-03-16T17:40:50.391703542) (2026-03-16T17:40:50.391715925) [Msg] Loading SDF world file[/home/user/ros2_ws/install/mrsim_gazebo_sim/share/mrsim_gazebo_sim/worlds/example.world].
(2026-03-16T17:40:50.885792315) (2026-03-16T17:40:50.885806176) [Msg] Serving entity system service on [/entity/system/add]
(2026-03-16T17:40:50.926531734) (2026-03-16T17:40:50.926545125) [Dbg] [SystemManager.cc:73] Loaded system [ignition::gazebo::systems::ShaderParam] for entity [9]
(2026-03-16T17:40:50.932238381) (2026-03-16T17:40:50.932257237) [Dbg] [SystemManager.cc:73] Loaded system [mrsim_gazebo_sim::SetPegPosePlugin] for entity [10]
(2026-03-16T17:40:50.970183630) (2026-03-16T17:40:50.970193798) [Dbg] [SystemManager.cc:73] Loaded system [mrsim_gazebo_sim::MrsimDroneIgnPlugin] for entity [14]
(2026-03-16T17:40:50.971732231) (2026-03-16T17:40:50.971740066) [Dbg] [MulticopterMotorModel.cc:373] Listening to topic: qr4/gazebo/command/motor_speed
(2026-03-16T17:40:50.971858031) (2026-03-16T17:40:50.971863315) [Dbg] [SystemManager.cc:73] Loaded system [ignition::gazebo::systems::MulticopterMotorModel] for entity [14]
(2026-03-16T17:40:50.972325214) (2026-03-16T17:40:50.972330941) [Dbg] [MulticopterMotorModel.cc:373] Listening to topic: qr4/gazebo/command/motor_speed
(2026-03-16T17:40:50.972425441) (2026-03-16T17:40:50.972430744) [Dbg] [SystemManager.cc:73] Loaded system [ignition::gazebo::systems::MulticopterMotorModel] for entity [14]
(2026-03-16T17:40:50.973625703) (2026-03-16T17:40:50.973631179) [Dbg] [MulticopterMotorModel.cc:373] Listening to topic: qr4/gazebo/command/motor_speed
(2026-03-16T17:40:50.973723470) (2026-03-16T17:40:50.973728686) [Dbg] [SystemManager.cc:73] Loaded system [ignition::gazebo::systems::MulticopterMotorModel] for entity [14]
(2026-03-16T17:40:50.974108556) (2026-03-16T17:40:50.974113759) [Dbg] [MulticopterMotorModel.cc:373] Listening to topic: qr4/gazebo/command/motor_speed
(2026-03-16T17:40:50.974191055) (2026-03-16T17:40:50.974195879) [Dbg] [SystemManager.cc:73] Loaded system [ignition::gazebo::systems::MulticopterMotorModel] for entity [14]
(2026-03-16T17:40:50.976387007) (2026-03-16T17:40:50.976395330) [Msg] OdometryPublisher publishing odometry on [/model/qr4/odometry]
(2026-03-16T17:40:50.976494802) (2026-03-16T17:40:50.976500106) [Msg] OdometryPublisher publishing odometry with covariance on [/model/qr4/odometry_with_covariance]
(2026-03-16T17:40:50.976718492) (2026-03-16T17:40:50.976723928) [Msg] OdometryPublisher publishing Pose_V (TF) on [/model/qr4/pose]
(2026-03-16T17:40:50.976750030) (2026-03-16T17:40:50.976754667) [Dbg] [SystemManager.cc:73] Loaded system [ignition::gazebo::systems::OdometryPublisher] for entity [14]
(2026-03-16T17:40:50.999343226) (2026-03-16T17:40:50.999352487) [Dbg] [Sensors.cc:506] Configuring Sensors system
(2026-03-16T17:40:50.999451860) (2026-03-16T17:40:50.999456661) [Dbg] [Sensors.cc:431] SensorsPrivate::Run
(2026-03-16T17:40:50.999565625) (2026-03-16T17:40:50.999573384) [Dbg] [SystemManager.cc:73] (Loaded system [2026-03-16T17:40:50.9995927232026-03-16T17:40:50.999592723ignition::gazebo::systems::Sensors] for entity [14) 14) ]
((2026-03-16T17:40:50.999633765) [Dbg] [Sensors.cc:411] SensorsPrivate::RenderThread started
(2026-03-16T17:40:50.999664105) (2026-03-16T17:40:50.999670664) [Dbg] [Sensors.cc:258] Waiting for init
(2026-03-16T17:40:51.79931) (2026-03-16T17:40:51.86037) [Msg] Loaded level [3]
(2026-03-16T17:40:51.114682) (2026-03-16T17:40:51.120698) [Msg] No systems loaded from SDF, loading defaults
(2026-03-16T17:40:51.368400) (2026-03-16T17:40:51.374156) [Dbg] [ServerConfig.cc:1043] Loaded (3) plugins from file [/home/user/.ignition/gazebo/6/server.config]
(2026-03-16T17:40:51.28643116) (2026-03-16T17:40:51.28652891) [Dbg] [Physics.cc:804] Loaded [ignition::physics::dartsim::Plugin] from library [/usr/lib/x86_64-linux-gnu/ign-physics-5/engine-plugins/libignition-physics-dartsim-plugin.so]
(2026-03-16T17:40:51.28709038) (2026-03-16T17:40:51.28713533) [Dbg] [SystemManager.cc:73] Loaded system [gz::sim::systems::Physics] for entity [1]
(2026-03-16T17:40:51.31392076) (2026-03-16T17:40:51.31405437) [Msg] Create service on [/world/mrsim/create]
(2026-03-16T17:40:51.31585470) (2026-03-16T17:40:51.31594809) [Msg] Remove service on [/world/mrsim/remove]
(2026-03-16T17:40:51.32071283) (2026-03-16T17:40:51.32079335) [Msg] Pose service on [/world/mrsim/set_pose]
(2026-03-16T17:40:51.32862026) (2026-03-16T17:40:51.32868514) [Msg] Pose service on [/world/mrsim/set_pose_vector]
(2026-03-16T17:40:51.33120435) (2026-03-16T17:40:51.33127960) [Msg] Light configuration service on [/world/mrsim/light_config]
(2026-03-16T17:40:51.34415526) (2026-03-16T17:40:51.34425242) [Msg] Physics service on [/world/mrsim/set_physics]
(2026-03-16T17:40:51.34754569) (2026-03-16T17:40:51.34760242) [Msg] SphericalCoordinates service on [/world/mrsim/set_spherical_coordinates]
(2026-03-16T17:40:51.35182175) (2026-03-16T17:40:51.35203393) [Msg] Enable collision service on [/world/mrsim/enable_collision]
(2026-03-16T17:40:51.35932697) (2026-03-16T17:40:51.35944387) [Msg] Disable collision service on [/world/mrsim/disable_collision]
(2026-03-16T17:40:51.36194482) (2026-03-16T17:40:51.36203960) [Msg] Material service on [/world/mrsim/visual_config]
(2026-03-16T17:40:51.36311312) (2026-03-16T17:40:51.36319223) [Msg] Material service on [/world/mrsim/wheel_slip]
(2026-03-16T17:40:51.37277308) (2026-03-16T17:40:51.37285611) [Dbg] [SystemManager.cc:73] Loaded system [gz::sim::systems::UserCommands] for entity [1]
(2026-03-16T17:40:51.38938371) (2026-03-16T17:40:51.38946212) [Dbg] [SystemManager.cc:73] Loaded system [gz::sim::systems::SceneBroadcaster] for entity [1]
(2026-03-16T17:40:51.39470506) (2026-03-16T17:40:51.39481334) [Msg] Serving world controls on [/world/mrsim/control], [/world/mrsim/control/state] and [/world/mrsim/playback/control]
(2026-03-16T17:40:51.40194011) (2026-03-16T17:40:51.40220699) [Msg] Serving GUI information on [/world/mrsim/gui/info]
(2026-03-16T17:40:51.40456962) (2026-03-16T17:40:51.40577717) [Msg] World [mrsim] initialized with [1ms] physics profile.
(2026-03-16T17:40:51.40940439) (2026-03-16T17:40:51.40948736) [Msg] Serving world SDF generation service on [/world/mrsim/generate_world_sdf]
(2026-03-16T17:40:51.41051655) (2026-03-16T17:40:51.41175569) [Msg] Serving world names on [/gazebo/worlds]
(2026-03-16T17:40:51.41266092) (2026-03-16T17:40:51.41273820) [Msg] Resource path add service on [/gazebo/resource_paths/add].
(2026-03-16T17:40:51.41472627) (2026-03-16T17:40:51.41480235) [Msg] Resource path get service on [/gazebo/resource_paths/get].
(2026-03-16T17:40:51.142288831) (2026-03-16T17:40:51.142299160) [Msg] Resource path resolve service on [/gazebo/resource_paths/resolve].
(2026-03-16T17:40:51.143869169) (2026-03-16T17:40:51.143898502) [Msg] Resource paths published on [/gazebo/resource_paths].
(2026-03-16T17:40:51.144274152) (2026-03-16T17:40:51.144283507) [Msg] Server control service on [/server_control].
(2026-03-16T17:40:52.312047191) (2026-03-16T17:40:52.312062393) [Msg] Found no publishers on /stats, adding root stats topic
(2026-03-16T17:40:52.312358143) (2026-03-16T17:40:52.312366865) [Msg] Found no publishers on /clock, adding root clock topic
(2026-03-16T17:40:52.312592755) (2026-03-16T17:40:52.312603050) [Dbg] [SimulationRunner.cc:501] Creating PostUpdate worker threads: 4
(2026-03-16T17:40:52.312632136) (2026-03-16T17:40:52.312637831) [Dbg] [SimulationRunner.cc:512] Creating postupdate worker thread (0)
(2026-03-16T17:40:52.312746121) (2026-03-16T17:40:52.312754621) [Dbg] [SimulationRunner.cc:512] Creating postupdate worker thread (1)
(2026-03-16T17:40:52.312816682) (2026-03-16T17:40:52.312826714) [Dbg] [SimulationRunner.cc:512] Creating postupdate worker thread (2)
(2026-03-16T17:40:52.319144866) (2026-03-16T17:40:52.319159504) [Dbg] [SimulationFeatures.cc:71] Simulation timestep set to: 0.005
(2026-03-16T17:40:52.321933535) (2026-03-16T17:40:52.321946665) [Dbg] [Sensors.cc:610] Initialization needed
(2026-03-16T17:40:52.322014690) (2026-03-16T17:40:52.322028038) [Dbg] [Sensors.cc:270] Initializing render context
(2026-03-16T17:40:52.322201573) (2026-03-16T17:40:52.322209914) [Msg] Loading plugin [ignition-rendering-ogre2]
(2026-03-16T17:40:52.323060847) (2026-03-16T17:40:52.323071540) [Msg] Serving scene information on [/world/mrsim/scene/info]
(2026-03-16T17:40:52.323189122) (2026-03-16T17:40:52.323197934) [Msg] Serving graph information on [/world/mrsim/scene/graph]
(2026-03-16T17:40:52.323394645) (2026-03-16T17:40:52.323404025) [Msg] Serving full state on [/world/mrsim/state]
(2026-03-16T17:40:52.323615699) (2026-03-16T17:40:52.323625233) [Msg] Serving full state (async) on [/world/mrsim/state_async]
(2026-03-16T17:40:52.323742302) (2026-03-16T17:40:52.323750427) [Msg] Publishing scene information on [/world/mrsim/scene/info]
(2026-03-16T17:40:52.323924018) (2026-03-16T17:40:52.323932312) [Msg] Publishing entity deletions on [/world/mrsim/scene/deletion]
(2026-03-16T17:40:52.324075196) (2026-03-16T17:40:52.324083626) [Msg] Publishing state changes on [/world/mrsim/state]
(2026-03-16T17:40:52.324235417) (2026-03-16T17:40:52.324244368) [Msg] Publishing pose messages on [/world/mrsim/pose/info]
(2026-03-16T17:40:52.324370265) (2026-03-16T17:40:52.324378915) [Msg] Publishing dynamic pose messages on [/world/mrsim/dynamic_pose/info]
(2026-03-16T17:40:52.594368990) (2026-03-16T17:40:52.594377281) [Dbg] [RenderUtil.cc:2591] Create scene [scene]
((2026-03-16T17:40:52.6254916372026-03-16T17:40:52.6254900042026-03-16T17:40:52.6254916372026-03-16T17:40:52.625490004) () (2026-03-16T17:40:52.625520950) 2026-03-16T17:40:52.625517412) 2026-03-16T17:40:52.625517412) [Dbg] [Sensors.cc:284] [Dbg] [Sensors.cc:610] Rendering Thread initialized
Initialization needed
(2026-03-16T17:40:52.627182111) (2026-03-16T17:40:52.627197544) [Dbg] [EntityComponentManager.cc:1623] Updated state thread iterators: 8 threads processing around 6 entities each.
(2026-03-16T17:40:53.735174910) (2026-03-16T17:40:53.735184295) [Dbg] [CameraSensor.cc:394] Camera images for [qr4::base::camera] advertised on [/camera]
(2026-03-16T17:40:53.735337089) (2026-03-16T17:40:53.735342226) [Dbg] [CameraSensor.cc:705] Camera info for [qr4::base::camera] advertised on [/camera_info]
(2026-03-16T17:40:53.735752897) (2026-03-16T17:40:53.735759026) [Wrn] [Ogre2Camera.cc:390] Ogre2Camera::SetVisibilityMask: Mask bits c0000000 are set but will be ignored as they conflict with the reserved bits used internally by the ogre2 backend.
(2026-03-16T17:40:53.736054457) (2026-03-16T17:40:53.736063240) [Msg] Loading plugin [ignition-rendering-ogre2]
(2026-03-16T17:40:53.803451080) (2026-03-16T17:40:53.803461447) [Dbg] [CameraSensor.cc:518] Enabling camera sensor: 'qr4::base::camera' data generation.
(2026-03-16T17:42:01.673017866) (2026-03-16T17:42:01.673027491) [Dbg] [SignalHandler.cc:141] Received signal[2].
(2026-03-16T17:42:01.673056014) (2026-03-16T17:42:01.673061931) [Dbg] [ServerPrivate.cc:110] Server received signal[2]
(2026-03-16T17:42:01.673080646) (2026-03-16T17:42:01.673084956) [Dbg] [Sensors.cc:439] SensorsPrivate::Stop
(2026-03-16T17:42:01.673393045) (2026-03-16T17:42:01.673422207) [Dbg] [Sensors.cc:425] SensorsPrivate::RenderThread stopped
(2026-03-16T17:42:01.673820546) (2026-03-16T17:42:01.673829842) [Dbg] [gz.cc:410] Shutting down ign-gazebo-server
(2026-03-16T17:42:01.676516535) (2026-03-16T17:42:01.676524698) (([Dbg] [SimulationRunner.cc:528] 2026-03-16T17:42:01.6765415152026-03-16T17:42:01.6765415152026-03-16T17:42:01.676544188) () 2026-03-16T17:42:01.676565695) (2026-03-16T17:42:01.676582737) Exiting postupdate worker thread ([Dbg] [SimulationRunner.cc:528] Exiting postupdate worker thread (2Exiting postupdate worker thread ([Dbg] [SimulationRunner.cc:528] )
)Exiting postupdate worker thread (
)Exiting postupdate worker thread (1)
(2026-03-16T17:42:01.700452108) (2026-03-16T17:42:01.700467447) [Dbg] [Sensors.cc:439] SensorsPrivate::Stop
