(2026-03-17T12:20:56.170970721) (2026-03-17T12:20:56.170977975) [Msg] Ignition Gazebo Server v6.17.1
(2026-03-17T12:20:56.173399790) (2026-03-17T12:20:56.173409656) [Msg] Loading SDF world file[/home/user/ros2_ws/install/mrsim_gazebo_sim/share/mrsim_gazebo_sim/worlds/example.world].
(2026-03-17T12:20:56.398292298) (2026-03-17T12:20:56.398300260) [Msg] Serving entity system service on [/entity/system/add]
(2026-03-17T12:20:56.417810778) (2026-03-17T12:20:56.417818588) [Dbg] [SystemManager.cc:73] Loaded system [ignition::gazebo::systems::ShaderParam] for entity [9]
(2026-03-17T12:20:56.420310955) (2026-03-17T12:20:56.420318253) [Dbg] [SystemManager.cc:73] Loaded system [mrsim_gazebo_sim::SetPegPosePlugin] for entity [10]
(2026-03-17T12:20:56.445238145) (2026-03-17T12:20:56.445244949) [Dbg] [SystemManager.cc:73] Loaded system [mrsim_gazebo_sim::MrsimDroneIgnPlugin] for entity [14]
(2026-03-17T12:20:56.446396094) (2026-03-17T12:20:56.446402105) [Dbg] [MulticopterMotorModel.cc:373] Listening to topic: qr4/gazebo/command/motor_speed
(2026-03-17T12:20:56.446484664) (2026-03-17T12:20:56.446488638) [Dbg] [SystemManager.cc:73] Loaded system [ignition::gazebo::systems::MulticopterMotorModel] for entity [14]
(2026-03-17T12:20:56.446766416) (2026-03-17T12:20:56.446771118) [Dbg] [MulticopterMotorModel.cc:373] Listening to topic: qr4/gazebo/command/motor_speed
(2026-03-17T12:20:56.446824447) (2026-03-17T12:20:56.446828210) [Dbg] [SystemManager.cc:73] Loaded system [ignition::gazebo::systems::MulticopterMotorModel] for entity [14]
(2026-03-17T12:20:56.447035641) (2026-03-17T12:20:56.447039886) [Dbg] [MulticopterMotorModel.cc:373] Listening to topic: qr4/gazebo/command/motor_speed
(2026-03-17T12:20:56.447086724) (2026-03-17T12:20:56.447090608) [Dbg] [SystemManager.cc:73] Loaded system [ignition::gazebo::systems::MulticopterMotorModel] for entity [14]
(2026-03-17T12:20:56.447282563) (2026-03-17T12:20:56.447287144) [Dbg] [MulticopterMotorModel.cc:373] Listening to topic: qr4/gazebo/command/motor_speed
(2026-03-17T12:20:56.447352399) (2026-03-17T12:20:56.447356356) [Dbg] [SystemManager.cc:73] Loaded system [ignition::gazebo::systems::MulticopterMotorModel] for entity [14]
(2026-03-17T12:20:56.448482113) (2026-03-17T12:20:56.448488561) [Msg] OdometryPublisher publishing odometry on [/model/qr4/odometry]
(2026-03-17T12:20:56.448569532) (2026-03-17T12:20:56.448574994) [Msg] OdometryPublisher publishing odometry with covariance on [/model/qr4/odometry_with_covariance]
(2026-03-17T12:20:56.448644462) (2026-03-17T12:20:56.448649603) [Msg] OdometryPublisher publishing Pose_V (TF) on [/model/qr4/pose]
(2026-03-17T12:20:56.448675128) (2026-03-17T12:20:56.448678980) [Dbg] [SystemManager.cc:73] Loaded system [ignition::gazebo::systems::OdometryPublisher] for entity [14]
(2026-03-17T12:20:56.459170683) (2026-03-17T12:20:56.459177672) [Dbg] [Sensors.cc:506] Configuring Sensors system
(2026-03-17T12:20:56.459262598) (2026-03-17T12:20:56.459266192) [Dbg] [Sensors.cc:431] SensorsPrivate::Run
(2026-03-17T12:20:56.459336740) ((2026-03-17T12:20:56.4593430042026-03-17T12:20:56.459343004) ) (2026-03-17T12:20:56.459363922) [Dbg] [SystemManager.cc:73] [Dbg] [SystemManager.cc:73] [Dbg] [Sensors.cc:411] SensorsPrivate::RenderThread started
Loaded system [(ignition::gazebo::systems::Sensors] for entity [2026-03-17T12:20:56.45939072314) (2026-03-17T12:20:56.459401898) ]
[Dbg] [Sensors.cc:258] Waiting for init
(2026-03-17T12:20:56.459766083) (2026-03-17T12:20:56.459770392) [Msg] Loaded level [3]
(2026-03-17T12:20:56.459787359) (2026-03-17T12:20:56.459790908) [Msg] No systems loaded from SDF, loading defaults
(2026-03-17T12:20:56.459918672) (2026-03-17T12:20:56.459922382) [Dbg] [ServerConfig.cc:1043] Loaded (3) plugins from file [/home/user/.ignition/gazebo/6/server.config]
(2026-03-17T12:20:56.477804493) (2026-03-17T12:20:56.477812593) [Dbg] [Physics.cc:804] Loaded [ignition::physics::dartsim::Plugin] from library [/usr/lib/x86_64-linux-gnu/ign-physics-5/engine-plugins/libignition-physics-dartsim-plugin.so]
(2026-03-17T12:20:56.477857175) (2026-03-17T12:20:56.477860750) [Dbg] [SystemManager.cc:73] Loaded system [gz::sim::systems::Physics] for entity [1]
(2026-03-17T12:20:56.479500939) (2026-03-17T12:20:56.479511030) [Msg] Create service on [/world/mrsim/create]
(2026-03-17T12:20:56.479648776) (2026-03-17T12:20:56.479655383) [Msg] Remove service on [/world/mrsim/remove]
(2026-03-17T12:20:56.479743164) (2026-03-17T12:20:56.479747126) [Msg] Pose service on [/world/mrsim/set_pose]
(2026-03-17T12:20:56.479793412) (2026-03-17T12:20:56.479797237) [Msg] Pose service on [/world/mrsim/set_pose_vector]
(2026-03-17T12:20:56.479889063) (2026-03-17T12:20:56.479892940) [Msg] Light configuration service on [/world/mrsim/light_config]
(2026-03-17T12:20:56.480009601) (2026-03-17T12:20:56.480013586) [Msg] Physics service on [/world/mrsim/set_physics]
(2026-03-17T12:20:56.480074941) (2026-03-17T12:20:56.480078744) [Msg] SphericalCoordinates service on [/world/mrsim/set_spherical_coordinates]
(2026-03-17T12:20:56.480120124) (2026-03-17T12:20:56.480123772) [Msg] Enable collision service on [/world/mrsim/enable_collision]
(2026-03-17T12:20:56.480154985) (2026-03-17T12:20:56.480158552) [Msg] Disable collision service on [/world/mrsim/disable_collision]
(2026-03-17T12:20:56.480251875) (2026-03-17T12:20:56.480255896) [Msg] Material service on [/world/mrsim/visual_config]
(2026-03-17T12:20:56.480314256) (2026-03-17T12:20:56.480318041) [Msg] Material service on [/world/mrsim/wheel_slip]
(2026-03-17T12:20:56.480342426) (2026-03-17T12:20:56.480345871) [Dbg] [SystemManager.cc:73] Loaded system [gz::sim::systems::UserCommands] for entity [1]
(2026-03-17T12:20:56.481764476) (2026-03-17T12:20:56.481771411) [Dbg] [SystemManager.cc:73] Loaded system [gz::sim::systems::SceneBroadcaster] for entity [1]
(2026-03-17T12:20:56.482014437) (2026-03-17T12:20:56.482018920) [Msg] Serving world controls on [/world/mrsim/control], [/world/mrsim/control/state] and [/world/mrsim/playback/control]
(2026-03-17T12:20:56.482082598) (2026-03-17T12:20:56.482086411) [Msg] Serving GUI information on [/world/mrsim/gui/info]
(2026-03-17T12:20:56.482104181) (2026-03-17T12:20:56.482107634) [Msg] World [mrsim] initialized with [1ms] physics profile.
(2026-03-17T12:20:56.482195691) (2026-03-17T12:20:56.482199550) [Msg] Serving world SDF generation service on [/world/mrsim/generate_world_sdf]
(2026-03-17T12:20:56.482259167) (2026-03-17T12:20:56.482262966) [Msg] Serving world names on [/gazebo/worlds]
(2026-03-17T12:20:56.482295318) (2026-03-17T12:20:56.482299033) [Msg] Resource path add service on [/gazebo/resource_paths/add].
(2026-03-17T12:20:56.482331969) (2026-03-17T12:20:56.482335539) [Msg] Resource path get service on [/gazebo/resource_paths/get].
(2026-03-17T12:20:56.482378959) (2026-03-17T12:20:56.482382492) [Msg] Resource path resolve service on [/gazebo/resource_paths/resolve].
(2026-03-17T12:20:56.482438348) (2026-03-17T12:20:56.482444008) [Msg] Resource paths published on [/gazebo/resource_paths].
(2026-03-17T12:20:56.482513339) (2026-03-17T12:20:56.482517145) [Msg] Server control service on [/server_control].
(2026-03-17T12:20:58.66484827) (2026-03-17T12:20:58.66497639) [Msg] Found no publishers on /stats, adding root stats topic
(2026-03-17T12:20:58.66698253) (2026-03-17T12:20:58.66705424) [Msg] Found no publishers on /clock, adding root clock topic
(2026-03-17T12:20:58.66901352) (2026-03-17T12:20:58.66908027) [Dbg] [SimulationRunner.cc:501] Creating PostUpdate worker threads: 4
(2026-03-17T12:20:58.66936104) (2026-03-17T12:20:58.66942171) [Dbg] [SimulationRunner.cc:512] Creating postupdate worker thread (0)
(2026-03-17T12:20:58.67038155) (2026-03-17T12:20:58.67044389) [Dbg] [SimulationRunner.cc:512] Creating postupdate worker thread (1)
(2026-03-17T12:20:58.67083977) (2026-03-17T12:20:58.67090047) [Dbg] [SimulationRunner.cc:512] Creating postupdate worker thread (2)
(2026-03-17T12:20:58.70964690) (2026-03-17T12:20:58.70972035) [Dbg] [SimulationFeatures.cc:71] Simulation timestep set to: 0.005
(2026-03-17T12:20:58.71500533) (2026-03-17T12:20:58.71506965) [Dbg] [Sensors.cc:610] Initialization needed
(2026-03-17T12:20:58.71540379) (2026-03-17T12:20:58.71544985) [Dbg] [Sensors.cc:270] Initializing render context
(2026-03-17T12:20:58.71656411) (2026-03-17T12:20:58.71660518) [Msg] Loading plugin [ignition-rendering-ogre2]
(2026-03-17T12:20:58.72306056) (2026-03-17T12:20:58.72315487) [Msg] Serving scene information on [/world/mrsim/scene/info]
(2026-03-17T12:20:58.72377663) (2026-03-17T12:20:58.72383501) [Msg] Serving graph information on [/world/mrsim/scene/graph]
(2026-03-17T12:20:58.72506463) (2026-03-17T12:20:58.72512520) [Msg] Serving full state on [/world/mrsim/state]
(2026-03-17T12:20:58.72562821) (2026-03-17T12:20:58.72567735) [Msg] Serving full state (async) on [/world/mrsim/state_async]
(2026-03-17T12:20:58.72665566) (2026-03-17T12:20:58.72671404) [Msg] Publishing scene information on [/world/mrsim/scene/info]
(2026-03-17T12:20:58.72751925) (2026-03-17T12:20:58.72756548) [Msg] Publishing entity deletions on [/world/mrsim/scene/deletion]
(2026-03-17T12:20:58.72793709) (2026-03-17T12:20:58.72799997) [Msg] Publishing state changes on [/world/mrsim/state]
(2026-03-17T12:20:58.72900517) (2026-03-17T12:20:58.72906007) [Msg] Publishing pose messages on [/world/mrsim/pose/info]
(2026-03-17T12:20:58.72965747) (2026-03-17T12:20:58.72971980) [Msg] Publishing dynamic pose messages on [/world/mrsim/dynamic_pose/info]
(2026-03-17T12:20:58.73177252) (2026-03-17T12:20:58.73182938) [Dbg] [EntityComponentManager.cc:1623] Updated state thread iterators: 8 threads processing around 6 entities each.
(2026-03-17T12:20:58.210119156) (2026-03-17T12:20:58.210125384) [Dbg] [RenderUtil.cc:2591] Create scene [scene]
((2026-03-17T12:20:58.235428096) ) (2026-03-17T12:20:58.235454977) (2026-03-17T12:20:58.235463658) [Dbg] [Sensors.cc:610] Initialization needed[Dbg] [Sensors.cc:284] 
[Dbg] [Sensors.cc:284] 
Rendering Thread initialized
(2026-03-17T12:20:59.41237249) (2026-03-17T12:20:59.41244923) [Dbg] [CameraSensor.cc:394] Camera images for [qr4::base::camera] advertised on [/camera]
(2026-03-17T12:20:59.41344245) (2026-03-17T12:20:59.41348200) [Dbg] [CameraSensor.cc:705] Camera info for [qr4::base::camera] advertised on [/camera_info]
(2026-03-17T12:20:59.41669559) (2026-03-17T12:20:59.41676308) [Wrn] [Ogre2Camera.cc:390] Ogre2Camera::SetVisibilityMask: Mask bits c0000000 are set but will be ignored as they conflict with the reserved bits used internally by the ogre2 backend.
(2026-03-17T12:20:59.41914124) (2026-03-17T12:20:59.41920256) [Msg] Loading plugin [ignition-rendering-ogre2]
(2026-03-17T12:20:59.104801213) (2026-03-17T12:20:59.104809005) [Dbg] [CameraSensor.cc:518] Enabling camera sensor: 'qr4::base::camera' data generation.
(2026-03-17T12:21:07.15425184) (2026-03-17T12:21:07.15435337) [Dbg] [SignalHandler.cc:141] Received signal[2].
(2026-03-17T12:21:07.15457962) (2026-03-17T12:21:07.15461475) [Dbg] [ServerPrivate.cc:110] Server received signal[2]
(2026-03-17T12:21:07.15476313) (2026-03-17T12:21:07.15479674) [Dbg] [Sensors.cc:439] SensorsPrivate::Stop
(2026-03-17T12:21:07.23285467) (2026-03-17T12:21:07.23306562) [Dbg] [Sensors.cc:425] SensorsPrivate::RenderThread stopped
(2026-03-17T12:21:07.27763275) (2026-03-17T12:21:07.27780877) [Dbg] [gz.cc:410] Shutting down ign-gazebo-server
(((2026-03-17T12:21:07.314124722026-03-17T12:21:07.31427077) (2026-03-17T12:21:07.31439397) 2026-03-17T12:21:07.31410408) ) ) (2026-03-17T12:21:07.31460576() Exiting postupdate worker thread (2026-03-17T12:21:07.31466953) 2))[Dbg] [SimulationRunner.cc:528] Exiting postupdate worker thread ()[Dbg] [SimulationRunner.cc:528] [Dbg] [SimulationRunner.cc:528] Exiting postupdate worker thread (0)

)
(2026-03-17T12:21:07.62143129) (2026-03-17T12:21:07.62157190) [Dbg] [Sensors.cc:439] SensorsPrivate::Stop
