(2026-03-18T10:07:00.943459176) (2026-03-18T10:07:00.943469863) [Msg] Ignition Gazebo Server v6.17.1
(2026-03-18T10:07:00.946418846) (2026-03-18T10:07:00.946432340) [Msg] Loading SDF world file[/home/user/ros2_ws/install/mrsim_gazebo_sim/share/mrsim_gazebo_sim/worlds/example.world].
(2026-03-18T10:07:01.272258313) (2026-03-18T10:07:01.272272709) [Msg] Serving entity system service on [/entity/system/add]
(2026-03-18T10:07:01.323226433) (2026-03-18T10:07:01.323240347) [Dbg] [SystemManager.cc:73] Loaded system [ignition::gazebo::systems::ShaderParam] for entity [9]
(2026-03-18T10:07:01.328279239) (2026-03-18T10:07:01.328293009) [Dbg] [SystemManager.cc:73] Loaded system [mrsim_gazebo_sim::SetPegPosePlugin] for entity [10]
(2026-03-18T10:07:01.375586113) (2026-03-18T10:07:01.375597308) [Dbg] [SystemManager.cc:73] Loaded system [mrsim_gazebo_sim::MrsimDroneIgnPlugin] for entity [14]
(2026-03-18T10:07:01.377388212) (2026-03-18T10:07:01.377397422) [Dbg] [MulticopterMotorModel.cc:373] Listening to topic: qr4/gazebo/command/motor_speed
(2026-03-18T10:07:01.377587104) (2026-03-18T10:07:01.377593039) [Dbg] [SystemManager.cc:73] Loaded system [ignition::gazebo::systems::MulticopterMotorModel] for entity [14]
(2026-03-18T10:07:01.377943645) (2026-03-18T10:07:01.377949765) [Dbg] [MulticopterMotorModel.cc:373] Listening to topic: qr4/gazebo/command/motor_speed
(2026-03-18T10:07:01.378066751) (2026-03-18T10:07:01.378072134) [Dbg] [SystemManager.cc:73] Loaded system [ignition::gazebo::systems::MulticopterMotorModel] for entity [14]
(2026-03-18T10:07:01.378350588) (2026-03-18T10:07:01.378356238) [Dbg] [MulticopterMotorModel.cc:373] Listening to topic: qr4/gazebo/command/motor_speed
(2026-03-18T10:07:01.378470119) (2026-03-18T10:07:01.378475586) [Dbg] [SystemManager.cc:73] Loaded system [ignition::gazebo::systems::MulticopterMotorModel] for entity [14]
(2026-03-18T10:07:01.378725895) (2026-03-18T10:07:01.378731477) [Dbg] [MulticopterMotorModel.cc:373] Listening to topic: qr4/gazebo/command/motor_speed
(2026-03-18T10:07:01.378834830) (2026-03-18T10:07:01.378840088) [Dbg] [SystemManager.cc:73] Loaded system [ignition::gazebo::systems::MulticopterMotorModel] for entity [14]
(2026-03-18T10:07:01.380215686) (2026-03-18T10:07:01.380223427) [Msg] OdometryPublisher publishing odometry on [/model/qr4/odometry]
(2026-03-18T10:07:01.380375496) (2026-03-18T10:07:01.380380970) [Msg] OdometryPublisher publishing odometry with covariance on [/model/qr4/odometry_with_covariance]
(2026-03-18T10:07:01.380513428) (2026-03-18T10:07:01.380518717) [Msg] OdometryPublisher publishing Pose_V (TF) on [/model/qr4/pose]
(2026-03-18T10:07:01.380543048) (2026-03-18T10:07:01.380547613) [Dbg] [SystemManager.cc:73] Loaded system [ignition::gazebo::systems::OdometryPublisher] for entity [14]
(2026-03-18T10:07:01.409251727) (2026-03-18T10:07:01.409266947) [Dbg] [Sensors.cc:506] Configuring Sensors system
(2026-03-18T10:07:01.409416567) (2026-03-18T10:07:01.409424799) [Dbg] [Sensors.cc:431] SensorsPrivate::Run
(2026-03-18T10:07:01.409568977) (2026-03-18T10:07:01.409577536) [Dbg] [SystemManager.cc:73] Loaded system [ignition::gazebo::systems::Sensors] for entity [14]
(2026-03-18T10:07:01.410300414) (2026-03-18T10:07:01.410314200) [Dbg] [Sensors.cc:411] SensorsPrivate::RenderThread started
(2026-03-18T10:07:01.410346573) (2026-03-18T10:07:01.410353666) [Dbg] [Sensors.cc:258] Waiting for init
(2026-03-18T10:07:01.414353521) (2026-03-18T10:07:01.414369227) [Msg] Loaded level [3]
(2026-03-18T10:07:01.414413542) (2026-03-18T10:07:01.414419968) [Msg] No systems loaded from SDF, loading defaults
(2026-03-18T10:07:01.415086990) (2026-03-18T10:07:01.415098875) [Dbg] [ServerConfig.cc:1043] Loaded (3) plugins from file [/home/user/.ignition/gazebo/6/server.config]
(2026-03-18T10:07:01.483771158) (2026-03-18T10:07:01.483786126) [Dbg] [Physics.cc:804] Loaded [ignition::physics::dartsim::Plugin] from library [/usr/lib/x86_64-linux-gnu/ign-physics-5/engine-plugins/libignition-physics-dartsim-plugin.so]
(2026-03-18T10:07:01.483865376) (2026-03-18T10:07:01.483873378) [Dbg] [SystemManager.cc:73] Loaded system [gz::sim::systems::Physics] for entity [1]
(2026-03-18T10:07:01.488438263) (2026-03-18T10:07:01.488451439) [Msg] Create service on [/world/mrsim/create]
(2026-03-18T10:07:01.488718252) (2026-03-18T10:07:01.488727831) [Msg] Remove service on [/world/mrsim/remove]
(2026-03-18T10:07:01.488957665) (2026-03-18T10:07:01.488966351) [Msg] Pose service on [/world/mrsim/set_pose]
(2026-03-18T10:07:01.489121718) (2026-03-18T10:07:01.489130495) [Msg] Pose service on [/world/mrsim/set_pose_vector]
(2026-03-18T10:07:01.489391500) (2026-03-18T10:07:01.489401195) [Msg] Light configuration service on [/world/mrsim/light_config]
(2026-03-18T10:07:01.489786138) (2026-03-18T10:07:01.489794902) [Msg] Physics service on [/world/mrsim/set_physics]
(2026-03-18T10:07:01.489991942) (2026-03-18T10:07:01.490000504) [Msg] SphericalCoordinates service on [/world/mrsim/set_spherical_coordinates]
(2026-03-18T10:07:01.490139180) (2026-03-18T10:07:01.490147331) [Msg] Enable collision service on [/world/mrsim/enable_collision]
(2026-03-18T10:07:01.490283007) (2026-03-18T10:07:01.490291124) [Msg] Disable collision service on [/world/mrsim/disable_collision]
(2026-03-18T10:07:01.490616474) (2026-03-18T10:07:01.490624110) [Msg] Material service on [/world/mrsim/visual_config]
(2026-03-18T10:07:01.490854141) (2026-03-18T10:07:01.490863062) [Msg] Material service on [/world/mrsim/wheel_slip]
(2026-03-18T10:07:01.490909349) (2026-03-18T10:07:01.490922697) [Dbg] [SystemManager.cc:73] Loaded system [gz::sim::systems::UserCommands] for entity [1]
(2026-03-18T10:07:01.494874636) (2026-03-18T10:07:01.494888814) [Dbg] [SystemManager.cc:73] Loaded system [gz::sim::systems::SceneBroadcaster] for entity [1]
(2026-03-18T10:07:01.495854785) (2026-03-18T10:07:01.495866778) [Msg] Serving world controls on [/world/mrsim/control], [/world/mrsim/control/state] and [/world/mrsim/playback/control]
(2026-03-18T10:07:01.496174170) (2026-03-18T10:07:01.496184659) [Msg] Serving GUI information on [/world/mrsim/gui/info]
(2026-03-18T10:07:01.496235884) (2026-03-18T10:07:01.496244424) [Msg] World [mrsim] initialized with [1ms] physics profile.
(2026-03-18T10:07:01.496479941) (2026-03-18T10:07:01.496485935) [Msg] Serving world SDF generation service on [/world/mrsim/generate_world_sdf]
(2026-03-18T10:07:01.496656026) (2026-03-18T10:07:01.496664692) [Msg] Serving world names on [/gazebo/worlds]
(2026-03-18T10:07:01.496953467) (2026-03-18T10:07:01.496961794) [Msg] Resource path add service on [/gazebo/resource_paths/add].
(2026-03-18T10:07:01.597429701) (2026-03-18T10:07:01.597445566) [Msg] Resource path get service on [/gazebo/resource_paths/get].
(2026-03-18T10:07:01.597601173) (2026-03-18T10:07:01.597610589) [Msg] Resource path resolve service on [/gazebo/resource_paths/resolve].
(2026-03-18T10:07:01.599657989) (2026-03-18T10:07:01.599672076) [Msg] Resource paths published on [/gazebo/resource_paths].
(2026-03-18T10:07:01.599936638) (2026-03-18T10:07:01.599946517) [Msg] Server control service on [/server_control].
(2026-03-18T10:07:02.848225727) (2026-03-18T10:07:02.848235043) [Msg] Found no publishers on /stats, adding root stats topic
(2026-03-18T10:07:02.848404947) (2026-03-18T10:07:02.848411099) [Msg] Found no publishers on /clock, adding root clock topic
(2026-03-18T10:07:02.848568786) (2026-03-18T10:07:02.848577139) [Dbg] [SimulationRunner.cc:501] Creating PostUpdate worker threads: 4
(2026-03-18T10:07:02.848597722) (2026-03-18T10:07:02.848602182) [Dbg] [SimulationRunner.cc:512] Creating postupdate worker thread (0)
(2026-03-18T10:07:02.848685934) (2026-03-18T10:07:02.848690879) [Dbg] [SimulationRunner.cc:512] Creating postupdate worker thread (1)
(2026-03-18T10:07:02.848725949) (2026-03-18T10:07:02.848730640) [Dbg] [SimulationRunner.cc:512] Creating postupdate worker thread (2)
(2026-03-18T10:07:02.854921243) (2026-03-18T10:07:02.854932468) [Dbg] [SimulationFeatures.cc:71] Simulation timestep set to: 0.005
(2026-03-18T10:07:02.855795646) (2026-03-18T10:07:02.855809877) [Dbg] [Sensors.cc:610] Initialization needed
(2026-03-18T10:07:02.855881656) (2026-03-18T10:07:02.855892443) [Dbg] [Sensors.cc:270] Initializing render context
(2026-03-18T10:07:02.856034847) (2026-03-18T10:07:02.856044319) [Msg] Loading plugin [ignition-rendering-ogre2]
(2026-03-18T10:07:02.857070770) (2026-03-18T10:07:02.857081093) [Msg] Serving scene information on [/world/mrsim/scene/info]
(2026-03-18T10:07:02.857214581) (2026-03-18T10:07:02.857223571) [Msg] Serving graph information on [/world/mrsim/scene/graph]
(2026-03-18T10:07:02.857415796) (2026-03-18T10:07:02.857424718) [Msg] Serving full state on [/world/mrsim/state]
(2026-03-18T10:07:02.857517272) (2026-03-18T10:07:02.857525491) [Msg] Serving full state (async) on [/world/mrsim/state_async]
(2026-03-18T10:07:02.857758719) (2026-03-18T10:07:02.857768077) [Msg] Publishing scene information on [/world/mrsim/scene/info]
(2026-03-18T10:07:02.857896513) (2026-03-18T10:07:02.857904935) [Msg] Publishing entity deletions on [/world/mrsim/scene/deletion]
(2026-03-18T10:07:02.857976123) (2026-03-18T10:07:02.857983978) [Msg] Publishing state changes on [/world/mrsim/state]
(2026-03-18T10:07:02.858064380) (2026-03-18T10:07:02.858072611) [Msg] Publishing pose messages on [/world/mrsim/pose/info]
(2026-03-18T10:07:02.858165788) (2026-03-18T10:07:02.858174065) [Msg] Publishing dynamic pose messages on [/world/mrsim/dynamic_pose/info]
(2026-03-18T10:07:02.858483330) (2026-03-18T10:07:02.858491330) [Dbg] [EntityComponentManager.cc:1623] Updated state thread iterators: 8 threads processing around 6 entities each.
(2026-03-18T10:07:03.52796944) (2026-03-18T10:07:03.52804788) [Dbg] [RenderUtil.cc:2591] Create scene [scene]
((2026-03-18T10:07:03.81999201) (2026-03-18T10:07:03.82012262) 2026-03-18T10:07:03.819827442026-03-18T10:07:03.82031000) Initialization needed
[Dbg] [Sensors.cc:284] Rendering Thread initialized
(2026-03-18T10:07:04.197661167) (2026-03-18T10:07:04.197674251) [Dbg] [CameraSensor.cc:394] Camera images for [qr4::base::camera] advertised on [/camera]
(2026-03-18T10:07:04.197879667) (2026-03-18T10:07:04.197888972) [Dbg] [CameraSensor.cc:705] Camera info for [qr4::base::camera] advertised on [/camera_info]
(2026-03-18T10:07:04.198309013) (2026-03-18T10:07:04.198316294) [Wrn] [Ogre2Camera.cc:390] Ogre2Camera::SetVisibilityMask: Mask bits c0000000 are set but will be ignored as they conflict with the reserved bits used internally by the ogre2 backend.
(2026-03-18T10:07:04.198531976) (2026-03-18T10:07:04.198540228) [Msg] Loading plugin [ignition-rendering-ogre2]
(2026-03-18T10:07:04.283827468) (2026-03-18T10:07:04.283840965) [Dbg] [CameraSensor.cc:518] Enabling camera sensor: 'qr4::base::camera' data generation.
(2026-03-18T10:07:25.397882639) (2026-03-18T10:07:25.397897429) [Dbg] [SignalHandler.cc:141] Received signal[2].
(2026-03-18T10:07:25.397928311) (2026-03-18T10:07:25.397932753) [Dbg] [ServerPrivate.cc:110] Server received signal[2]
(2026-03-18T10:07:25.397951769) (2026-03-18T10:07:25.397956069) [Dbg] [Sensors.cc:439] SensorsPrivate::Stop
(2026-03-18T10:07:25.398397045) (2026-03-18T10:07:25.398407572) [Dbg] [Sensors.cc:425] SensorsPrivate::RenderThread stopped
(2026-03-18T10:07:25.399776951) (2026-03-18T10:07:25.399789336) [Dbg] [gz.cc:410] Shutting down ign-gazebo-server
((2026-03-18T10:07:25.403745568) (2026-03-18T10:07:25.4037501222026-03-18T10:07:25.403760280) ) ) (2026-03-18T10:07:25.403784588) (2026-03-18T10:07:25.4037939822026-03-18T10:07:25.4037939822026-03-18T10:07:25.403794458) ) [Dbg] [SimulationRunner.cc:528] [Dbg] [SimulationRunner.cc:528] [Dbg] [SimulationRunner.cc:528] [Dbg] [SimulationRunner.cc:528] [Dbg] [SimulationRunner.cc:528] Exiting postupdate worker thread (1)Exiting postupdate worker thread (
Exiting postupdate worker thread ()22
(2026-03-18T10:07:25.433957175) (2026-03-18T10:07:25.433976650) [Dbg] [Sensors.cc:439] SensorsPrivate::Stop
