(2026-03-17T11:54:54.119294118) (2026-03-17T11:54:54.119300480) [Msg] Ignition Gazebo Server v6.17.1
(2026-03-17T11:54:54.121464283) (2026-03-17T11:54:54.121471696) [Msg] Loading SDF world file[/home/user/ros2_ws/install/mrsim_gazebo_sim/share/mrsim_gazebo_sim/worlds/example.world].
(2026-03-17T11:54:54.342378837) (2026-03-17T11:54:54.342386726) [Msg] Serving entity system service on [/entity/system/add]
(2026-03-17T11:54:54.362681779) (2026-03-17T11:54:54.362743258) [Dbg] [SystemManager.cc:73] Loaded system [ignition::gazebo::systems::ShaderParam] for entity [9]
(2026-03-17T11:54:54.365393997) (2026-03-17T11:54:54.365401324) [Dbg] [SystemManager.cc:73] Loaded system [mrsim_gazebo_sim::SetPegPosePlugin] for entity [10]
(2026-03-17T11:54:54.401258763) (2026-03-17T11:54:54.401266583) [Dbg] [SystemManager.cc:73] Loaded system [mrsim_gazebo_sim::MrsimDroneIgnPlugin] for entity [14]
(2026-03-17T11:54:54.402740196) (2026-03-17T11:54:54.402747154) [Dbg] [MulticopterMotorModel.cc:373] Listening to topic: qr4/gazebo/command/motor_speed
(2026-03-17T11:54:54.402846136) (2026-03-17T11:54:54.402850279) [Dbg] [SystemManager.cc:73] Loaded system [ignition::gazebo::systems::MulticopterMotorModel] for entity [14]
(2026-03-17T11:54:54.403168387) (2026-03-17T11:54:54.403172591) [Dbg] [MulticopterMotorModel.cc:373] Listening to topic: qr4/gazebo/command/motor_speed
(2026-03-17T11:54:54.403232170) (2026-03-17T11:54:54.403236056) [Dbg] [SystemManager.cc:73] Loaded system [ignition::gazebo::systems::MulticopterMotorModel] for entity [14]
(2026-03-17T11:54:54.403587279) (2026-03-17T11:54:54.403592498) [Dbg] [MulticopterMotorModel.cc:373] Listening to topic: qr4/gazebo/command/motor_speed
(2026-03-17T11:54:54.403713785) (2026-03-17T11:54:54.403719337) [Dbg] [SystemManager.cc:73] Loaded system [ignition::gazebo::systems::MulticopterMotorModel] for entity [14]
(2026-03-17T11:54:54.404434906) (2026-03-17T11:54:54.404439253) [Dbg] [MulticopterMotorModel.cc:373] Listening to topic: qr4/gazebo/command/motor_speed
(2026-03-17T11:54:54.404520232) (2026-03-17T11:54:54.404524455) [Dbg] [SystemManager.cc:73] Loaded system [ignition::gazebo::systems::MulticopterMotorModel] for entity [14]
(2026-03-17T11:54:54.406437542) (2026-03-17T11:54:54.406443247) [Msg] OdometryPublisher publishing odometry on [/model/qr4/odometry]
(2026-03-17T11:54:54.406564542) (2026-03-17T11:54:54.406570249) [Msg] OdometryPublisher publishing odometry with covariance on [/model/qr4/odometry_with_covariance]
(2026-03-17T11:54:54.406634709) (2026-03-17T11:54:54.406638667) [Msg] OdometryPublisher publishing Pose_V (TF) on [/model/qr4/pose]
(2026-03-17T11:54:54.406656768) (2026-03-17T11:54:54.406660095) [Dbg] [SystemManager.cc:73] Loaded system [ignition::gazebo::systems::OdometryPublisher] for entity [14]
(2026-03-17T11:54:54.418108476) (2026-03-17T11:54:54.418119399) [Dbg] [Sensors.cc:506] Configuring Sensors system
(2026-03-17T11:54:54.418237425) (2026-03-17T11:54:54.418240966) [Dbg] [Sensors.cc:431] SensorsPrivate::Run
(2026-03-17T11:54:54.418372356) (2026-03-17T11:54:54.418380288) ([Dbg] [SystemManager.cc:73] Loaded system [2026-03-17T11:54:54.418397694) ) (2026-03-17T11:54:54.418411194) ignition::gazebo::systems::Sensors] for entity [14]
SensorsPrivate::RenderThread started
(2026-03-17T11:54:54.418452798) (2026-03-17T11:54:54.418458708) [Dbg] [Sensors.cc:258] Waiting for init
(2026-03-17T11:54:54.419342575) (2026-03-17T11:54:54.419348410) [Msg] Loaded level [3]
(2026-03-17T11:54:54.419370101) (2026-03-17T11:54:54.419373486) [Msg] No systems loaded from SDF, loading defaults
(2026-03-17T11:54:54.419601273) (2026-03-17T11:54:54.419605790) [Dbg] [ServerConfig.cc:1043] Loaded (3) plugins from file [/home/user/.ignition/gazebo/6/server.config]
(2026-03-17T11:54:54.438943562) (2026-03-17T11:54:54.438951174) [Dbg] [Physics.cc:804] Loaded [ignition::physics::dartsim::Plugin] from library [/usr/lib/x86_64-linux-gnu/ign-physics-5/engine-plugins/libignition-physics-dartsim-plugin.so]
(2026-03-17T11:54:54.439002237) (2026-03-17T11:54:54.439005764) [Dbg] [SystemManager.cc:73] Loaded system [gz::sim::systems::Physics] for entity [1]
(2026-03-17T11:54:54.440671859) (2026-03-17T11:54:54.440678022) [Msg] Create service on [/world/mrsim/create]
(2026-03-17T11:54:54.440821203) (2026-03-17T11:54:54.440825440) [Msg] Remove service on [/world/mrsim/remove]
(2026-03-17T11:54:54.440949895) (2026-03-17T11:54:54.440953770) [Msg] Pose service on [/world/mrsim/set_pose]
(2026-03-17T11:54:54.440992551) (2026-03-17T11:54:54.440996243) [Msg] Pose service on [/world/mrsim/set_pose_vector]
(2026-03-17T11:54:54.441314907) (2026-03-17T11:54:54.441320017) [Msg] Light configuration service on [/world/mrsim/light_config]
(2026-03-17T11:54:54.442097867) (2026-03-17T11:54:54.442102226) [Msg] Physics service on [/world/mrsim/set_physics]
(2026-03-17T11:54:54.442238606) (2026-03-17T11:54:54.442292665) [Msg] SphericalCoordinates service on [/world/mrsim/set_spherical_coordinates]
(2026-03-17T11:54:54.442434679) (2026-03-17T11:54:54.442509361) [Msg] Enable collision service on [/world/mrsim/enable_collision]
(2026-03-17T11:54:54.442683816) (2026-03-17T11:54:54.442695072) [Msg] Disable collision service on [/world/mrsim/disable_collision]
(2026-03-17T11:54:54.442904746) (2026-03-17T11:54:54.442910115) [Msg] Material service on [/world/mrsim/visual_config]
(2026-03-17T11:54:54.443209887) (2026-03-17T11:54:54.443274297) [Msg] Material service on [/world/mrsim/wheel_slip]
(2026-03-17T11:54:54.443428266) (2026-03-17T11:54:54.443433009) [Dbg] [SystemManager.cc:73] Loaded system [gz::sim::systems::UserCommands] for entity [1]
(2026-03-17T11:54:54.446047278) (2026-03-17T11:54:54.446056196) [Dbg] [SystemManager.cc:73] Loaded system [gz::sim::systems::SceneBroadcaster] for entity [1]
(2026-03-17T11:54:54.446413103) (2026-03-17T11:54:54.446419799) [Msg] Serving world controls on [/world/mrsim/control], [/world/mrsim/control/state] and [/world/mrsim/playback/control]
(2026-03-17T11:54:54.446553983) (2026-03-17T11:54:54.446560471) [Msg] Serving GUI information on [/world/mrsim/gui/info]
(2026-03-17T11:54:54.446580411) (2026-03-17T11:54:54.446583839) [Msg] World [mrsim] initialized with [1ms] physics profile.
(2026-03-17T11:54:54.446688391) (2026-03-17T11:54:54.446695157) [Msg] Serving world SDF generation service on [/world/mrsim/generate_world_sdf]
(2026-03-17T11:54:54.446878502) (2026-03-17T11:54:54.446947850) [Msg] Serving world names on [/gazebo/worlds]
(2026-03-17T11:54:54.446999832) (2026-03-17T11:54:54.447006305) [Msg] Resource path add service on [/gazebo/resource_paths/add].
(2026-03-17T11:54:54.447186437) (2026-03-17T11:54:54.447196338) [Msg] Resource path get service on [/gazebo/resource_paths/get].
(2026-03-17T11:54:54.547499924) (2026-03-17T11:54:54.547509493) [Msg] Resource path resolve service on [/gazebo/resource_paths/resolve].
(2026-03-17T11:54:54.547650809) (2026-03-17T11:54:54.547657782) [Msg] Resource paths published on [/gazebo/resource_paths].
(2026-03-17T11:54:54.547796243) (2026-03-17T11:54:54.547803437) [Msg] Server control service on [/server_control].
(2026-03-17T11:54:56.17033262) (2026-03-17T11:54:56.17043322) [Msg] Found no publishers on /stats, adding root stats topic
(2026-03-17T11:54:56.17218950) (2026-03-17T11:54:56.17225377) [Msg] Found no publishers on /clock, adding root clock topic
(2026-03-17T11:54:56.17395546) (2026-03-17T11:54:56.17401580) [Dbg] [SimulationRunner.cc:501] Creating PostUpdate worker threads: 4
(2026-03-17T11:54:56.17432420) (2026-03-17T11:54:56.17439789) [Dbg] [SimulationRunner.cc:512] Creating postupdate worker thread (0)
(2026-03-17T11:54:56.17541263) (2026-03-17T11:54:56.17549803) [Dbg] [SimulationRunner.cc:512] Creating postupdate worker thread (1)
(2026-03-17T11:54:56.17602299) (2026-03-17T11:54:56.17607496) [Dbg] [SimulationRunner.cc:512] Creating postupdate worker thread (2)
(2026-03-17T11:54:56.23025955) (2026-03-17T11:54:56.23036746) [Dbg] [SimulationFeatures.cc:71] Simulation timestep set to: 0.005
(2026-03-17T11:54:56.23517956) (2026-03-17T11:54:56.23525954) [Dbg] [Sensors.cc:610] Initialization needed
(2026-03-17T11:54:56.23560972) (2026-03-17T11:54:56.23565614) [Dbg] [Sensors.cc:270] Initializing render context
(2026-03-17T11:54:56.23725635) (2026-03-17T11:54:56.23731405) [Msg] Loading plugin [ignition-rendering-ogre2]
(2026-03-17T11:54:56.24645576) (2026-03-17T11:54:56.24657510) [Msg] Serving scene information on [/world/mrsim/scene/info]
(2026-03-17T11:54:56.24756192) (2026-03-17T11:54:56.24762777) [Msg] Serving graph information on [/world/mrsim/scene/graph]
(2026-03-17T11:54:56.24917158) (2026-03-17T11:54:56.24924901) [Msg] Serving full state on [/world/mrsim/state]
(2026-03-17T11:54:56.24990298) (2026-03-17T11:54:56.24996652) [Msg] Serving full state (async) on [/world/mrsim/state_async]
(2026-03-17T11:54:56.25078473) (2026-03-17T11:54:56.25085015) [Msg] Publishing scene information on [/world/mrsim/scene/info]
(2026-03-17T11:54:56.25173078) (2026-03-17T11:54:56.25179374) [Msg] Publishing entity deletions on [/world/mrsim/scene/deletion]
(2026-03-17T11:54:56.25225999) (2026-03-17T11:54:56.25231774) [Msg] Publishing state changes on [/world/mrsim/state]
(2026-03-17T11:54:56.25305900) (2026-03-17T11:54:56.25312698) [Msg] Publishing pose messages on [/world/mrsim/pose/info]
(2026-03-17T11:54:56.25379129) (2026-03-17T11:54:56.25383258) [Msg] Publishing dynamic pose messages on [/world/mrsim/dynamic_pose/info]
(2026-03-17T11:54:56.25584474) (2026-03-17T11:54:56.25589082) [Dbg] [EntityComponentManager.cc:1623] Updated state thread iterators: 8 threads processing around 6 entities each.
(2026-03-17T11:54:56.157492952) (2026-03-17T11:54:56.157498839) [Dbg] [RenderUtil.cc:2591] Create scene [scene]
((2026-03-17T11:54:56.1815532662026-03-17T11:54:56.181559926) ) (2026-03-17T11:54:56.181576232) 2026-03-17T11:54:56.181573943) [Dbg] [Sensors.cc:284] Rendering Thread initialized
Rendering Thread initializedInitialization needed
(2026-03-17T11:54:56.999188298) (2026-03-17T11:54:56.999197414) [Dbg] [CameraSensor.cc:394] Camera images for [qr4::base::camera] advertised on [/camera]
(2026-03-17T11:54:56.999352421) (2026-03-17T11:54:56.999377195) [Dbg] [CameraSensor.cc:705] Camera info for [qr4::base::camera] advertised on [/camera_info]
(2026-03-17T11:54:56.999784588) (2026-03-17T11:54:56.999792411) [Wrn] [Ogre2Camera.cc:390] Ogre2Camera::SetVisibilityMask: Mask bits c0000000 are set but will be ignored as they conflict with the reserved bits used internally by the ogre2 backend.
(2026-03-17T11:54:56.999947930) (2026-03-17T11:54:56.999951704) [Msg] Loading plugin [ignition-rendering-ogre2]
(2026-03-17T11:54:57.66228032) (2026-03-17T11:54:57.66235944) [Dbg] [CameraSensor.cc:518] Enabling camera sensor: 'qr4::base::camera' data generation.
(2026-03-17T11:55:26.722333517) (2026-03-17T11:55:26.722345690) [Dbg] [SignalHandler.cc:141] Received signal[2].
(2026-03-17T11:55:26.722378958) (2026-03-17T11:55:26.722385105) [Dbg] [ServerPrivate.cc:110] Server received signal[2]
(2026-03-17T11:55:26.722409128) (2026-03-17T11:55:26.722414533) [Dbg] [Sensors.cc:439] SensorsPrivate::Stop
(2026-03-17T11:55:26.722835077) (2026-03-17T11:55:26.722844414) [Dbg] [Sensors.cc:425] SensorsPrivate::RenderThread stopped
(2026-03-17T11:55:26.724493968) (2026-03-17T11:55:26.724505702) [Dbg] [gz.cc:410] Shutting down ign-gazebo-server
(((2026-03-17T11:55:26.727205100) (2026-03-17T11:55:26.7272221332026-03-17T11:55:26.7272221332026-03-17T11:55:26.727222133) (2026-03-17T11:55:26.727231802) ) 2026-03-17T11:55:26.727233604) (2026-03-17T11:55:26.727253241) Exiting postupdate worker thread (0)

Exiting postupdate worker thread (Exiting postupdate worker thread (Exiting postupdate worker thread (Exiting postupdate worker thread (1)
))
(2026-03-17T11:55:26.754357257) (2026-03-17T11:55:26.754369828) [Dbg] [Sensors.cc:439] SensorsPrivate::Stop
