(2026-03-16T16:11:20.964570760) (2026-03-16T16:11:20.964577922) [Msg] Ignition Gazebo Server v6.17.1
(2026-03-16T16:11:20.966968987) (2026-03-16T16:11:20.966980848) [Msg] Loading SDF world file[/home/user/ros2_ws/install/mrsim_gazebo_sim/share/mrsim_gazebo_sim/worlds/example.world].
(2026-03-16T16:11:21.205147117) (2026-03-16T16:11:21.205159812) [Msg] Serving entity system service on [/entity/system/add]
(2026-03-16T16:11:21.222775573) (2026-03-16T16:11:21.222783286) [Dbg] [SystemManager.cc:73] Loaded system [ignition::gazebo::systems::ShaderParam] for entity [9]
(2026-03-16T16:11:21.225068667) (2026-03-16T16:11:21.225075203) [Dbg] [SystemManager.cc:73] Loaded system [mrsim_gazebo_sim::SetPegPosePlugin] for entity [10]
(2026-03-16T16:11:21.257770968) (2026-03-16T16:11:21.257779290) [Dbg] [SystemManager.cc:73] Loaded system [mrsim_gazebo_sim::MrsimDroneIgnPlugin] for entity [14]
(2026-03-16T16:11:21.258946344) (2026-03-16T16:11:21.258952173) [Dbg] [MulticopterMotorModel.cc:373] Listening to topic: qr4/gazebo/command/motor_speed
(2026-03-16T16:11:21.259111931) (2026-03-16T16:11:21.259117495) [Dbg] [SystemManager.cc:73] Loaded system [ignition::gazebo::systems::MulticopterMotorModel] for entity [14]
(2026-03-16T16:11:21.259399281) (2026-03-16T16:11:21.259403658) [Dbg] [MulticopterMotorModel.cc:373] Listening to topic: qr4/gazebo/command/motor_speed
(2026-03-16T16:11:21.259498627) (2026-03-16T16:11:21.259504966) [Dbg] [SystemManager.cc:73] Loaded system [ignition::gazebo::systems::MulticopterMotorModel] for entity [14]
(2026-03-16T16:11:21.259826536) (2026-03-16T16:11:21.259833215) [Dbg] [MulticopterMotorModel.cc:373] Listening to topic: qr4/gazebo/command/motor_speed
(2026-03-16T16:11:21.259920095) (2026-03-16T16:11:21.259926258) [Dbg] [SystemManager.cc:73] Loaded system [ignition::gazebo::systems::MulticopterMotorModel] for entity [14]
(2026-03-16T16:11:21.260197300) (2026-03-16T16:11:21.260201635) [Dbg] [MulticopterMotorModel.cc:373] Listening to topic: qr4/gazebo/command/motor_speed
(2026-03-16T16:11:21.260264625) (2026-03-16T16:11:21.260268388) [Dbg] [SystemManager.cc:73] Loaded system [ignition::gazebo::systems::MulticopterMotorModel] for entity [14]
(2026-03-16T16:11:21.261674652) (2026-03-16T16:11:21.261683050) [Msg] OdometryPublisher publishing odometry on [/model/qr4/odometry]
(2026-03-16T16:11:21.261787804) (2026-03-16T16:11:21.261792061) [Msg] OdometryPublisher publishing odometry with covariance on [/model/qr4/odometry_with_covariance]
(2026-03-16T16:11:21.261862704) (2026-03-16T16:11:21.261866673) [Msg] OdometryPublisher publishing Pose_V (TF) on [/model/qr4/pose]
(2026-03-16T16:11:21.261886705) (2026-03-16T16:11:21.261890088) [Dbg] [SystemManager.cc:73] Loaded system [ignition::gazebo::systems::OdometryPublisher] for entity [14]
(2026-03-16T16:11:21.271892075) (2026-03-16T16:11:21.271899953) [Dbg] [Sensors.cc:506] Configuring Sensors system
(2026-03-16T16:11:21.271982930) (2026-03-16T16:11:21.271986674) [Dbg] [Sensors.cc:431] SensorsPrivate::Run
((2026-03-16T16:11:21.272144385) (2026-03-16T16:11:21.2721391182026-03-16T16:11:21.272152072) ) () 2026-03-16T16:11:21.272162401[Dbg] [SystemManager.cc:73] Loaded system [Loaded system [) ) Loaded system [[Dbg] [Sensors.cc:411] ignition::gazebo::systems::SensorsSensorsPrivate::RenderThread started] for entity [14]
ignition::gazebo::systems::SensorsSensorsPrivate::RenderThread started
(2026-03-16T16:11:21.272221217) (2026-03-16T16:11:21.272226179) [Dbg] [Sensors.cc:258] Waiting for init
(2026-03-16T16:11:21.272559015) (2026-03-16T16:11:21.272563214) [Msg] Loaded level [3]
(2026-03-16T16:11:21.272580119) (2026-03-16T16:11:21.272583494) [Msg] No systems loaded from SDF, loading defaults
(2026-03-16T16:11:21.272715935) (2026-03-16T16:11:21.272719602) [Dbg] [ServerConfig.cc:1043] Loaded (3) plugins from file [/home/user/.ignition/gazebo/6/server.config]
(2026-03-16T16:11:21.291139156) (2026-03-16T16:11:21.291154483) [Dbg] [Physics.cc:804] Loaded [ignition::physics::dartsim::Plugin] from library [/usr/lib/x86_64-linux-gnu/ign-physics-5/engine-plugins/libignition-physics-dartsim-plugin.so]
(2026-03-16T16:11:21.291290168) (2026-03-16T16:11:21.291297205) [Dbg] [SystemManager.cc:73] Loaded system [gz::sim::systems::Physics] for entity [1]
(2026-03-16T16:11:21.294241625) (2026-03-16T16:11:21.294249869) [Msg] Create service on [/world/mrsim/create]
(2026-03-16T16:11:21.294336324) (2026-03-16T16:11:21.294340988) [Msg] Remove service on [/world/mrsim/remove]
(2026-03-16T16:11:21.294407135) (2026-03-16T16:11:21.294412329) [Msg] Pose service on [/world/mrsim/set_pose]
(2026-03-16T16:11:21.294454857) (2026-03-16T16:11:21.294459806) [Msg] Pose service on [/world/mrsim/set_pose_vector]
(2026-03-16T16:11:21.294553331) (2026-03-16T16:11:21.294558212) [Msg] Light configuration service on [/world/mrsim/light_config]
(2026-03-16T16:11:21.294714119) (2026-03-16T16:11:21.294720496) [Msg] Physics service on [/world/mrsim/set_physics]
(2026-03-16T16:11:21.294794746) (2026-03-16T16:11:21.294799919) [Msg] SphericalCoordinates service on [/world/mrsim/set_spherical_coordinates]
(2026-03-16T16:11:21.294838699) (2026-03-16T16:11:21.294843957) [Msg] Enable collision service on [/world/mrsim/enable_collision]
(2026-03-16T16:11:21.294887163) (2026-03-16T16:11:21.294891852) [Msg] Disable collision service on [/world/mrsim/disable_collision]
(2026-03-16T16:11:21.295036693) (2026-03-16T16:11:21.295041095) [Msg] Material service on [/world/mrsim/visual_config]
(2026-03-16T16:11:21.295104132) (2026-03-16T16:11:21.295109687) [Msg] Material service on [/world/mrsim/wheel_slip]
(2026-03-16T16:11:21.295133508) (2026-03-16T16:11:21.295136978) [Dbg] [SystemManager.cc:73] Loaded system [gz::sim::systems::UserCommands] for entity [1]
(2026-03-16T16:11:21.296492328) (2026-03-16T16:11:21.296498205) [Dbg] [SystemManager.cc:73] Loaded system [gz::sim::systems::SceneBroadcaster] for entity [1]
(2026-03-16T16:11:21.296811095) (2026-03-16T16:11:21.296815535) [Msg] Serving world controls on [/world/mrsim/control], [/world/mrsim/control/state] and [/world/mrsim/playback/control]
(2026-03-16T16:11:21.296899974) (2026-03-16T16:11:21.296904572) [Msg] Serving GUI information on [/world/mrsim/gui/info]
(2026-03-16T16:11:21.296922582) (2026-03-16T16:11:21.296926012) [Msg] World [mrsim] initialized with [1ms] physics profile.
(2026-03-16T16:11:21.297041725) (2026-03-16T16:11:21.297046677) [Msg] Serving world SDF generation service on [/world/mrsim/generate_world_sdf]
(2026-03-16T16:11:21.297132630) (2026-03-16T16:11:21.297137606) [Msg] Serving world names on [/gazebo/worlds]
(2026-03-16T16:11:21.297175629) (2026-03-16T16:11:21.297180318) [Msg] Resource path add service on [/gazebo/resource_paths/add].
(2026-03-16T16:11:21.297218041) (2026-03-16T16:11:21.297222923) [Msg] Resource path get service on [/gazebo/resource_paths/get].
(2026-03-16T16:11:21.297259484) (2026-03-16T16:11:21.297265313) [Msg] Resource path resolve service on [/gazebo/resource_paths/resolve].
(2026-03-16T16:11:21.297318678) (2026-03-16T16:11:21.297322306) [Msg] Resource paths published on [/gazebo/resource_paths].
(2026-03-16T16:11:21.297388054) (2026-03-16T16:11:21.297394198) [Msg] Server control service on [/server_control].
(2026-03-16T16:11:22.857586759) (2026-03-16T16:11:22.857599275) [Msg] Found no publishers on /stats, adding root stats topic
(2026-03-16T16:11:22.857805440) (2026-03-16T16:11:22.857812390) [Msg] Found no publishers on /clock, adding root clock topic
(2026-03-16T16:11:22.857981134) (2026-03-16T16:11:22.857987482) [Dbg] [SimulationRunner.cc:501] Creating PostUpdate worker threads: 4
(2026-03-16T16:11:22.858013624) (2026-03-16T16:11:22.858019543) [Dbg] [SimulationRunner.cc:512] Creating postupdate worker thread (0)
(2026-03-16T16:11:22.858097922) (2026-03-16T16:11:22.858104025) [Dbg] [SimulationRunner.cc:512] Creating postupdate worker thread (1)
(2026-03-16T16:11:22.858155659) (2026-03-16T16:11:22.858161629) [Dbg] [SimulationRunner.cc:512] Creating postupdate worker thread (2)
(2026-03-16T16:11:22.862059964) (2026-03-16T16:11:22.862067547) [Dbg] [SimulationFeatures.cc:71] Simulation timestep set to: 0.005
(2026-03-16T16:11:22.862593189) (2026-03-16T16:11:22.862602846) [Dbg] [Sensors.cc:610] Initialization needed
(2026-03-16T16:11:22.862651253) (2026-03-16T16:11:22.862657403) [Dbg] [Sensors.cc:270] Initializing render context
(2026-03-16T16:11:22.862745565) (2026-03-16T16:11:22.862749285) [Msg] Loading plugin [ignition-rendering-ogre2]
(2026-03-16T16:11:22.863177432) (2026-03-16T16:11:22.863183573) [Msg] Serving scene information on [/world/mrsim/scene/info]
(2026-03-16T16:11:22.863235824) (2026-03-16T16:11:22.863240318) [Msg] Serving graph information on [/world/mrsim/scene/graph]
(2026-03-16T16:11:22.863332861) (2026-03-16T16:11:22.863336906) [Msg] Serving full state on [/world/mrsim/state]
(2026-03-16T16:11:22.863381477) (2026-03-16T16:11:22.863386577) [Msg] Serving full state (async) on [/world/mrsim/state_async]
(2026-03-16T16:11:22.863444725) (2026-03-16T16:11:22.863449774) [Msg] Publishing scene information on [/world/mrsim/scene/info]
(2026-03-16T16:11:22.863531475) (2026-03-16T16:11:22.863537855) [Msg] Publishing entity deletions on [/world/mrsim/scene/deletion]
(2026-03-16T16:11:22.863576773) (2026-03-16T16:11:22.863582160) [Msg] Publishing state changes on [/world/mrsim/state]
(2026-03-16T16:11:22.863641423) (2026-03-16T16:11:22.863648003) [Msg] Publishing pose messages on [/world/mrsim/pose/info]
(2026-03-16T16:11:22.863696663) (2026-03-16T16:11:22.863703010) [Msg] Publishing dynamic pose messages on [/world/mrsim/dynamic_pose/info]
(2026-03-16T16:11:22.863883857) (2026-03-16T16:11:22.863887919) [Dbg] [EntityComponentManager.cc:1623] Updated state thread iterators: 8 threads processing around 6 entities each.
(2026-03-16T16:11:23.3083395) (2026-03-16T16:11:23.3089643) [Dbg] [RenderUtil.cc:2591] Create scene [scene]
((2026-03-16T16:11:23.27773590) (2026-03-16T16:11:23.277879342026-03-16T16:11:23.27794330) ) (2026-03-16T16:11:23.27803270) Rendering Thread initialized[Dbg] [Sensors.cc:284] [Dbg] [Sensors.cc:610] Initialization needed

(2026-03-16T16:11:23.974270938) (2026-03-16T16:11:23.974282002) [Dbg] [CameraSensor.cc:394] Camera images for [qr4::base::camera] advertised on [/camera]
(2026-03-16T16:11:23.974421359) (2026-03-16T16:11:23.974427835) [Dbg] [CameraSensor.cc:705] Camera info for [qr4::base::camera] advertised on [/camera_info]
(2026-03-16T16:11:23.974756257) (2026-03-16T16:11:23.974761099) [Wrn] [Ogre2Camera.cc:390] Ogre2Camera::SetVisibilityMask: Mask bits c0000000 are set but will be ignored as they conflict with the reserved bits used internally by the ogre2 backend.
(2026-03-16T16:11:23.974932781) (2026-03-16T16:11:23.974936618) [Msg] Loading plugin [ignition-rendering-ogre2]
(2026-03-16T16:11:24.45697735) (2026-03-16T16:11:24.45711060) [Dbg] [CameraSensor.cc:518] Enabling camera sensor: 'qr4::base::camera' data generation.
(2026-03-16T16:11:43.443569767) (2026-03-16T16:11:43.443577639) [Dbg] [SignalHandler.cc:141] Received signal[2].
(2026-03-16T16:11:43.443594663) (2026-03-16T16:11:43.443597885) [Dbg] [ServerPrivate.cc:110] Server received signal[2]
(2026-03-16T16:11:43.443611657) (2026-03-16T16:11:43.443614742) [Dbg] [Sensors.cc:439] SensorsPrivate::Stop
(2026-03-16T16:11:43.443887880) (2026-03-16T16:11:43.443895621) [Dbg] [Sensors.cc:425] SensorsPrivate::RenderThread stopped
(2026-03-16T16:11:43.444542995) (2026-03-16T16:11:43.444549889) [Dbg] [gz.cc:410] Shutting down ign-gazebo-server
(2026-03-16T16:11:43.446640020() (2026-03-16T16:11:43.446650311) ) 2026-03-16T16:11:43.4466611962026-03-16T16:11:43.4466611962026-03-16T16:11:43.446663198) (2026-03-16T16:11:43.446674824) ) (2026-03-16T16:11:43.4466862812026-03-16T16:11:43.446686281[Dbg] [SimulationRunner.cc:528] ) Exiting postupdate worker thread (1)
Exiting postupdate worker thread (0)
2)

(2026-03-16T16:11:43.465307031) (2026-03-16T16:11:43.465314241) [Dbg] [Sensors.cc:439] SensorsPrivate::Stop
