(2026-03-13T16:21:02.462172772) (2026-03-13T16:21:02.462183300) [Msg] Ignition Gazebo Server v6.17.1
(2026-03-13T16:21:02.465074016) (2026-03-13T16:21:02.465086821) [Msg] Loading SDF world file[/home/user/ros2_ws/install/mrsim_gazebo_sim/share/mrsim_gazebo_sim/worlds/example.world].
(2026-03-13T16:21:02.758082859) (2026-03-13T16:21:02.758093855) [Msg] Serving entity system service on [/entity/system/add]
(2026-03-13T16:21:02.782707095) (2026-03-13T16:21:02.782716310) [Dbg] [SystemManager.cc:73] Loaded system [ignition::gazebo::systems::ShaderParam] for entity [9]
(2026-03-13T16:21:02.785644731) (2026-03-13T16:21:02.785654627) [Dbg] [SystemManager.cc:73] Loaded system [mrsim_gazebo_sim::SetPegPosePlugin] for entity [10]
(2026-03-13T16:21:02.819422097) (2026-03-13T16:21:02.819432550) [Dbg] [SystemManager.cc:73] Loaded system [mrsim_gazebo_sim::MrsimDroneIgnPlugin] for entity [14]
(2026-03-13T16:21:02.821517860) (2026-03-13T16:21:02.821528648) [Dbg] [MulticopterMotorModel.cc:373] Listening to topic: qr4/gazebo/command/motor_speed
(2026-03-13T16:21:02.821681489) (2026-03-13T16:21:02.821688951) [Dbg] [SystemManager.cc:73] Loaded system [ignition::gazebo::systems::MulticopterMotorModel] for entity [14]
(2026-03-13T16:21:02.822027206) (2026-03-13T16:21:02.822033565) [Dbg] [MulticopterMotorModel.cc:373] Listening to topic: qr4/gazebo/command/motor_speed
(2026-03-13T16:21:02.822108107) (2026-03-13T16:21:02.822113529) [Dbg] [SystemManager.cc:73] Loaded system [ignition::gazebo::systems::MulticopterMotorModel] for entity [14]
(2026-03-13T16:21:02.822390710) (2026-03-13T16:21:02.822396662) [Dbg] [MulticopterMotorModel.cc:373] Listening to topic: qr4/gazebo/command/motor_speed
(2026-03-13T16:21:02.822459529) (2026-03-13T16:21:02.822465089) [Dbg] [SystemManager.cc:73] Loaded system [ignition::gazebo::systems::MulticopterMotorModel] for entity [14]
(2026-03-13T16:21:02.822717812) (2026-03-13T16:21:02.822723428) [Dbg] [MulticopterMotorModel.cc:373] Listening to topic: qr4/gazebo/command/motor_speed
(2026-03-13T16:21:02.822784778) (2026-03-13T16:21:02.822790214) [Dbg] [SystemManager.cc:73] Loaded system [ignition::gazebo::systems::MulticopterMotorModel] for entity [14]
(2026-03-13T16:21:02.824030211) (2026-03-13T16:21:02.824036580) [Msg] OdometryPublisher publishing odometry on [/model/qr4/odometry]
(2026-03-13T16:21:02.824105362) (2026-03-13T16:21:02.824110306) [Msg] OdometryPublisher publishing odometry with covariance on [/model/qr4/odometry_with_covariance]
(2026-03-13T16:21:02.824173678) (2026-03-13T16:21:02.824178433) [Msg] OdometryPublisher publishing Pose_V (TF) on [/model/qr4/pose]
(2026-03-13T16:21:02.824199933) (2026-03-13T16:21:02.824204246) [Dbg] [SystemManager.cc:73] Loaded system [ignition::gazebo::systems::OdometryPublisher] for entity [14]
(2026-03-13T16:21:02.837372004) (2026-03-13T16:21:02.837382125) [Dbg] [Sensors.cc:506] Configuring Sensors system
(2026-03-13T16:21:02.837478135) (2026-03-13T16:21:02.837482968) [Dbg] [Sensors.cc:431] SensorsPrivate::Run
(2026-03-13T16:21:02.837564785) (2026-03-13T16:21:02.837569679) [Dbg] [SystemManager.cc:73] Loaded system [ignition::gazebo::systems::Sensors] for entity [(142026-03-13T16:21:02.837591304]) (
) ) [Dbg] [Sensors.cc:411] SensorsPrivate::RenderThread started
(2026-03-13T16:21:02.837674277) (2026-03-13T16:21:02.837683155) [Dbg] [Sensors.cc:258] Waiting for init
(2026-03-13T16:21:02.838026551) (2026-03-13T16:21:02.838032233) [Msg] Loaded level [3]
(2026-03-13T16:21:02.838053574) (2026-03-13T16:21:02.838057964) [Msg] No systems loaded from SDF, loading defaults
(2026-03-13T16:21:02.838217095) (2026-03-13T16:21:02.838222051) [Dbg] [ServerConfig.cc:1043] Loaded (3) plugins from file [/home/user/.ignition/gazebo/6/server.config]
(2026-03-13T16:21:02.861740200) (2026-03-13T16:21:02.861755267) [Dbg] [Physics.cc:804] Loaded [ignition::physics::dartsim::Plugin] from library [/usr/lib/x86_64-linux-gnu/ign-physics-5/engine-plugins/libignition-physics-dartsim-plugin.so]
(2026-03-13T16:21:02.861825547) (2026-03-13T16:21:02.861832272) [Dbg] [SystemManager.cc:73] Loaded system [gz::sim::systems::Physics] for entity [1]
(2026-03-13T16:21:02.863993909) (2026-03-13T16:21:02.864004007) [Msg] Create service on [/world/mrsim/create]
(2026-03-13T16:21:02.864131813) (2026-03-13T16:21:02.864140161) [Msg] Remove service on [/world/mrsim/remove]
(2026-03-13T16:21:02.864250316) (2026-03-13T16:21:02.864259373) [Msg] Pose service on [/world/mrsim/set_pose]
(2026-03-13T16:21:02.864472794) (2026-03-13T16:21:02.864480034) [Msg] Pose service on [/world/mrsim/set_pose_vector]
(2026-03-13T16:21:02.864612772) (2026-03-13T16:21:02.864620551) [Msg] Light configuration service on [/world/mrsim/light_config]
(2026-03-13T16:21:02.864781734) (2026-03-13T16:21:02.864788889) [Msg] Physics service on [/world/mrsim/set_physics]
(2026-03-13T16:21:02.864881328) (2026-03-13T16:21:02.864888540) [Msg] SphericalCoordinates service on [/world/mrsim/set_spherical_coordinates]
(2026-03-13T16:21:02.864942121) (2026-03-13T16:21:02.864948613) [Msg] Enable collision service on [/world/mrsim/enable_collision]
(2026-03-13T16:21:02.864999337) (2026-03-13T16:21:02.865006183) [Msg] Disable collision service on [/world/mrsim/disable_collision]
(2026-03-13T16:21:02.865144949) (2026-03-13T16:21:02.865152501) [Msg] Material service on [/world/mrsim/visual_config]
(2026-03-13T16:21:02.865236414) (2026-03-13T16:21:02.865244074) [Msg] Material service on [/world/mrsim/wheel_slip]
(2026-03-13T16:21:02.865277014) (2026-03-13T16:21:02.865281754) [Dbg] [SystemManager.cc:73] Loaded system [gz::sim::systems::UserCommands] for entity [1]
(2026-03-13T16:21:02.867077600) (2026-03-13T16:21:02.867084681) [Dbg] [SystemManager.cc:73] Loaded system [gz::sim::systems::SceneBroadcaster] for entity [1]
(2026-03-13T16:21:02.867386810) (2026-03-13T16:21:02.867393120) [Msg] Serving world controls on [/world/mrsim/control], [/world/mrsim/control/state] and [/world/mrsim/playback/control]
(2026-03-13T16:21:02.867489726) (2026-03-13T16:21:02.867495989) [Msg] Serving GUI information on [/world/mrsim/gui/info]
(2026-03-13T16:21:02.867519409) (2026-03-13T16:21:02.867524130) [Msg] World [mrsim] initialized with [1ms] physics profile.
(2026-03-13T16:21:02.867639622) (2026-03-13T16:21:02.867645739) [Msg] Serving world SDF generation service on [/world/mrsim/generate_world_sdf]
(2026-03-13T16:21:02.867733572) (2026-03-13T16:21:02.867739575) [Msg] Serving world names on [/gazebo/worlds]
(2026-03-13T16:21:02.867791813) (2026-03-13T16:21:02.867799240) [Msg] Resource path add service on [/gazebo/resource_paths/add].
(2026-03-13T16:21:02.867869727) (2026-03-13T16:21:02.867875114) [Msg] Resource path get service on [/gazebo/resource_paths/get].
(2026-03-13T16:21:02.867943915) (2026-03-13T16:21:02.867951073) [Msg] Resource path resolve service on [/gazebo/resource_paths/resolve].
(2026-03-13T16:21:02.968260560) (2026-03-13T16:21:02.968273619) [Msg] Resource paths published on [/gazebo/resource_paths].
(2026-03-13T16:21:02.968483057) (2026-03-13T16:21:02.968492886) [Msg] Server control service on [/server_control].
(2026-03-13T16:21:04.359903263) (2026-03-13T16:21:04.359912501) [Msg] Found no publishers on /stats, adding root stats topic
(2026-03-13T16:21:04.360076431) (2026-03-13T16:21:04.360081871) [Msg] Found no publishers on /clock, adding root clock topic
(2026-03-13T16:21:04.360236847) (2026-03-13T16:21:04.360243942) [Dbg] [SimulationRunner.cc:501] Creating PostUpdate worker threads: 4
(2026-03-13T16:21:04.360271712) (2026-03-13T16:21:04.360278510) [Dbg] [SimulationRunner.cc:512] Creating postupdate worker thread (0)
(2026-03-13T16:21:04.360382188) (2026-03-13T16:21:04.360387537) [Dbg] [SimulationRunner.cc:512] Creating postupdate worker thread (1)
(2026-03-13T16:21:04.360425238) (2026-03-13T16:21:04.360430038) [Dbg] [SimulationRunner.cc:512] Creating postupdate worker thread (2)
(2026-03-13T16:21:04.364935817) (2026-03-13T16:21:04.364944493) [Dbg] [SimulationFeatures.cc:71] Simulation timestep set to: 0.005
(2026-03-13T16:21:04.365370932) (2026-03-13T16:21:04.365382339) [Dbg] [Sensors.cc:610] Initialization needed
(2026-03-13T16:21:04.365431272) (2026-03-13T16:21:04.365439332) [Dbg] [Sensors.cc:270] Initializing render context
(2026-03-13T16:21:04.365551731) (2026-03-13T16:21:04.365557210) [Msg] Loading plugin [ignition-rendering-ogre2]
(2026-03-13T16:21:04.366345551) (2026-03-13T16:21:04.366355857) [Msg] Serving scene information on [/world/mrsim/scene/info]
(2026-03-13T16:21:04.366453428) (2026-03-13T16:21:04.366462197) [Msg] Serving graph information on [/world/mrsim/scene/graph]
(2026-03-13T16:21:04.366621980) (2026-03-13T16:21:04.366627761) [Msg] Serving full state on [/world/mrsim/state]
(2026-03-13T16:21:04.366678866) (2026-03-13T16:21:04.366683544) [Msg] Serving full state (async) on [/world/mrsim/state_async]
(2026-03-13T16:21:04.366764448) (2026-03-13T16:21:04.366771874) [Msg] Publishing scene information on [/world/mrsim/scene/info]
(2026-03-13T16:21:04.366912399) (2026-03-13T16:21:04.366917985) [Msg] Publishing entity deletions on [/world/mrsim/scene/deletion]
(2026-03-13T16:21:04.366998593) (2026-03-13T16:21:04.367005092) [Msg] Publishing state changes on [/world/mrsim/state]
(2026-03-13T16:21:04.367083244) (2026-03-13T16:21:04.367090360) [Msg] Publishing pose messages on [/world/mrsim/pose/info]
(2026-03-13T16:21:04.367169063) (2026-03-13T16:21:04.367176792) [Msg] Publishing dynamic pose messages on [/world/mrsim/dynamic_pose/info]
(2026-03-13T16:21:04.367538079) (2026-03-13T16:21:04.367546961) [Dbg] [EntityComponentManager.cc:1623] Updated state thread iterators: 8 threads processing around 6 entities each.
(2026-03-13T16:21:04.549137096) (2026-03-13T16:21:04.549144588) [Dbg] [RenderUtil.cc:2591] Create scene [scene]
((2026-03-13T16:21:04.577962916) (2026-03-13T16:21:04.577971427) 2026-03-13T16:21:04.577949823) (2026-03-13T16:21:04.577988240) Rendering Thread initialized) Rendering Thread initialized
[Dbg] [Sensors.cc:610] Initialization needed
(2026-03-13T16:21:05.655009999) (2026-03-13T16:21:05.655023475) [Dbg] [CameraSensor.cc:394] Camera images for [qr4::base::camera] advertised on [/camera]
(2026-03-13T16:21:05.655239571) (2026-03-13T16:21:05.655247896) [Dbg] [CameraSensor.cc:705] Camera info for [qr4::base::camera] advertised on [/camera_info]
(2026-03-13T16:21:05.655769407) (2026-03-13T16:21:05.655777807) [Wrn] [Ogre2Camera.cc:390] Ogre2Camera::SetVisibilityMask: Mask bits c0000000 are set but will be ignored as they conflict with the reserved bits used internally by the ogre2 backend.
(2026-03-13T16:21:05.656069472) (2026-03-13T16:21:05.656074893) [Msg] Loading plugin [ignition-rendering-ogre2]
(2026-03-13T16:21:05.733835670) (2026-03-13T16:21:05.733849517) [Dbg] [CameraSensor.cc:518] Enabling camera sensor: 'qr4::base::camera' data generation.
(2026-03-13T16:21:17.992881098) (2026-03-13T16:21:17.992905330) [Dbg] [SignalHandler.cc:141] Received signal[2].
(2026-03-13T16:21:17.992955250) (2026-03-13T16:21:17.992971437) [Dbg] [ServerPrivate.cc:110] Server received signal[2]
(2026-03-13T16:21:17.993018349) (2026-03-13T16:21:17.993026101) [Dbg] [Sensors.cc:439] SensorsPrivate::Stop
(2026-03-13T16:21:17.993527462) (2026-03-13T16:21:17.993536873) [Dbg] [Sensors.cc:425] SensorsPrivate::RenderThread stopped
(2026-03-13T16:21:17.996510417) (2026-03-13T16:21:17.996527131) [Dbg] [gz.cc:410] Shutting down ign-gazebo-server
(2026-03-13T16:21:18.1973751) (2026-03-13T16:21:18.1992866) [Dbg] [SimulationRunner.cc:528] Exiting postupdate worker thread (1)
(2026-03-13T16:21:18.2115723) (2026-03-13T16:21:18.2123638) [Dbg] [SimulationRunner.cc:528] Exiting postupdate worker thread (0)
(2026-03-13T16:21:18.2180212) (2026-03-13T16:21:18.2187571) [Dbg] [SimulationRunner.cc:528] Exiting postupdate worker thread (2)
(2026-03-13T16:21:18.42188827) (2026-03-13T16:21:18.42209934) [Dbg] [Sensors.cc:439] SensorsPrivate::Stop
