(2026-03-17T12:16:15.749019901) (2026-03-17T12:16:15.749028853) [Msg] Ignition Gazebo Server v6.17.1
(2026-03-17T12:16:15.751841455) (2026-03-17T12:16:15.751850732) [Msg] Loading SDF world file[/home/user/ros2_ws/install/mrsim_gazebo_sim/share/mrsim_gazebo_sim/worlds/example.world].
(2026-03-17T12:16:15.959054922) (2026-03-17T12:16:15.959061135) [Msg] Serving entity system service on [/entity/system/add]
(2026-03-17T12:16:15.987584804) (2026-03-17T12:16:15.987597562) [Dbg] [SystemManager.cc:73] Loaded system [ignition::gazebo::systems::ShaderParam] for entity [9]
(2026-03-17T12:16:15.991289951) (2026-03-17T12:16:15.991297502) [Dbg] [SystemManager.cc:73] Loaded system [mrsim_gazebo_sim::SetPegPosePlugin] for entity [10]
(2026-03-17T12:16:16.17819477) (2026-03-17T12:16:16.17830476) [Dbg] [SystemManager.cc:73] Loaded system [mrsim_gazebo_sim::MrsimDroneIgnPlugin] for entity [14]
(2026-03-17T12:16:16.19232976) (2026-03-17T12:16:16.19239893) [Dbg] [MulticopterMotorModel.cc:373] Listening to topic: qr4/gazebo/command/motor_speed
(2026-03-17T12:16:16.19387361) (2026-03-17T12:16:16.19391535) [Dbg] [SystemManager.cc:73] Loaded system [ignition::gazebo::systems::MulticopterMotorModel] for entity [14]
(2026-03-17T12:16:16.19759245) (2026-03-17T12:16:16.19763706) [Dbg] [MulticopterMotorModel.cc:373] Listening to topic: qr4/gazebo/command/motor_speed
(2026-03-17T12:16:16.19841115) (2026-03-17T12:16:16.19846730) [Dbg] [SystemManager.cc:73] Loaded system [ignition::gazebo::systems::MulticopterMotorModel] for entity [14]
(2026-03-17T12:16:16.20061845) (2026-03-17T12:16:16.20065877) [Dbg] [MulticopterMotorModel.cc:373] Listening to topic: qr4/gazebo/command/motor_speed
(2026-03-17T12:16:16.20120330) (2026-03-17T12:16:16.20124226) [Dbg] [SystemManager.cc:73] Loaded system [ignition::gazebo::systems::MulticopterMotorModel] for entity [14]
(2026-03-17T12:16:16.20309993) (2026-03-17T12:16:16.20314085) [Dbg] [MulticopterMotorModel.cc:373] Listening to topic: qr4/gazebo/command/motor_speed
(2026-03-17T12:16:16.20365555) (2026-03-17T12:16:16.20369459) [Dbg] [SystemManager.cc:73] Loaded system [ignition::gazebo::systems::MulticopterMotorModel] for entity [14]
(2026-03-17T12:16:16.21354784) (2026-03-17T12:16:16.21362692) [Msg] OdometryPublisher publishing odometry on [/model/qr4/odometry]
(2026-03-17T12:16:16.21432723) (2026-03-17T12:16:16.21437560) [Msg] OdometryPublisher publishing odometry with covariance on [/model/qr4/odometry_with_covariance]
(2026-03-17T12:16:16.21493231) (2026-03-17T12:16:16.21497267) [Msg] OdometryPublisher publishing Pose_V (TF) on [/model/qr4/pose]
(2026-03-17T12:16:16.21515262) (2026-03-17T12:16:16.21518644) [Dbg] [SystemManager.cc:73] Loaded system [ignition::gazebo::systems::OdometryPublisher] for entity [14]
(2026-03-17T12:16:16.32061911) (2026-03-17T12:16:16.32077541) [Dbg] [Sensors.cc:506] Configuring Sensors system
(2026-03-17T12:16:16.32215628) (2026-03-17T12:16:16.32219221) [Dbg] [Sensors.cc:431] SensorsPrivate::Run
(() (2026-03-17T12:16:16.32329657) ) ((2026-03-17T12:16:16.32342676) SensorsPrivate::RenderThread started
(2026-03-17T12:16:16.32362652) ((Loaded system [ignition::gazebo::systems::Sensors] for entity [) [Dbg] [Sensors.cc:258] Waiting for init
]
(2026-03-17T12:16:16.32972885) (2026-03-17T12:16:16.32977294) [Msg] Loaded level [3]
(2026-03-17T12:16:16.32994911) (2026-03-17T12:16:16.32998368) [Msg] No systems loaded from SDF, loading defaults
(2026-03-17T12:16:16.33159718) (2026-03-17T12:16:16.33163421) [Dbg] [ServerConfig.cc:1043] Loaded (3) plugins from file [/home/user/.ignition/gazebo/6/server.config]
(2026-03-17T12:16:16.54027585) (2026-03-17T12:16:16.54034424) [Dbg] [Physics.cc:804] Loaded [ignition::physics::dartsim::Plugin] from library [/usr/lib/x86_64-linux-gnu/ign-physics-5/engine-plugins/libignition-physics-dartsim-plugin.so]
(2026-03-17T12:16:16.54085689) (2026-03-17T12:16:16.54090840) [Dbg] [SystemManager.cc:73] Loaded system [gz::sim::systems::Physics] for entity [1]
(2026-03-17T12:16:16.55717248) (2026-03-17T12:16:16.55722973) [Msg] Create service on [/world/mrsim/create]
(2026-03-17T12:16:16.55814889) (2026-03-17T12:16:16.55825154) [Msg] Remove service on [/world/mrsim/remove]
(2026-03-17T12:16:16.55902244) (2026-03-17T12:16:16.55906176) [Msg] Pose service on [/world/mrsim/set_pose]
(2026-03-17T12:16:16.55946941) (2026-03-17T12:16:16.55950625) [Msg] Pose service on [/world/mrsim/set_pose_vector]
(2026-03-17T12:16:16.56039829) (2026-03-17T12:16:16.56043675) [Msg] Light configuration service on [/world/mrsim/light_config]
(2026-03-17T12:16:16.56167067) (2026-03-17T12:16:16.56173505) [Msg] Physics service on [/world/mrsim/set_physics]
(2026-03-17T12:16:16.56239674) (2026-03-17T12:16:16.56245345) [Msg] SphericalCoordinates service on [/world/mrsim/set_spherical_coordinates]
(2026-03-17T12:16:16.56283886) (2026-03-17T12:16:16.56288834) [Msg] Enable collision service on [/world/mrsim/enable_collision]
(2026-03-17T12:16:16.56329394) (2026-03-17T12:16:16.56334284) [Msg] Disable collision service on [/world/mrsim/disable_collision]
(2026-03-17T12:16:16.56431040) (2026-03-17T12:16:16.56436895) [Msg] Material service on [/world/mrsim/visual_config]
(2026-03-17T12:16:16.56499254) (2026-03-17T12:16:16.56504818) [Msg] Material service on [/world/mrsim/wheel_slip]
(2026-03-17T12:16:16.56525795) (2026-03-17T12:16:16.56529267) [Dbg] [SystemManager.cc:73] Loaded system [gz::sim::systems::UserCommands] for entity [1]
(2026-03-17T12:16:16.57683911) (2026-03-17T12:16:16.57688830) [Dbg] [SystemManager.cc:73] Loaded system [gz::sim::systems::SceneBroadcaster] for entity [1]
(2026-03-17T12:16:16.57884845) (2026-03-17T12:16:16.57889728) [Msg] Serving world controls on [/world/mrsim/control], [/world/mrsim/control/state] and [/world/mrsim/playback/control]
(2026-03-17T12:16:16.57954863) (2026-03-17T12:16:16.57960221) [Msg] Serving GUI information on [/world/mrsim/gui/info]
(2026-03-17T12:16:16.57977676) (2026-03-17T12:16:16.57981090) [Msg] World [mrsim] initialized with [1ms] physics profile.
(2026-03-17T12:16:16.58063533) (2026-03-17T12:16:16.58068997) [Msg] Serving world SDF generation service on [/world/mrsim/generate_world_sdf]
(2026-03-17T12:16:16.58133473) (2026-03-17T12:16:16.58138070) [Msg] Serving world names on [/gazebo/worlds]
(2026-03-17T12:16:16.58175140) (2026-03-17T12:16:16.58180230) [Msg] Resource path add service on [/gazebo/resource_paths/add].
(2026-03-17T12:16:16.58216414) (2026-03-17T12:16:16.58221339) [Msg] Resource path get service on [/gazebo/resource_paths/get].
(2026-03-17T12:16:16.58256473) (2026-03-17T12:16:16.58261569) [Msg] Resource path resolve service on [/gazebo/resource_paths/resolve].
(2026-03-17T12:16:16.58307173) (2026-03-17T12:16:16.58311334) [Msg] Resource paths published on [/gazebo/resource_paths].
(2026-03-17T12:16:16.58370624) (2026-03-17T12:16:16.58375775) [Msg] Server control service on [/server_control].
(2026-03-17T12:16:17.647666734) (2026-03-17T12:16:17.647679598) [Msg] Found no publishers on /stats, adding root stats topic
(2026-03-17T12:16:17.647879352) (2026-03-17T12:16:17.647885771) [Msg] Found no publishers on /clock, adding root clock topic
(2026-03-17T12:16:17.648059708) (2026-03-17T12:16:17.648066050) [Dbg] [SimulationRunner.cc:501] Creating PostUpdate worker threads: 4
(2026-03-17T12:16:17.648092243) (2026-03-17T12:16:17.648097724) [Dbg] [SimulationRunner.cc:512] Creating postupdate worker thread (0)
(2026-03-17T12:16:17.648193016) (2026-03-17T12:16:17.648198670) [Dbg] [SimulationRunner.cc:512] Creating postupdate worker thread (1)
(2026-03-17T12:16:17.648242965) (2026-03-17T12:16:17.648248188) [Dbg] [SimulationRunner.cc:512] Creating postupdate worker thread (2)
(2026-03-17T12:16:17.653585938) (2026-03-17T12:16:17.653595875) [Dbg] [SimulationFeatures.cc:71] Simulation timestep set to: 0.005
(2026-03-17T12:16:17.654118673) (2026-03-17T12:16:17.654128010) [Dbg] [Sensors.cc:610] Initialization needed
(2026-03-17T12:16:17.654171095) (2026-03-17T12:16:17.654178400) [Dbg] [Sensors.cc:270] Initializing render context
(2026-03-17T12:16:17.654315685) (2026-03-17T12:16:17.654321223) [Msg] Loading plugin [ignition-rendering-ogre2]
(2026-03-17T12:16:17.655004203) (2026-03-17T12:16:17.655012158) [Msg] Serving scene information on [/world/mrsim/scene/info]
(2026-03-17T12:16:17.655126326) (2026-03-17T12:16:17.655133347) [Msg] Serving graph information on [/world/mrsim/scene/graph]
(2026-03-17T12:16:17.655286280) (2026-03-17T12:16:17.655294726) [Msg] Serving full state on [/world/mrsim/state]
(2026-03-17T12:16:17.655368138) (2026-03-17T12:16:17.655374600) [Msg] Serving full state (async) on [/world/mrsim/state_async]
(2026-03-17T12:16:17.655483812) (2026-03-17T12:16:17.655489590) [Msg] Publishing scene information on [/world/mrsim/scene/info]
(2026-03-17T12:16:17.655661347) (2026-03-17T12:16:17.655670627) [Msg] Publishing entity deletions on [/world/mrsim/scene/deletion]
(2026-03-17T12:16:17.655826630) (2026-03-17T12:16:17.655866807) [Msg] Publishing state changes on [/world/mrsim/state]
(2026-03-17T12:16:17.656052315) (2026-03-17T12:16:17.656057281) [Msg] Publishing pose messages on [/world/mrsim/pose/info]
(2026-03-17T12:16:17.656119143) (2026-03-17T12:16:17.656125317) [Msg] Publishing dynamic pose messages on [/world/mrsim/dynamic_pose/info]
(2026-03-17T12:16:17.656463961) (2026-03-17T12:16:17.656471199) [Dbg] [EntityComponentManager.cc:1623] Updated state thread iterators: 8 threads processing around 6 entities each.
(2026-03-17T12:16:17.803462028) (2026-03-17T12:16:17.803467907) [Dbg] [RenderUtil.cc:2591] Create scene [scene]
((2026-03-17T12:16:17.827805857) (2026-03-17T12:16:17.8278144032026-03-17T12:16:17.827794749) (2026-03-17T12:16:17.8278226912026-03-17T12:16:17.827822691) [Dbg] [Sensors.cc:610] [Dbg] [Sensors.cc:284] Rendering Thread initialized

(2026-03-17T12:16:18.639402474) (2026-03-17T12:16:18.639413728) [Dbg] [CameraSensor.cc:394] Camera images for [qr4::base::camera] advertised on [/camera]
(2026-03-17T12:16:18.639530737) (2026-03-17T12:16:18.639537361) [Dbg] [CameraSensor.cc:705] Camera info for [qr4::base::camera] advertised on [/camera_info]
(2026-03-17T12:16:18.639867237) (2026-03-17T12:16:18.639872605) [Wrn] [Ogre2Camera.cc:390] Ogre2Camera::SetVisibilityMask: Mask bits c0000000 are set but will be ignored as they conflict with the reserved bits used internally by the ogre2 backend.
(2026-03-17T12:16:18.640039757) (2026-03-17T12:16:18.640043673) [Msg] Loading plugin [ignition-rendering-ogre2]
(2026-03-17T12:16:18.714518968) (2026-03-17T12:16:18.714527932) [Dbg] [CameraSensor.cc:518] Enabling camera sensor: 'qr4::base::camera' data generation.
(2026-03-17T12:16:26.507756395) (2026-03-17T12:16:26.507764531) [Dbg] [SignalHandler.cc:141] Received signal[2].
(2026-03-17T12:16:26.507787464) (2026-03-17T12:16:26.507790994) [Dbg] [ServerPrivate.cc:110] Server received signal[2]
(2026-03-17T12:16:26.507807992) (2026-03-17T12:16:26.507811353) [Dbg] [Sensors.cc:439] SensorsPrivate::Stop
(2026-03-17T12:16:26.508120025) (2026-03-17T12:16:26.508155692) [Dbg] [Sensors.cc:425] SensorsPrivate::RenderThread stopped
(2026-03-17T12:16:26.509827788) (2026-03-17T12:16:26.509837493) [Dbg] [gz.cc:410] Shutting down ign-gazebo-server
(2026-03-17T12:16:26.512210368) (2026-03-17T12:16:26.512217023) (([Dbg] [SimulationRunner.cc:528] [Dbg] [SimulationRunner.cc:528] 2026-03-17T12:16:26.5122312622026-03-17T12:16:26.5122418062026-03-17T12:16:26.5122312622026-03-17T12:16:26.512241806) (2026-03-17T12:16:26.512251350) ) ) ) (2026-03-17T12:16:26.512260469) [Dbg] [SimulationRunner.cc:528] 0[Dbg] [SimulationRunner.cc:528] )
[Dbg] [SimulationRunner.cc:528] 0[Dbg] [SimulationRunner.cc:528] Exiting postupdate worker thread (1)
[Dbg] [SimulationRunner.cc:528] 0Exiting postupdate worker thread (2)
(2026-03-17T12:16:26.536624039) (2026-03-17T12:16:26.536633251) [Dbg] [Sensors.cc:439] SensorsPrivate::Stop
