(2026-03-10T16:47:40.501313893) (2026-03-10T16:47:40.501322813) [Msg] Ignition Gazebo Server v6.17.1
(2026-03-10T16:47:40.503534103) (2026-03-10T16:47:40.503543967) [Msg] Loading SDF world file[/home/user/ros2_ws/install/mrsim_gazebo_sim/share/mrsim_gazebo_sim/worlds/example.world].
(2026-03-10T16:47:40.765048307) (2026-03-10T16:47:40.765061137) [Msg] Serving entity system service on [/entity/system/add]
(2026-03-10T16:47:40.799271311) (2026-03-10T16:47:40.799282127) [Dbg] [SystemManager.cc:73] Loaded system [ignition::gazebo::systems::ShaderParam] for entity [9]
(2026-03-10T16:47:40.803215416) (2026-03-10T16:47:40.803227554) [Dbg] [SystemManager.cc:73] Loaded system [mrsim_gazebo_sim::SetPegPosePlugin] for entity [10]
(2026-03-10T16:47:40.839105877) (2026-03-10T16:47:40.839116697) [Dbg] [SystemManager.cc:73] Loaded system [mrsim_gazebo_sim::MrsimDroneIgnPlugin] for entity [14]
(2026-03-10T16:47:40.840882858) (2026-03-10T16:47:40.840891082) [Dbg] [MulticopterMotorModel.cc:373] Listening to topic: qr4/gazebo/command/motor_speed
(2026-03-10T16:47:40.841036383) (2026-03-10T16:47:40.841042583) [Dbg] [SystemManager.cc:73] Loaded system [ignition::gazebo::systems::MulticopterMotorModel] for entity [14]
(2026-03-10T16:47:40.841464878) (2026-03-10T16:47:40.841471828) [Dbg] [MulticopterMotorModel.cc:373] Listening to topic: qr4/gazebo/command/motor_speed
(2026-03-10T16:47:40.841578721) (2026-03-10T16:47:40.841585197) [Dbg] [SystemManager.cc:73] Loaded system [ignition::gazebo::systems::MulticopterMotorModel] for entity [14]
(2026-03-10T16:47:40.841957581) (2026-03-10T16:47:40.841965181) [Dbg] [MulticopterMotorModel.cc:373] Listening to topic: qr4/gazebo/command/motor_speed
(2026-03-10T16:47:40.842063358) (2026-03-10T16:47:40.842070061) [Dbg] [SystemManager.cc:73] Loaded system [ignition::gazebo::systems::MulticopterMotorModel] for entity [14]
(2026-03-10T16:47:40.842433819) (2026-03-10T16:47:40.842440876) [Dbg] [MulticopterMotorModel.cc:373] Listening to topic: qr4/gazebo/command/motor_speed
(2026-03-10T16:47:40.842505327) (2026-03-10T16:47:40.842542371) [Dbg] [SystemManager.cc:73] Loaded system [ignition::gazebo::systems::MulticopterMotorModel] for entity [14]
(2026-03-10T16:47:40.844255712) (2026-03-10T16:47:40.844267229) [Msg] OdometryPublisher publishing odometry on [/model/qr4/odometry]
(2026-03-10T16:47:40.844361345) (2026-03-10T16:47:40.844368093) [Msg] OdometryPublisher publishing odometry with covariance on [/model/qr4/odometry_with_covariance]
(2026-03-10T16:47:40.844543232) (2026-03-10T16:47:40.844550399) [Msg] OdometryPublisher publishing Pose_V (TF) on [/model/qr4/pose]
(2026-03-10T16:47:40.844582640) (2026-03-10T16:47:40.844588695) [Dbg] [SystemManager.cc:73] Loaded system [ignition::gazebo::systems::OdometryPublisher] for entity [14]
(2026-03-10T16:47:40.864288648) (2026-03-10T16:47:40.864300729) [Dbg] [Sensors.cc:506] Configuring Sensors system
(2026-03-10T16:47:40.864433283) (2026-03-10T16:47:40.864439587) [Dbg] [Sensors.cc:431] SensorsPrivate::Run
(2026-03-10T16:47:40.864565683) (2026-03-10T16:47:40.864572259) [Dbg] [SystemManager.cc:73] Loaded system [ignition::gazebo::systems::Sensors] for entity [14]
(2026-03-10T16:47:40.864826398) (2026-03-10T16:47:40.864835124) [Dbg] [Sensors.cc:411] SensorsPrivate::RenderThread started
(2026-03-10T16:47:40.864858109) (2026-03-10T16:47:40.864863338) [Dbg] [Sensors.cc:258] Waiting for init
(2026-03-10T16:47:40.865136909) (2026-03-10T16:47:40.865143456) [Msg] Loaded level [3]
(2026-03-10T16:47:40.865172854) (2026-03-10T16:47:40.865178340) [Msg] No systems loaded from SDF, loading defaults
(2026-03-10T16:47:40.865545330) (2026-03-10T16:47:40.865556369) [Dbg] [ServerConfig.cc:1043] Loaded (3) plugins from file [/home/user/.ignition/gazebo/6/server.config]
(2026-03-10T16:47:40.892664763) (2026-03-10T16:47:40.892677839) [Dbg] [Physics.cc:804] Loaded [ignition::physics::dartsim::Plugin] from library [/usr/lib/x86_64-linux-gnu/ign-physics-5/engine-plugins/libignition-physics-dartsim-plugin.so]
(2026-03-10T16:47:40.892746207) (2026-03-10T16:47:40.892752307) [Dbg] [SystemManager.cc:73] Loaded system [gz::sim::systems::Physics] for entity [1]
(2026-03-10T16:47:40.895526396) (2026-03-10T16:47:40.895542303) [Msg] Create service on [/world/mrsim/create]
(2026-03-10T16:47:40.895834288) (2026-03-10T16:47:40.895841418) [Msg] Remove service on [/world/mrsim/remove]
(2026-03-10T16:47:40.896006291) (2026-03-10T16:47:40.896012690) [Msg] Pose service on [/world/mrsim/set_pose]
(2026-03-10T16:47:40.896136405) (2026-03-10T16:47:40.896143994) [Msg] Pose service on [/world/mrsim/set_pose_vector]
(2026-03-10T16:47:40.896480370) (2026-03-10T16:47:40.896488812) [Msg] Light configuration service on [/world/mrsim/light_config]
(2026-03-10T16:47:40.896930165) (2026-03-10T16:47:40.896968038) [Msg] Physics service on [/world/mrsim/set_physics]
(2026-03-10T16:47:40.897123888) (2026-03-10T16:47:40.897130245) [Msg] SphericalCoordinates service on [/world/mrsim/set_spherical_coordinates]
(2026-03-10T16:47:40.897292534) (2026-03-10T16:47:40.897299087) [Msg] Enable collision service on [/world/mrsim/enable_collision]
(2026-03-10T16:47:40.897387954) (2026-03-10T16:47:40.897467878) [Msg] Disable collision service on [/world/mrsim/disable_collision]
(2026-03-10T16:47:40.897665048) (2026-03-10T16:47:40.897671534) [Msg] Material service on [/world/mrsim/visual_config]
(2026-03-10T16:47:40.897836683) (2026-03-10T16:47:40.897843583) [Msg] Material service on [/world/mrsim/wheel_slip]
(2026-03-10T16:47:40.897913035) (2026-03-10T16:47:40.897919170) [Dbg] [SystemManager.cc:73] Loaded system [gz::sim::systems::UserCommands] for entity [1]
(2026-03-10T16:47:40.900032640) (2026-03-10T16:47:40.900041969) [Dbg] [SystemManager.cc:73] Loaded system [gz::sim::systems::SceneBroadcaster] for entity [1]
(2026-03-10T16:47:40.900476054) (2026-03-10T16:47:40.900484009) [Msg] Serving world controls on [/world/mrsim/control], [/world/mrsim/control/state] and [/world/mrsim/playback/control]
(2026-03-10T16:47:40.900628380) (2026-03-10T16:47:40.900635209) [Msg] Serving GUI information on [/world/mrsim/gui/info]
(2026-03-10T16:47:40.900707603) (2026-03-10T16:47:40.900713515) [Msg] World [mrsim] initialized with [1ms] physics profile.
(2026-03-10T16:47:40.900847854) (2026-03-10T16:47:40.900854547) [Msg] Serving world SDF generation service on [/world/mrsim/generate_world_sdf]
(2026-03-10T16:47:40.901017777) (2026-03-10T16:47:40.901024483) [Msg] Serving world names on [/gazebo/worlds]
(2026-03-10T16:47:40.901114525) (2026-03-10T16:47:40.901120458) [Msg] Resource path add service on [/gazebo/resource_paths/add].
(2026-03-10T16:47:41.1479427) (2026-03-10T16:47:41.1491961) [Msg] Resource path get service on [/gazebo/resource_paths/get].
(2026-03-10T16:47:41.1667846) (2026-03-10T16:47:41.1675144) [Msg] Resource path resolve service on [/gazebo/resource_paths/resolve].
(2026-03-10T16:47:41.1788420) (2026-03-10T16:47:41.1795210) [Msg] Resource paths published on [/gazebo/resource_paths].
(2026-03-10T16:47:41.1990631) (2026-03-10T16:47:41.1997531) [Msg] Server control service on [/server_control].
(2026-03-10T16:47:42.399274050) (2026-03-10T16:47:42.399281889) [Msg] Found no publishers on /stats, adding root stats topic
(2026-03-10T16:47:42.399425900) (2026-03-10T16:47:42.399430764) [Msg] Found no publishers on /clock, adding root clock topic
(2026-03-10T16:47:42.399560240) (2026-03-10T16:47:42.399566324) [Dbg] [SimulationRunner.cc:501] Creating PostUpdate worker threads: 4
(2026-03-10T16:47:42.399589744) (2026-03-10T16:47:42.399595356) [Dbg] [SimulationRunner.cc:512] Creating postupdate worker thread (0)
(2026-03-10T16:47:42.399665747) (2026-03-10T16:47:42.399671111) [Dbg] [SimulationRunner.cc:512] Creating postupdate worker thread (1)
(2026-03-10T16:47:42.399701863) (2026-03-10T16:47:42.399706998) [Dbg] [SimulationRunner.cc:512] Creating postupdate worker thread (2)
(2026-03-10T16:47:42.402983941) (2026-03-10T16:47:42.402991854) [Dbg] [Sensors.cc:610] Initialization needed
(2026-03-10T16:47:42.403031830) (2026-03-10T16:47:42.403041090) [Dbg] [Sensors.cc:270] Initializing render context
(2026-03-10T16:47:42.403174213) (2026-03-10T16:47:42.403180618) [Msg] Loading plugin [ignition-rendering-ogre2]
(2026-03-10T16:47:42.403630563) (2026-03-10T16:47:42.403636374) [Msg] Serving scene information on [/world/mrsim/scene/info]
(2026-03-10T16:47:42.403691916) (2026-03-10T16:47:42.403697514) [Msg] Serving graph information on [/world/mrsim/scene/graph]
(2026-03-10T16:47:42.403793762) (2026-03-10T16:47:42.403797839) [Msg] Serving full state on [/world/mrsim/state]
(2026-03-10T16:47:42.403848181) (2026-03-10T16:47:42.403854772) [Msg] Serving full state (async) on [/world/mrsim/state_async]
(2026-03-10T16:47:42.403931425) (2026-03-10T16:47:42.403936744) [Msg] Publishing scene information on [/world/mrsim/scene/info]
(2026-03-10T16:47:42.404004224) (2026-03-10T16:47:42.404008225) [Msg] Publishing entity deletions on [/world/mrsim/scene/deletion]
(2026-03-10T16:47:42.404047506) (2026-03-10T16:47:42.404053162) [Msg] Publishing state changes on [/world/mrsim/state]
(2026-03-10T16:47:42.404107495) (2026-03-10T16:47:42.404112663) [Msg] Publishing pose messages on [/world/mrsim/pose/info]
(2026-03-10T16:47:42.404151688) (2026-03-10T16:47:42.404155477) [Msg] Publishing dynamic pose messages on [/world/mrsim/dynamic_pose/info]
(2026-03-10T16:47:42.404333255) (2026-03-10T16:47:42.404337499) [Dbg] [EntityComponentManager.cc:1623] Updated state thread iterators: 8 threads processing around 6 entities each.
(2026-03-10T16:47:42.543191718) (2026-03-10T16:47:42.543200283) [Dbg] [RenderUtil.cc:2591] Create scene [scene]
((2026-03-10T16:47:42.570266262) (2026-03-10T16:47:42.570278957) ) ) ) (2026-03-10T16:47:42.570289066) [Dbg] [Sensors.cc:610] [Dbg] [Sensors.cc:284] Initialization needed
Rendering Thread initialized
(2026-03-10T16:47:43.426499280) (2026-03-10T16:47:43.426520320) [Dbg] [CameraSensor.cc:394] Camera images for [qr4::base::camera] advertised on [/camera]
(2026-03-10T16:47:43.426740763) (2026-03-10T16:47:43.426748443) [Dbg] [CameraSensor.cc:705] Camera info for [qr4::base::camera] advertised on [/camera_info]
(2026-03-10T16:47:43.427273654) (2026-03-10T16:47:43.427280899) [Wrn] [Ogre2Camera.cc:390] Ogre2Camera::SetVisibilityMask: Mask bits c0000000 are set but will be ignored as they conflict with the reserved bits used internally by the ogre2 backend.
(2026-03-10T16:47:43.427565568) (2026-03-10T16:47:43.427571912) [Msg] Loading plugin [ignition-rendering-ogre2]
(2026-03-10T16:47:43.492095893) (2026-03-10T16:47:43.492104363) [Dbg] [CameraSensor.cc:518] Enabling camera sensor: 'qr4::base::camera' data generation.
(2026-03-10T16:47:50.990025248) (2026-03-10T16:47:50.990033473) [Dbg] [SimulationFeatures.cc:71] Simulation timestep set to: 0.005
(2026-03-10T16:48:16.464018624) (2026-03-10T16:48:16.464026331) [Dbg] [SignalHandler.cc:141] Received signal[2].
(2026-03-10T16:48:16.464046661) (2026-03-10T16:48:16.464050123) [Dbg] [ServerPrivate.cc:110] Server received signal[2]
(2026-03-10T16:48:16.464065395) (2026-03-10T16:48:16.464068881) [Dbg] [Sensors.cc:439] SensorsPrivate::Stop
(2026-03-10T16:48:16.464355798) (2026-03-10T16:48:16.464362021) [Dbg] [Sensors.cc:425] SensorsPrivate::RenderThread stopped
(2026-03-10T16:48:16.466865093) (2026-03-10T16:48:16.466870316) [Dbg] [gz.cc:410] Shutting down ign-gazebo-server
(2026-03-10T16:48:16.468982631) (2026-03-10T16:48:16.468988612) [Dbg] [SimulationRunner.cc:528] Exiting postupdate worker thread (2)
(2026-03-10T16:48:16.469089945) (2026-03-10T16:48:16.469095923) ([Dbg] [SimulationRunner.cc:528] 2026-03-10T16:48:16.4691099332026-03-10T16:48:16.469109933(2026-03-10T16:48:16.469121069) Exiting postupdate worker thread (1Exiting postupdate worker thread (Exiting postupdate worker thread (
)
(2026-03-10T16:48:16.494426964) (2026-03-10T16:48:16.494435430) [Dbg] [Sensors.cc:439] SensorsPrivate::Stop
