(2026-03-16T16:45:42.924947053) (2026-03-16T16:45:42.924955232) [Msg] Ignition Gazebo Server v6.17.1
(2026-03-16T16:45:42.927192596) (2026-03-16T16:45:42.927203989) [Msg] Loading SDF world file[/home/user/ros2_ws/install/mrsim_gazebo_sim/share/mrsim_gazebo_sim/worlds/example.world].
(2026-03-16T16:45:43.195866976) (2026-03-16T16:45:43.195874570) [Msg] Serving entity system service on [/entity/system/add]
(2026-03-16T16:45:43.220646252) (2026-03-16T16:45:43.220653947) [Dbg] [SystemManager.cc:73] Loaded system [ignition::gazebo::systems::ShaderParam] for entity [9]
(2026-03-16T16:45:43.223529007) (2026-03-16T16:45:43.223541279) [Dbg] [SystemManager.cc:73] Loaded system [mrsim_gazebo_sim::SetPegPosePlugin] for entity [10]
(2026-03-16T16:45:43.258955957) (2026-03-16T16:45:43.258963769) [Dbg] [SystemManager.cc:73] Loaded system [mrsim_gazebo_sim::MrsimDroneIgnPlugin] for entity [14]
(2026-03-16T16:45:43.260162882) (2026-03-16T16:45:43.260168601) [Dbg] [MulticopterMotorModel.cc:373] Listening to topic: qr4/gazebo/command/motor_speed
(2026-03-16T16:45:43.260277897) (2026-03-16T16:45:43.260281883) [Dbg] [SystemManager.cc:73] Loaded system [ignition::gazebo::systems::MulticopterMotorModel] for entity [14]
(2026-03-16T16:45:43.260526606) (2026-03-16T16:45:43.260530721) [Dbg] [MulticopterMotorModel.cc:373] Listening to topic: qr4/gazebo/command/motor_speed
(2026-03-16T16:45:43.260586167) (2026-03-16T16:45:43.260590189) [Dbg] [SystemManager.cc:73] Loaded system [ignition::gazebo::systems::MulticopterMotorModel] for entity [14]
(2026-03-16T16:45:43.260794438) (2026-03-16T16:45:43.260798536) [Dbg] [MulticopterMotorModel.cc:373] Listening to topic: qr4/gazebo/command/motor_speed
(2026-03-16T16:45:43.260845354) (2026-03-16T16:45:43.260849207) [Dbg] [SystemManager.cc:73] Loaded system [ignition::gazebo::systems::MulticopterMotorModel] for entity [14]
(2026-03-16T16:45:43.261040709) (2026-03-16T16:45:43.261045277) [Dbg] [MulticopterMotorModel.cc:373] Listening to topic: qr4/gazebo/command/motor_speed
(2026-03-16T16:45:43.261089997) (2026-03-16T16:45:43.261093745) [Dbg] [SystemManager.cc:73] Loaded system [ignition::gazebo::systems::MulticopterMotorModel] for entity [14]
(2026-03-16T16:45:43.262156129) (2026-03-16T16:45:43.262162983) [Msg] OdometryPublisher publishing odometry on [/model/qr4/odometry]
(2026-03-16T16:45:43.262249796) (2026-03-16T16:45:43.262255482) [Msg] OdometryPublisher publishing odometry with covariance on [/model/qr4/odometry_with_covariance]
(2026-03-16T16:45:43.262332572) (2026-03-16T16:45:43.262338375) [Msg] OdometryPublisher publishing Pose_V (TF) on [/model/qr4/pose]
(2026-03-16T16:45:43.262369214) (2026-03-16T16:45:43.262374674) [Dbg] [SystemManager.cc:73] Loaded system [ignition::gazebo::systems::OdometryPublisher] for entity [14]
(2026-03-16T16:45:43.275433076) (2026-03-16T16:45:43.275444187) [Dbg] [Sensors.cc:506] Configuring Sensors system
(2026-03-16T16:45:43.275572019) (2026-03-16T16:45:43.275577263) [Dbg] [Sensors.cc:431] SensorsPrivate::Run
((2026-03-16T16:45:43.275711589) (2026-03-16T16:45:43.275718530) 2026-03-16T16:45:43.275703396) ([Dbg] [SystemManager.cc:73] ([Dbg] [SystemManager.cc:73] 2026-03-16T16:45:43.275733128) Loaded system [ignition::gazebo::systems::Sensors] for entity [14]

SensorsPrivate::RenderThread started
(2026-03-16T16:45:43.275787905) (2026-03-16T16:45:43.275793976) [Dbg] [Sensors.cc:258] Waiting for init
(2026-03-16T16:45:43.276356540) (2026-03-16T16:45:43.276362980) [Msg] Loaded level [3]
(2026-03-16T16:45:43.276390184) (2026-03-16T16:45:43.276395055) [Msg] No systems loaded from SDF, loading defaults
(2026-03-16T16:45:43.276615292) (2026-03-16T16:45:43.276620901) [Dbg] [ServerConfig.cc:1043] Loaded (3) plugins from file [/home/user/.ignition/gazebo/6/server.config]
(2026-03-16T16:45:43.303736437) (2026-03-16T16:45:43.303750472) [Dbg] [Physics.cc:804] Loaded [ignition::physics::dartsim::Plugin] from library [/usr/lib/x86_64-linux-gnu/ign-physics-5/engine-plugins/libignition-physics-dartsim-plugin.so]
(2026-03-16T16:45:43.303849688) (2026-03-16T16:45:43.303855521) [Dbg] [SystemManager.cc:73] Loaded system [gz::sim::systems::Physics] for entity [1]
(2026-03-16T16:45:43.306700857) (2026-03-16T16:45:43.306710971) [Msg] Create service on [/world/mrsim/create]
(2026-03-16T16:45:43.306882503) (2026-03-16T16:45:43.306889873) [Msg] Remove service on [/world/mrsim/remove]
(2026-03-16T16:45:43.307025185) (2026-03-16T16:45:43.307032025) [Msg] Pose service on [/world/mrsim/set_pose]
(2026-03-16T16:45:43.307129269) (2026-03-16T16:45:43.307135809) [Msg] Pose service on [/world/mrsim/set_pose_vector]
(2026-03-16T16:45:43.307322403) (2026-03-16T16:45:43.307329133) [Msg] Light configuration service on [/world/mrsim/light_config]
(2026-03-16T16:45:43.307543173) (2026-03-16T16:45:43.307549939) [Msg] Physics service on [/world/mrsim/set_physics]
(2026-03-16T16:45:43.307683502) (2026-03-16T16:45:43.307689955) [Msg] SphericalCoordinates service on [/world/mrsim/set_spherical_coordinates]
(2026-03-16T16:45:43.307781168) (2026-03-16T16:45:43.307787838) [Msg] Enable collision service on [/world/mrsim/enable_collision]
(2026-03-16T16:45:43.307878824) (2026-03-16T16:45:43.307885314) [Msg] Disable collision service on [/world/mrsim/disable_collision]
(2026-03-16T16:45:43.308105632) (2026-03-16T16:45:43.308112922) [Msg] Material service on [/world/mrsim/visual_config]
(2026-03-16T16:45:43.308266323) (2026-03-16T16:45:43.308272107) [Msg] Material service on [/world/mrsim/wheel_slip]
(2026-03-16T16:45:43.308307427) (2026-03-16T16:45:43.308312663) [Dbg] [SystemManager.cc:73] Loaded system [gz::sim::systems::UserCommands] for entity [1]
(2026-03-16T16:45:43.310428606) (2026-03-16T16:45:43.310440058) [Dbg] [SystemManager.cc:73] Loaded system [gz::sim::systems::SceneBroadcaster] for entity [1]
(2026-03-16T16:45:43.310935723) (2026-03-16T16:45:43.310943784) [Msg] Serving world controls on [/world/mrsim/control], [/world/mrsim/control/state] and [/world/mrsim/playback/control]
(2026-03-16T16:45:43.311089766) (2026-03-16T16:45:43.311096829) [Msg] Serving GUI information on [/world/mrsim/gui/info]
(2026-03-16T16:45:43.311128323) (2026-03-16T16:45:43.311133986) [Msg] World [mrsim] initialized with [1ms] physics profile.
(2026-03-16T16:45:43.311300176) (2026-03-16T16:45:43.311307024) [Msg] Serving world SDF generation service on [/world/mrsim/generate_world_sdf]
(2026-03-16T16:45:43.311432219) (2026-03-16T16:45:43.311438687) [Msg] Serving world names on [/gazebo/worlds]
(2026-03-16T16:45:43.311526789) (2026-03-16T16:45:43.311533403) [Msg] Resource path add service on [/gazebo/resource_paths/add].
(2026-03-16T16:45:43.311623667) (2026-03-16T16:45:43.311629911) [Msg] Resource path get service on [/gazebo/resource_paths/get].
(2026-03-16T16:45:43.411978141) (2026-03-16T16:45:43.411990863) [Msg] Resource path resolve service on [/gazebo/resource_paths/resolve].
(2026-03-16T16:45:43.412136646) (2026-03-16T16:45:43.412143666) [Msg] Resource paths published on [/gazebo/resource_paths].
(2026-03-16T16:45:43.412288425) (2026-03-16T16:45:43.412295060) [Msg] Server control service on [/server_control].
(2026-03-16T16:45:44.819054377) (2026-03-16T16:45:44.819066032) [Msg] Found no publishers on /stats, adding root stats topic
(2026-03-16T16:45:44.819262336) (2026-03-16T16:45:44.819268415) [Msg] Found no publishers on /clock, adding root clock topic
(2026-03-16T16:45:44.819432849) (2026-03-16T16:45:44.819439313) [Dbg] [SimulationRunner.cc:501] Creating PostUpdate worker threads: 4
(2026-03-16T16:45:44.819464300) (2026-03-16T16:45:44.819470094) [Dbg] [SimulationRunner.cc:512] Creating postupdate worker thread (0)
(2026-03-16T16:45:44.819547843) (2026-03-16T16:45:44.819553929) [Dbg] [SimulationRunner.cc:512] Creating postupdate worker thread (1)
(2026-03-16T16:45:44.819592254) (2026-03-16T16:45:44.819598328) [Dbg] [SimulationRunner.cc:512] Creating postupdate worker thread (2)
(2026-03-16T16:45:44.823029525) (2026-03-16T16:45:44.823036602) [Dbg] [SimulationFeatures.cc:71] Simulation timestep set to: 0.005
(2026-03-16T16:45:44.823377406) (2026-03-16T16:45:44.823386519) [Dbg] [Sensors.cc:610] Initialization needed
(2026-03-16T16:45:44.823431299) (2026-03-16T16:45:44.823438639) [Dbg] [Sensors.cc:270] Initializing render context
(2026-03-16T16:45:44.823558192) (2026-03-16T16:45:44.823564034) [Msg] Loading plugin [ignition-rendering-ogre2]
(2026-03-16T16:45:44.824168208) (2026-03-16T16:45:44.824175799) [Msg] Serving scene information on [/world/mrsim/scene/info]
(2026-03-16T16:45:44.824329751) (2026-03-16T16:45:44.824336237) [Msg] Serving graph information on [/world/mrsim/scene/graph]
(2026-03-16T16:45:44.824486116) (2026-03-16T16:45:44.824492486) [Msg] Serving full state on [/world/mrsim/state]
(2026-03-16T16:45:44.824558284) (2026-03-16T16:45:44.824564482) [Msg] Serving full state (async) on [/world/mrsim/state_async]
(2026-03-16T16:45:44.824634290) (2026-03-16T16:45:44.824640427) [Msg] Publishing scene information on [/world/mrsim/scene/info]
(2026-03-16T16:45:44.824716871) (2026-03-16T16:45:44.824722912) [Msg] Publishing entity deletions on [/world/mrsim/scene/deletion]
(2026-03-16T16:45:44.824769430) (2026-03-16T16:45:44.824775391) [Msg] Publishing state changes on [/world/mrsim/state]
(2026-03-16T16:45:44.824832100) (2026-03-16T16:45:44.824837537) [Msg] Publishing pose messages on [/world/mrsim/pose/info]
(2026-03-16T16:45:44.824902153) (2026-03-16T16:45:44.824908712) [Msg] Publishing dynamic pose messages on [/world/mrsim/dynamic_pose/info]
(2026-03-16T16:45:44.825160021) (2026-03-16T16:45:44.825166810) [Dbg] [EntityComponentManager.cc:1623] Updated state thread iterators: 8 threads processing around 6 entities each.
(2026-03-16T16:45:44.981437504) (2026-03-16T16:45:44.981443677) [Dbg] [RenderUtil.cc:2591] Create scene [scene]
(2026-03-16T16:45:45.5305354) (2026-03-16T16:45:45.5314226) ([Dbg] [Sensors.cc:284] ([Dbg] [Sensors.cc:284] 2026-03-16T16:45:45.5335928) (Rendering Thread initialized2026-03-16T16:45:45.5343004Rendering Thread initialized2026-03-16T16:45:45.5343004) [Dbg] [Sensors.cc:610] Initialization needed
[Dbg] [Sensors.cc:610] 
(2026-03-16T16:45:45.899340142) (2026-03-16T16:45:45.899352842) [Dbg] [CameraSensor.cc:394] Camera images for [qr4::base::camera] advertised on [/camera]
(2026-03-16T16:45:45.899574090) (2026-03-16T16:45:45.899580976) [Dbg] [CameraSensor.cc:705] Camera info for [qr4::base::camera] advertised on [/camera_info]
(2026-03-16T16:45:45.900132906) (2026-03-16T16:45:45.900141202) [Wrn] [Ogre2Camera.cc:390] Ogre2Camera::SetVisibilityMask: Mask bits c0000000 are set but will be ignored as they conflict with the reserved bits used internally by the ogre2 backend.
(2026-03-16T16:45:45.900449570) (2026-03-16T16:45:45.900454796) [Msg] Loading plugin [ignition-rendering-ogre2]
(2026-03-16T16:45:45.976897062) (2026-03-16T16:45:45.976907985) [Dbg] [CameraSensor.cc:518] Enabling camera sensor: 'qr4::base::camera' data generation.
(2026-03-16T16:46:14.464090743) (2026-03-16T16:46:14.464109664) [Dbg] [SignalHandler.cc:141] Received signal[2].
(2026-03-16T16:46:14.464158770) (2026-03-16T16:46:14.464169174) [Dbg] [ServerPrivate.cc:110] Server received signal[2]
(2026-03-16T16:46:14.464212560) (2026-03-16T16:46:14.464222569) [Dbg] [Sensors.cc:439] SensorsPrivate::Stop
(2026-03-16T16:46:14.464750785) (2026-03-16T16:46:14.464772181) [Dbg] [Sensors.cc:425] SensorsPrivate::RenderThread stopped
(2026-03-16T16:46:14.467008494) (2026-03-16T16:46:14.467023824) [Dbg] [gz.cc:410] Shutting down ign-gazebo-server
((2026-03-16T16:46:14.470106877) (2026-03-16T16:46:14.470115102) ) ) [Dbg] [SimulationRunner.cc:528] ((2026-03-16T16:46:14.470127956) (Exiting postupdate worker thread ((Exiting postupdate worker thread (2026-03-16T16:46:14.470141635) 2026-03-16T16:46:14.470146141) Exiting postupdate worker thread ([Dbg] [SimulationRunner.cc:528] 2)
Exiting postupdate worker thread ()
)
(2026-03-16T16:46:14.489554127) (2026-03-16T16:46:14.489561950) [Dbg] [Sensors.cc:439] SensorsPrivate::Stop
