(2026-03-16T16:56:12.362776307) (2026-03-16T16:56:12.362781004) [Msg] Ignition Gazebo Server v6.17.1
(2026-03-16T16:56:12.363934181) (2026-03-16T16:56:12.363938883) [Msg] Loading SDF world file[/home/user/ros2_ws/install/mrsim_gazebo_sim/share/mrsim_gazebo_sim/worlds/example.world].
(2026-03-16T16:56:12.574741574) (2026-03-16T16:56:12.574751441) [Msg] Serving entity system service on [/entity/system/add]
(2026-03-16T16:56:12.594021265) (2026-03-16T16:56:12.594029056) [Dbg] [SystemManager.cc:73] Loaded system [ignition::gazebo::systems::ShaderParam] for entity [9]
(2026-03-16T16:56:12.596722679) (2026-03-16T16:56:12.596729303) [Dbg] [SystemManager.cc:73] Loaded system [mrsim_gazebo_sim::SetPegPosePlugin] for entity [10]
(2026-03-16T16:56:12.621050150) (2026-03-16T16:56:12.621061012) [Dbg] [SystemManager.cc:73] Loaded system [mrsim_gazebo_sim::MrsimDroneIgnPlugin] for entity [14]
(2026-03-16T16:56:12.623073187) (2026-03-16T16:56:12.623082940) [Dbg] [MulticopterMotorModel.cc:373] Listening to topic: qr4/gazebo/command/motor_speed
(2026-03-16T16:56:12.623256328) (2026-03-16T16:56:12.623262475) [Dbg] [SystemManager.cc:73] Loaded system [ignition::gazebo::systems::MulticopterMotorModel] for entity [14]
(2026-03-16T16:56:12.623641124) (2026-03-16T16:56:12.623648441) [Dbg] [MulticopterMotorModel.cc:373] Listening to topic: qr4/gazebo/command/motor_speed
(2026-03-16T16:56:12.623731067) (2026-03-16T16:56:12.623735201) [Dbg] [SystemManager.cc:73] Loaded system [ignition::gazebo::systems::MulticopterMotorModel] for entity [14]
(2026-03-16T16:56:12.623972328) (2026-03-16T16:56:12.623976468) [Dbg] [MulticopterMotorModel.cc:373] Listening to topic: qr4/gazebo/command/motor_speed
(2026-03-16T16:56:12.624043370) (2026-03-16T16:56:12.624047245) [Dbg] [SystemManager.cc:73] Loaded system [ignition::gazebo::systems::MulticopterMotorModel] for entity [14]
(2026-03-16T16:56:12.624253950) (2026-03-16T16:56:12.624258126) [Dbg] [MulticopterMotorModel.cc:373] Listening to topic: qr4/gazebo/command/motor_speed
(2026-03-16T16:56:12.624309112) (2026-03-16T16:56:12.624312910) [Dbg] [SystemManager.cc:73] Loaded system [ignition::gazebo::systems::MulticopterMotorModel] for entity [14]
(2026-03-16T16:56:12.625453991) (2026-03-16T16:56:12.625459512) [Msg] OdometryPublisher publishing odometry on [/model/qr4/odometry]
(2026-03-16T16:56:12.625533707) (2026-03-16T16:56:12.625537619) [Msg] OdometryPublisher publishing odometry with covariance on [/model/qr4/odometry_with_covariance]
(2026-03-16T16:56:12.625608446) (2026-03-16T16:56:12.625612465) [Msg] OdometryPublisher publishing Pose_V (TF) on [/model/qr4/pose]
(2026-03-16T16:56:12.625631795) (2026-03-16T16:56:12.625635259) [Dbg] [SystemManager.cc:73] Loaded system [ignition::gazebo::systems::OdometryPublisher] for entity [14]
(2026-03-16T16:56:12.636533018) (2026-03-16T16:56:12.636541528) [Dbg] [Sensors.cc:506] Configuring Sensors system
(2026-03-16T16:56:12.636638905) (2026-03-16T16:56:12.636642639) [Dbg] [Sensors.cc:431] SensorsPrivate::Run
((2026-03-16T16:56:12.6367492882026-03-16T16:56:12.636749288) (2026-03-16T16:56:12.636764070) 2026-03-16T16:56:12.636770121(2026-03-16T16:56:12.636770121() 2026-03-16T16:56:12.636780711) Loaded system [ignition::gazebo::systems::Sensors] for entity [SensorsPrivate::RenderThread started
]
(2026-03-16T16:56:12.636829508) (2026-03-16T16:56:12.636834864) [Dbg] [Sensors.cc:258] Waiting for init
(2026-03-16T16:56:12.637249938) (2026-03-16T16:56:12.637254354) [Msg] Loaded level [3]
(2026-03-16T16:56:12.637272411) (2026-03-16T16:56:12.637275885) [Msg] No systems loaded from SDF, loading defaults
(2026-03-16T16:56:12.637429596) (2026-03-16T16:56:12.637435229) [Dbg] [ServerConfig.cc:1043] Loaded (3) plugins from file [/home/user/.ignition/gazebo/6/server.config]
(2026-03-16T16:56:12.656125722) (2026-03-16T16:56:12.656133486) [Dbg] [Physics.cc:804] Loaded [ignition::physics::dartsim::Plugin] from library [/usr/lib/x86_64-linux-gnu/ign-physics-5/engine-plugins/libignition-physics-dartsim-plugin.so]
(2026-03-16T16:56:12.656191516) (2026-03-16T16:56:12.656195222) [Dbg] [SystemManager.cc:73] Loaded system [gz::sim::systems::Physics] for entity [1]
(2026-03-16T16:56:12.658143155) (2026-03-16T16:56:12.658149785) [Msg] Create service on [/world/mrsim/create]
(2026-03-16T16:56:12.658235006) (2026-03-16T16:56:12.658241533) [Msg] Remove service on [/world/mrsim/remove]
(2026-03-16T16:56:12.658307642) (2026-03-16T16:56:12.658313996) [Msg] Pose service on [/world/mrsim/set_pose]
(2026-03-16T16:56:12.658359386) (2026-03-16T16:56:12.658365193) [Msg] Pose service on [/world/mrsim/set_pose_vector]
(2026-03-16T16:56:12.658461510) (2026-03-16T16:56:12.658467776) [Msg] Light configuration service on [/world/mrsim/light_config]
(2026-03-16T16:56:12.658588747) (2026-03-16T16:56:12.658594779) [Msg] Physics service on [/world/mrsim/set_physics]
(2026-03-16T16:56:12.658664052) (2026-03-16T16:56:12.658670297) [Msg] SphericalCoordinates service on [/world/mrsim/set_spherical_coordinates]
(2026-03-16T16:56:12.658711730) (2026-03-16T16:56:12.658717539) [Msg] Enable collision service on [/world/mrsim/enable_collision]
(2026-03-16T16:56:12.658754398) (2026-03-16T16:56:12.658760447) [Msg] Disable collision service on [/world/mrsim/disable_collision]
(2026-03-16T16:56:12.658861771) (2026-03-16T16:56:12.658868168) [Msg] Material service on [/world/mrsim/visual_config]
(2026-03-16T16:56:12.658931176) (2026-03-16T16:56:12.658937222) [Msg] Material service on [/world/mrsim/wheel_slip]
(2026-03-16T16:56:12.658959045) (2026-03-16T16:56:12.658962456) [Dbg] [SystemManager.cc:73] Loaded system [gz::sim::systems::UserCommands] for entity [1]
(2026-03-16T16:56:12.660404921) (2026-03-16T16:56:12.660412637) [Dbg] [SystemManager.cc:73] Loaded system [gz::sim::systems::SceneBroadcaster] for entity [1]
(2026-03-16T16:56:12.660631983) (2026-03-16T16:56:12.660637052) [Msg] Serving world controls on [/world/mrsim/control], [/world/mrsim/control/state] and [/world/mrsim/playback/control]
(2026-03-16T16:56:12.660708534) (2026-03-16T16:56:12.660714066) [Msg] Serving GUI information on [/world/mrsim/gui/info]
(2026-03-16T16:56:12.660731853) (2026-03-16T16:56:12.660735254) [Msg] World [mrsim] initialized with [1ms] physics profile.
(2026-03-16T16:56:12.660823305) (2026-03-16T16:56:12.660827945) [Msg] Serving world SDF generation service on [/world/mrsim/generate_world_sdf]
(2026-03-16T16:56:12.660891539) (2026-03-16T16:56:12.660896440) [Msg] Serving world names on [/gazebo/worlds]
(2026-03-16T16:56:12.660937790) (2026-03-16T16:56:12.660942848) [Msg] Resource path add service on [/gazebo/resource_paths/add].
(2026-03-16T16:56:12.660979869) (2026-03-16T16:56:12.660984855) [Msg] Resource path get service on [/gazebo/resource_paths/get].
(2026-03-16T16:56:12.661021636) (2026-03-16T16:56:12.661026406) [Msg] Resource path resolve service on [/gazebo/resource_paths/resolve].
(2026-03-16T16:56:12.661074510) (2026-03-16T16:56:12.661078307) [Msg] Resource paths published on [/gazebo/resource_paths].
(2026-03-16T16:56:12.661139964) (2026-03-16T16:56:12.661145171) [Msg] Server control service on [/server_control].
(2026-03-16T16:56:14.265921785) (2026-03-16T16:56:14.265932771) [Msg] Found no publishers on /stats, adding root stats topic
(2026-03-16T16:56:14.266123310) (2026-03-16T16:56:14.266130034) [Msg] Found no publishers on /clock, adding root clock topic
(2026-03-16T16:56:14.266294074) (2026-03-16T16:56:14.266299980) [Dbg] [SimulationRunner.cc:501] Creating PostUpdate worker threads: 4
(2026-03-16T16:56:14.266323660) (2026-03-16T16:56:14.266329192) [Dbg] [SimulationRunner.cc:512] Creating postupdate worker thread (0)
(2026-03-16T16:56:14.266417701) (2026-03-16T16:56:14.266423275) [Dbg] [SimulationRunner.cc:512] Creating postupdate worker thread (1)
(2026-03-16T16:56:14.266477852) (2026-03-16T16:56:14.266484260) [Dbg] [SimulationRunner.cc:512] Creating postupdate worker thread (2)
(2026-03-16T16:56:14.274376555) (2026-03-16T16:56:14.274388594) [Dbg] [SimulationFeatures.cc:71] Simulation timestep set to: 0.005
(2026-03-16T16:56:14.275011925) (2026-03-16T16:56:14.275019873) [Dbg] [Sensors.cc:610] Initialization needed
(2026-03-16T16:56:14.276592350) (2026-03-16T16:56:14.276602686) [Dbg] [Sensors.cc:270] Initializing render context
(2026-03-16T16:56:14.276737445) (2026-03-16T16:56:14.276742920) [Msg] Loading plugin [ignition-rendering-ogre2]
(2026-03-16T16:56:14.287000250) (2026-03-16T16:56:14.287010796) [Msg] Serving scene information on [/world/mrsim/scene/info]
(2026-03-16T16:56:14.287184856) (2026-03-16T16:56:14.287190875) [Msg] Serving graph information on [/world/mrsim/scene/graph]
(2026-03-16T16:56:14.287402139) (2026-03-16T16:56:14.287408420) [Msg] Serving full state on [/world/mrsim/state]
(2026-03-16T16:56:14.287572899) (2026-03-16T16:56:14.287578939) [Msg] Serving full state (async) on [/world/mrsim/state_async]
(2026-03-16T16:56:14.290394122) (2026-03-16T16:56:14.290405749) [Msg] Publishing scene information on [/world/mrsim/scene/info]
(2026-03-16T16:56:14.290583507) (2026-03-16T16:56:14.290590600) [Msg] Publishing entity deletions on [/world/mrsim/scene/deletion]
(2026-03-16T16:56:14.290653848) (2026-03-16T16:56:14.290660192) [Msg] Publishing state changes on [/world/mrsim/state]
(2026-03-16T16:56:14.290756449) (2026-03-16T16:56:14.290762848) [Msg] Publishing pose messages on [/world/mrsim/pose/info]
(2026-03-16T16:56:14.290849573) (2026-03-16T16:56:14.290855805) [Msg] Publishing dynamic pose messages on [/world/mrsim/dynamic_pose/info]
(2026-03-16T16:56:14.291323090) (2026-03-16T16:56:14.291330392) [Dbg] [EntityComponentManager.cc:1623] Updated state thread iterators: 8 threads processing around 6 entities each.
(2026-03-16T16:56:14.482398126) (2026-03-16T16:56:14.482404483) [Dbg] [RenderUtil.cc:2591] Create scene [scene]
((2026-03-16T16:56:14.5087220522026-03-16T16:56:14.508715329) (((2026-03-16T16:56:14.508738517) 2026-03-16T16:56:14.508736082) [Dbg] [Sensors.cc:610] Initialization needed
Rendering Thread initialized
(2026-03-16T16:56:15.422750069) (2026-03-16T16:56:15.422760128) [Dbg] [CameraSensor.cc:394] Camera images for [qr4::base::camera] advertised on [/camera]
(2026-03-16T16:56:15.422898515) (2026-03-16T16:56:15.422905355) [Dbg] [CameraSensor.cc:705] Camera info for [qr4::base::camera] advertised on [/camera_info]
(2026-03-16T16:56:15.423244185) (2026-03-16T16:56:15.423248760) [Wrn] [Ogre2Camera.cc:390] Ogre2Camera::SetVisibilityMask: Mask bits c0000000 are set but will be ignored as they conflict with the reserved bits used internally by the ogre2 backend.
(2026-03-16T16:56:15.423515370) (2026-03-16T16:56:15.423519779) [Msg] Loading plugin [ignition-rendering-ogre2]
(2026-03-16T16:56:15.487918271) (2026-03-16T16:56:15.487925728) [Dbg] [CameraSensor.cc:518] Enabling camera sensor: 'qr4::base::camera' data generation.
(2026-03-16T16:56:47.74452204) (2026-03-16T16:56:47.74460049) [Dbg] [SignalHandler.cc:141] Received signal[2].
(2026-03-16T16:56:47.74478502) (2026-03-16T16:56:47.74481737) [Dbg] [ServerPrivate.cc:110] Server received signal[2]
(2026-03-16T16:56:47.74496595) (2026-03-16T16:56:47.74499800) [Dbg] [Sensors.cc:439] SensorsPrivate::Stop
(2026-03-16T16:56:47.74779870) (2026-03-16T16:56:47.74785680) [Dbg] [Sensors.cc:425] SensorsPrivate::RenderThread stopped
(2026-03-16T16:56:47.77204107) (2026-03-16T16:56:47.77209048) [Dbg] [gz.cc:410] Shutting down ign-gazebo-server
(2026-03-16T16:56:47.79456070) (2026-03-16T16:56:47.79461790) ([Dbg] [SimulationRunner.cc:528] Exiting postupdate worker thread (0)
2026-03-16T16:56:47.79472978) (2026-03-16T16:56:47.79493312) [Dbg] [SimulationRunner.cc:528] Exiting postupdate worker thread (2)
(2026-03-16T16:56:47.79544004) (2026-03-16T16:56:47.79550422) [Dbg] [SimulationRunner.cc:528] Exiting postupdate worker thread (1)
(2026-03-16T16:56:47.100581178) (2026-03-16T16:56:47.100589942) [Dbg] [Sensors.cc:439] SensorsPrivate::Stop
