(2026-03-11T11:25:09.317324015) (2026-03-11T11:25:09.317336652) [Msg] Ignition Gazebo Server v6.17.1
(2026-03-11T11:25:09.319716557) (2026-03-11T11:25:09.319724467) [Msg] Loading SDF world file[/home/user/ros2_ws/install/mrsim_gazebo_sim/share/mrsim_gazebo_sim/worlds/example.world].
(2026-03-11T11:25:09.582172593) (2026-03-11T11:25:09.582192715) [Msg] Serving entity system service on [/entity/system/add]
(2026-03-11T11:25:09.616280654) (2026-03-11T11:25:09.616296284) [Dbg] [SystemManager.cc:73] Loaded system [ignition::gazebo::systems::ShaderParam] for entity [9]
(2026-03-11T11:25:09.620970914) (2026-03-11T11:25:09.620983550) [Dbg] [SystemManager.cc:73] Loaded system [mrsim_gazebo_sim::SetPegPosePlugin] for entity [10]
(2026-03-11T11:25:09.664275149) (2026-03-11T11:25:09.664286325) [Dbg] [SystemManager.cc:73] Loaded system [mrsim_gazebo_sim::MrsimDroneIgnPlugin] for entity [14]
(2026-03-11T11:25:09.666725694) (2026-03-11T11:25:09.666734325) [Dbg] [MulticopterMotorModel.cc:373] Listening to topic: qr4/gazebo/command/motor_speed
(2026-03-11T11:25:09.666861310) (2026-03-11T11:25:09.666866919) [Dbg] [SystemManager.cc:73] Loaded system [ignition::gazebo::systems::MulticopterMotorModel] for entity [14]
(2026-03-11T11:25:09.667189016) (2026-03-11T11:25:09.667195236) [Dbg] [MulticopterMotorModel.cc:373] Listening to topic: qr4/gazebo/command/motor_speed
(2026-03-11T11:25:09.667270905) (2026-03-11T11:25:09.667276312) [Dbg] [SystemManager.cc:73] Loaded system [ignition::gazebo::systems::MulticopterMotorModel] for entity [14]
(2026-03-11T11:25:09.667553872) (2026-03-11T11:25:09.667559780) [Dbg] [MulticopterMotorModel.cc:373] Listening to topic: qr4/gazebo/command/motor_speed
(2026-03-11T11:25:09.667652402) (2026-03-11T11:25:09.667659438) [Dbg] [SystemManager.cc:73] Loaded system [ignition::gazebo::systems::MulticopterMotorModel] for entity [14]
(2026-03-11T11:25:09.667925902) (2026-03-11T11:25:09.667931644) [Dbg] [MulticopterMotorModel.cc:373] Listening to topic: qr4/gazebo/command/motor_speed
(2026-03-11T11:25:09.667993813) (2026-03-11T11:25:09.667998980) [Dbg] [SystemManager.cc:73] Loaded system [ignition::gazebo::systems::MulticopterMotorModel] for entity [14]
(2026-03-11T11:25:09.670139402) (2026-03-11T11:25:09.670150248) [Msg] OdometryPublisher publishing odometry on [/model/qr4/odometry]
(2026-03-11T11:25:09.670300601) (2026-03-11T11:25:09.670309085) [Msg] OdometryPublisher publishing odometry with covariance on [/model/qr4/odometry_with_covariance]
(2026-03-11T11:25:09.670406887) (2026-03-11T11:25:09.670414264) [Msg] OdometryPublisher publishing Pose_V (TF) on [/model/qr4/pose]
(2026-03-11T11:25:09.670453726) (2026-03-11T11:25:09.670460616) [Dbg] [SystemManager.cc:73] Loaded system [ignition::gazebo::systems::OdometryPublisher] for entity [14]
(2026-03-11T11:25:09.699329208) (2026-03-11T11:25:09.699341873) [Dbg] [Sensors.cc:506] Configuring Sensors system
(2026-03-11T11:25:09.699535991) (2026-03-11T11:25:09.699545618) [Dbg] [Sensors.cc:431] SensorsPrivate::Run
(2026-03-11T11:25:09.699674666) ((2026-03-11T11:25:09.699685350) ) [Dbg] [Sensors.cc:411] ([Dbg] [Sensors.cc:411] (2026-03-11T11:25:09.699713652) SensorsPrivate::RenderThread started
(2026-03-11T11:25:09.699739729) ((Loaded system [2026-03-11T11:25:09.699747347) ignition::gazebo::systems::Sensors] for entity [[Dbg] [Sensors.cc:258] Waiting for init
]
(2026-03-11T11:25:09.700432615) (2026-03-11T11:25:09.700442321) [Msg] Loaded level [3]
(2026-03-11T11:25:09.700480890) (2026-03-11T11:25:09.700487853) [Msg] No systems loaded from SDF, loading defaults
(2026-03-11T11:25:09.701068254) (2026-03-11T11:25:09.701079364) [Dbg] [ServerConfig.cc:1043] Loaded (3) plugins from file [/home/user/.ignition/gazebo/6/server.config]
(2026-03-11T11:25:09.741826203) (2026-03-11T11:25:09.741840156) [Dbg] [Physics.cc:804] Loaded [ignition::physics::dartsim::Plugin] from library [/usr/lib/x86_64-linux-gnu/ign-physics-5/engine-plugins/libignition-physics-dartsim-plugin.so]
(2026-03-11T11:25:09.741931701) (2026-03-11T11:25:09.741939413) [Dbg] [SystemManager.cc:73] Loaded system [gz::sim::systems::Physics] for entity [1]
(2026-03-11T11:25:09.745395945) (2026-03-11T11:25:09.745407770) [Msg] Create service on [/world/mrsim/create]
(2026-03-11T11:25:09.745597906) (2026-03-11T11:25:09.745607225) [Msg] Remove service on [/world/mrsim/remove]
(2026-03-11T11:25:09.745746539) (2026-03-11T11:25:09.745755160) [Msg] Pose service on [/world/mrsim/set_pose]
(2026-03-11T11:25:09.745835237) (2026-03-11T11:25:09.745843594) [Msg] Pose service on [/world/mrsim/set_pose_vector]
(2026-03-11T11:25:09.746027696) (2026-03-11T11:25:09.746035882) [Msg] Light configuration service on [/world/mrsim/light_config]
(2026-03-11T11:25:09.746271447) (2026-03-11T11:25:09.746280626) [Msg] Physics service on [/world/mrsim/set_physics]
(2026-03-11T11:25:09.746409220) (2026-03-11T11:25:09.746418270) [Msg] SphericalCoordinates service on [/world/mrsim/set_spherical_coordinates]
(2026-03-11T11:25:09.746496815) (2026-03-11T11:25:09.746505389) [Msg] Enable collision service on [/world/mrsim/enable_collision]
(2026-03-11T11:25:09.746582331) (2026-03-11T11:25:09.746591510) [Msg] Disable collision service on [/world/mrsim/disable_collision]
(2026-03-11T11:25:09.746789303) (2026-03-11T11:25:09.746797482) [Msg] Material service on [/world/mrsim/visual_config]
(2026-03-11T11:25:09.746910072) (2026-03-11T11:25:09.746918194) [Msg] Material service on [/world/mrsim/wheel_slip]
(2026-03-11T11:25:09.746964107) (2026-03-11T11:25:09.746971530) [Dbg] [SystemManager.cc:73] Loaded system [gz::sim::systems::UserCommands] for entity [1]
(2026-03-11T11:25:09.750188826) (2026-03-11T11:25:09.750203925) [Dbg] [SystemManager.cc:73] Loaded system [gz::sim::systems::SceneBroadcaster] for entity [1]
(2026-03-11T11:25:09.750673166) (2026-03-11T11:25:09.750683321) [Msg] Serving world controls on [/world/mrsim/control], [/world/mrsim/control/state] and [/world/mrsim/playback/control]
(2026-03-11T11:25:09.750832195) (2026-03-11T11:25:09.750841322) [Msg] Serving GUI information on [/world/mrsim/gui/info]
(2026-03-11T11:25:09.750881862) (2026-03-11T11:25:09.750888588) [Msg] World [mrsim] initialized with [1ms] physics profile.
(2026-03-11T11:25:09.751063195) (2026-03-11T11:25:09.751072167) [Msg] Serving world SDF generation service on [/world/mrsim/generate_world_sdf]
(2026-03-11T11:25:09.751194315) (2026-03-11T11:25:09.751202957) [Msg] Serving world names on [/gazebo/worlds]
(2026-03-11T11:25:09.751283790) (2026-03-11T11:25:09.751292048) [Msg] Resource path add service on [/gazebo/resource_paths/add].
(2026-03-11T11:25:09.751363174) (2026-03-11T11:25:09.751371014) [Msg] Resource path get service on [/gazebo/resource_paths/get].
(2026-03-11T11:25:09.751441952) (2026-03-11T11:25:09.751449963) [Msg] Resource path resolve service on [/gazebo/resource_paths/resolve].
(2026-03-11T11:25:09.751537439) (2026-03-11T11:25:09.751545283) [Msg] Resource paths published on [/gazebo/resource_paths].
(2026-03-11T11:25:09.852324400) (2026-03-11T11:25:09.852342575) [Msg] Server control service on [/server_control].
(2026-03-11T11:25:11.216557662) (2026-03-11T11:25:11.216577904) [Msg] Found no publishers on /stats, adding root stats topic
(2026-03-11T11:25:11.217021862) (2026-03-11T11:25:11.217034474) [Msg] Found no publishers on /clock, adding root clock topic
(2026-03-11T11:25:11.217329041) (2026-03-11T11:25:11.217337267) [Dbg] [SimulationRunner.cc:501] Creating PostUpdate worker threads: 4
(2026-03-11T11:25:11.217373785) (2026-03-11T11:25:11.217378287) [Dbg] [SimulationRunner.cc:512] Creating postupdate worker thread (0)
(2026-03-11T11:25:11.217529865) (2026-03-11T11:25:11.217536731) [Dbg] [SimulationRunner.cc:512] Creating postupdate worker thread (1)
(2026-03-11T11:25:11.217585365) (2026-03-11T11:25:11.217593000) [Dbg] [SimulationRunner.cc:512] Creating postupdate worker thread (2)
(2026-03-11T11:25:11.223216373) (2026-03-11T11:25:11.223231295) [Dbg] [Sensors.cc:610] Initialization needed
(2026-03-11T11:25:11.223294258) (2026-03-11T11:25:11.223302995) [Dbg] [Sensors.cc:270] Initializing render context
(2026-03-11T11:25:11.223451663) (2026-03-11T11:25:11.223459874) [Msg] Loading plugin [ignition-rendering-ogre2]
(2026-03-11T11:25:11.223957400) (2026-03-11T11:25:11.223966911) [Msg] Serving scene information on [/world/mrsim/scene/info]
(2026-03-11T11:25:11.224047003) (2026-03-11T11:25:11.224056661) [Msg] Serving graph information on [/world/mrsim/scene/graph]
(2026-03-11T11:25:11.224190890) (2026-03-11T11:25:11.224200117) [Msg] Serving full state on [/world/mrsim/state]
(2026-03-11T11:25:11.224263673) (2026-03-11T11:25:11.224272477) [Msg] Serving full state (async) on [/world/mrsim/state_async]
(2026-03-11T11:25:11.224363212) (2026-03-11T11:25:11.224370707) [Msg] Publishing scene information on [/world/mrsim/scene/info]
(2026-03-11T11:25:11.224475911) (2026-03-11T11:25:11.224484872) [Msg] Publishing entity deletions on [/world/mrsim/scene/deletion]
(2026-03-11T11:25:11.224540616) (2026-03-11T11:25:11.224548714) [Msg] Publishing state changes on [/world/mrsim/state]
(2026-03-11T11:25:11.224640014) (2026-03-11T11:25:11.224647017) [Msg] Publishing pose messages on [/world/mrsim/pose/info]
(2026-03-11T11:25:11.224706095) (2026-03-11T11:25:11.224714601) [Msg] Publishing dynamic pose messages on [/world/mrsim/dynamic_pose/info]
(2026-03-11T11:25:11.224934392) (2026-03-11T11:25:11.224939625) [Dbg] [EntityComponentManager.cc:1623] Updated state thread iterators: 8 threads processing around 6 entities each.
(2026-03-11T11:25:11.402864275) (2026-03-11T11:25:11.402872896) [Dbg] [RenderUtil.cc:2591] Create scene [scene]
((2026-03-11T11:25:11.434394246) (2026-03-11T11:25:11.434406777) 2026-03-11T11:25:11.434374900) ([Dbg] [Sensors.cc:610] 2026-03-11T11:25:11.434423157) Initialization needed
Rendering Thread initialized
(2026-03-11T11:25:12.564162650) (2026-03-11T11:25:12.564176746) [Dbg] [CameraSensor.cc:394] Camera images for [qr4::base::camera] advertised on [/camera]
(2026-03-11T11:25:12.564367647) (2026-03-11T11:25:12.564386645) [Dbg] [CameraSensor.cc:705] Camera info for [qr4::base::camera] advertised on [/camera_info]
(2026-03-11T11:25:12.564873747) (2026-03-11T11:25:12.564880831) [Wrn] [Ogre2Camera.cc:390] Ogre2Camera::SetVisibilityMask: Mask bits c0000000 are set but will be ignored as they conflict with the reserved bits used internally by the ogre2 backend.
(2026-03-11T11:25:12.565173760) (2026-03-11T11:25:12.565182739) [Msg] Loading plugin [ignition-rendering-ogre2]
(2026-03-11T11:25:12.658437637) (2026-03-11T11:25:12.658453110) [Dbg] [CameraSensor.cc:518] Enabling camera sensor: 'qr4::base::camera' data generation.
(2026-03-11T11:25:49.427321676) (2026-03-11T11:25:49.427338430) [Dbg] [SimulationFeatures.cc:71] Simulation timestep set to: 0.005
(2026-03-11T11:26:02.442284759) (2026-03-11T11:26:02.442296118) [Dbg] [SignalHandler.cc:141] Received signal[2].
(2026-03-11T11:26:02.442322936) (2026-03-11T11:26:02.442328279) [Dbg] [ServerPrivate.cc:110] Server received signal[2]
(2026-03-11T11:26:02.442349981) (2026-03-11T11:26:02.442355225) [Dbg] [Sensors.cc:439] SensorsPrivate::Stop
(2026-03-11T11:26:02.442715463) (2026-03-11T11:26:02.442723781) [Dbg] [Sensors.cc:425] SensorsPrivate::RenderThread stopped
(2026-03-11T11:26:02.445712095) (2026-03-11T11:26:02.445719828) [Dbg] [gz.cc:410] Shutting down ign-gazebo-server
(((2026-03-11T11:26:02.4491066192026-03-11T11:26:02.4491160592026-03-11T11:26:02.4491066192026-03-11T11:26:02.449116059) ) ) ) (2026-03-11T11:26:02.449139634) (2026-03-11T11:26:02.4491522582026-03-11T11:26:02.449152258) 2026-03-11T11:26:02.449174778) ([Dbg] [SimulationRunner.cc:528] 2026-03-11T11:26:02.449195308) Exiting postupdate worker thread (0)
[Dbg] [SimulationRunner.cc:528] [Dbg] [SimulationRunner.cc:528] Exiting postupdate worker thread (2)
1)
(2026-03-11T11:26:02.481390534) (2026-03-11T11:26:02.481403709) [Dbg] [Sensors.cc:439] SensorsPrivate::Stop
