(2026-03-10T10:20:51.104780070) (2026-03-10T10:20:51.104784406) [Msg] Ignition Gazebo Server v6.17.0
(2026-03-10T10:20:51.106081740) (2026-03-10T10:20:51.106086346) [Msg] Loading SDF world file[/home/user/ros2_ws/install/mrsim_gazebo_sim/share/mrsim_gazebo_sim/worlds/example.world].
(2026-03-10T10:20:51.296942636) (2026-03-10T10:20:51.296950314) [Msg] Serving entity system service on [/entity/system/add]
(2026-03-10T10:20:51.300753561) (2026-03-10T10:20:51.300761084) [Dbg] [SystemManager.cc:73] Loaded system [mrsim_gazebo_sim::SetPegPosePlugin] for entity [8]
(2026-03-10T10:20:51.332403376) (2026-03-10T10:20:51.332415503) [Dbg] [SystemManager.cc:73] Loaded system [mrsim_gazebo_sim::MrsimDroneIgnPlugin] for entity [12]
(2026-03-10T10:20:51.334462806) (2026-03-10T10:20:51.334473713) [Dbg] [MulticopterMotorModel.cc:373] Listening to topic: qr4/gazebo/command/motor_speed
(2026-03-10T10:20:51.334702431) (2026-03-10T10:20:51.334709831) [Dbg] [SystemManager.cc:73] Loaded system [gz::sim::systems::MulticopterMotorModel] for entity [12]
(2026-03-10T10:20:51.335128234) (2026-03-10T10:20:51.335135542) [Dbg] [MulticopterMotorModel.cc:373] Listening to topic: qr4/gazebo/command/motor_speed
(2026-03-10T10:20:51.335247144) (2026-03-10T10:20:51.335253833) [Dbg] [SystemManager.cc:73] Loaded system [gz::sim::systems::MulticopterMotorModel] for entity [12]
(2026-03-10T10:20:51.335598906) (2026-03-10T10:20:51.335605687) [Dbg] [MulticopterMotorModel.cc:373] Listening to topic: qr4/gazebo/command/motor_speed
(2026-03-10T10:20:51.335710992) (2026-03-10T10:20:51.335717483) [Dbg] [SystemManager.cc:73] Loaded system [gz::sim::systems::MulticopterMotorModel] for entity [12]
(2026-03-10T10:20:51.336040278) (2026-03-10T10:20:51.336047006) [Dbg] [MulticopterMotorModel.cc:373] Listening to topic: qr4/gazebo/command/motor_speed
(2026-03-10T10:20:51.336143963) (2026-03-10T10:20:51.336150305) [Dbg] [SystemManager.cc:73] Loaded system [gz::sim::systems::MulticopterMotorModel] for entity [12]
(2026-03-10T10:20:51.338508383) (2026-03-10T10:20:51.338518733) [Msg] OdometryPublisher publishing odometry on [/model/qr4/odometry]
(2026-03-10T10:20:51.338682861) (2026-03-10T10:20:51.338689713) [Msg] OdometryPublisher publishing odometry with covariance on [/model/qr4/odometry_with_covariance]
(2026-03-10T10:20:51.338819233) (2026-03-10T10:20:51.338825879) [Msg] OdometryPublisher publishing Pose_V (TF) on [/model/qr4/pose]
(2026-03-10T10:20:51.338874872) (2026-03-10T10:20:51.338882692) [Dbg] [SystemManager.cc:73] Loaded system [ignition::gazebo::systems::OdometryPublisher] for entity [12]
(2026-03-10T10:20:51.387407839) (2026-03-10T10:20:51.387419741) [Dbg] [Sensors.cc:506] Configuring Sensors system
(2026-03-10T10:20:51.387541737) (2026-03-10T10:20:51.387547954) [Dbg] [Sensors.cc:431] SensorsPrivate::Run
(2026-03-10T10:20:51.387642304) (2026-03-10T10:20:51.387649162) [Dbg] [SystemManager.cc:73] Loaded system [ignition::gazebo::systems::Sensors] for entity [] for entity [(12122026-03-10T10:20:51.387688469]
) (2026-03-10T10:20:51.3877108222026-03-10T10:20:51.387710822) [Dbg] [Sensors.cc:411] SensorsPrivate::RenderThread started
(2026-03-10T10:20:51.387735639) (2026-03-10T10:20:51.387741181) [Dbg] [Sensors.cc:258] Waiting for init
(2026-03-10T10:20:51.388345924) (2026-03-10T10:20:51.388354210) [Msg] Loaded level [3]
(2026-03-10T10:20:51.388383643) (2026-03-10T10:20:51.388389354) [Msg] No systems loaded from SDF, loading defaults
(2026-03-10T10:20:51.388611446) (2026-03-10T10:20:51.388618034) [Dbg] [ServerConfig.cc:1043] Loaded (3) plugins from file [/home/user/.ignition/gazebo/6/server.config]
(2026-03-10T10:20:51.417674430) (2026-03-10T10:20:51.417686316) [Dbg] [Physics.cc:804] Loaded [ignition::physics::dartsim::Plugin] from library [/usr/lib/x86_64-linux-gnu/ign-physics-5/engine-plugins/libignition-physics-dartsim-plugin.so]
(2026-03-10T10:20:51.417794171) (2026-03-10T10:20:51.417800189) [Dbg] [SystemManager.cc:73] Loaded system [gz::sim::systems::Physics] for entity [1]
(2026-03-10T10:20:51.420525838) (2026-03-10T10:20:51.420545010) [Msg] Create service on [/world/mrsim/create]
(2026-03-10T10:20:51.420672232) (2026-03-10T10:20:51.420677993) [Msg] Remove service on [/world/mrsim/remove]
(2026-03-10T10:20:51.420857916) (2026-03-10T10:20:51.420864478) [Msg] Pose service on [/world/mrsim/set_pose]
(2026-03-10T10:20:51.421011233) (2026-03-10T10:20:51.421017436) [Msg] Pose service on [/world/mrsim/set_pose_vector]
(2026-03-10T10:20:51.421230898) (2026-03-10T10:20:51.421236568) [Msg] Light configuration service on [/world/mrsim/light_config]
(2026-03-10T10:20:51.421493512) (2026-03-10T10:20:51.421499611) [Msg] Physics service on [/world/mrsim/set_physics]
(2026-03-10T10:20:51.421671608) (2026-03-10T10:20:51.421678185) [Msg] SphericalCoordinates service on [/world/mrsim/set_spherical_coordinates]
(2026-03-10T10:20:51.421788495) (2026-03-10T10:20:51.421794851) [Msg] Enable collision service on [/world/mrsim/enable_collision]
(2026-03-10T10:20:51.421942396) (2026-03-10T10:20:51.421948987) [Msg] Disable collision service on [/world/mrsim/disable_collision]
(2026-03-10T10:20:51.422218993) (2026-03-10T10:20:51.422226157) [Msg] Material service on [/world/mrsim/visual_config]
(2026-03-10T10:20:51.422413796) (2026-03-10T10:20:51.422420678) [Msg] Material service on [/world/mrsim/wheel_slip]
(2026-03-10T10:20:51.422466932) (2026-03-10T10:20:51.422472385) [Dbg] [SystemManager.cc:73] Loaded system [gz::sim::systems::UserCommands] for entity [1]
(2026-03-10T10:20:51.424890802) (2026-03-10T10:20:51.424901181) [Dbg] [SystemManager.cc:73] Loaded system [gz::sim::systems::SceneBroadcaster] for entity [1]
(2026-03-10T10:20:51.425283555) (2026-03-10T10:20:51.425290528) [Msg] Serving world controls on [/world/mrsim/control], [/world/mrsim/control/state] and [/world/mrsim/playback/control]
(2026-03-10T10:20:51.425416551) (2026-03-10T10:20:51.425422321) [Msg] Serving GUI information on [/world/mrsim/gui/info]
(2026-03-10T10:20:51.425469651) (2026-03-10T10:20:51.425475042) [Msg] World [mrsim] initialized with [1ms] physics profile.
(2026-03-10T10:20:51.425646329) (2026-03-10T10:20:51.425661233) [Msg] Serving world SDF generation service on [/world/mrsim/generate_world_sdf]
(2026-03-10T10:20:51.425796386) (2026-03-10T10:20:51.425801926) [Msg] Serving world names on [/gazebo/worlds]
(2026-03-10T10:20:51.425892734) (2026-03-10T10:20:51.425898581) [Msg] Resource path add service on [/gazebo/resource_paths/add].
(2026-03-10T10:20:51.425972178) (2026-03-10T10:20:51.425978427) [Msg] Resource path get service on [/gazebo/resource_paths/get].
(2026-03-10T10:20:51.526411699) (2026-03-10T10:20:51.526423971) [Msg] Resource path resolve service on [/gazebo/resource_paths/resolve].
(2026-03-10T10:20:51.526526497) (2026-03-10T10:20:51.526532828) [Msg] Resource paths published on [/gazebo/resource_paths].
(2026-03-10T10:20:51.526748210) (2026-03-10T10:20:51.526755160) [Msg] Server control service on [/server_control].
(2026-03-10T10:20:53.3780642) (2026-03-10T10:20:53.3791778) [Msg] Found no publishers on /stats, adding root stats topic
(2026-03-10T10:20:53.3928349) (2026-03-10T10:20:53.3932467) [Msg] Found no publishers on /clock, adding root clock topic
(2026-03-10T10:20:53.4089464) (2026-03-10T10:20:53.4093634) [Dbg] [SimulationRunner.cc:501] Creating PostUpdate worker threads: 4
(2026-03-10T10:20:53.4111042) (2026-03-10T10:20:53.4114558) [Dbg] [SimulationRunner.cc:512] Creating postupdate worker thread (0)
(2026-03-10T10:20:53.4193036) (2026-03-10T10:20:53.4198622) [Dbg] [SimulationRunner.cc:512] Creating postupdate worker thread (1)
(2026-03-10T10:20:53.4249446) (2026-03-10T10:20:53.4255637) [Dbg] [SimulationRunner.cc:512] Creating postupdate worker thread (2)
(2026-03-10T10:20:53.7136504) (2026-03-10T10:20:53.7144284) [Dbg] [Sensors.cc:610] Initialization needed
(2026-03-10T10:20:53.7208668) (2026-03-10T10:20:53.7214834) [Dbg] [Sensors.cc:270] Initializing render context
(2026-03-10T10:20:53.7313247) (2026-03-10T10:20:53.7317050) [Msg] Loading plugin [ignition-rendering-ogre2]
(2026-03-10T10:20:53.7760595) (2026-03-10T10:20:53.7766500) [Msg] Serving scene information on [/world/mrsim/scene/info]
(2026-03-10T10:20:53.7862201) (2026-03-10T10:20:53.7878007) [Msg] Serving graph information on [/world/mrsim/scene/graph]
(2026-03-10T10:20:53.8030504) (2026-03-10T10:20:53.8037105) [Msg] Serving full state on [/world/mrsim/state]
(2026-03-10T10:20:53.8112805) (2026-03-10T10:20:53.8118991) [Msg] Serving full state (async) on [/world/mrsim/state_async]
(2026-03-10T10:20:53.8304568) (2026-03-10T10:20:53.8310870) [Msg] Publishing scene information on [/world/mrsim/scene/info]
(2026-03-10T10:20:53.8416848) (2026-03-10T10:20:53.8422948) [Msg] Publishing entity deletions on [/world/mrsim/scene/deletion]
(2026-03-10T10:20:53.8472023) (2026-03-10T10:20:53.8477726) [Msg] Publishing state changes on [/world/mrsim/state]
(2026-03-10T10:20:53.8563997) (2026-03-10T10:20:53.8570046) [Msg] Publishing pose messages on [/world/mrsim/pose/info]
(2026-03-10T10:20:53.8647832) (2026-03-10T10:20:53.8654065) [Msg] Publishing dynamic pose messages on [/world/mrsim/dynamic_pose/info]
(2026-03-10T10:20:53.8876092) (2026-03-10T10:20:53.8880768) [Dbg] [EntityComponentManager.cc:1623] Updated state thread iterators: 8 threads processing around 6 entities each.
(2026-03-10T10:20:53.15493295) (2026-03-10T10:20:53.15505566) [Wrn] [Model.hh:69] Skipping serialization / deserialization for models with //pose/@relative_to attribute.
(2026-03-10T10:20:53.15769137) (2026-03-10T10:20:53.15776026) [Wrn] [Component.hh:144] Trying to serialize component with data type [N3sdf3v125WorldE], which doesn't have `operator<<`. Component will not be serialized.
(2026-03-10T10:20:53.150791479) (2026-03-10T10:20:53.150801497) [Dbg] [RenderUtil.cc:2591] Create scene [scene]
(2026-03-10T10:20:53.176275813) (2026-03-10T10:20:53.176284459) [Dbg] [Sensors.cc:284] Rendering Thread initialized
(2026-03-10T10:20:53.176338086) (2026-03-10T10:20:53.176344335) [Dbg] [Sensors.cc:610] Initialization needed
(2026-03-10T10:20:53.185607306) (2026-03-10T10:20:53.185617506) [Dbg] [CameraSensor.cc:449] Camera images for [qr4::base::camera] advertised on [/camera]
(2026-03-10T10:20:53.185743186) (2026-03-10T10:20:53.185747679) [Dbg] [CameraSensor.cc:760] Camera info for [qr4::base::camera] advertised on [/camera_info]
(2026-03-10T10:20:53.186350511) (2026-03-10T10:20:53.186355354) [Wrn] [Ogre2Camera.cc:390] Ogre2Camera::SetVisibilityMask: Mask bits c0000000 are set but will be ignored as they conflict with the reserved bits used internally by the ogre2 backend.
(2026-03-10T10:20:53.195258898) (2026-03-10T10:20:53.195269953) [Dbg] [CameraSensor.cc:573] Enabling camera sensor: 'qr4::base::camera' data generation.
(2026-03-10T10:20:57.622027530) (2026-03-10T10:20:57.622039103) [Dbg] [SignalHandler.cc:141] Received signal[2].
(2026-03-10T10:20:57.622072491) (2026-03-10T10:20:57.622077505) [Dbg] [ServerPrivate.cc:110] Server received signal[2]
(2026-03-10T10:20:57.622101415) (2026-03-10T10:20:57.622106775) [Dbg] [Sensors.cc:439] SensorsPrivate::Stop
(2026-03-10T10:20:57.622846164) (2026-03-10T10:20:57.622855220) [Dbg] [Sensors.cc:425] SensorsPrivate::RenderThread stopped
(2026-03-10T10:20:57.623068821) (2026-03-10T10:20:57.623076420) [Dbg] [gz.cc:410] Shutting down ign-gazebo-server
(((((2026-03-10T10:20:57.627587536) (() () 2026-03-10T10:20:57.627630271) ) (2026-03-10T10:20:57.627648541) ) [Dbg] [SimulationRunner.cc:528] [Dbg] [SimulationRunner.cc:528] [Dbg] [SimulationRunner.cc:528] Exiting postupdate worker thread (2)
Exiting postupdate worker thread (1)
Exiting postupdate worker thread (0)
(2026-03-10T10:20:57.654609250) (2026-03-10T10:20:57.654617558) [Dbg] [Sensors.cc:439] SensorsPrivate::Stop
