(2026-03-09T17:38:59.900340520) (2026-03-09T17:38:59.900351057) [Msg] Ignition Gazebo Server v6.17.0
(2026-03-09T17:38:59.902715867) (2026-03-09T17:38:59.902726827) [Msg] Loading SDF world file[/home/user/ros2_ws/install/mrsim_gazebo_sim/share/mrsim_gazebo_sim/worlds/example.world].
(2026-03-09T17:39:00.142128734) (2026-03-09T17:39:00.142141108) [Msg] Serving entity system service on [/entity/system/add]
(2026-03-09T17:39:00.147920064) (2026-03-09T17:39:00.147933130) [Dbg] [SystemManager.cc:73] Loaded system [mrsim_gazebo_sim::SetPegPosePlugin] for entity [8]
(2026-03-09T17:39:00.176626652) (2026-03-09T17:39:00.176635854) [Dbg] [SystemManager.cc:73] Loaded system [mrsim_gazebo_sim::MrsimDroneIgnPlugin] for entity [12]
(2026-03-09T17:39:00.178282841) (2026-03-09T17:39:00.178291067) [Dbg] [MulticopterMotorModel.cc:373] Listening to topic: qr4/gazebo/command/motor_speed
(2026-03-09T17:39:00.178447636) (2026-03-09T17:39:00.178453147) [Dbg] [SystemManager.cc:73] Loaded system [gz::sim::systems::MulticopterMotorModel] for entity [12]
(2026-03-09T17:39:00.178788356) (2026-03-09T17:39:00.178794093) [Dbg] [MulticopterMotorModel.cc:373] Listening to topic: qr4/gazebo/command/motor_speed
(2026-03-09T17:39:00.178875379) (2026-03-09T17:39:00.178880696) [Dbg] [SystemManager.cc:73] Loaded system [gz::sim::systems::MulticopterMotorModel] for entity [12]
(2026-03-09T17:39:00.179165596) (2026-03-09T17:39:00.179171165) [Dbg] [MulticopterMotorModel.cc:373] Listening to topic: qr4/gazebo/command/motor_speed
(2026-03-09T17:39:00.179253302) (2026-03-09T17:39:00.179258330) [Dbg] [SystemManager.cc:73] Loaded system [gz::sim::systems::MulticopterMotorModel] for entity [12]
(2026-03-09T17:39:00.179522182) (2026-03-09T17:39:00.179529969) [Dbg] [MulticopterMotorModel.cc:373] Listening to topic: qr4/gazebo/command/motor_speed
(2026-03-09T17:39:00.179660204) (2026-03-09T17:39:00.179667452) [Dbg] [SystemManager.cc:73] Loaded system [gz::sim::systems::MulticopterMotorModel] for entity [12]
(2026-03-09T17:39:00.180900896) (2026-03-09T17:39:00.180907785) [Msg] OdometryPublisher publishing odometry on [/model/qr4/odometry]
(2026-03-09T17:39:00.181010101) (2026-03-09T17:39:00.181017637) [Msg] OdometryPublisher publishing odometry with covariance on [/model/qr4/odometry_with_covariance]
(2026-03-09T17:39:00.181094207) (2026-03-09T17:39:00.181099485) [Msg] OdometryPublisher publishing Pose_V (TF) on [/model/qr4/pose]
(2026-03-09T17:39:00.181121984) (2026-03-09T17:39:00.181126278) [Dbg] [SystemManager.cc:73] Loaded system [ignition::gazebo::systems::OdometryPublisher] for entity [12]
(2026-03-09T17:39:00.221394941) (2026-03-09T17:39:00.221403869) [Dbg] [Sensors.cc:506] Configuring Sensors system
(2026-03-09T17:39:00.221498217) (2026-03-09T17:39:00.221504560) [Dbg] [Sensors.cc:431] SensorsPrivate::Run
(2026-03-09T17:39:00.221596461) ((2026-03-09T17:39:00.221603621) [Dbg] [SystemManager.cc:73] [Dbg] [SystemManager.cc:73] 2026-03-09T17:39:00.221624526) ) (2026-03-09T17:39:00.221639396) ] for entity [[Dbg] [Sensors.cc:411] SensorsPrivate::RenderThread started
]
(2026-03-09T17:39:00.221689035) (2026-03-09T17:39:00.221695733) [Dbg] [Sensors.cc:258] Waiting for init
(2026-03-09T17:39:00.222075365) (2026-03-09T17:39:00.222080747) [Msg] Loaded level [3]
(2026-03-09T17:39:00.222102503) (2026-03-09T17:39:00.222107040) [Msg] No systems loaded from SDF, loading defaults
(2026-03-09T17:39:00.222455544) (2026-03-09T17:39:00.222460962) [Dbg] [ServerConfig.cc:1043] Loaded (3) plugins from file [/home/user/.ignition/gazebo/6/server.config]
(2026-03-09T17:39:00.262913832) (2026-03-09T17:39:00.262929462) [Dbg] [Physics.cc:804] Loaded [ignition::physics::dartsim::Plugin] from library [/usr/lib/x86_64-linux-gnu/ign-physics-5/engine-plugins/libignition-physics-dartsim-plugin.so]
(2026-03-09T17:39:00.263101576) (2026-03-09T17:39:00.263110535) [Dbg] [SystemManager.cc:73] Loaded system [gz::sim::systems::Physics] for entity [1]
(2026-03-09T17:39:00.267005148) (2026-03-09T17:39:00.267087518) [Msg] Create service on [/world/mrsim/create]
(2026-03-09T17:39:00.267256572) (2026-03-09T17:39:00.267264953) [Msg] Remove service on [/world/mrsim/remove]
(2026-03-09T17:39:00.268047530) (2026-03-09T17:39:00.268057107) [Msg] Pose service on [/world/mrsim/set_pose]
(2026-03-09T17:39:00.268303765) (2026-03-09T17:39:00.268311499) [Msg] Pose service on [/world/mrsim/set_pose_vector]
(2026-03-09T17:39:00.269116646) (2026-03-09T17:39:00.269126305) [Msg] Light configuration service on [/world/mrsim/light_config]
(2026-03-09T17:39:00.270102630) (2026-03-09T17:39:00.270111937) [Msg] Physics service on [/world/mrsim/set_physics]
(2026-03-09T17:39:00.270261819) (2026-03-09T17:39:00.270269635) [Msg] SphericalCoordinates service on [/world/mrsim/set_spherical_coordinates]
(2026-03-09T17:39:00.270758030) (2026-03-09T17:39:00.270766419) [Msg] Enable collision service on [/world/mrsim/enable_collision]
(2026-03-09T17:39:00.271106452) (2026-03-09T17:39:00.271113753) [Msg] Disable collision service on [/world/mrsim/disable_collision]
(2026-03-09T17:39:00.271420032) (2026-03-09T17:39:00.271428635) [Msg] Material service on [/world/mrsim/visual_config]
(2026-03-09T17:39:00.271650537) (2026-03-09T17:39:00.271658424) [Msg] Material service on [/world/mrsim/wheel_slip]
(2026-03-09T17:39:00.271710040) (2026-03-09T17:39:00.272088487) [Dbg] [SystemManager.cc:73] Loaded system [gz::sim::systems::UserCommands] for entity [1]
(2026-03-09T17:39:00.275664250) (2026-03-09T17:39:00.275678996) [Dbg] [SystemManager.cc:73] Loaded system [gz::sim::systems::SceneBroadcaster] for entity [1]
(2026-03-09T17:39:00.276350601) (2026-03-09T17:39:00.276359983) [Msg] Serving world controls on [/world/mrsim/control], [/world/mrsim/control/state] and [/world/mrsim/playback/control]
(2026-03-09T17:39:00.277119395) (2026-03-09T17:39:00.277128440) [Msg] Serving GUI information on [/world/mrsim/gui/info]
(2026-03-09T17:39:00.277167113) (2026-03-09T17:39:00.277174121) [Msg] World [mrsim] initialized with [1ms] physics profile.
(2026-03-09T17:39:00.277393298) (2026-03-09T17:39:00.277402043) [Msg] Serving world SDF generation service on [/world/mrsim/generate_world_sdf]
(2026-03-09T17:39:00.278213349) (2026-03-09T17:39:00.278220825) [Msg] Serving world names on [/gazebo/worlds]
(2026-03-09T17:39:00.278297013) (2026-03-09T17:39:00.278304675) [Msg] Resource path add service on [/gazebo/resource_paths/add].
(2026-03-09T17:39:00.378653575) (2026-03-09T17:39:00.378669001) [Msg] Resource path get service on [/gazebo/resource_paths/get].
(2026-03-09T17:39:00.378920225) (2026-03-09T17:39:00.379010526) [Msg] Resource path resolve service on [/gazebo/resource_paths/resolve].
(2026-03-09T17:39:00.379388067) (2026-03-09T17:39:00.379396338) [Msg] Resource paths published on [/gazebo/resource_paths].
(2026-03-09T17:39:00.380173966) (2026-03-09T17:39:00.380490368) [Msg] Server control service on [/server_control].
(2026-03-09T17:39:01.799126770) (2026-03-09T17:39:01.799136178) [Msg] Found no publishers on /stats, adding root stats topic
(2026-03-09T17:39:01.799331741) (2026-03-09T17:39:01.799368329) [Msg] Found no publishers on /clock, adding root clock topic
(2026-03-09T17:39:01.799847237) (2026-03-09T17:39:01.799965865) [Dbg] [SimulationRunner.cc:501] Creating PostUpdate worker threads: 4
(2026-03-09T17:39:01.800102658) (2026-03-09T17:39:01.800140555) [Dbg] [SimulationRunner.cc:512] Creating postupdate worker thread (0)
(2026-03-09T17:39:01.800433245) (2026-03-09T17:39:01.800441203) [Dbg] [SimulationRunner.cc:512] Creating postupdate worker thread (1)
(2026-03-09T17:39:01.800537512) (2026-03-09T17:39:01.800545072) [Dbg] [SimulationRunner.cc:512] Creating postupdate worker thread (2)
(2026-03-09T17:39:02.145122581) Triangle input has a count of zero. This is likely not desired
(2026-03-09T17:39:02.145469748) Triangle input has a count of zero. This is likely not desired
(2026-03-09T17:39:02.145802801) Triangle input has a count of zero. This is likely not desired
(2026-03-09T17:39:02.146137492) Triangle input has a count of zero. This is likely not desired
(2026-03-09T17:39:02.761647756) (2026-03-09T17:39:02.761659333) [Wrn] [ColladaLoader.cc:2394] Triangle input semantic: 'COLOR' is currently not supported
(2026-03-09T17:39:03.654600273) (2026-03-09T17:39:03.654612433) [Wrn] [ColladaLoader.cc:2394] Triangle input semantic: 'COLOR' is currently not supported
(2026-03-09T17:39:05.678590013) (2026-03-09T17:39:05.678606674) [Dbg] [Sensors.cc:610] Initialization needed
(2026-03-09T17:39:05.678691302) (2026-03-09T17:39:05.678700018) [Dbg] [Sensors.cc:270] Initializing render context
(2026-03-09T17:39:05.678867974) (2026-03-09T17:39:05.678873063) [Msg] Loading plugin [ignition-rendering-ogre2]
(2026-03-09T17:39:05.679621948) (2026-03-09T17:39:05.679634992) [Msg] Serving scene information on [/world/mrsim/scene/info]
(2026-03-09T17:39:05.679752343) (2026-03-09T17:39:05.679761668) [Msg] Serving graph information on [/world/mrsim/scene/graph]
(2026-03-09T17:39:05.679909356) (2026-03-09T17:39:05.679918908) [Msg] Serving full state on [/world/mrsim/state]
(2026-03-09T17:39:05.679993663) (2026-03-09T17:39:05.680001294) [Msg] Serving full state (async) on [/world/mrsim/state_async]
(2026-03-09T17:39:05.680177824) (2026-03-09T17:39:05.680183906) [Msg] Publishing scene information on [/world/mrsim/scene/info]
(2026-03-09T17:39:05.680345500) (2026-03-09T17:39:05.680353149) [Msg] Publishing entity deletions on [/world/mrsim/scene/deletion]
(2026-03-09T17:39:05.680420749) (2026-03-09T17:39:05.680427854) [Msg] Publishing state changes on [/world/mrsim/state]
(2026-03-09T17:39:05.680510695) (2026-03-09T17:39:05.680517799) [Msg] Publishing pose messages on [/world/mrsim/pose/info]
(2026-03-09T17:39:05.680861317) (2026-03-09T17:39:05.680872112) [Msg] Publishing dynamic pose messages on [/world/mrsim/dynamic_pose/info]
(2026-03-09T17:39:05.681261268) (2026-03-09T17:39:05.681269621) [Dbg] [EntityComponentManager.cc:1623] Updated state thread iterators: 8 threads processing around 6 entities each.
(((2026-03-09T17:39:05.690262775) (2026-03-09T17:39:05.690292962) [Wrn] [Model.hh:69] Skipping serialization / deserialization for models with //pose/@relative_to attribute.
(2026-03-09T17:39:05.690413046) (2026-03-09T17:39:05.690421638) [Wrn] [Component.hh:144] Trying to serialize component with data type [N3sdf3v125WorldE], which doesn't have `operator<<`. Component will not be serialized.
2026-03-09T17:39:05.690509349) (2026-03-09T17:39:05.690522313) [Wrn] [Model.hh:69] Skipping serialization / deserialization for models with //pose/@relative_to attribute.
(2026-03-09T17:39:05.893457506) (2026-03-09T17:39:05.893466840) [Dbg] [RenderUtil.cc:2591] Create scene [scene]
((2026-03-09T17:39:05.922705171) (2026-03-09T17:39:05.922733496) 2026-03-09T17:39:05.922722808) (2026-03-09T17:39:05.922747595) [Dbg] [Sensors.cc:284] Rendering Thread initialized
[Dbg] [Sensors.cc:284] [Dbg] [Sensors.cc:610] Initialization needed
(2026-03-09T17:39:08.765101040) (2026-03-09T17:39:08.765113285) [Dbg] [CameraSensor.cc:449] Camera images for [qr4::base::camera] advertised on [/camera]
(2026-03-09T17:39:08.765243282) (2026-03-09T17:39:08.765251885) [Dbg] [CameraSensor.cc:760] Camera info for [qr4::base::camera] advertised on [/camera_info]
(2026-03-09T17:39:08.765703074) (2026-03-09T17:39:08.765708798) [Wrn] [Ogre2Camera.cc:390] Ogre2Camera::SetVisibilityMask: Mask bits c0000000 are set but will be ignored as they conflict with the reserved bits used internally by the ogre2 backend.
(2026-03-09T17:39:08.768802653) (2026-03-09T17:39:08.768811652) [Dbg] [CameraSensor.cc:573] Enabling camera sensor: 'qr4::base::camera' data generation.
(2026-03-09T17:39:20.826267366) (2026-03-09T17:39:20.826295604) [Dbg] [SimulationFeatures.cc:71] Simulation timestep set to: 0.005
(2026-03-09T17:40:00.910540969) (2026-03-09T17:40:00.910557851) [Dbg] [SignalHandler.cc:141] Received signal[2].
(2026-03-09T17:40:00.910914779) (2026-03-09T17:40:00.910925815) [Dbg] [ServerPrivate.cc:110] Server received signal[2]
(2026-03-09T17:40:00.910968807) (2026-03-09T17:40:00.910978632) [Dbg] [Sensors.cc:439] SensorsPrivate::Stop
(2026-03-09T17:40:00.915515240) (2026-03-09T17:40:00.915533938) [Dbg] [Sensors.cc:425] SensorsPrivate::RenderThread stopped
(2026-03-09T17:40:00.918287626) (2026-03-09T17:40:00.918297443) [Dbg] [gz.cc:410] Shutting down ign-gazebo-server
((((2026-03-09T17:40:00.922817424(2026-03-09T17:40:00.9228174242026-03-09T17:40:00.922824771) (2026-03-09T17:40:00.922866408) ) 2026-03-09T17:40:00.922878298) () 2026-03-09T17:40:00.922910542) 2026-03-09T17:40:00.922910542(2026-03-09T17:40:00.922935477) ) [Dbg] [SimulationRunner.cc:528] Exiting postupdate worker thread ([Dbg] [SimulationRunner.cc:528] 0)

Exiting postupdate worker thread (11[Dbg] [SimulationRunner.cc:528] Exiting postupdate worker thread (2)))

(2026-03-09T17:40:00.959577908) (2026-03-09T17:40:00.959594477) [Dbg] [Sensors.cc:439] SensorsPrivate::Stop
