(2026-03-17T13:40:44.491224365) (2026-03-17T13:40:44.491232979) [Msg] Ignition Gazebo Server v6.17.1
(2026-03-17T13:40:44.493396751) (2026-03-17T13:40:44.493406861) [Msg] Loading SDF world file[/home/user/ros2_ws/install/mrsim_gazebo_sim/share/mrsim_gazebo_sim/worlds/example.world].
(2026-03-17T13:40:44.766276111) (2026-03-17T13:40:44.766287430) [Msg] Serving entity system service on [/entity/system/add]
(2026-03-17T13:40:44.800466516) (2026-03-17T13:40:44.800479589) [Dbg] [SystemManager.cc:73] Loaded system [ignition::gazebo::systems::ShaderParam] for entity [9]
(2026-03-17T13:40:44.804591554) (2026-03-17T13:40:44.804604767) [Dbg] [SystemManager.cc:73] Loaded system [mrsim_gazebo_sim::SetPegPosePlugin] for entity [10]
(2026-03-17T13:40:44.846774008) (2026-03-17T13:40:44.846784788) [Dbg] [SystemManager.cc:73] Loaded system [mrsim_gazebo_sim::MrsimDroneIgnPlugin] for entity [14]
(2026-03-17T13:40:44.848712485) (2026-03-17T13:40:44.848723128) [Dbg] [MulticopterMotorModel.cc:373] Listening to topic: qr4/gazebo/command/motor_speed
(2026-03-17T13:40:44.848948279) (2026-03-17T13:40:44.848955955) [Dbg] [SystemManager.cc:73] Loaded system [ignition::gazebo::systems::MulticopterMotorModel] for entity [14]
(2026-03-17T13:40:44.849376424) (2026-03-17T13:40:44.849383911) [Dbg] [MulticopterMotorModel.cc:373] Listening to topic: qr4/gazebo/command/motor_speed
(2026-03-17T13:40:44.849464046) (2026-03-17T13:40:44.849470576) [Dbg] [SystemManager.cc:73] Loaded system [ignition::gazebo::systems::MulticopterMotorModel] for entity [14]
(2026-03-17T13:40:44.849822689) (2026-03-17T13:40:44.849829644) [Dbg] [MulticopterMotorModel.cc:373] Listening to topic: qr4/gazebo/command/motor_speed
(2026-03-17T13:40:44.849894590) (2026-03-17T13:40:44.849900739) [Dbg] [SystemManager.cc:73] Loaded system [ignition::gazebo::systems::MulticopterMotorModel] for entity [14]
(2026-03-17T13:40:44.850223816) (2026-03-17T13:40:44.850231076) [Dbg] [MulticopterMotorModel.cc:373] Listening to topic: qr4/gazebo/command/motor_speed
(2026-03-17T13:40:44.850296328) (2026-03-17T13:40:44.850302711) [Dbg] [SystemManager.cc:73] Loaded system [ignition::gazebo::systems::MulticopterMotorModel] for entity [14]
(2026-03-17T13:40:44.852081483) (2026-03-17T13:40:44.852092252) [Msg] OdometryPublisher publishing odometry on [/model/qr4/odometry]
(2026-03-17T13:40:44.852188635) (2026-03-17T13:40:44.852195524) [Msg] OdometryPublisher publishing odometry with covariance on [/model/qr4/odometry_with_covariance]
(2026-03-17T13:40:44.852285101) (2026-03-17T13:40:44.852291815) [Msg] OdometryPublisher publishing Pose_V (TF) on [/model/qr4/pose]
(2026-03-17T13:40:44.852324355) (2026-03-17T13:40:44.852330441) [Dbg] [SystemManager.cc:73] Loaded system [ignition::gazebo::systems::OdometryPublisher] for entity [14]
(2026-03-17T13:40:44.871486135) (2026-03-17T13:40:44.871498580) [Dbg] [Sensors.cc:506] Configuring Sensors system
(2026-03-17T13:40:44.871640583) (2026-03-17T13:40:44.871646791) [Dbg] [Sensors.cc:431] SensorsPrivate::Run
(2026-03-17T13:40:44.871774264) (2026-03-17T13:40:44.871781933) ([Dbg] [Sensors.cc:411] SensorsPrivate::RenderThread started
(2026-03-17T13:40:44.871806430) ((2026-03-17T13:40:44.871821075) (2026-03-17T13:40:44.871829819) ignition::gazebo::systems::Sensors] for entity [[Dbg] [Sensors.cc:258] Waiting for initWaiting for init
(2026-03-17T13:40:44.872366026) (2026-03-17T13:40:44.872373424) [Msg] Loaded level [3]
(2026-03-17T13:40:44.872402953) (2026-03-17T13:40:44.872408872) [Msg] No systems loaded from SDF, loading defaults
(2026-03-17T13:40:44.872604087) (2026-03-17T13:40:44.872610630) [Dbg] [ServerConfig.cc:1043] Loaded (3) plugins from file [/home/user/.ignition/gazebo/6/server.config]
(2026-03-17T13:40:44.900323501) (2026-03-17T13:40:44.900335315) [Dbg] [Physics.cc:804] Loaded [ignition::physics::dartsim::Plugin] from library [/usr/lib/x86_64-linux-gnu/ign-physics-5/engine-plugins/libignition-physics-dartsim-plugin.so]
(2026-03-17T13:40:44.900410347) (2026-03-17T13:40:44.900416511) [Dbg] [SystemManager.cc:73] Loaded system [gz::sim::systems::Physics] for entity [1]
(2026-03-17T13:40:44.902927929) (2026-03-17T13:40:44.902944119) [Msg] Create service on [/world/mrsim/create]
(2026-03-17T13:40:44.903066599) (2026-03-17T13:40:44.903073597) [Msg] Remove service on [/world/mrsim/remove]
(2026-03-17T13:40:44.903170530) (2026-03-17T13:40:44.903177225) [Msg] Pose service on [/world/mrsim/set_pose]
(2026-03-17T13:40:44.903239862) (2026-03-17T13:40:44.903246474) [Msg] Pose service on [/world/mrsim/set_pose_vector]
(2026-03-17T13:40:44.903386354) (2026-03-17T13:40:44.903392918) [Msg] Light configuration service on [/world/mrsim/light_config]
(2026-03-17T13:40:44.903558792) (2026-03-17T13:40:44.903565657) [Msg] Physics service on [/world/mrsim/set_physics]
(2026-03-17T13:40:44.903673020) (2026-03-17T13:40:44.903679325) [Msg] SphericalCoordinates service on [/world/mrsim/set_spherical_coordinates]
(2026-03-17T13:40:44.903736401) (2026-03-17T13:40:44.903742398) [Msg] Enable collision service on [/world/mrsim/enable_collision]
(2026-03-17T13:40:44.903793678) (2026-03-17T13:40:44.903799982) [Msg] Disable collision service on [/world/mrsim/disable_collision]
(2026-03-17T13:40:44.903952125) (2026-03-17T13:40:44.903958117) [Msg] Material service on [/world/mrsim/visual_config]
(2026-03-17T13:40:44.904048380) (2026-03-17T13:40:44.904055063) [Msg] Material service on [/world/mrsim/wheel_slip]
(2026-03-17T13:40:44.904088943) (2026-03-17T13:40:44.904094786) [Dbg] [SystemManager.cc:73] Loaded system [gz::sim::systems::UserCommands] for entity [1]
(2026-03-17T13:40:44.905924511) (2026-03-17T13:40:44.905932749) [Dbg] [SystemManager.cc:73] Loaded system [gz::sim::systems::SceneBroadcaster] for entity [1]
(2026-03-17T13:40:44.906235177) (2026-03-17T13:40:44.906242207) [Msg] Serving world controls on [/world/mrsim/control], [/world/mrsim/control/state] and [/world/mrsim/playback/control]
(2026-03-17T13:40:44.906350920) (2026-03-17T13:40:44.906356807) [Msg] Serving GUI information on [/world/mrsim/gui/info]
(2026-03-17T13:40:44.906387992) (2026-03-17T13:40:44.906393645) [Msg] World [mrsim] initialized with [1ms] physics profile.
(2026-03-17T13:40:44.906537766) (2026-03-17T13:40:44.906544570) [Msg] Serving world SDF generation service on [/world/mrsim/generate_world_sdf]
(2026-03-17T13:40:44.906653625) (2026-03-17T13:40:44.906660212) [Msg] Serving world names on [/gazebo/worlds]
(2026-03-17T13:40:44.906728053) (2026-03-17T13:40:44.906734580) [Msg] Resource path add service on [/gazebo/resource_paths/add].
(2026-03-17T13:40:44.906864753) (2026-03-17T13:40:44.906870724) [Msg] Resource path get service on [/gazebo/resource_paths/get].
(2026-03-17T13:40:44.906979212) (2026-03-17T13:40:44.906985650) [Msg] Resource path resolve service on [/gazebo/resource_paths/resolve].
(2026-03-17T13:40:44.907144539) (2026-03-17T13:40:44.907151052) [Msg] Resource paths published on [/gazebo/resource_paths].
(2026-03-17T13:40:44.907386571) (2026-03-17T13:40:44.907392730) [Msg] Server control service on [/server_control].
(2026-03-17T13:40:46.388917967) (2026-03-17T13:40:46.388929906) [Msg] Found no publishers on /stats, adding root stats topic
(2026-03-17T13:40:46.389068490) (2026-03-17T13:40:46.389072673) [Msg] Found no publishers on /clock, adding root clock topic
(2026-03-17T13:40:46.389192821) (2026-03-17T13:40:46.389196933) [Dbg] [SimulationRunner.cc:501] Creating PostUpdate worker threads: 4
(2026-03-17T13:40:46.389215694) (2026-03-17T13:40:46.389220798) [Dbg] [SimulationRunner.cc:512] Creating postupdate worker thread (0)
(2026-03-17T13:40:46.389296081) (2026-03-17T13:40:46.389310924) [Dbg] [SimulationRunner.cc:512] Creating postupdate worker thread (1)
(2026-03-17T13:40:46.389347397) (2026-03-17T13:40:46.389353302) [Dbg] [SimulationRunner.cc:512] Creating postupdate worker thread (2)
(2026-03-17T13:40:46.393833911) (2026-03-17T13:40:46.393845616) [Dbg] [SimulationFeatures.cc:71] Simulation timestep set to: 0.005
(2026-03-17T13:40:46.394337048) (2026-03-17T13:40:46.394343915) [Dbg] [Sensors.cc:610] Initialization needed
(2026-03-17T13:40:46.394382021) (2026-03-17T13:40:46.394387294) [Dbg] [Sensors.cc:270] Initializing render context
(2026-03-17T13:40:46.394559567) (2026-03-17T13:40:46.394563887) [Msg] Loading plugin [ignition-rendering-ogre2]
(2026-03-17T13:40:46.395181367) (2026-03-17T13:40:46.395230222) [Msg] Serving scene information on [/world/mrsim/scene/info]
(2026-03-17T13:40:46.395293596) (2026-03-17T13:40:46.395299792) [Msg] Serving graph information on [/world/mrsim/scene/graph]
(2026-03-17T13:40:46.395516086) (2026-03-17T13:40:46.395556034) [Msg] Serving full state on [/world/mrsim/state]
(2026-03-17T13:40:46.395673789) (2026-03-17T13:40:46.395681606) [Msg] Serving full state (async) on [/world/mrsim/state_async]
(2026-03-17T13:40:46.395858283) (2026-03-17T13:40:46.395869887) [Msg] Publishing scene information on [/world/mrsim/scene/info]
(2026-03-17T13:40:46.395993861) (2026-03-17T13:40:46.395998697) [Msg] Publishing entity deletions on [/world/mrsim/scene/deletion]
(2026-03-17T13:40:46.396066047) (2026-03-17T13:40:46.396071013) [Msg] Publishing state changes on [/world/mrsim/state]
(2026-03-17T13:40:46.396205678) (2026-03-17T13:40:46.396212272) [Msg] Publishing pose messages on [/world/mrsim/pose/info]
(2026-03-17T13:40:46.396339171) (2026-03-17T13:40:46.396344600) [Msg] Publishing dynamic pose messages on [/world/mrsim/dynamic_pose/info]
(2026-03-17T13:40:46.396594423) (2026-03-17T13:40:46.396599031) [Dbg] [EntityComponentManager.cc:1623] Updated state thread iterators: 8 threads processing around 6 entities each.
(2026-03-17T13:40:46.528105024) (2026-03-17T13:40:46.528110847) [Dbg] [RenderUtil.cc:2591] Create scene [scene]
((2026-03-17T13:40:46.552161870) (() ) ) (2026-03-17T13:40:46.552185129) [Dbg] [Sensors.cc:284] Rendering Thread initialized
[Dbg] [Sensors.cc:610] Initialization needed
(2026-03-17T13:40:47.351856099) (2026-03-17T13:40:47.351865517) [Dbg] [CameraSensor.cc:394] Camera images for [qr4::base::camera] advertised on [/camera]
(2026-03-17T13:40:47.351986598) (2026-03-17T13:40:47.351993368) [Dbg] [CameraSensor.cc:705] Camera info for [qr4::base::camera] advertised on [/camera_info]
(2026-03-17T13:40:47.352290323) (2026-03-17T13:40:47.352294802) [Wrn] [Ogre2Camera.cc:390] Ogre2Camera::SetVisibilityMask: Mask bits c0000000 are set but will be ignored as they conflict with the reserved bits used internally by the ogre2 backend.
(2026-03-17T13:40:47.352451057) (2026-03-17T13:40:47.352454936) [Msg] Loading plugin [ignition-rendering-ogre2]
(2026-03-17T13:40:47.408424664) (2026-03-17T13:40:47.408432140) [Dbg] [CameraSensor.cc:518] Enabling camera sensor: 'qr4::base::camera' data generation.
(2026-03-17T13:40:53.301207843) (2026-03-17T13:40:53.301217559) [Dbg] [SignalHandler.cc:141] Received signal[2].
(2026-03-17T13:40:53.301239450) (2026-03-17T13:40:53.301242968) [Dbg] [ServerPrivate.cc:110] Server received signal[2]
(2026-03-17T13:40:53.301259274) (2026-03-17T13:40:53.301262688) [Dbg] [Sensors.cc:439] SensorsPrivate::Stop
(2026-03-17T13:40:53.301606512) (2026-03-17T13:40:53.301615001) [Dbg] [Sensors.cc:425] SensorsPrivate::RenderThread stopped
(2026-03-17T13:40:53.304105682) (2026-03-17T13:40:53.304114519) [Dbg] [gz.cc:410] Shutting down ign-gazebo-server
((((2026-03-17T13:40:53.3065901362026-03-17T13:40:53.306600271) (2026-03-17T13:40:53.306609539) ) 2026-03-17T13:40:53.306623873) () (2026-03-17T13:40:53.306638897) [Dbg] [SimulationRunner.cc:528] ) [Dbg] [SimulationRunner.cc:528] 2026-03-17T13:40:53.306633177) Exiting postupdate worker thread ([Dbg] [SimulationRunner.cc:528] Exiting postupdate worker thread ([Dbg] [SimulationRunner.cc:528] Exiting postupdate worker thread (Exiting postupdate worker thread (0)
1)
2)
(2026-03-17T13:40:53.332963045) (2026-03-17T13:40:53.332972060) [Dbg] [Sensors.cc:439] SensorsPrivate::Stop
