(2026-03-16T11:18:35.820421828) (2026-03-16T11:18:35.820429678) [Msg] Ignition Gazebo Server v6.17.1
(2026-03-16T11:18:35.822974696) (2026-03-16T11:18:35.822986838) [Msg] Loading SDF world file[/home/user/ros2_ws/install/mrsim_gazebo_sim/share/mrsim_gazebo_sim/worlds/example.world].
(2026-03-16T11:18:36.91631544) (2026-03-16T11:18:36.91645342) [Msg] Serving entity system service on [/entity/system/add]
(2026-03-16T11:18:36.126104215) (2026-03-16T11:18:36.126115383) [Dbg] [SystemManager.cc:73] Loaded system [ignition::gazebo::systems::ShaderParam] for entity [9]
(2026-03-16T11:18:36.129968574) (2026-03-16T11:18:36.129979930) [Dbg] [SystemManager.cc:73] Loaded system [mrsim_gazebo_sim::SetPegPosePlugin] for entity [10]
(2026-03-16T11:18:36.171286120) (2026-03-16T11:18:36.171297348) [Dbg] [SystemManager.cc:73] Loaded system [mrsim_gazebo_sim::MrsimDroneIgnPlugin] for entity [14]
(2026-03-16T11:18:36.173339883) (2026-03-16T11:18:36.173352729) [Dbg] [MulticopterMotorModel.cc:373] Listening to topic: qr4/gazebo/command/motor_speed
(2026-03-16T11:18:36.173574043) (2026-03-16T11:18:36.173581755) [Dbg] [SystemManager.cc:73] Loaded system [ignition::gazebo::systems::MulticopterMotorModel] for entity [14]
(2026-03-16T11:18:36.174100283) (2026-03-16T11:18:36.174107538) [Dbg] [MulticopterMotorModel.cc:373] Listening to topic: qr4/gazebo/command/motor_speed
(2026-03-16T11:18:36.174232717) (2026-03-16T11:18:36.174239647) [Dbg] [SystemManager.cc:73] Loaded system [ignition::gazebo::systems::MulticopterMotorModel] for entity [14]
(2026-03-16T11:18:36.174712564) (2026-03-16T11:18:36.174720638) [Dbg] [MulticopterMotorModel.cc:373] Listening to topic: qr4/gazebo/command/motor_speed
(2026-03-16T11:18:36.174841043) (2026-03-16T11:18:36.174847765) [Dbg] [SystemManager.cc:73] Loaded system [ignition::gazebo::systems::MulticopterMotorModel] for entity [14]
(2026-03-16T11:18:36.175285041) (2026-03-16T11:18:36.175292061) [Dbg] [MulticopterMotorModel.cc:373] Listening to topic: qr4/gazebo/command/motor_speed
(2026-03-16T11:18:36.175361234) (2026-03-16T11:18:36.175398253) [Dbg] [SystemManager.cc:73] Loaded system [ignition::gazebo::systems::MulticopterMotorModel] for entity [14]
(2026-03-16T11:18:36.177103026) (2026-03-16T11:18:36.177111597) [Msg] OdometryPublisher publishing odometry on [/model/qr4/odometry]
(2026-03-16T11:18:36.177206813) (2026-03-16T11:18:36.177213743) [Msg] OdometryPublisher publishing odometry with covariance on [/model/qr4/odometry_with_covariance]
(2026-03-16T11:18:36.177326172) (2026-03-16T11:18:36.177332721) [Msg] OdometryPublisher publishing Pose_V (TF) on [/model/qr4/pose]
(2026-03-16T11:18:36.177388933) (2026-03-16T11:18:36.177395029) [Dbg] [SystemManager.cc:73] Loaded system [ignition::gazebo::systems::OdometryPublisher] for entity [14]
(2026-03-16T11:18:36.196793851) (2026-03-16T11:18:36.196804989) [Dbg] [Sensors.cc:506] Configuring Sensors system
(2026-03-16T11:18:36.196920557) (2026-03-16T11:18:36.196927402) [Dbg] [Sensors.cc:431] SensorsPrivate::Run
((2026-03-16T11:18:36.197043565(2026-03-16T11:18:36.197043565) (2026-03-16T11:18:36.197066566) (2026-03-16T11:18:36.1970828262026-03-16T11:18:36.197074927) 2026-03-16T11:18:36.197074927) ) [Dbg] [SystemManager.cc:73] [Dbg] [SystemManager.cc:73] [Dbg] [Sensors.cc:411] SensorsPrivate::RenderThread started
(2026-03-16T11:18:36.197119354) ) (2026-03-16T11:18:36.197127882) ignition::gazebo::systems::Sensors[Dbg] [Sensors.cc:258] Waiting for init
] for entity [14]
(2026-03-16T11:18:36.197703769) (2026-03-16T11:18:36.197711923) [Msg] Loaded level [3]
(2026-03-16T11:18:36.197743911) (2026-03-16T11:18:36.197749956) [Msg] No systems loaded from SDF, loading defaults
(2026-03-16T11:18:36.197970580) (2026-03-16T11:18:36.197978551) [Dbg] [ServerConfig.cc:1043] Loaded (3) plugins from file [/home/user/.ignition/gazebo/6/server.config]
(2026-03-16T11:18:36.226548678) (2026-03-16T11:18:36.226561611) [Dbg] [Physics.cc:804] Loaded [ignition::physics::dartsim::Plugin] from library [/usr/lib/x86_64-linux-gnu/ign-physics-5/engine-plugins/libignition-physics-dartsim-plugin.so]
(2026-03-16T11:18:36.226633457) (2026-03-16T11:18:36.226649295) [Dbg] [SystemManager.cc:73] Loaded system [gz::sim::systems::Physics] for entity [1]
(2026-03-16T11:18:36.229358396) (2026-03-16T11:18:36.229399031) [Msg] Create service on [/world/mrsim/create]
(2026-03-16T11:18:36.229521686) (2026-03-16T11:18:36.229528612) [Msg] Remove service on [/world/mrsim/remove]
(2026-03-16T11:18:36.229708103) (2026-03-16T11:18:36.229715064) [Msg] Pose service on [/world/mrsim/set_pose]
(2026-03-16T11:18:36.229808398) (2026-03-16T11:18:36.229814644) [Msg] Pose service on [/world/mrsim/set_pose_vector]
(2026-03-16T11:18:36.229983368) (2026-03-16T11:18:36.230020627) [Msg] Light configuration service on [/world/mrsim/light_config]
(2026-03-16T11:18:36.230266780) (2026-03-16T11:18:36.230273393) [Msg] Physics service on [/world/mrsim/set_physics]
(2026-03-16T11:18:36.230411387) (2026-03-16T11:18:36.230417823) [Msg] SphericalCoordinates service on [/world/mrsim/set_spherical_coordinates]
(2026-03-16T11:18:36.230517349) (2026-03-16T11:18:36.230522948) [Msg] Enable collision service on [/world/mrsim/enable_collision]
(2026-03-16T11:18:36.230681571) (2026-03-16T11:18:36.230688401) [Msg] Disable collision service on [/world/mrsim/disable_collision]
(2026-03-16T11:18:36.230863082) (2026-03-16T11:18:36.230869986) [Msg] Material service on [/world/mrsim/visual_config]
(2026-03-16T11:18:36.230993531) (2026-03-16T11:18:36.231000084) [Msg] Material service on [/world/mrsim/wheel_slip]
(2026-03-16T11:18:36.231064624) (2026-03-16T11:18:36.231070541) [Dbg] [SystemManager.cc:73] Loaded system [gz::sim::systems::UserCommands] for entity [1]
(2026-03-16T11:18:36.233358251) (2026-03-16T11:18:36.233371383) [Dbg] [SystemManager.cc:73] Loaded system [gz::sim::systems::SceneBroadcaster] for entity [1]
(2026-03-16T11:18:36.234249128) (2026-03-16T11:18:36.234258374) [Msg] Serving world controls on [/world/mrsim/control], [/world/mrsim/control/state] and [/world/mrsim/playback/control]
(2026-03-16T11:18:36.234457046) (2026-03-16T11:18:36.234464291) [Msg] Serving GUI information on [/world/mrsim/gui/info]
(2026-03-16T11:18:36.234496399) (2026-03-16T11:18:36.234502214) [Msg] World [mrsim] initialized with [1ms] physics profile.
(2026-03-16T11:18:36.234760133) (2026-03-16T11:18:36.234767339) [Msg] Serving world SDF generation service on [/world/mrsim/generate_world_sdf]
(2026-03-16T11:18:36.235057741) (2026-03-16T11:18:36.235064584) [Msg] Serving world names on [/gazebo/worlds]
(2026-03-16T11:18:36.235240200) (2026-03-16T11:18:36.235246645) [Msg] Resource path add service on [/gazebo/resource_paths/add].
(2026-03-16T11:18:36.335692377) (2026-03-16T11:18:36.335707258) [Msg] Resource path get service on [/gazebo/resource_paths/get].
(2026-03-16T11:18:36.335857665) (2026-03-16T11:18:36.335864239) [Msg] Resource path resolve service on [/gazebo/resource_paths/resolve].
(2026-03-16T11:18:36.336035389) (2026-03-16T11:18:36.336040564) [Msg] Resource paths published on [/gazebo/resource_paths].
(2026-03-16T11:18:36.336199983) (2026-03-16T11:18:36.336206530) [Msg] Server control service on [/server_control].
(2026-03-16T11:18:37.718127293) (2026-03-16T11:18:37.718139356) [Msg] Found no publishers on /stats, adding root stats topic
(2026-03-16T11:18:37.718340437) (2026-03-16T11:18:37.718347281) [Msg] Found no publishers on /clock, adding root clock topic
(2026-03-16T11:18:37.718536482) (2026-03-16T11:18:37.718542702) [Dbg] [SimulationRunner.cc:501] Creating PostUpdate worker threads: 4
(2026-03-16T11:18:37.718568562) (2026-03-16T11:18:37.718573853) [Dbg] [SimulationRunner.cc:512] Creating postupdate worker thread (0)
(2026-03-16T11:18:37.718661512) (2026-03-16T11:18:37.718668368) [Dbg] [SimulationRunner.cc:512] Creating postupdate worker thread (1)
(2026-03-16T11:18:37.718721605) (2026-03-16T11:18:37.718727759) [Dbg] [SimulationRunner.cc:512] Creating postupdate worker thread (2)
(2026-03-16T11:18:37.722949937) (2026-03-16T11:18:37.722957908) [Dbg] [SimulationFeatures.cc:71] Simulation timestep set to: 0.005
(2026-03-16T11:18:37.723757819) (2026-03-16T11:18:37.723765530) [Dbg] [Sensors.cc:610] Initialization needed
(2026-03-16T11:18:37.723809303) (2026-03-16T11:18:37.723816277) [Dbg] [Sensors.cc:270] Initializing render context
(2026-03-16T11:18:37.724016176) (2026-03-16T11:18:37.724023036) [Msg] Loading plugin [ignition-rendering-ogre2]
(2026-03-16T11:18:37.724645043) (2026-03-16T11:18:37.724650985) [Msg] Serving scene information on [/world/mrsim/scene/info]
(2026-03-16T11:18:37.724729413) (2026-03-16T11:18:37.724733553) [Msg] Serving graph information on [/world/mrsim/scene/graph]
(2026-03-16T11:18:37.724850601) (2026-03-16T11:18:37.724854780) [Msg] Serving full state on [/world/mrsim/state]
(2026-03-16T11:18:37.724914338) (2026-03-16T11:18:37.724919294) [Msg] Serving full state (async) on [/world/mrsim/state_async]
(2026-03-16T11:18:37.725031722) (2026-03-16T11:18:37.725038107) [Msg] Publishing scene information on [/world/mrsim/scene/info]
(2026-03-16T11:18:37.725133972) (2026-03-16T11:18:37.725138199) [Msg] Publishing entity deletions on [/world/mrsim/scene/deletion]
(2026-03-16T11:18:37.725216662) (2026-03-16T11:18:37.725222980) [Msg] Publishing state changes on [/world/mrsim/state]
(2026-03-16T11:18:37.725314160) (2026-03-16T11:18:37.725320198) [Msg] Publishing pose messages on [/world/mrsim/pose/info]
(2026-03-16T11:18:37.725420520) (2026-03-16T11:18:37.725424528) [Msg] Publishing dynamic pose messages on [/world/mrsim/dynamic_pose/info]
(2026-03-16T11:18:37.725608260) (2026-03-16T11:18:37.725613300) [Dbg] [EntityComponentManager.cc:1623] Updated state thread iterators: 8 threads processing around 6 entities each.
(2026-03-16T11:18:37.862682397) (2026-03-16T11:18:37.862689621) [Dbg] [RenderUtil.cc:2591] Create scene [scene]
(2026-03-16T11:18:37.889340559) (2026-03-16T11:18:37.889342866) (2026-03-16T11:18:37.889362815) ) [Dbg] [Sensors.cc:284] [Dbg] [Sensors.cc:284] [Dbg] [Sensors.cc:610] Rendering Thread initialized

(2026-03-16T11:18:38.726898884) (2026-03-16T11:18:38.726909633) [Dbg] [CameraSensor.cc:394] Camera images for [qr4::base::camera] advertised on [/camera]
(2026-03-16T11:18:38.727068539) (2026-03-16T11:18:38.727074865) [Dbg] [CameraSensor.cc:705] Camera info for [qr4::base::camera] advertised on [/camera_info]
(2026-03-16T11:18:38.727422451) (2026-03-16T11:18:38.727426798) [Wrn] [Ogre2Camera.cc:390] Ogre2Camera::SetVisibilityMask: Mask bits c0000000 are set but will be ignored as they conflict with the reserved bits used internally by the ogre2 backend.
(2026-03-16T11:18:38.727604470) (2026-03-16T11:18:38.727608553) [Msg] Loading plugin [ignition-rendering-ogre2]
(2026-03-16T11:18:38.782049648) (2026-03-16T11:18:38.782063139) [Dbg] [CameraSensor.cc:518] Enabling camera sensor: 'qr4::base::camera' data generation.
(2026-03-16T11:18:58.233653477) (2026-03-16T11:18:58.233661403) [Dbg] [SignalHandler.cc:141] Received signal[2].
(2026-03-16T11:18:58.233680856) (2026-03-16T11:18:58.233684364) [Dbg] [ServerPrivate.cc:110] Server received signal[2]
(2026-03-16T11:18:58.233698936) (2026-03-16T11:18:58.233702358) [Dbg] [Sensors.cc:439] SensorsPrivate::Stop
(2026-03-16T11:18:58.233965106) (2026-03-16T11:18:58.233971459) [Dbg] [Sensors.cc:425] SensorsPrivate::RenderThread stopped
(2026-03-16T11:18:58.237950858) (2026-03-16T11:18:58.237961041) [Dbg] [gz.cc:410] Shutting down ign-gazebo-server
(((2026-03-16T11:18:58.240585596) (2026-03-16T11:18:58.240597651(2026-03-16T11:18:58.240597651) (2026-03-16T11:18:58.240611126) ) (2026-03-16T11:18:58.240620500) ) [Dbg] [SimulationRunner.cc:528] Exiting postupdate worker thread (0)
[Dbg] [SimulationRunner.cc:528] Exiting postupdate worker thread (2)
Exiting postupdate worker thread (1)
(2026-03-16T11:18:58.261724616) (2026-03-16T11:18:58.261731759) [Dbg] [Sensors.cc:439] SensorsPrivate::Stop
