(2026-03-17T16:22:37.752571224) (2026-03-17T16:22:37.752825024) [Msg] Ignition Gazebo Server v6.17.1
(2026-03-17T16:22:37.758466157) (2026-03-17T16:22:37.758477347) [Msg] Loading SDF world file[/home/user/ros2_ws/install/mrsim_gazebo_sim/share/mrsim_gazebo_sim/worlds/example.world].
(2026-03-17T16:22:38.14706159) (2026-03-17T16:22:38.14717477) [Msg] Serving entity system service on [/entity/system/add]
(2026-03-17T16:22:38.43577405) (2026-03-17T16:22:38.43591624) [Dbg] [SystemManager.cc:73] Loaded system [ignition::gazebo::systems::ShaderParam] for entity [9]
(2026-03-17T16:22:38.48517191) (2026-03-17T16:22:38.48539930) [Dbg] [SystemManager.cc:73] Loaded system [mrsim_gazebo_sim::SetPegPosePlugin] for entity [10]
(2026-03-17T16:22:38.81391645) (2026-03-17T16:22:38.81404592) [Dbg] [SystemManager.cc:73] Loaded system [mrsim_gazebo_sim::MrsimDroneIgnPlugin] for entity [14]
(2026-03-17T16:22:38.83190808) (2026-03-17T16:22:38.83205282) [Dbg] [MulticopterMotorModel.cc:373] Listening to topic: qr4/gazebo/command/motor_speed
(2026-03-17T16:22:38.83413419) (2026-03-17T16:22:38.83422719) [Dbg] [SystemManager.cc:73] Loaded system [ignition::gazebo::systems::MulticopterMotorModel] for entity [14]
(2026-03-17T16:22:38.84098343) (2026-03-17T16:22:38.84108649) [Dbg] [MulticopterMotorModel.cc:373] Listening to topic: qr4/gazebo/command/motor_speed
(2026-03-17T16:22:38.84266507) (2026-03-17T16:22:38.84272492) [Dbg] [SystemManager.cc:73] Loaded system [ignition::gazebo::systems::MulticopterMotorModel] for entity [14]
(2026-03-17T16:22:38.84699321) (2026-03-17T16:22:38.84708245) [Dbg] [MulticopterMotorModel.cc:373] Listening to topic: qr4/gazebo/command/motor_speed
(2026-03-17T16:22:38.84839115) (2026-03-17T16:22:38.84847890) [Dbg] [SystemManager.cc:73] Loaded system [ignition::gazebo::systems::MulticopterMotorModel] for entity [14]
(2026-03-17T16:22:38.85275930) (2026-03-17T16:22:38.85283127) [Dbg] [MulticopterMotorModel.cc:373] Listening to topic: qr4/gazebo/command/motor_speed
(2026-03-17T16:22:38.85371169) (2026-03-17T16:22:38.85376873) [Dbg] [SystemManager.cc:73] Loaded system [ignition::gazebo::systems::MulticopterMotorModel] for entity [14]
(2026-03-17T16:22:38.86868586) (2026-03-17T16:22:38.86880393) [Msg] OdometryPublisher publishing odometry on [/model/qr4/odometry]
(2026-03-17T16:22:38.86967105) (2026-03-17T16:22:38.86975785) [Msg] OdometryPublisher publishing odometry with covariance on [/model/qr4/odometry_with_covariance]
(2026-03-17T16:22:38.87062145) (2026-03-17T16:22:38.87070416) [Msg] OdometryPublisher publishing Pose_V (TF) on [/model/qr4/pose]
(2026-03-17T16:22:38.87098487) (2026-03-17T16:22:38.87103213) [Dbg] [SystemManager.cc:73] Loaded system [ignition::gazebo::systems::OdometryPublisher] for entity [14]
(2026-03-17T16:22:38.101004068) (2026-03-17T16:22:38.101019075) [Dbg] [Sensors.cc:506] Configuring Sensors system
(2026-03-17T16:22:38.101137538) (2026-03-17T16:22:38.101142764) [Dbg] [Sensors.cc:431] SensorsPrivate::Run
(2026-03-17T16:22:38.101277709) (2026-03-17T16:22:38.101285773) (2026-03-17T16:22:38.101308906) (2026-03-17T16:22:38.101320086) [Dbg] [SystemManager.cc:73] Loaded system [ignition::gazebo::systems::Sensors] for entity [14]
SensorsPrivate::RenderThread started

(2026-03-17T16:22:38.101394377) (2026-03-17T16:22:38.101401421) [Dbg] [Sensors.cc:258] Waiting for init
(2026-03-17T16:22:38.101938272) (2026-03-17T16:22:38.101948177) [Msg] Loaded level [3]
(2026-03-17T16:22:38.101983927) (2026-03-17T16:22:38.101990088) [Msg] No systems loaded from SDF, loading defaults
(2026-03-17T16:22:38.102242638) (2026-03-17T16:22:38.102251081) [Dbg] [ServerConfig.cc:1043] Loaded (3) plugins from file [/home/user/.ignition/gazebo/6/server.config]
(2026-03-17T16:22:38.127857520) (2026-03-17T16:22:38.127874970) [Dbg] [Physics.cc:804] Loaded [ignition::physics::dartsim::Plugin] from library [/usr/lib/x86_64-linux-gnu/ign-physics-5/engine-plugins/libignition-physics-dartsim-plugin.so]
(2026-03-17T16:22:38.127961970) (2026-03-17T16:22:38.127974386) [Dbg] [SystemManager.cc:73] Loaded system [gz::sim::systems::Physics] for entity [1]
(2026-03-17T16:22:38.130247437) (2026-03-17T16:22:38.130256697) [Msg] Create service on [/world/mrsim/create]
(2026-03-17T16:22:38.130408725) (2026-03-17T16:22:38.130415424) [Msg] Remove service on [/world/mrsim/remove]
(2026-03-17T16:22:38.130516003) (2026-03-17T16:22:38.130524538) [Msg] Pose service on [/world/mrsim/set_pose]
(2026-03-17T16:22:38.130596731) (2026-03-17T16:22:38.130605303) [Msg] Pose service on [/world/mrsim/set_pose_vector]
(2026-03-17T16:22:38.130746244) (2026-03-17T16:22:38.130754713) [Msg] Light configuration service on [/world/mrsim/light_config]
(2026-03-17T16:22:38.130963050) (2026-03-17T16:22:38.130971888) [Msg] Physics service on [/world/mrsim/set_physics]
(2026-03-17T16:22:38.131131490) (2026-03-17T16:22:38.131137655) [Msg] SphericalCoordinates service on [/world/mrsim/set_spherical_coordinates]
(2026-03-17T16:22:38.131234165) (2026-03-17T16:22:38.131240394) [Msg] Enable collision service on [/world/mrsim/enable_collision]
(2026-03-17T16:22:38.131331930) (2026-03-17T16:22:38.131337524) [Msg] Disable collision service on [/world/mrsim/disable_collision]
(2026-03-17T16:22:38.131531353) (2026-03-17T16:22:38.131537108) [Msg] Material service on [/world/mrsim/visual_config]
(2026-03-17T16:22:38.131668025) (2026-03-17T16:22:38.131673841) [Msg] Material service on [/world/mrsim/wheel_slip]
(2026-03-17T16:22:38.131713788) (2026-03-17T16:22:38.131718540) [Dbg] [SystemManager.cc:73] Loaded system [gz::sim::systems::UserCommands] for entity [1]
(2026-03-17T16:22:38.133667636) (2026-03-17T16:22:38.133678272) [Dbg] [SystemManager.cc:73] Loaded system [gz::sim::systems::SceneBroadcaster] for entity [1]
(2026-03-17T16:22:38.134404813) (2026-03-17T16:22:38.134414010) [Msg] Serving world controls on [/world/mrsim/control], [/world/mrsim/control/state] and [/world/mrsim/playback/control]
(2026-03-17T16:22:38.134582612) (2026-03-17T16:22:38.134590533) [Msg] Serving GUI information on [/world/mrsim/gui/info]
(2026-03-17T16:22:38.134625912) (2026-03-17T16:22:38.134633472) [Msg] World [mrsim] initialized with [1ms] physics profile.
(2026-03-17T16:22:38.134852164) (2026-03-17T16:22:38.134857953) [Msg] Serving world SDF generation service on [/world/mrsim/generate_world_sdf]
(2026-03-17T16:22:38.135037546) (2026-03-17T16:22:38.135043321) [Msg] Serving world names on [/gazebo/worlds]
(2026-03-17T16:22:38.135147203) (2026-03-17T16:22:38.135152721) [Msg] Resource path add service on [/gazebo/resource_paths/add].
(2026-03-17T16:22:38.135239998) (2026-03-17T16:22:38.135245525) [Msg] Resource path get service on [/gazebo/resource_paths/get].
(2026-03-17T16:22:38.135330845) (2026-03-17T16:22:38.135336250) [Msg] Resource path resolve service on [/gazebo/resource_paths/resolve].
(2026-03-17T16:22:38.135574341) (2026-03-17T16:22:38.135584441) [Msg] Resource paths published on [/gazebo/resource_paths].
(2026-03-17T16:22:38.135732856) (2026-03-17T16:22:38.135738565) [Msg] Server control service on [/server_control].
(2026-03-17T16:22:39.649803289) (2026-03-17T16:22:39.649824595) [Msg] Found no publishers on /stats, adding root stats topic
(2026-03-17T16:22:39.650075279) (2026-03-17T16:22:39.650082433) [Msg] Found no publishers on /clock, adding root clock topic
(2026-03-17T16:22:39.650290841) (2026-03-17T16:22:39.650299498) [Dbg] [SimulationRunner.cc:501] Creating PostUpdate worker threads: 4
(2026-03-17T16:22:39.650334244) (2026-03-17T16:22:39.650344487) [Dbg] [SimulationRunner.cc:512] Creating postupdate worker thread (0)
(2026-03-17T16:22:39.650488461) (2026-03-17T16:22:39.650496878) [Dbg] [SimulationRunner.cc:512] Creating postupdate worker thread (1)
(2026-03-17T16:22:39.650555115) (2026-03-17T16:22:39.650562733) [Dbg] [SimulationRunner.cc:512] Creating postupdate worker thread (2)
(2026-03-17T16:22:39.656122321) (2026-03-17T16:22:39.656132725) [Dbg] [SimulationFeatures.cc:71] Simulation timestep set to: 0.005
(2026-03-17T16:22:39.656745243) (2026-03-17T16:22:39.656757865) [Dbg] [Sensors.cc:610] Initialization needed
(2026-03-17T16:22:39.656828870) (2026-03-17T16:22:39.656839851) [Dbg] [Sensors.cc:270] Initializing render context
(2026-03-17T16:22:39.657055255) (2026-03-17T16:22:39.657063140) [Msg] Loading plugin [ignition-rendering-ogre2]
(2026-03-17T16:22:39.657630204) (2026-03-17T16:22:39.657641313) [Msg] Serving scene information on [/world/mrsim/scene/info]
(2026-03-17T16:22:39.657739939) (2026-03-17T16:22:39.657748817) [Msg] Serving graph information on [/world/mrsim/scene/graph]
(2026-03-17T16:22:39.657889589) (2026-03-17T16:22:39.657898922) [Msg] Serving full state on [/world/mrsim/state]
(2026-03-17T16:22:39.657967592) (2026-03-17T16:22:39.657976851) [Msg] Serving full state (async) on [/world/mrsim/state_async]
(2026-03-17T16:22:39.658056448) (2026-03-17T16:22:39.658063663) [Msg] Publishing scene information on [/world/mrsim/scene/info]
(2026-03-17T16:22:39.658172083) (2026-03-17T16:22:39.658177455) [Msg] Publishing entity deletions on [/world/mrsim/scene/deletion]
(2026-03-17T16:22:39.658225689) (2026-03-17T16:22:39.658230754) [Msg] Publishing state changes on [/world/mrsim/state]
(2026-03-17T16:22:39.658314845) (2026-03-17T16:22:39.658322765) [Msg] Publishing pose messages on [/world/mrsim/pose/info]
(2026-03-17T16:22:39.658393505) (2026-03-17T16:22:39.658399050) [Msg] Publishing dynamic pose messages on [/world/mrsim/dynamic_pose/info]
(2026-03-17T16:22:39.658620897) (2026-03-17T16:22:39.658626842) [Dbg] [EntityComponentManager.cc:1623] Updated state thread iterators: 8 threads processing around 6 entities each.
(2026-03-17T16:22:39.879520424) (2026-03-17T16:22:39.879531935) [Dbg] [RenderUtil.cc:2591] Create scene [scene]
((2026-03-17T16:22:39.9222624532026-03-17T16:22:39.922279567) ) ) ((2026-03-17T16:22:39.922306999) 2026-03-17T16:22:39.922307058) [Dbg] [Sensors.cc:610] Initialization needed
[Dbg] [Sensors.cc:284] Rendering Thread initialized
(2026-03-17T16:22:40.930985345) (2026-03-17T16:22:40.930999086) [Dbg] [CameraSensor.cc:394] Camera images for [qr4::base::camera] advertised on [/camera]
(2026-03-17T16:22:40.931132094) (2026-03-17T16:22:40.931140796) [Dbg] [CameraSensor.cc:705] Camera info for [qr4::base::camera] advertised on [/camera_info]
(2026-03-17T16:22:40.931476089) (2026-03-17T16:22:40.931482424) [Wrn] [Ogre2Camera.cc:390] Ogre2Camera::SetVisibilityMask: Mask bits c0000000 are set but will be ignored as they conflict with the reserved bits used internally by the ogre2 backend.
(2026-03-17T16:22:40.931662194) (2026-03-17T16:22:40.931667208) [Msg] Loading plugin [ignition-rendering-ogre2]
(2026-03-17T16:22:41.2499578) (2026-03-17T16:22:41.2514799) [Dbg] [CameraSensor.cc:518] Enabling camera sensor: 'qr4::base::camera' data generation.
(2026-03-17T16:22:50.817358408) (2026-03-17T16:22:50.817383183) [Dbg] [SignalHandler.cc:141] Received signal[2].
(2026-03-17T16:22:50.817454138) (2026-03-17T16:22:50.817469005) [Dbg] [ServerPrivate.cc:110] Server received signal[2]
(2026-03-17T16:22:50.817525610) (2026-03-17T16:22:50.817540098) [Dbg] [Sensors.cc:439] SensorsPrivate::Stop
(2026-03-17T16:22:50.819982324) (2026-03-17T16:22:50.820006435) [Dbg] [Sensors.cc:425] SensorsPrivate::RenderThread stopped
(2026-03-17T16:22:50.821860035) (2026-03-17T16:22:50.821930930) [Dbg] [gz.cc:410] Shutting down ign-gazebo-server
(((((2026-03-17T16:22:50.827376024) (2026-03-17T16:22:50.827410425) 2026-03-17T16:22:50.827405020) 2026-03-17T16:22:50.827406236(2026-03-17T16:22:50.8274550362026-03-17T16:22:50.827455036) (Exiting postupdate worker thread (2026-03-17T16:22:50.827501943) ) ) 0))[Dbg] [SimulationRunner.cc:528] )[Dbg] [SimulationRunner.cc:528] [Dbg] [SimulationRunner.cc:528] Exiting postupdate worker thread (Exiting postupdate worker thread (1)
)
(2026-03-17T16:22:50.860162726) (2026-03-17T16:22:50.860179077) [Dbg] [Sensors.cc:439] SensorsPrivate::Stop
