(2026-03-11T12:15:29.684553508) (2026-03-11T12:15:29.684563919) [Msg] Ignition Gazebo Server v6.17.1
(2026-03-11T12:15:29.688681986) (2026-03-11T12:15:29.688699473) [Msg] Loading SDF world file[/home/user/ros2_ws/install/mrsim_gazebo_sim/share/mrsim_gazebo_sim/worlds/example.world].
(2026-03-11T12:15:29.972800693) (2026-03-11T12:15:29.972812253) [Msg] Serving entity system service on [/entity/system/add]
(2026-03-11T12:15:30.4131485) (2026-03-11T12:15:30.4145797) [Dbg] [SystemManager.cc:73] Loaded system [ignition::gazebo::systems::ShaderParam] for entity [9]
(2026-03-11T12:15:30.8857815) (2026-03-11T12:15:30.8871241) [Dbg] [SystemManager.cc:73] Loaded system [mrsim_gazebo_sim::SetPegPosePlugin] for entity [10]
(2026-03-11T12:15:30.47336326) (2026-03-11T12:15:30.47346352) [Dbg] [SystemManager.cc:73] Loaded system [mrsim_gazebo_sim::MrsimDroneIgnPlugin] for entity [14]
(2026-03-11T12:15:30.49241127) (2026-03-11T12:15:30.49249088) [Dbg] [MulticopterMotorModel.cc:373] Listening to topic: qr4/gazebo/command/motor_speed
(2026-03-11T12:15:30.49364189) (2026-03-11T12:15:30.49369583) [Dbg] [SystemManager.cc:73] Loaded system [ignition::gazebo::systems::MulticopterMotorModel] for entity [14]
(2026-03-11T12:15:30.49790888) (2026-03-11T12:15:30.49797442) [Dbg] [MulticopterMotorModel.cc:373] Listening to topic: qr4/gazebo/command/motor_speed
(2026-03-11T12:15:30.49935686) (2026-03-11T12:15:30.49947148) [Dbg] [SystemManager.cc:73] Loaded system [ignition::gazebo::systems::MulticopterMotorModel] for entity [14]
(2026-03-11T12:15:30.50701642) (2026-03-11T12:15:30.50707888) [Dbg] [MulticopterMotorModel.cc:373] Listening to topic: qr4/gazebo/command/motor_speed
(2026-03-11T12:15:30.50789426) (2026-03-11T12:15:30.50794945) [Dbg] [SystemManager.cc:73] Loaded system [ignition::gazebo::systems::MulticopterMotorModel] for entity [14]
(2026-03-11T12:15:30.51129626) (2026-03-11T12:15:30.51135416) [Dbg] [MulticopterMotorModel.cc:373] Listening to topic: qr4/gazebo/command/motor_speed
(2026-03-11T12:15:30.51202736) (2026-03-11T12:15:30.51208010) [Dbg] [SystemManager.cc:73] Loaded system [ignition::gazebo::systems::MulticopterMotorModel] for entity [14]
(2026-03-11T12:15:30.58334579) (2026-03-11T12:15:30.58363394) [Msg] OdometryPublisher publishing odometry on [/model/qr4/odometry]
(2026-03-11T12:15:30.58581465) (2026-03-11T12:15:30.58589812) [Msg] OdometryPublisher publishing odometry with covariance on [/model/qr4/odometry_with_covariance]
(2026-03-11T12:15:30.58820923) (2026-03-11T12:15:30.58835380) [Msg] OdometryPublisher publishing Pose_V (TF) on [/model/qr4/pose]
(2026-03-11T12:15:30.58976780) (2026-03-11T12:15:30.58996016) [Dbg] [SystemManager.cc:73] Loaded system [ignition::gazebo::systems::OdometryPublisher] for entity [14]
(2026-03-11T12:15:30.77238733) (2026-03-11T12:15:30.77252741) [Dbg] [Sensors.cc:506] Configuring Sensors system
(2026-03-11T12:15:30.77400691) (2026-03-11T12:15:30.77408241) [Dbg] [Sensors.cc:431] SensorsPrivate::Run
(((2026-03-11T12:15:30.77527072) (2026-03-11T12:15:30.77543140) [Dbg] [Sensors.cc:411] 2026-03-11T12:15:30.77533660) SensorsPrivate::RenderThread started(SensorsPrivate::RenderThread started(2026-03-11T12:15:30.77569709) 
(2026-03-11T12:15:30.77586077) (2026-03-11T12:15:30.77591598) [Dbg] [SystemManager.cc:73] ignition::gazebo::systems::Sensors] for entity [Waiting for init] for entity [Waiting for init
]

(2026-03-11T12:15:30.78430669) (2026-03-11T12:15:30.78444401) [Msg] Loaded level [3]
(2026-03-11T12:15:30.78498080) (2026-03-11T12:15:30.78509221) [Msg] No systems loaded from SDF, loading defaults
(2026-03-11T12:15:30.78851518) (2026-03-11T12:15:30.78862978) [Dbg] [ServerConfig.cc:1043] Loaded (3) plugins from file [/home/user/.ignition/gazebo/6/server.config]
(2026-03-11T12:15:30.107696359) (2026-03-11T12:15:30.107706912) [Dbg] [Physics.cc:804] Loaded [ignition::physics::dartsim::Plugin] from library [/usr/lib/x86_64-linux-gnu/ign-physics-5/engine-plugins/libignition-physics-dartsim-plugin.so]
(2026-03-11T12:15:30.107785861) (2026-03-11T12:15:30.107792328) [Dbg] [SystemManager.cc:73] Loaded system [gz::sim::systems::Physics] for entity [1]
(2026-03-11T12:15:30.110760375) (2026-03-11T12:15:30.110773452) [Msg] Create service on [/world/mrsim/create]
(2026-03-11T12:15:30.110888918) (2026-03-11T12:15:30.110897547) [Msg] Remove service on [/world/mrsim/remove]
(2026-03-11T12:15:30.111054940) (2026-03-11T12:15:30.111063958) [Msg] Pose service on [/world/mrsim/set_pose]
(2026-03-11T12:15:30.111145024) (2026-03-11T12:15:30.111153514) [Msg] Pose service on [/world/mrsim/set_pose_vector]
(2026-03-11T12:15:30.111349816) (2026-03-11T12:15:30.111358770) [Msg] Light configuration service on [/world/mrsim/light_config]
(2026-03-11T12:15:30.111646976) (2026-03-11T12:15:30.111655629) [Msg] Physics service on [/world/mrsim/set_physics]
(2026-03-11T12:15:30.111810934) (2026-03-11T12:15:30.111819864) [Msg] SphericalCoordinates service on [/world/mrsim/set_spherical_coordinates]
(2026-03-11T12:15:30.111888282) (2026-03-11T12:15:30.111898627) [Msg] Enable collision service on [/world/mrsim/enable_collision]
(2026-03-11T12:15:30.111989659) (2026-03-11T12:15:30.111998514) [Msg] Disable collision service on [/world/mrsim/disable_collision]
(2026-03-11T12:15:30.112192707) (2026-03-11T12:15:30.112201515) [Msg] Material service on [/world/mrsim/visual_config]
(2026-03-11T12:15:30.112358556) (2026-03-11T12:15:30.112366887) [Msg] Material service on [/world/mrsim/wheel_slip]
(2026-03-11T12:15:30.112397962) (2026-03-11T12:15:30.112402571) [Dbg] [SystemManager.cc:73] Loaded system [gz::sim::systems::UserCommands] for entity [1]
(2026-03-11T12:15:30.114536523) (2026-03-11T12:15:30.114545634) [Dbg] [SystemManager.cc:73] Loaded system [gz::sim::systems::SceneBroadcaster] for entity [1]
(2026-03-11T12:15:30.114965606) (2026-03-11T12:15:30.114976402) [Msg] Serving world controls on [/world/mrsim/control], [/world/mrsim/control/state] and [/world/mrsim/playback/control]
(2026-03-11T12:15:30.115147336) (2026-03-11T12:15:30.115157157) [Msg] Serving GUI information on [/world/mrsim/gui/info]
(2026-03-11T12:15:30.115186715) (2026-03-11T12:15:30.115192024) [Msg] World [mrsim] initialized with [1ms] physics profile.
(2026-03-11T12:15:30.115348550) (2026-03-11T12:15:30.115357661) [Msg] Serving world SDF generation service on [/world/mrsim/generate_world_sdf]
(2026-03-11T12:15:30.115517066) (2026-03-11T12:15:30.115525267) [Msg] Serving world names on [/gazebo/worlds]
(2026-03-11T12:15:30.115615264) (2026-03-11T12:15:30.115622309) [Msg] Resource path add service on [/gazebo/resource_paths/add].
(2026-03-11T12:15:30.115761395) (2026-03-11T12:15:30.115769761) [Msg] Resource path get service on [/gazebo/resource_paths/get].
(2026-03-11T12:15:30.115864506) (2026-03-11T12:15:30.115870243) [Msg] Resource path resolve service on [/gazebo/resource_paths/resolve].
(2026-03-11T12:15:30.216184369) (2026-03-11T12:15:30.216198733) [Msg] Resource paths published on [/gazebo/resource_paths].
(2026-03-11T12:15:30.216523700) (2026-03-11T12:15:30.216531664) [Msg] Server control service on [/server_control].
(2026-03-11T12:15:31.581932123) (2026-03-11T12:15:31.581945124) [Msg] Found no publishers on /stats, adding root stats topic
(2026-03-11T12:15:31.582174200) (2026-03-11T12:15:31.582182518) [Msg] Found no publishers on /clock, adding root clock topic
(2026-03-11T12:15:31.582384638) (2026-03-11T12:15:31.582392885) [Dbg] [SimulationRunner.cc:501] Creating PostUpdate worker threads: 4
(2026-03-11T12:15:31.582422644) (2026-03-11T12:15:31.582429432) [Dbg] [SimulationRunner.cc:512] Creating postupdate worker thread (0)
(2026-03-11T12:15:31.582523364) (2026-03-11T12:15:31.582530003) [Dbg] [SimulationRunner.cc:512] Creating postupdate worker thread (1)
(2026-03-11T12:15:31.582577092) (2026-03-11T12:15:31.582583856) [Dbg] [SimulationRunner.cc:512] Creating postupdate worker thread (2)
(2026-03-11T12:15:31.587195763) (2026-03-11T12:15:31.587208783) [Dbg] [Sensors.cc:610] Initialization needed
(2026-03-11T12:15:31.587263935) (2026-03-11T12:15:31.587275196) [Dbg] [Sensors.cc:270] Initializing render context
(2026-03-11T12:15:31.587432529) (2026-03-11T12:15:31.587439846) [Msg] Loading plugin [ignition-rendering-ogre2]
(2026-03-11T12:15:31.588198156) (2026-03-11T12:15:31.588208534) [Msg] Serving scene information on [/world/mrsim/scene/info]
(2026-03-11T12:15:31.588321632) (2026-03-11T12:15:31.588331460) [Msg] Serving graph information on [/world/mrsim/scene/graph]
(2026-03-11T12:15:31.588540052) (2026-03-11T12:15:31.588549584) [Msg] Serving full state on [/world/mrsim/state]
(2026-03-11T12:15:31.588639767) (2026-03-11T12:15:31.588648566) [Msg] Serving full state (async) on [/world/mrsim/state_async]
(2026-03-11T12:15:31.588758687) (2026-03-11T12:15:31.588767476) [Msg] Publishing scene information on [/world/mrsim/scene/info]
(2026-03-11T12:15:31.588901944) (2026-03-11T12:15:31.588910865) [Msg] Publishing entity deletions on [/world/mrsim/scene/deletion]
(2026-03-11T12:15:31.588987258) (2026-03-11T12:15:31.588995334) [Msg] Publishing state changes on [/world/mrsim/state]
(2026-03-11T12:15:31.589083687) (2026-03-11T12:15:31.589091269) [Msg] Publishing pose messages on [/world/mrsim/pose/info]
(2026-03-11T12:15:31.589182333) (2026-03-11T12:15:31.589190347) [Msg] Publishing dynamic pose messages on [/world/mrsim/dynamic_pose/info]
(2026-03-11T12:15:31.589568040) (2026-03-11T12:15:31.589578329) [Dbg] [EntityComponentManager.cc:1623] Updated state thread iterators: 8 threads processing around 6 entities each.
(2026-03-11T12:15:31.768815674) (2026-03-11T12:15:31.768823335) [Dbg] [RenderUtil.cc:2591] Create scene [scene]
((2026-03-11T12:15:31.797949949) ) ) (2026-03-11T12:15:31.797976887) (2026-03-11T12:15:31.797988513) [Dbg] [Sensors.cc:610] Initialization needed
[Dbg] [Sensors.cc:284] Rendering Thread initialized
(2026-03-11T12:15:32.854948781) (2026-03-11T12:15:32.854969982) [Dbg] [CameraSensor.cc:394] Camera images for [qr4::base::camera] advertised on [/camera]
(2026-03-11T12:15:32.855174147) (2026-03-11T12:15:32.855181951) [Dbg] [CameraSensor.cc:705] Camera info for [qr4::base::camera] advertised on [/camera_info]
(2026-03-11T12:15:32.855731882) (2026-03-11T12:15:32.855742204) [Wrn] [Ogre2Camera.cc:390] Ogre2Camera::SetVisibilityMask: Mask bits c0000000 are set but will be ignored as they conflict with the reserved bits used internally by the ogre2 backend.
(2026-03-11T12:15:32.856054325) (2026-03-11T12:15:32.856062245) [Msg] Loading plugin [ignition-rendering-ogre2]
(2026-03-11T12:15:32.932888338) (2026-03-11T12:15:32.932902227) [Dbg] [CameraSensor.cc:518] Enabling camera sensor: 'qr4::base::camera' data generation.
(2026-03-11T12:15:36.278442077) (2026-03-11T12:15:36.278460048) [Dbg] [SimulationFeatures.cc:71] Simulation timestep set to: 0.005
(2026-03-11T12:15:44.153400249) (2026-03-11T12:15:44.153413111) [Dbg] [SignalHandler.cc:141] Received signal[2].
(2026-03-11T12:15:44.153444107) (2026-03-11T12:15:44.153449705) [Dbg] [ServerPrivate.cc:110] Server received signal[2]
(2026-03-11T12:15:44.153479103) (2026-03-11T12:15:44.153486299) [Dbg] [Sensors.cc:439] SensorsPrivate::Stop
(2026-03-11T12:15:44.153987035) (2026-03-11T12:15:44.153996136) [Dbg] [Sensors.cc:425] SensorsPrivate::RenderThread stopped
(2026-03-11T12:15:44.155085680) (2026-03-11T12:15:44.155094920) [Dbg] [gz.cc:410] Shutting down ign-gazebo-server
((2026-03-11T12:15:44.158366046) (2026-03-11T12:15:44.158379222() () () 2026-03-11T12:15:44.158371404) ) (2026-03-11T12:15:44.158422817() () 2026-03-11T12:15:44.158435668Exiting postupdate worker thread (1) 

Exiting postupdate worker thread (0)
Exiting postupdate worker thread (2)
(2026-03-11T12:15:44.199810756) (2026-03-11T12:15:44.199820814) [Dbg] [Sensors.cc:439] SensorsPrivate::Stop
