(2026-03-18T09:39:30.306331131) (2026-03-18T09:39:30.306340216) [Msg] Ignition Gazebo Server v6.17.1
(2026-03-18T09:39:30.309288718) (2026-03-18T09:39:30.309301381) [Msg] Loading SDF world file[/home/user/ros2_ws/install/mrsim_gazebo_sim/share/mrsim_gazebo_sim/worlds/example.world].
(2026-03-18T09:39:30.626381780) (2026-03-18T09:39:30.626390996) [Msg] Serving entity system service on [/entity/system/add]
(2026-03-18T09:39:30.654999130) (2026-03-18T09:39:30.655009565) [Dbg] [SystemManager.cc:73] Loaded system [ignition::gazebo::systems::ShaderParam] for entity [9]
(2026-03-18T09:39:30.658272537) (2026-03-18T09:39:30.658281622) [Dbg] [SystemManager.cc:73] Loaded system [mrsim_gazebo_sim::SetPegPosePlugin] for entity [10]
(2026-03-18T09:39:30.693199010) (2026-03-18T09:39:30.693211016) [Dbg] [SystemManager.cc:73] Loaded system [mrsim_gazebo_sim::MrsimDroneIgnPlugin] for entity [14]
(2026-03-18T09:39:30.694986869) (2026-03-18T09:39:30.694997667) [Dbg] [MulticopterMotorModel.cc:373] Listening to topic: qr4/gazebo/command/motor_speed
(2026-03-18T09:39:30.695189628) (2026-03-18T09:39:30.695198696) [Dbg] [SystemManager.cc:73] Loaded system [ignition::gazebo::systems::MulticopterMotorModel] for entity [14]
(2026-03-18T09:39:30.695784244) (2026-03-18T09:39:30.695794026) [Dbg] [MulticopterMotorModel.cc:373] Listening to topic: qr4/gazebo/command/motor_speed
(2026-03-18T09:39:30.695914802) (2026-03-18T09:39:30.695920472) [Dbg] [SystemManager.cc:73] Loaded system [ignition::gazebo::systems::MulticopterMotorModel] for entity [14]
(2026-03-18T09:39:30.696367441) (2026-03-18T09:39:30.696376476) [Dbg] [MulticopterMotorModel.cc:373] Listening to topic: qr4/gazebo/command/motor_speed
(2026-03-18T09:39:30.696508068) (2026-03-18T09:39:30.696515928) [Dbg] [SystemManager.cc:73] Loaded system [ignition::gazebo::systems::MulticopterMotorModel] for entity [14]
(2026-03-18T09:39:30.696903149) (2026-03-18T09:39:30.696909733) [Dbg] [MulticopterMotorModel.cc:373] Listening to topic: qr4/gazebo/command/motor_speed
(2026-03-18T09:39:30.696992173) (2026-03-18T09:39:30.696998081) [Dbg] [SystemManager.cc:73] Loaded system [ignition::gazebo::systems::MulticopterMotorModel] for entity [14]
(2026-03-18T09:39:30.698598318) (2026-03-18T09:39:30.698610460) [Msg] OdometryPublisher publishing odometry on [/model/qr4/odometry]
(2026-03-18T09:39:30.698737625) (2026-03-18T09:39:30.698744929) [Msg] OdometryPublisher publishing odometry with covariance on [/model/qr4/odometry_with_covariance]
(2026-03-18T09:39:30.698844007) (2026-03-18T09:39:30.698850716) [Msg] OdometryPublisher publishing Pose_V (TF) on [/model/qr4/pose]
(2026-03-18T09:39:30.698889236) (2026-03-18T09:39:30.698896135) [Dbg] [SystemManager.cc:73] Loaded system [ignition::gazebo::systems::OdometryPublisher] for entity [14]
(2026-03-18T09:39:30.714608902) (2026-03-18T09:39:30.714623274) [Dbg] [Sensors.cc:506] Configuring Sensors system
(2026-03-18T09:39:30.714797062) (2026-03-18T09:39:30.714804510) [Dbg] [Sensors.cc:431] SensorsPrivate::Run
((2026-03-18T09:39:30.714999406) (2026-03-18T09:39:30.7149896002026-03-18T09:39:30.7150081512026-03-18T09:39:30.7149896002026-03-18T09:39:30.715008151) () ) [Dbg] [SystemManager.cc:73] Loaded system [) Loaded system [[Dbg] [Sensors.cc:411] SensorsPrivate::RenderThread started
(ignition::gazebo::systems::Sensors] for entity [2026-03-18T09:39:30.715086846142026-03-18T09:39:30.71508684614) 2026-03-18T09:39:30.715110648) ]
[Dbg] [Sensors.cc:258] Waiting for init
(2026-03-18T09:39:30.716009122) (2026-03-18T09:39:30.716022417) [Msg] Loaded level [3]
(2026-03-18T09:39:30.716070049) (2026-03-18T09:39:30.716079632) [Msg] No systems loaded from SDF, loading defaults
(2026-03-18T09:39:30.716386050) (2026-03-18T09:39:30.716394492) [Dbg] [ServerConfig.cc:1043] Loaded (3) plugins from file [/home/user/.ignition/gazebo/6/server.config]
(2026-03-18T09:39:30.740549488) (2026-03-18T09:39:30.740563423) [Dbg] [Physics.cc:804] Loaded [ignition::physics::dartsim::Plugin] from library [/usr/lib/x86_64-linux-gnu/ign-physics-5/engine-plugins/libignition-physics-dartsim-plugin.so]
(2026-03-18T09:39:30.740620923) (2026-03-18T09:39:30.740633927) [Dbg] [SystemManager.cc:73] Loaded system [gz::sim::systems::Physics] for entity [1]
(2026-03-18T09:39:30.742628103) (2026-03-18T09:39:30.742638509) [Msg] Create service on [/world/mrsim/create]
(2026-03-18T09:39:30.742744664) (2026-03-18T09:39:30.742752835) [Msg] Remove service on [/world/mrsim/remove]
(2026-03-18T09:39:30.742852707) (2026-03-18T09:39:30.742861319) [Msg] Pose service on [/world/mrsim/set_pose]
(2026-03-18T09:39:30.742923445) (2026-03-18T09:39:30.742931914) [Msg] Pose service on [/world/mrsim/set_pose_vector]
(2026-03-18T09:39:30.743060484) (2026-03-18T09:39:30.743069229) [Msg] Light configuration service on [/world/mrsim/light_config]
(2026-03-18T09:39:30.743268895) (2026-03-18T09:39:30.743278128) [Msg] Physics service on [/world/mrsim/set_physics]
(2026-03-18T09:39:30.743420802) (2026-03-18T09:39:30.743428316) [Msg] SphericalCoordinates service on [/world/mrsim/set_spherical_coordinates]
(2026-03-18T09:39:30.743517734) (2026-03-18T09:39:30.743525748) [Msg] Enable collision service on [/world/mrsim/enable_collision]
(2026-03-18T09:39:30.743581457) (2026-03-18T09:39:30.743589658) [Msg] Disable collision service on [/world/mrsim/disable_collision]
(2026-03-18T09:39:30.743768498) (2026-03-18T09:39:30.743775604) [Msg] Material service on [/world/mrsim/visual_config]
(2026-03-18T09:39:30.743877844) (2026-03-18T09:39:30.743886357) [Msg] Material service on [/world/mrsim/wheel_slip]
(2026-03-18T09:39:30.743918998) (2026-03-18T09:39:30.743923745) [Dbg] [SystemManager.cc:73] Loaded system [gz::sim::systems::UserCommands] for entity [1]
(2026-03-18T09:39:30.745497490) (2026-03-18T09:39:30.745510484) [Dbg] [SystemManager.cc:73] Loaded system [gz::sim::systems::SceneBroadcaster] for entity [1]
(2026-03-18T09:39:30.745928014) (2026-03-18T09:39:30.745938413) [Msg] Serving world controls on [/world/mrsim/control], [/world/mrsim/control/state] and [/world/mrsim/playback/control]
(2026-03-18T09:39:30.746056148) (2026-03-18T09:39:30.746064858) [Msg] Serving GUI information on [/world/mrsim/gui/info]
(2026-03-18T09:39:30.746089284) (2026-03-18T09:39:30.746093926) [Msg] World [mrsim] initialized with [1ms] physics profile.
(2026-03-18T09:39:30.746249855) (2026-03-18T09:39:30.746257784) [Msg] Serving world SDF generation service on [/world/mrsim/generate_world_sdf]
(2026-03-18T09:39:30.746353589) (2026-03-18T09:39:30.746362724) [Msg] Serving world names on [/gazebo/worlds]
(2026-03-18T09:39:30.746422078) (2026-03-18T09:39:30.746430438) [Msg] Resource path add service on [/gazebo/resource_paths/add].
(2026-03-18T09:39:30.746491401) (2026-03-18T09:39:30.746499388) [Msg] Resource path get service on [/gazebo/resource_paths/get].
(2026-03-18T09:39:30.746627430) (2026-03-18T09:39:30.746635668) [Msg] Resource path resolve service on [/gazebo/resource_paths/resolve].
(2026-03-18T09:39:30.746901162) (2026-03-18T09:39:30.746909740) [Msg] Resource paths published on [/gazebo/resource_paths].
(2026-03-18T09:39:30.847469077) (2026-03-18T09:39:30.847489491) [Msg] Server control service on [/server_control].
(2026-03-18T09:39:32.204425914) (2026-03-18T09:39:32.204442559) [Msg] Found no publishers on /stats, adding root stats topic
(2026-03-18T09:39:32.204687111) (2026-03-18T09:39:32.204695990) [Msg] Found no publishers on /clock, adding root clock topic
(2026-03-18T09:39:32.204905218) (2026-03-18T09:39:32.204913771) [Dbg] [SimulationRunner.cc:501] Creating PostUpdate worker threads: 4
(2026-03-18T09:39:32.204948831) (2026-03-18T09:39:32.204956136) [Dbg] [SimulationRunner.cc:512] Creating postupdate worker thread (0)
(2026-03-18T09:39:32.205054040) (2026-03-18T09:39:32.205062655) [Dbg] [SimulationRunner.cc:512] Creating postupdate worker thread (1)
(2026-03-18T09:39:32.205112825) (2026-03-18T09:39:32.205121015) [Dbg] [SimulationRunner.cc:512] Creating postupdate worker thread (2)
(2026-03-18T09:39:32.221334325) (2026-03-18T09:39:32.221349345) [Dbg] [SimulationFeatures.cc:71] Simulation timestep set to: 0.005
(2026-03-18T09:39:32.222597176) (2026-03-18T09:39:32.222605571) [Dbg] [Sensors.cc:610] Initialization needed
(2026-03-18T09:39:32.222666066) (2026-03-18T09:39:32.222676963) [Dbg] [Sensors.cc:270] Initializing render context
(2026-03-18T09:39:32.222824086) (2026-03-18T09:39:32.222832367) [Msg] Loading plugin [ignition-rendering-ogre2]
(2026-03-18T09:39:32.223477475) (2026-03-18T09:39:32.223485891) [Msg] Serving scene information on [/world/mrsim/scene/info]
(2026-03-18T09:39:32.223563530) (2026-03-18T09:39:32.223570309) [Msg] Serving graph information on [/world/mrsim/scene/graph]
(2026-03-18T09:39:32.223702185) (2026-03-18T09:39:32.223708001) [Msg] Serving full state on [/world/mrsim/state]
(2026-03-18T09:39:32.223766679) (2026-03-18T09:39:32.223772054) [Msg] Serving full state (async) on [/world/mrsim/state_async]
(2026-03-18T09:39:32.223850588) (2026-03-18T09:39:32.223857460) [Msg] Publishing scene information on [/world/mrsim/scene/info]
(2026-03-18T09:39:32.223970607) (2026-03-18T09:39:32.223978547) [Msg] Publishing entity deletions on [/world/mrsim/scene/deletion]
(2026-03-18T09:39:32.224031220) (2026-03-18T09:39:32.224036391) [Msg] Publishing state changes on [/world/mrsim/state]
(2026-03-18T09:39:32.224112257) (2026-03-18T09:39:32.224117620) [Msg] Publishing pose messages on [/world/mrsim/pose/info]
(2026-03-18T09:39:32.224179984) (2026-03-18T09:39:32.224185221) [Msg] Publishing dynamic pose messages on [/world/mrsim/dynamic_pose/info]
(2026-03-18T09:39:32.224417555) (2026-03-18T09:39:32.224423255) [Dbg] [EntityComponentManager.cc:1623] Updated state thread iterators: 8 threads processing around 6 entities each.
(2026-03-18T09:39:32.436140926) (2026-03-18T09:39:32.436148407) [Dbg] [RenderUtil.cc:2591] Create scene [scene]
(2026-03-18T09:39:32.475939623) (2026-03-18T09:39:32.475953636) [Dbg] [Sensors.cc:610] Initialization needed
(2026-03-18T09:39:32.476866595) (2026-03-18T09:39:32.476879535) [Dbg] [Sensors.cc:284] Rendering Thread initialized
(2026-03-18T09:39:33.557717734) (2026-03-18T09:39:33.557735541) [Dbg] [CameraSensor.cc:394] Camera images for [qr4::base::camera] advertised on [/camera]
(2026-03-18T09:39:33.557935873) (2026-03-18T09:39:33.557942062) [Dbg] [CameraSensor.cc:705] Camera info for [qr4::base::camera] advertised on [/camera_info]
(2026-03-18T09:39:33.558418912) (2026-03-18T09:39:33.558429461) [Wrn] [Ogre2Camera.cc:390] Ogre2Camera::SetVisibilityMask: Mask bits c0000000 are set but will be ignored as they conflict with the reserved bits used internally by the ogre2 backend.
(2026-03-18T09:39:33.559087068) (2026-03-18T09:39:33.559097072) [Msg] Loading plugin [ignition-rendering-ogre2]
(2026-03-18T09:39:33.642519484) (2026-03-18T09:39:33.642528607) [Dbg] [CameraSensor.cc:518] Enabling camera sensor: 'qr4::base::camera' data generation.
(2026-03-18T09:40:00.297455239) (2026-03-18T09:40:00.297467156) [Dbg] [SignalHandler.cc:141] Received signal[2].
(2026-03-18T09:40:00.297498700) (2026-03-18T09:40:00.297504127) [Dbg] [ServerPrivate.cc:110] Server received signal[2]
(2026-03-18T09:40:00.297525366) (2026-03-18T09:40:00.297530497) [Dbg] [Sensors.cc:439] SensorsPrivate::Stop
(2026-03-18T09:40:00.297935309) (2026-03-18T09:40:00.297947258) [Dbg] [Sensors.cc:425] SensorsPrivate::RenderThread stopped
(2026-03-18T09:40:00.299932496) (2026-03-18T09:40:00.299939951) [Dbg] [gz.cc:410] Shutting down ign-gazebo-server
(((2026-03-18T09:40:00.302968796(2026-03-18T09:40:00.3029687962026-03-18T09:40:00.302953621) (2026-03-18T09:40:00.302996278) ) (2026-03-18T09:40:00.303008843) ) (2026-03-18T09:40:00.303028911) Exiting postupdate worker thread (0)

[Dbg] [SimulationRunner.cc:528] Exiting postupdate worker thread (Exiting postupdate worker thread (Exiting postupdate worker thread ()
)
(2026-03-18T09:40:00.329241728) (2026-03-18T09:40:00.329252845) [Dbg] [Sensors.cc:439] SensorsPrivate::Stop
