(2026-03-18T09:43:48.568857348) (2026-03-18T09:43:48.568868682) [Msg] Ignition Gazebo Server v6.17.1
(2026-03-18T09:43:48.576400048) (2026-03-18T09:43:48.576414077) [Msg] Loading SDF world file[/home/user/ros2_ws/install/mrsim_gazebo_sim/share/mrsim_gazebo_sim/worlds/example.world].
(2026-03-18T09:43:48.912120771) (2026-03-18T09:43:48.912135306) [Msg] Serving entity system service on [/entity/system/add]
(2026-03-18T09:43:48.954432939) (2026-03-18T09:43:48.954445775) [Dbg] [SystemManager.cc:73] Loaded system [ignition::gazebo::systems::ShaderParam] for entity [9]
(2026-03-18T09:43:48.960443499) (2026-03-18T09:43:48.960461950) [Dbg] [SystemManager.cc:73] Loaded system [mrsim_gazebo_sim::SetPegPosePlugin] for entity [10]
(2026-03-18T09:43:49.4744199) (2026-03-18T09:43:49.4775429) [Dbg] [SystemManager.cc:73] Loaded system [mrsim_gazebo_sim::MrsimDroneIgnPlugin] for entity [14]
(2026-03-18T09:43:49.7273936) (2026-03-18T09:43:49.7289061) [Dbg] [MulticopterMotorModel.cc:373] Listening to topic: qr4/gazebo/command/motor_speed
(2026-03-18T09:43:49.8581767) (2026-03-18T09:43:49.8596121) [Dbg] [SystemManager.cc:73] Loaded system [ignition::gazebo::systems::MulticopterMotorModel] for entity [14]
(2026-03-18T09:43:49.9462321) (2026-03-18T09:43:49.9475211) [Dbg] [MulticopterMotorModel.cc:373] Listening to topic: qr4/gazebo/command/motor_speed
(2026-03-18T09:43:49.11664364) (2026-03-18T09:43:49.11684069) [Dbg] [SystemManager.cc:73] Loaded system [ignition::gazebo::systems::MulticopterMotorModel] for entity [14]
(2026-03-18T09:43:49.12654071) (2026-03-18T09:43:49.12665123) [Dbg] [MulticopterMotorModel.cc:373] Listening to topic: qr4/gazebo/command/motor_speed
(2026-03-18T09:43:49.12927974) (2026-03-18T09:43:49.12937914) [Dbg] [SystemManager.cc:73] Loaded system [ignition::gazebo::systems::MulticopterMotorModel] for entity [14]
(2026-03-18T09:43:49.13534662) (2026-03-18T09:43:49.13546802) [Dbg] [MulticopterMotorModel.cc:373] Listening to topic: qr4/gazebo/command/motor_speed
(2026-03-18T09:43:49.13736859) (2026-03-18T09:43:49.13744821) [Dbg] [SystemManager.cc:73] Loaded system [ignition::gazebo::systems::MulticopterMotorModel] for entity [14]
(2026-03-18T09:43:49.16088550) (2026-03-18T09:43:49.16101593) [Msg] OdometryPublisher publishing odometry on [/model/qr4/odometry]
(2026-03-18T09:43:49.16331102) (2026-03-18T09:43:49.16340697) [Msg] OdometryPublisher publishing odometry with covariance on [/model/qr4/odometry_with_covariance]
(2026-03-18T09:43:49.16533833) (2026-03-18T09:43:49.16541307) [Msg] OdometryPublisher publishing Pose_V (TF) on [/model/qr4/pose]
(2026-03-18T09:43:49.16581906) (2026-03-18T09:43:49.16589498) [Dbg] [SystemManager.cc:73] Loaded system [ignition::gazebo::systems::OdometryPublisher] for entity [14]
(2026-03-18T09:43:49.40477026) (2026-03-18T09:43:49.40490353) [Dbg] [Sensors.cc:506] Configuring Sensors system
(2026-03-18T09:43:49.40601964) (2026-03-18T09:43:49.40607422) [Dbg] [Sensors.cc:431] SensorsPrivate::Run
(2026-03-18T09:43:49.40730856) (2026-03-18T09:43:49.40740045) [Dbg] [Sensors.cc:411] SensorsPrivate::RenderThread started
(2026-03-18T09:43:49.40766358) (2026-03-18T09:43:49.40773262) [Dbg] [Sensors.cc:258] [Dbg] [Sensors.cc:258] (2026-03-18T09:43:49.40792297) (2026-03-18T09:43:49.40803910) Loaded system [
] for entity [14]
(2026-03-18T09:43:49.41338194) (2026-03-18T09:43:49.41344914) [Msg] Loaded level [3]
(2026-03-18T09:43:49.41371249) (2026-03-18T09:43:49.41378899) [Msg] No systems loaded from SDF, loading defaults
(2026-03-18T09:43:49.41586150) (2026-03-18T09:43:49.41592028) [Dbg] [ServerConfig.cc:1043] Loaded (3) plugins from file [/home/user/.ignition/gazebo/6/server.config]
(2026-03-18T09:43:49.65298345) (2026-03-18T09:43:49.65312158) [Dbg] [Physics.cc:804] Loaded [ignition::physics::dartsim::Plugin] from library [/usr/lib/x86_64-linux-gnu/ign-physics-5/engine-plugins/libignition-physics-dartsim-plugin.so]
(2026-03-18T09:43:49.65400285) (2026-03-18T09:43:49.65411454) [Dbg] [SystemManager.cc:73] Loaded system [gz::sim::systems::Physics] for entity [1]
(2026-03-18T09:43:49.68768026) (2026-03-18T09:43:49.68779085) [Msg] Create service on [/world/mrsim/create]
(2026-03-18T09:43:49.68964940) (2026-03-18T09:43:49.68971288) [Msg] Remove service on [/world/mrsim/remove]
(2026-03-18T09:43:49.69108814) (2026-03-18T09:43:49.69114513) [Msg] Pose service on [/world/mrsim/set_pose]
(2026-03-18T09:43:49.69215184) (2026-03-18T09:43:49.69220961) [Msg] Pose service on [/world/mrsim/set_pose_vector]
(2026-03-18T09:43:49.69391298) (2026-03-18T09:43:49.69397103) [Msg] Light configuration service on [/world/mrsim/light_config]
(2026-03-18T09:43:49.69616383) (2026-03-18T09:43:49.69622518) [Msg] Physics service on [/world/mrsim/set_physics]
(2026-03-18T09:43:49.69760673) (2026-03-18T09:43:49.69766461) [Msg] SphericalCoordinates service on [/world/mrsim/set_spherical_coordinates]
(2026-03-18T09:43:49.69862523) (2026-03-18T09:43:49.69868001) [Msg] Enable collision service on [/world/mrsim/enable_collision]
(2026-03-18T09:43:49.69964577) (2026-03-18T09:43:49.69970077) [Msg] Disable collision service on [/world/mrsim/disable_collision]
(2026-03-18T09:43:49.70151590) (2026-03-18T09:43:49.70157319) [Msg] Material service on [/world/mrsim/visual_config]
(2026-03-18T09:43:49.70288517) (2026-03-18T09:43:49.70293837) [Msg] Material service on [/world/mrsim/wheel_slip]
(2026-03-18T09:43:49.70322365) (2026-03-18T09:43:49.70326846) [Dbg] [SystemManager.cc:73] Loaded system [gz::sim::systems::UserCommands] for entity [1]
(2026-03-18T09:43:49.71868472) (2026-03-18T09:43:49.71875836) [Dbg] [SystemManager.cc:73] Loaded system [gz::sim::systems::SceneBroadcaster] for entity [1]
(2026-03-18T09:43:49.72315657) (2026-03-18T09:43:49.72322146) [Msg] Serving world controls on [/world/mrsim/control], [/world/mrsim/control/state] and [/world/mrsim/playback/control]
(2026-03-18T09:43:49.72464890) (2026-03-18T09:43:49.72472355) [Msg] Serving GUI information on [/world/mrsim/gui/info]
(2026-03-18T09:43:49.72497211) (2026-03-18T09:43:49.72502011) [Msg] World [mrsim] initialized with [1ms] physics profile.
(2026-03-18T09:43:49.72666633) (2026-03-18T09:43:49.72672413) [Msg] Serving world SDF generation service on [/world/mrsim/generate_world_sdf]
(2026-03-18T09:43:49.72805644) (2026-03-18T09:43:49.72813507) [Msg] Serving world names on [/gazebo/worlds]
(2026-03-18T09:43:49.72921022) (2026-03-18T09:43:49.72929142) [Msg] Resource path add service on [/gazebo/resource_paths/add].
(2026-03-18T09:43:49.73044227) (2026-03-18T09:43:49.73052091) [Msg] Resource path get service on [/gazebo/resource_paths/get].
(2026-03-18T09:43:49.175597881) (2026-03-18T09:43:49.175673993) [Msg] Resource path resolve service on [/gazebo/resource_paths/resolve].
(2026-03-18T09:43:49.175789460) (2026-03-18T09:43:49.175798465) [Msg] Resource paths published on [/gazebo/resource_paths].
(2026-03-18T09:43:49.175966745) (2026-03-18T09:43:49.175976741) [Msg] Server control service on [/server_control].
(2026-03-18T09:43:50.469149106) (2026-03-18T09:43:50.469161683) [Msg] Found no publishers on /stats, adding root stats topic
(2026-03-18T09:43:50.469433950) (2026-03-18T09:43:50.469443895) [Msg] Found no publishers on /clock, adding root clock topic
(2026-03-18T09:43:50.469694389) (2026-03-18T09:43:50.469703303) [Dbg] [SimulationRunner.cc:501] Creating PostUpdate worker threads: 4
(2026-03-18T09:43:50.469734467) (2026-03-18T09:43:50.469741618) [Dbg] [SimulationRunner.cc:512] Creating postupdate worker thread (0)
(2026-03-18T09:43:50.469844212) (2026-03-18T09:43:50.469851649) [Dbg] [SimulationRunner.cc:512] Creating postupdate worker thread (1)
(2026-03-18T09:43:50.469905998) (2026-03-18T09:43:50.469913036) [Dbg] [SimulationRunner.cc:512] Creating postupdate worker thread (2)
(2026-03-18T09:43:50.476135323) (2026-03-18T09:43:50.476148664) [Dbg] [SimulationFeatures.cc:71] Simulation timestep set to: 0.005
(2026-03-18T09:43:50.476754296) (2026-03-18T09:43:50.476765516) [Dbg] [Sensors.cc:610] Initialization needed
(2026-03-18T09:43:50.476815746) (2026-03-18T09:43:50.476825240) [Dbg] [Sensors.cc:270] Initializing render context
(2026-03-18T09:43:50.476973766) (2026-03-18T09:43:50.476980960) [Msg] Loading plugin [ignition-rendering-ogre2]
(2026-03-18T09:43:50.477938796) (2026-03-18T09:43:50.477954858) [Msg] Serving scene information on [/world/mrsim/scene/info]
(2026-03-18T09:43:50.478083102) (2026-03-18T09:43:50.478092535) [Msg] Serving graph information on [/world/mrsim/scene/graph]
(2026-03-18T09:43:50.478325938) (2026-03-18T09:43:50.478335567) [Msg] Serving full state on [/world/mrsim/state]
(2026-03-18T09:43:50.478442323) (2026-03-18T09:43:50.478451502) [Msg] Serving full state (async) on [/world/mrsim/state_async]
(2026-03-18T09:43:50.478567555) (2026-03-18T09:43:50.478576136) [Msg] Publishing scene information on [/world/mrsim/scene/info]
(2026-03-18T09:43:50.478688554) (2026-03-18T09:43:50.478696909) [Msg] Publishing entity deletions on [/world/mrsim/scene/deletion]
(2026-03-18T09:43:50.478765344) (2026-03-18T09:43:50.478772713) [Msg] Publishing state changes on [/world/mrsim/state]
(2026-03-18T09:43:50.478878255) (2026-03-18T09:43:50.478887586) [Msg] Publishing pose messages on [/world/mrsim/pose/info]
(2026-03-18T09:43:50.478984242) (2026-03-18T09:43:50.478992836) [Msg] Publishing dynamic pose messages on [/world/mrsim/dynamic_pose/info]
(2026-03-18T09:43:50.479404372) (2026-03-18T09:43:50.479412843) [Dbg] [EntityComponentManager.cc:1623] Updated state thread iterators: 8 threads processing around 6 entities each.
(2026-03-18T09:43:50.646742866) (2026-03-18T09:43:50.646750306) [Dbg] [RenderUtil.cc:2591] Create scene [scene]
((2026-03-18T09:43:50.676962940) ) ) (2026-03-18T09:43:50.676981917) (2026-03-18T09:43:50.676991273) [Dbg] [Sensors.cc:610] [Dbg] [Sensors.cc:284] Rendering Thread initialized
Initialization needed
(2026-03-18T09:43:51.774687926) (2026-03-18T09:43:51.774697684) [Dbg] [CameraSensor.cc:394] Camera images for [qr4::base::camera] advertised on [/camera]
(2026-03-18T09:43:51.774825974) (2026-03-18T09:43:51.774833243) [Dbg] [CameraSensor.cc:705] Camera info for [qr4::base::camera] advertised on [/camera_info]
(2026-03-18T09:43:51.775238762) (2026-03-18T09:43:51.775245148) [Wrn] [Ogre2Camera.cc:390] Ogre2Camera::SetVisibilityMask: Mask bits c0000000 are set but will be ignored as they conflict with the reserved bits used internally by the ogre2 backend.
(2026-03-18T09:43:51.775525065) (2026-03-18T09:43:51.775533824) [Msg] Loading plugin [ignition-rendering-ogre2]
(2026-03-18T09:43:51.849678393) (2026-03-18T09:43:51.849688247) [Dbg] [CameraSensor.cc:518] Enabling camera sensor: 'qr4::base::camera' data generation.
(2026-03-18T09:44:00.735882398) (2026-03-18T09:44:00.735895145) [Dbg] [SignalHandler.cc:141] Received signal[2].
(2026-03-18T09:44:00.735928258) (2026-03-18T09:44:00.735933407) [Dbg] [ServerPrivate.cc:110] Server received signal[2]
(2026-03-18T09:44:00.735956378) (2026-03-18T09:44:00.735961348) [Dbg] [Sensors.cc:439] SensorsPrivate::Stop
(2026-03-18T09:44:00.740302903) (2026-03-18T09:44:00.740314791) [Dbg] [Sensors.cc:425] SensorsPrivate::RenderThread stopped
(2026-03-18T09:44:00.741069852) (2026-03-18T09:44:00.741088889) [Dbg] [gz.cc:410] Shutting down ign-gazebo-server
((2026-03-18T09:44:00.7451037472026-03-18T09:44:00.745100130) () (2026-03-18T09:44:00.745147258) (2026-03-18T09:44:00.7451628312026-03-18T09:44:00.7451628312026-03-18T09:44:00.745170506) ) 2026-03-18T09:44:00.745179370) 2026-03-18T09:44:00.745179370) [Dbg] [SimulationRunner.cc:528] Exiting postupdate worker thread (00Exiting postupdate worker thread ([Dbg] [SimulationRunner.cc:528] 1)
)Exiting postupdate worker thread (2)

(2026-03-18T09:44:00.778437777) (2026-03-18T09:44:00.778453823) [Dbg] [Sensors.cc:439] SensorsPrivate::Stop
