(2026-03-17T14:44:11.184178909) (2026-03-17T14:44:11.184183764) [Msg] Ignition Gazebo Server v6.17.1
(2026-03-17T14:44:11.185374854) (2026-03-17T14:44:11.185379302) [Msg] Loading SDF world file[/home/user/ros2_ws/install/mrsim_gazebo_sim/share/mrsim_gazebo_sim/worlds/example.world].
(2026-03-17T14:44:11.360031881) (2026-03-17T14:44:11.360040250) [Msg] Serving entity system service on [/entity/system/add]
(2026-03-17T14:44:11.379498667) (2026-03-17T14:44:11.379505724) [Dbg] [SystemManager.cc:73] Loaded system [ignition::gazebo::systems::ShaderParam] for entity [9]
(2026-03-17T14:44:11.382190805) (2026-03-17T14:44:11.382198881) [Dbg] [SystemManager.cc:73] Loaded system [mrsim_gazebo_sim::SetPegPosePlugin] for entity [10]
(2026-03-17T14:44:11.407828457) (2026-03-17T14:44:11.407838919) [Dbg] [SystemManager.cc:73] Loaded system [mrsim_gazebo_sim::MrsimDroneIgnPlugin] for entity [14]
(2026-03-17T14:44:11.409734157) (2026-03-17T14:44:11.409741346) [Dbg] [MulticopterMotorModel.cc:373] Listening to topic: qr4/gazebo/command/motor_speed
(2026-03-17T14:44:11.409907169) (2026-03-17T14:44:11.409911064) [Dbg] [SystemManager.cc:73] Loaded system [ignition::gazebo::systems::MulticopterMotorModel] for entity [14]
(2026-03-17T14:44:11.410256230) (2026-03-17T14:44:11.410260711) [Dbg] [MulticopterMotorModel.cc:373] Listening to topic: qr4/gazebo/command/motor_speed
(2026-03-17T14:44:11.410322169) (2026-03-17T14:44:11.410325812) [Dbg] [SystemManager.cc:73] Loaded system [ignition::gazebo::systems::MulticopterMotorModel] for entity [14]
(2026-03-17T14:44:11.410557634) (2026-03-17T14:44:11.410561695) [Dbg] [MulticopterMotorModel.cc:373] Listening to topic: qr4/gazebo/command/motor_speed
(2026-03-17T14:44:11.410603488) (2026-03-17T14:44:11.410607271) [Dbg] [SystemManager.cc:73] Loaded system [ignition::gazebo::systems::MulticopterMotorModel] for entity [14]
(2026-03-17T14:44:11.410819730) (2026-03-17T14:44:11.410823714) [Dbg] [MulticopterMotorModel.cc:373] Listening to topic: qr4/gazebo/command/motor_speed
(2026-03-17T14:44:11.410870742) (2026-03-17T14:44:11.410874600) [Dbg] [SystemManager.cc:73] Loaded system [ignition::gazebo::systems::MulticopterMotorModel] for entity [14]
(2026-03-17T14:44:11.412077046) (2026-03-17T14:44:11.412083059) [Msg] OdometryPublisher publishing odometry on [/model/qr4/odometry]
(2026-03-17T14:44:11.412205201) (2026-03-17T14:44:11.412209166) [Msg] OdometryPublisher publishing odometry with covariance on [/model/qr4/odometry_with_covariance]
(2026-03-17T14:44:11.412291657) (2026-03-17T14:44:11.412295484) [Msg] OdometryPublisher publishing Pose_V (TF) on [/model/qr4/pose]
(2026-03-17T14:44:11.412314075) (2026-03-17T14:44:11.412317422) [Dbg] [SystemManager.cc:73] Loaded system [ignition::gazebo::systems::OdometryPublisher] for entity [14]
(2026-03-17T14:44:11.422578709) (2026-03-17T14:44:11.422587389) [Dbg] [Sensors.cc:506] Configuring Sensors system
(2026-03-17T14:44:11.422674988) (2026-03-17T14:44:11.422678584) [Dbg] [Sensors.cc:431] SensorsPrivate::Run
((2026-03-17T14:44:11.422780765) (2026-03-17T14:44:11.422776192) (2026-03-17T14:44:11.422796497) 2026-03-17T14:44:11.422787803) [Dbg] [Sensors.cc:411] SensorsPrivate::RenderThread started
Loaded system [(2026-03-17T14:44:11.422833079) ((2026-03-17T14:44:11.422841135) [Dbg] [Sensors.cc:258] 14]
[Dbg] [Sensors.cc:258] 14
(2026-03-17T14:44:11.423245802) (2026-03-17T14:44:11.423250137) [Msg] Loaded level [3]
(2026-03-17T14:44:11.423267795) (2026-03-17T14:44:11.423271209) [Msg] No systems loaded from SDF, loading defaults
(2026-03-17T14:44:11.423407683) (2026-03-17T14:44:11.423413187) [Dbg] [ServerConfig.cc:1043] Loaded (3) plugins from file [/home/user/.ignition/gazebo/6/server.config]
(2026-03-17T14:44:11.440762305) (2026-03-17T14:44:11.440769751) [Dbg] [Physics.cc:804] Loaded [ignition::physics::dartsim::Plugin] from library [/usr/lib/x86_64-linux-gnu/ign-physics-5/engine-plugins/libignition-physics-dartsim-plugin.so]
(2026-03-17T14:44:11.440819625) (2026-03-17T14:44:11.440823125) [Dbg] [SystemManager.cc:73] Loaded system [gz::sim::systems::Physics] for entity [1]
(2026-03-17T14:44:11.442404466) (2026-03-17T14:44:11.442416204) [Msg] Create service on [/world/mrsim/create]
(2026-03-17T14:44:11.442497659) (2026-03-17T14:44:11.442503663) [Msg] Remove service on [/world/mrsim/remove]
(2026-03-17T14:44:11.442569770) (2026-03-17T14:44:11.442575055) [Msg] Pose service on [/world/mrsim/set_pose]
(2026-03-17T14:44:11.442615677) (2026-03-17T14:44:11.442621369) [Msg] Pose service on [/world/mrsim/set_pose_vector]
(2026-03-17T14:44:11.442712105) (2026-03-17T14:44:11.442718084) [Msg] Light configuration service on [/world/mrsim/light_config]
(2026-03-17T14:44:11.442839168) (2026-03-17T14:44:11.442844633) [Msg] Physics service on [/world/mrsim/set_physics]
(2026-03-17T14:44:11.442910321) (2026-03-17T14:44:11.442915636) [Msg] SphericalCoordinates service on [/world/mrsim/set_spherical_coordinates]
(2026-03-17T14:44:11.442953810) (2026-03-17T14:44:11.442958809) [Msg] Enable collision service on [/world/mrsim/enable_collision]
(2026-03-17T14:44:11.442995711) (2026-03-17T14:44:11.443000278) [Msg] Disable collision service on [/world/mrsim/disable_collision]
(2026-03-17T14:44:11.443099231) (2026-03-17T14:44:11.443105292) [Msg] Material service on [/world/mrsim/visual_config]
(2026-03-17T14:44:11.443164706) (2026-03-17T14:44:11.443170391) [Msg] Material service on [/world/mrsim/wheel_slip]
(2026-03-17T14:44:11.443191131) (2026-03-17T14:44:11.443194506) [Dbg] [SystemManager.cc:73] Loaded system [gz::sim::systems::UserCommands] for entity [1]
(2026-03-17T14:44:11.444366490) (2026-03-17T14:44:11.444371560) [Dbg] [SystemManager.cc:73] Loaded system [gz::sim::systems::SceneBroadcaster] for entity [1]
(2026-03-17T14:44:11.444580847) (2026-03-17T14:44:11.444585529) [Msg] Serving world controls on [/world/mrsim/control], [/world/mrsim/control/state] and [/world/mrsim/playback/control]
(2026-03-17T14:44:11.444653481) (2026-03-17T14:44:11.444658870) [Msg] Serving GUI information on [/world/mrsim/gui/info]
(2026-03-17T14:44:11.444676231) (2026-03-17T14:44:11.444679699) [Msg] World [mrsim] initialized with [1ms] physics profile.
(2026-03-17T14:44:11.444762816) (2026-03-17T14:44:11.444768346) [Msg] Serving world SDF generation service on [/world/mrsim/generate_world_sdf]
(2026-03-17T14:44:11.444832340) (2026-03-17T14:44:11.444837524) [Msg] Serving world names on [/gazebo/worlds]
(2026-03-17T14:44:11.444876448) (2026-03-17T14:44:11.444881013) [Msg] Resource path add service on [/gazebo/resource_paths/add].
(2026-03-17T14:44:11.444916306) (2026-03-17T14:44:11.444920055) [Msg] Resource path get service on [/gazebo/resource_paths/get].
(2026-03-17T14:44:11.444973881) (2026-03-17T14:44:11.444977396) [Msg] Resource path resolve service on [/gazebo/resource_paths/resolve].
(2026-03-17T14:44:11.445020783) (2026-03-17T14:44:11.445025554) [Msg] Resource paths published on [/gazebo/resource_paths].
(2026-03-17T14:44:11.445086211) (2026-03-17T14:44:11.445089971) [Msg] Server control service on [/server_control].
(2026-03-17T14:44:13.82989943) (2026-03-17T14:44:13.82998171) [Msg] Found no publishers on /stats, adding root stats topic
(2026-03-17T14:44:13.83152587) (2026-03-17T14:44:13.83157937) [Msg] Found no publishers on /clock, adding root clock topic
(2026-03-17T14:44:13.83313407) (2026-03-17T14:44:13.83319717) [Dbg] [SimulationRunner.cc:501] Creating PostUpdate worker threads: 4
(2026-03-17T14:44:13.83346317) (2026-03-17T14:44:13.83352284) [Dbg] [SimulationRunner.cc:512] Creating postupdate worker thread (0)
(2026-03-17T14:44:13.83435146) (2026-03-17T14:44:13.83440336) [Dbg] [SimulationRunner.cc:512] Creating postupdate worker thread (1)
(2026-03-17T14:44:13.83488175) (2026-03-17T14:44:13.83492733) [Dbg] [SimulationRunner.cc:512] Creating postupdate worker thread (2)
(2026-03-17T14:44:13.87594494) (2026-03-17T14:44:13.87604774) [Dbg] [SimulationFeatures.cc:71] Simulation timestep set to: 0.005
(2026-03-17T14:44:13.88034316) (2026-03-17T14:44:13.88043840) [Dbg] [Sensors.cc:610] Initialization needed
(2026-03-17T14:44:13.88090118) (2026-03-17T14:44:13.88096604) [Dbg] [Sensors.cc:270] Initializing render context
(2026-03-17T14:44:13.88218821) (2026-03-17T14:44:13.88230115) [Msg] Loading plugin [ignition-rendering-ogre2]
(2026-03-17T14:44:13.88992738) (2026-03-17T14:44:13.89001134) [Msg] Serving scene information on [/world/mrsim/scene/info]
(2026-03-17T14:44:13.89086798) (2026-03-17T14:44:13.89093250) [Msg] Serving graph information on [/world/mrsim/scene/graph]
(2026-03-17T14:44:13.89238095) (2026-03-17T14:44:13.89244854) [Msg] Serving full state on [/world/mrsim/state]
(2026-03-17T14:44:13.89319748) (2026-03-17T14:44:13.89325883) [Msg] Serving full state (async) on [/world/mrsim/state_async]
(2026-03-17T14:44:13.89446791) (2026-03-17T14:44:13.89452592) [Msg] Publishing scene information on [/world/mrsim/scene/info]
(2026-03-17T14:44:13.89534923) (2026-03-17T14:44:13.89540701) [Msg] Publishing entity deletions on [/world/mrsim/scene/deletion]
(2026-03-17T14:44:13.89586751) (2026-03-17T14:44:13.89592129) [Msg] Publishing state changes on [/world/mrsim/state]
(2026-03-17T14:44:13.89645829) (2026-03-17T14:44:13.89649559) [Msg] Publishing pose messages on [/world/mrsim/pose/info]
(2026-03-17T14:44:13.89695428) (2026-03-17T14:44:13.89699066) [Msg] Publishing dynamic pose messages on [/world/mrsim/dynamic_pose/info]
(2026-03-17T14:44:13.89879607) (2026-03-17T14:44:13.89883555) [Dbg] [EntityComponentManager.cc:1623] Updated state thread iterators: 8 threads processing around 6 entities each.
(2026-03-17T14:44:13.239263565) (2026-03-17T14:44:13.239269674) [Dbg] [RenderUtil.cc:2591] Create scene [scene]
((2026-03-17T14:44:13.264838524) (2026-03-17T14:44:13.264857784) 2026-03-17T14:44:13.264850375) (2026-03-17T14:44:13.264867587) [Dbg] [Sensors.cc:284] [Dbg] [Sensors.cc:284] [Dbg] [Sensors.cc:610] Rendering Thread initialized

(2026-03-17T14:44:14.112068302) (2026-03-17T14:44:14.112079236) [Dbg] [CameraSensor.cc:394] Camera images for [qr4::base::camera] advertised on [/camera]
(2026-03-17T14:44:14.112195551) (2026-03-17T14:44:14.112202121) [Dbg] [CameraSensor.cc:705] Camera info for [qr4::base::camera] advertised on [/camera_info]
(2026-03-17T14:44:14.112506620) (2026-03-17T14:44:14.112511257) [Wrn] [Ogre2Camera.cc:390] Ogre2Camera::SetVisibilityMask: Mask bits c0000000 are set but will be ignored as they conflict with the reserved bits used internally by the ogre2 backend.
(2026-03-17T14:44:14.112667778) (2026-03-17T14:44:14.112671396) [Msg] Loading plugin [ignition-rendering-ogre2]
(2026-03-17T14:44:14.166803479) (2026-03-17T14:44:14.166811661) [Dbg] [CameraSensor.cc:518] Enabling camera sensor: 'qr4::base::camera' data generation.
(2026-03-17T14:44:21.815630797) (2026-03-17T14:44:21.815642440) [Dbg] [SignalHandler.cc:141] Received signal[2].
(2026-03-17T14:44:21.815665464) (2026-03-17T14:44:21.815669019) [Dbg] [ServerPrivate.cc:110] Server received signal[2]
(2026-03-17T14:44:21.815691883) (2026-03-17T14:44:21.815695310) [Dbg] [Sensors.cc:439] SensorsPrivate::Stop
(2026-03-17T14:44:21.816084293) (2026-03-17T14:44:21.816091069) [Dbg] [Sensors.cc:425] SensorsPrivate::RenderThread stopped
(2026-03-17T14:44:21.820054546) (2026-03-17T14:44:21.820065846) [Dbg] [gz.cc:410] Shutting down ign-gazebo-server
((2026-03-17T14:44:21.822635317) (2026-03-17T14:44:21.822645937) ) ([Dbg] [SimulationRunner.cc:528] 2026-03-17T14:44:21.822658805) [Dbg] [SimulationRunner.cc:528] 2026-03-17T14:44:21.822658805) (2026-03-17T14:44:21.822668822) ) Exiting postupdate worker thread (22Exiting postupdate worker thread (0)
[Dbg] [SimulationRunner.cc:528] 
1)
(2026-03-17T14:44:21.843971997) (2026-03-17T14:44:21.843979530) [Dbg] [Sensors.cc:439] SensorsPrivate::Stop
