(2026-03-13T11:03:56.169840213) (2026-03-13T11:03:56.169849525) [Msg] Ignition Gazebo Server v6.17.1
(2026-03-13T11:03:56.173072705) (2026-03-13T11:03:56.173082707) [Msg] Loading SDF world file[/home/user/ros2_ws/install/mrsim_gazebo_sim/share/mrsim_gazebo_sim/worlds/example.world].
(2026-03-13T11:03:56.460539431) (2026-03-13T11:03:56.460549399) [Msg] Serving entity system service on [/entity/system/add]
(2026-03-13T11:03:56.487141087) (2026-03-13T11:03:56.487155330) [Dbg] [SystemManager.cc:73] Loaded system [ignition::gazebo::systems::ShaderParam] for entity [9]
(2026-03-13T11:03:56.492565478) (2026-03-13T11:03:56.492579483) [Dbg] [SystemManager.cc:73] Loaded system [mrsim_gazebo_sim::SetPegPosePlugin] for entity [10]
(2026-03-13T11:03:56.535712623) (2026-03-13T11:03:56.535735080) [Dbg] [SystemManager.cc:73] Loaded system [mrsim_gazebo_sim::MrsimDroneIgnPlugin] for entity [14]
(2026-03-13T11:03:56.538106681) (2026-03-13T11:03:56.538118654) [Dbg] [MulticopterMotorModel.cc:373] Listening to topic: qr4/gazebo/command/motor_speed
(2026-03-13T11:03:56.538317542) (2026-03-13T11:03:56.538326769) [Dbg] [SystemManager.cc:73] Loaded system [ignition::gazebo::systems::MulticopterMotorModel] for entity [14]
(2026-03-13T11:03:56.538971662) (2026-03-13T11:03:56.538981624) [Dbg] [MulticopterMotorModel.cc:373] Listening to topic: qr4/gazebo/command/motor_speed
(2026-03-13T11:03:56.539105746) (2026-03-13T11:03:56.539114580) [Dbg] [SystemManager.cc:73] Loaded system [ignition::gazebo::systems::MulticopterMotorModel] for entity [14]
(2026-03-13T11:03:56.539575749) (2026-03-13T11:03:56.539584957) [Dbg] [MulticopterMotorModel.cc:373] Listening to topic: qr4/gazebo/command/motor_speed
(2026-03-13T11:03:56.539673827) (2026-03-13T11:03:56.539682077) [Dbg] [SystemManager.cc:73] Loaded system [ignition::gazebo::systems::MulticopterMotorModel] for entity [14]
(2026-03-13T11:03:56.540078111) (2026-03-13T11:03:56.540086990) [Dbg] [MulticopterMotorModel.cc:373] Listening to topic: qr4/gazebo/command/motor_speed
(2026-03-13T11:03:56.540169711) (2026-03-13T11:03:56.540177742) [Dbg] [SystemManager.cc:73] Loaded system [ignition::gazebo::systems::MulticopterMotorModel] for entity [14]
(2026-03-13T11:03:56.542386041) (2026-03-13T11:03:56.542398287) [Msg] OdometryPublisher publishing odometry on [/model/qr4/odometry]
(2026-03-13T11:03:56.542524467) (2026-03-13T11:03:56.542533377) [Msg] OdometryPublisher publishing odometry with covariance on [/model/qr4/odometry_with_covariance]
(2026-03-13T11:03:56.542631895) (2026-03-13T11:03:56.542640474) [Msg] OdometryPublisher publishing Pose_V (TF) on [/model/qr4/pose]
(2026-03-13T11:03:56.542680200) (2026-03-13T11:03:56.542687452) [Dbg] [SystemManager.cc:73] Loaded system [ignition::gazebo::systems::OdometryPublisher] for entity [14]
(2026-03-13T11:03:56.568222785) (2026-03-13T11:03:56.568236751) [Dbg] [Sensors.cc:506] Configuring Sensors system
(2026-03-13T11:03:56.568377706) (2026-03-13T11:03:56.568385659) [Dbg] [Sensors.cc:431] SensorsPrivate::Run
(2026-03-13T11:03:56.568517452() ((2026-03-13T11:03:56.568534366) (2026-03-13T11:03:56.568546209) 2026-03-13T11:03:56.568554281[Dbg] [Sensors.cc:411] [Dbg] [SystemManager.cc:73] Loaded system [ignition::gazebo::systems::Sensors] for entity [14]
SensorsPrivate::RenderThread started
(2026-03-13T11:03:56.568623259) (2026-03-13T11:03:56.568632548) [Dbg] [Sensors.cc:258] Waiting for init
(2026-03-13T11:03:56.569272233) (2026-03-13T11:03:56.569283822) [Msg] Loaded level [3]
(2026-03-13T11:03:56.569325983) (2026-03-13T11:03:56.569334624) [Msg] No systems loaded from SDF, loading defaults
(2026-03-13T11:03:56.569796960) (2026-03-13T11:03:56.569808348) [Dbg] [ServerConfig.cc:1043] Loaded (3) plugins from file [/home/user/.ignition/gazebo/6/server.config]
(2026-03-13T11:03:56.606770343) (2026-03-13T11:03:56.606785164) [Dbg] [Physics.cc:804] Loaded [ignition::physics::dartsim::Plugin] from library [/usr/lib/x86_64-linux-gnu/ign-physics-5/engine-plugins/libignition-physics-dartsim-plugin.so]
(2026-03-13T11:03:56.606867381) (2026-03-13T11:03:56.606875115) [Dbg] [SystemManager.cc:73] Loaded system [gz::sim::systems::Physics] for entity [1]
(2026-03-13T11:03:56.610717924) (2026-03-13T11:03:56.610731096) [Msg] Create service on [/world/mrsim/create]
(2026-03-13T11:03:56.610889534) (2026-03-13T11:03:56.610939079) [Msg] Remove service on [/world/mrsim/remove]
(2026-03-13T11:03:56.611068788) (2026-03-13T11:03:56.611077541) [Msg] Pose service on [/world/mrsim/set_pose]
(2026-03-13T11:03:56.611193646) (2026-03-13T11:03:56.611202079) [Msg] Pose service on [/world/mrsim/set_pose_vector]
(2026-03-13T11:03:56.611565999) (2026-03-13T11:03:56.611576480) [Msg] Light configuration service on [/world/mrsim/light_config]
(2026-03-13T11:03:56.611913588) (2026-03-13T11:03:56.611923856) [Msg] Physics service on [/world/mrsim/set_physics]
(2026-03-13T11:03:56.612106743) (2026-03-13T11:03:56.612115524) [Msg] SphericalCoordinates service on [/world/mrsim/set_spherical_coordinates]
(2026-03-13T11:03:56.612225270) (2026-03-13T11:03:56.612233789) [Msg] Enable collision service on [/world/mrsim/enable_collision]
(2026-03-13T11:03:56.612338776) (2026-03-13T11:03:56.612347415) [Msg] Disable collision service on [/world/mrsim/disable_collision]
(2026-03-13T11:03:56.612604277) (2026-03-13T11:03:56.612649212) [Msg] Material service on [/world/mrsim/visual_config]
(2026-03-13T11:03:56.612776267) (2026-03-13T11:03:56.612784933) [Msg] Material service on [/world/mrsim/wheel_slip]
(2026-03-13T11:03:56.612872818) (2026-03-13T11:03:56.612880962) [Dbg] [SystemManager.cc:73] Loaded system [gz::sim::systems::UserCommands] for entity [1]
(2026-03-13T11:03:56.616280866) (2026-03-13T11:03:56.616301439) [Dbg] [SystemManager.cc:73] Loaded system [gz::sim::systems::SceneBroadcaster] for entity [1]
(2026-03-13T11:03:56.617136449) (2026-03-13T11:03:56.617185597) [Msg] Serving world controls on [/world/mrsim/control], [/world/mrsim/control/state] and [/world/mrsim/playback/control]
(2026-03-13T11:03:56.617351608) (2026-03-13T11:03:56.617397838) [Msg] Serving GUI information on [/world/mrsim/gui/info]
(2026-03-13T11:03:56.617440154) (2026-03-13T11:03:56.617448346) [Msg] World [mrsim] initialized with [1ms] physics profile.
(2026-03-13T11:03:56.617702412) (2026-03-13T11:03:56.617712404) [Msg] Serving world SDF generation service on [/world/mrsim/generate_world_sdf]
(2026-03-13T11:03:56.617856256) (2026-03-13T11:03:56.617865612) [Msg] Serving world names on [/gazebo/worlds]
(2026-03-13T11:03:56.617986306) (2026-03-13T11:03:56.617993612) [Msg] Resource path add service on [/gazebo/resource_paths/add].
(2026-03-13T11:03:56.618104559) (2026-03-13T11:03:56.618113029) [Msg] Resource path get service on [/gazebo/resource_paths/get].
(2026-03-13T11:03:56.718487655) (2026-03-13T11:03:56.718501585) [Msg] Resource path resolve service on [/gazebo/resource_paths/resolve].
(2026-03-13T11:03:56.718657113) (2026-03-13T11:03:56.718666109) [Msg] Resource paths published on [/gazebo/resource_paths].
(2026-03-13T11:03:56.718937909) (2026-03-13T11:03:56.718946689) [Msg] Server control service on [/server_control].
(2026-03-13T11:03:58.68209756) (2026-03-13T11:03:58.68222424) [Msg] Found no publishers on /stats, adding root stats topic
(2026-03-13T11:03:58.68452136) (2026-03-13T11:03:58.68460049) [Msg] Found no publishers on /clock, adding root clock topic
(2026-03-13T11:03:58.68653499) (2026-03-13T11:03:58.68661103) [Dbg] [SimulationRunner.cc:501] Creating PostUpdate worker threads: 4
(2026-03-13T11:03:58.68686653) (2026-03-13T11:03:58.68693259) [Dbg] [SimulationRunner.cc:512] Creating postupdate worker thread (0)
(2026-03-13T11:03:58.68864017) (2026-03-13T11:03:58.68873174) [Dbg] [SimulationRunner.cc:512] Creating postupdate worker thread (1)
(2026-03-13T11:03:58.68942419) (2026-03-13T11:03:58.68951777) [Dbg] [SimulationRunner.cc:512] Creating postupdate worker thread (2)
(2026-03-13T11:03:58.73713919) (2026-03-13T11:03:58.73725493) [Dbg] [Sensors.cc:610] Initialization needed
(2026-03-13T11:03:58.73780352) (2026-03-13T11:03:58.73793198) [Dbg] [Sensors.cc:270] Initializing render context
(2026-03-13T11:03:58.73966384) (2026-03-13T11:03:58.73974931) [Msg] Loading plugin [ignition-rendering-ogre2]
(2026-03-13T11:03:58.75138528) (2026-03-13T11:03:58.75150423) [Msg] Serving scene information on [/world/mrsim/scene/info]
(2026-03-13T11:03:58.75508529) (2026-03-13T11:03:58.75517464) [Msg] Serving graph information on [/world/mrsim/scene/graph]
(2026-03-13T11:03:58.75707640) (2026-03-13T11:03:58.75716533) [Msg] Serving full state on [/world/mrsim/state]
(2026-03-13T11:03:58.75802553) (2026-03-13T11:03:58.75810736) [Msg] Serving full state (async) on [/world/mrsim/state_async]
(2026-03-13T11:03:58.75903601) (2026-03-13T11:03:58.75911591) [Msg] Publishing scene information on [/world/mrsim/scene/info]
(2026-03-13T11:03:58.76032928) (2026-03-13T11:03:58.76041101) [Msg] Publishing entity deletions on [/world/mrsim/scene/deletion]
(2026-03-13T11:03:58.76100273) (2026-03-13T11:03:58.76105361) [Msg] Publishing state changes on [/world/mrsim/state]
(2026-03-13T11:03:58.76153209) (2026-03-13T11:03:58.76158178) [Msg] Publishing pose messages on [/world/mrsim/pose/info]
(2026-03-13T11:03:58.76216442) (2026-03-13T11:03:58.76221424) [Msg] Publishing dynamic pose messages on [/world/mrsim/dynamic_pose/info]
(2026-03-13T11:03:58.76462092) (2026-03-13T11:03:58.76467977) [Dbg] [EntityComponentManager.cc:1623] Updated state thread iterators: 8 threads processing around 6 entities each.
(2026-03-13T11:03:58.259069769) (2026-03-13T11:03:58.259077341) [Dbg] [RenderUtil.cc:2591] Create scene [scene]
((2026-03-13T11:03:58.2907894222026-03-13T11:03:58.290803358) (2026-03-13T11:03:58.290814621) ) ([Dbg] [Sensors.cc:610] 2026-03-13T11:03:58.290825827) Initialization needed
Rendering Thread initializedRendering Thread initialized(2026-03-13T11:03:59.387830086) (2026-03-13T11:03:59.387842680) [Dbg] [CameraSensor.cc:394] Camera images for [qr4::base::camera] advertised on [/camera]
(2026-03-13T11:03:59.388021092) (2026-03-13T11:03:59.388031197) [Dbg] [CameraSensor.cc:705] Camera info for [qr4::base::camera] advertised on [/camera_info]
(2026-03-13T11:03:59.388452774) (2026-03-13T11:03:59.388459949) [Wrn] [Ogre2Camera.cc:390] Ogre2Camera::SetVisibilityMask: Mask bits c0000000 are set but will be ignored as they conflict with the reserved bits used internally by the ogre2 backend.
(2026-03-13T11:03:59.388786277) (2026-03-13T11:03:59.388794817) [Msg] Loading plugin [ignition-rendering-ogre2]
(2026-03-13T11:03:59.474466688) (2026-03-13T11:03:59.474479894) [Dbg] [CameraSensor.cc:518] Enabling camera sensor: 'qr4::base::camera' data generation.
(2026-03-13T11:04:11.903779132) (2026-03-13T11:04:11.903807085) [Dbg] [SimulationFeatures.cc:71] Simulation timestep set to: 0.005
(2026-03-13T11:04:16.639832708) (2026-03-13T11:04:16.639842142) [Dbg] [SignalHandler.cc:141] Received signal[2].
(2026-03-13T11:04:16.639866044) (2026-03-13T11:04:16.639870428) [Dbg] [ServerPrivate.cc:110] Server received signal[2]
(2026-03-13T11:04:16.639887590) (2026-03-13T11:04:16.639891860) [Dbg] [Sensors.cc:439] SensorsPrivate::Stop
(2026-03-13T11:04:16.640233116) (2026-03-13T11:04:16.640246214) [Dbg] [Sensors.cc:425] SensorsPrivate::RenderThread stopped
(2026-03-13T11:04:16.644675319) (2026-03-13T11:04:16.644682747) [Dbg] [gz.cc:410] Shutting down ign-gazebo-server
(((2026-03-13T11:04:16.6477472182026-03-13T11:04:16.6477505022026-03-13T11:04:16.6477472182026-03-13T11:04:16.6477505022026-03-13T11:04:16.647753019) (() () ) (2026-03-13T11:04:16.6478005792026-03-13T11:04:16.647806702) ) Exiting postupdate worker thread (Exiting postupdate worker thread ([Dbg] [SimulationRunner.cc:528] Exiting postupdate worker thread (2)
1)
[Dbg] [SimulationRunner.cc:528] Exiting postupdate worker thread (0)
(2026-03-13T11:04:16.691438095) (2026-03-13T11:04:16.691451314) [Dbg] [Sensors.cc:439] SensorsPrivate::Stop
