(2026-03-16T16:25:56.809134494) (2026-03-16T16:25:56.809142147) [Msg] Ignition Gazebo Server v6.17.1
(2026-03-16T16:25:56.814036368) (2026-03-16T16:25:56.814048436) [Msg] Loading SDF world file[/home/user/ros2_ws/install/mrsim_gazebo_sim/share/mrsim_gazebo_sim/worlds/example.world].
(2026-03-16T16:25:57.66669707) (2026-03-16T16:25:57.66681242) [Msg] Serving entity system service on [/entity/system/add]
(2026-03-16T16:25:57.98359796) (2026-03-16T16:25:57.98367698) [Dbg] [SystemManager.cc:73] Loaded system [ignition::gazebo::systems::ShaderParam] for entity [9]
(2026-03-16T16:25:57.101371367) (2026-03-16T16:25:57.101381604) [Dbg] [SystemManager.cc:73] Loaded system [mrsim_gazebo_sim::SetPegPosePlugin] for entity [10]
(2026-03-16T16:25:57.131480326) (2026-03-16T16:25:57.131490569) [Dbg] [SystemManager.cc:73] Loaded system [mrsim_gazebo_sim::MrsimDroneIgnPlugin] for entity [14]
(2026-03-16T16:25:57.132729756) (2026-03-16T16:25:57.132736657) [Dbg] [MulticopterMotorModel.cc:373] Listening to topic: qr4/gazebo/command/motor_speed
(2026-03-16T16:25:57.132856652) (2026-03-16T16:25:57.132860852) [Dbg] [SystemManager.cc:73] Loaded system [ignition::gazebo::systems::MulticopterMotorModel] for entity [14]
(2026-03-16T16:25:57.133104660) (2026-03-16T16:25:57.133109075) [Dbg] [MulticopterMotorModel.cc:373] Listening to topic: qr4/gazebo/command/motor_speed
(2026-03-16T16:25:57.133176613) (2026-03-16T16:25:57.133180503) [Dbg] [SystemManager.cc:73] Loaded system [ignition::gazebo::systems::MulticopterMotorModel] for entity [14]
(2026-03-16T16:25:57.133387714) (2026-03-16T16:25:57.133392069) [Dbg] [MulticopterMotorModel.cc:373] Listening to topic: qr4/gazebo/command/motor_speed
(2026-03-16T16:25:57.133446416) (2026-03-16T16:25:57.133450212) [Dbg] [SystemManager.cc:73] Loaded system [ignition::gazebo::systems::MulticopterMotorModel] for entity [14]
(2026-03-16T16:25:57.133640643) (2026-03-16T16:25:57.133645026) [Dbg] [MulticopterMotorModel.cc:373] Listening to topic: qr4/gazebo/command/motor_speed
(2026-03-16T16:25:57.133698001) (2026-03-16T16:25:57.133701874) [Dbg] [SystemManager.cc:73] Loaded system [ignition::gazebo::systems::MulticopterMotorModel] for entity [14]
(2026-03-16T16:25:57.134729994) (2026-03-16T16:25:57.134735699) [Msg] OdometryPublisher publishing odometry on [/model/qr4/odometry]
(2026-03-16T16:25:57.134818562) (2026-03-16T16:25:57.134822480) [Msg] OdometryPublisher publishing odometry with covariance on [/model/qr4/odometry_with_covariance]
(2026-03-16T16:25:57.134882071) (2026-03-16T16:25:57.134886003) [Msg] OdometryPublisher publishing Pose_V (TF) on [/model/qr4/pose]
(2026-03-16T16:25:57.134903915) (2026-03-16T16:25:57.134907356) [Dbg] [SystemManager.cc:73] Loaded system [ignition::gazebo::systems::OdometryPublisher] for entity [14]
(2026-03-16T16:25:57.146456359) (2026-03-16T16:25:57.146467389) [Dbg] [Sensors.cc:506] Configuring Sensors system
(2026-03-16T16:25:57.146596892) (2026-03-16T16:25:57.146602702) [Dbg] [Sensors.cc:431] SensorsPrivate::Run
(2026-03-16T16:25:57.146718796) (2026-03-16T16:25:57.146724959) [Dbg] [SystemManager.cc:73] Loaded system [ignition::gazebo::systems::Sensors] for entity [14]
(2026-03-16T16:25:57.147266611) (2026-03-16T16:25:57.147273662) [Msg] Loaded level [3]
(2026-03-16T16:25:57.147301685) (2026-03-16T16:25:57.147306637) [Msg] No systems loaded from SDF, loading defaults
(2026-03-16T16:25:57.147518708) (2026-03-16T16:25:57.147524031) [Dbg] [ServerConfig.cc:1043] Loaded (3) plugins from file [/home/user/.ignition/gazebo/6/server.config]
(2026-03-16T16:25:57.149154026) (2026-03-16T16:25:57.149166966) [Dbg] [Sensors.cc:411] SensorsPrivate::RenderThread started
(2026-03-16T16:25:57.149205261) (2026-03-16T16:25:57.149212596) [Dbg] [Sensors.cc:258] Waiting for init
(2026-03-16T16:25:57.171623367) (2026-03-16T16:25:57.171634934) [Dbg] [Physics.cc:804] Loaded [ignition::physics::dartsim::Plugin] from library [/usr/lib/x86_64-linux-gnu/ign-physics-5/engine-plugins/libignition-physics-dartsim-plugin.so]
(2026-03-16T16:25:57.171707141) (2026-03-16T16:25:57.171713045) [Dbg] [SystemManager.cc:73] Loaded system [gz::sim::systems::Physics] for entity [1]
(2026-03-16T16:25:57.175027153) (2026-03-16T16:25:57.175040110) [Msg] Create service on [/world/mrsim/create]
(2026-03-16T16:25:57.175223996) (2026-03-16T16:25:57.175230905) [Msg] Remove service on [/world/mrsim/remove]
(2026-03-16T16:25:57.175357768) (2026-03-16T16:25:57.175363496) [Msg] Pose service on [/world/mrsim/set_pose]
(2026-03-16T16:25:57.175451144) (2026-03-16T16:25:57.175456397) [Msg] Pose service on [/world/mrsim/set_pose_vector]
(2026-03-16T16:25:57.175678109) (2026-03-16T16:25:57.175685307) [Msg] Light configuration service on [/world/mrsim/light_config]
(2026-03-16T16:25:57.175999957) (2026-03-16T16:25:57.176008167) [Msg] Physics service on [/world/mrsim/set_physics]
(2026-03-16T16:25:57.176147186) (2026-03-16T16:25:57.176152786) [Msg] SphericalCoordinates service on [/world/mrsim/set_spherical_coordinates]
(2026-03-16T16:25:57.176248706) (2026-03-16T16:25:57.176254443) [Msg] Enable collision service on [/world/mrsim/enable_collision]
(2026-03-16T16:25:57.176322157) (2026-03-16T16:25:57.176327341) [Msg] Disable collision service on [/world/mrsim/disable_collision]
(2026-03-16T16:25:57.176531629) (2026-03-16T16:25:57.176537828) [Msg] Material service on [/world/mrsim/visual_config]
(2026-03-16T16:25:57.176646809) (2026-03-16T16:25:57.176652270) [Msg] Material service on [/world/mrsim/wheel_slip]
(2026-03-16T16:25:57.176695345) (2026-03-16T16:25:57.176700407) [Dbg] [SystemManager.cc:73] Loaded system [gz::sim::systems::UserCommands] for entity [1]
(2026-03-16T16:25:57.180574606) (2026-03-16T16:25:57.180586924) [Dbg] [SystemManager.cc:73] Loaded system [gz::sim::systems::SceneBroadcaster] for entity [1]
(2026-03-16T16:25:57.181453349) (2026-03-16T16:25:57.181471000) [Msg] Serving world controls on [/world/mrsim/control], [/world/mrsim/control/state] and [/world/mrsim/playback/control]
(2026-03-16T16:25:57.181719285) (2026-03-16T16:25:57.181741623) [Msg] Serving GUI information on [/world/mrsim/gui/info]
(2026-03-16T16:25:57.181783381) (2026-03-16T16:25:57.181789032) [Msg] World [mrsim] initialized with [1ms] physics profile.
(2026-03-16T16:25:57.182060000) (2026-03-16T16:25:57.182067242) [Msg] Serving world SDF generation service on [/world/mrsim/generate_world_sdf]
(2026-03-16T16:25:57.182574485) (2026-03-16T16:25:57.182593769) [Msg] Serving world names on [/gazebo/worlds]
(2026-03-16T16:25:57.182745309) (2026-03-16T16:25:57.182750634) [Msg] Resource path add service on [/gazebo/resource_paths/add].
(2026-03-16T16:25:57.283053161) (2026-03-16T16:25:57.283071930) [Msg] Resource path get service on [/gazebo/resource_paths/get].
(2026-03-16T16:25:57.283160707) (2026-03-16T16:25:57.283166570) [Msg] Resource path resolve service on [/gazebo/resource_paths/resolve].
(2026-03-16T16:25:57.283269581) (2026-03-16T16:25:57.283275692) [Msg] Resource paths published on [/gazebo/resource_paths].
(2026-03-16T16:25:57.283451971) (2026-03-16T16:25:57.283458479) [Msg] Server control service on [/server_control].
(2026-03-16T16:25:58.698728064) (2026-03-16T16:25:58.698765473) [Msg] Found no publishers on /stats, adding root stats topic
(2026-03-16T16:25:58.699191960) (2026-03-16T16:25:58.699210475) [Msg] Found no publishers on /clock, adding root clock topic
(2026-03-16T16:25:58.699606367) (2026-03-16T16:25:58.699624345) [Dbg] [SimulationRunner.cc:501] Creating PostUpdate worker threads: 4
(2026-03-16T16:25:58.699700285) (2026-03-16T16:25:58.699722373) [Dbg] [SimulationRunner.cc:512] Creating postupdate worker thread (0)
(2026-03-16T16:25:58.699927271) (2026-03-16T16:25:58.699945021) [Dbg] [SimulationRunner.cc:512] Creating postupdate worker thread (1)
(2026-03-16T16:25:58.700116356) (2026-03-16T16:25:58.700150224) [Dbg] [SimulationRunner.cc:512] Creating postupdate worker thread (2)
(2026-03-16T16:25:58.708071249) (2026-03-16T16:25:58.708080285) [Dbg] [SimulationFeatures.cc:71] Simulation timestep set to: 0.005
(2026-03-16T16:25:58.708520068) (2026-03-16T16:25:58.708529600) [Dbg] [Sensors.cc:610] Initialization needed
(2026-03-16T16:25:58.708574644) (2026-03-16T16:25:58.708580546) [Dbg] [Sensors.cc:270] Initializing render context
(2026-03-16T16:25:58.708683406) (2026-03-16T16:25:58.708687250) [Msg] Loading plugin [ignition-rendering-ogre2]
(2026-03-16T16:25:58.709143210) (2026-03-16T16:25:58.709148436) [Msg] Serving scene information on [/world/mrsim/scene/info]
(2026-03-16T16:25:58.709235873) (2026-03-16T16:25:58.709239792) [Msg] Serving graph information on [/world/mrsim/scene/graph]
(2026-03-16T16:25:58.709366325) (2026-03-16T16:25:58.709370433) [Msg] Serving full state on [/world/mrsim/state]
(2026-03-16T16:25:58.709438886) (2026-03-16T16:25:58.709442639) [Msg] Serving full state (async) on [/world/mrsim/state_async]
(2026-03-16T16:25:58.709525122) (2026-03-16T16:25:58.709530359) [Msg] Publishing scene information on [/world/mrsim/scene/info]
(2026-03-16T16:25:58.709615190) (2026-03-16T16:25:58.709619072) [Msg] Publishing entity deletions on [/world/mrsim/scene/deletion]
(2026-03-16T16:25:58.709678619) (2026-03-16T16:25:58.709749322) [Msg] Publishing state changes on [/world/mrsim/state]
(2026-03-16T16:25:58.709791117) (2026-03-16T16:25:58.709794709) [Msg] Publishing pose messages on [/world/mrsim/pose/info]
(2026-03-16T16:25:58.709864940) (2026-03-16T16:25:58.709868688) [Msg] Publishing dynamic pose messages on [/world/mrsim/dynamic_pose/info]
(2026-03-16T16:25:58.710073095) (2026-03-16T16:25:58.710077097) [Dbg] [EntityComponentManager.cc:1623] Updated state thread iterators: 8 threads processing around 6 entities each.
(2026-03-16T16:25:58.848368701) (2026-03-16T16:25:58.848375489) [Dbg] [RenderUtil.cc:2591] Create scene [scene]
((2026-03-16T16:25:58.872241420) (2026-03-16T16:25:58.872249673) ) (2026-03-16T16:25:58.872276119) [Dbg] [Sensors.cc:284] Rendering Thread initialized
Initialization needed
(2026-03-16T16:25:59.633980679) (2026-03-16T16:25:59.633987833) [Dbg] [CameraSensor.cc:394] Camera images for [qr4::base::camera] advertised on [/camera]
(2026-03-16T16:25:59.634089909) (2026-03-16T16:25:59.634094214) [Dbg] [CameraSensor.cc:705] Camera info for [qr4::base::camera] advertised on [/camera_info]
(2026-03-16T16:25:59.634355096) (2026-03-16T16:25:59.634359315) [Wrn] [Ogre2Camera.cc:390] Ogre2Camera::SetVisibilityMask: Mask bits c0000000 are set but will be ignored as they conflict with the reserved bits used internally by the ogre2 backend.
(2026-03-16T16:25:59.634516961) (2026-03-16T16:25:59.634521165) [Msg] Loading plugin [ignition-rendering-ogre2]
(2026-03-16T16:26:03.235444574) (2026-03-16T16:26:03.235471244) [Dbg] [SignalHandler.cc:141] Received signal[2].
(2026-03-16T16:26:03.235533196) (2026-03-16T16:26:03.235543469) [Dbg] [ServerPrivate.cc:110] Server received signal[2]
(2026-03-16T16:26:03.235582615) (2026-03-16T16:26:03.235592493) [Dbg] [Sensors.cc:439] SensorsPrivate::Stop
(2026-03-16T16:26:03.236629514) (2026-03-16T16:26:03.236635444) [Dbg] [Sensors.cc:425] SensorsPrivate::RenderThread stopped
(2026-03-16T16:26:03.238799007) (2026-03-16T16:26:03.238806176) [Dbg] [gz.cc:410] Shutting down ign-gazebo-server
(((2026-03-16T16:26:03.2411241882026-03-16T16:26:03.2411241882026-03-16T16:26:03.241126711) ((2026-03-16T16:26:03.241147348) 2026-03-16T16:26:03.241143380) (2026-03-16T16:26:03.241164251) 2026-03-16T16:26:03.241145140) [Dbg] [SimulationRunner.cc:528] [Dbg] [SimulationRunner.cc:528] Exiting postupdate worker thread (Exiting postupdate worker thread (0)

1
)
(2026-03-16T16:26:03.262520567) (2026-03-16T16:26:03.262529878) [Dbg] [Sensors.cc:439] SensorsPrivate::Stop
