(2026-03-09T17:32:54.70444014) (2026-03-09T17:32:54.70455772) [Msg] Ignition Gazebo Server v6.17.0
(2026-03-09T17:32:54.73737360) (2026-03-09T17:32:54.73749725) [Msg] Loading SDF world file[/home/user/ros2_ws/install/mrsim_gazebo_sim/share/mrsim_gazebo_sim/worlds/example.world].
(2026-03-09T17:32:54.393866343) (2026-03-09T17:32:54.393887348) [Msg] Serving entity system service on [/entity/system/add]
(2026-03-09T17:32:54.407267967) (2026-03-09T17:32:54.407281044) [Dbg] [SystemManager.cc:73] Loaded system [mrsim_gazebo_sim::SetPegPosePlugin] for entity [8]
(2026-03-09T17:32:54.457216361) (2026-03-09T17:32:54.457230141) [Dbg] [SystemManager.cc:73] Loaded system [mrsim_gazebo_sim::MrsimDroneIgnPlugin] for entity [12]
(2026-03-09T17:32:54.460098405) (2026-03-09T17:32:54.460119419) [Dbg] [MulticopterMotorModel.cc:373] Listening to topic: qr4/gazebo/command/motor_speed
(2026-03-09T17:32:54.460380323) (2026-03-09T17:32:54.460390101) [Dbg] [SystemManager.cc:73] Loaded system [gz::sim::systems::MulticopterMotorModel] for entity [12]
(2026-03-09T17:32:54.460946671) (2026-03-09T17:32:54.460956864) [Dbg] [MulticopterMotorModel.cc:373] Listening to topic: qr4/gazebo/command/motor_speed
(2026-03-09T17:32:54.461109322) (2026-03-09T17:32:54.461117529) [Dbg] [SystemManager.cc:73] Loaded system [gz::sim::systems::MulticopterMotorModel] for entity [12]
(2026-03-09T17:32:54.461628214) (2026-03-09T17:32:54.461638058) [Dbg] [MulticopterMotorModel.cc:373] Listening to topic: qr4/gazebo/command/motor_speed
(2026-03-09T17:32:54.461775877) (2026-03-09T17:32:54.461784988) [Dbg] [SystemManager.cc:73] Loaded system [gz::sim::systems::MulticopterMotorModel] for entity [12]
(2026-03-09T17:32:54.462214356) (2026-03-09T17:32:54.462223136) [Dbg] [MulticopterMotorModel.cc:373] Listening to topic: qr4/gazebo/command/motor_speed
(2026-03-09T17:32:54.462354756) (2026-03-09T17:32:54.462363347) [Dbg] [SystemManager.cc:73] Loaded system [gz::sim::systems::MulticopterMotorModel] for entity [12]
(2026-03-09T17:32:54.464700694) (2026-03-09T17:32:54.464714541) [Msg] OdometryPublisher publishing odometry on [/model/qr4/odometry]
(2026-03-09T17:32:54.464872220) (2026-03-09T17:32:54.464880354) [Msg] OdometryPublisher publishing odometry with covariance on [/model/qr4/odometry_with_covariance]
(2026-03-09T17:32:54.465010308) (2026-03-09T17:32:54.465018601) [Msg] OdometryPublisher publishing Pose_V (TF) on [/model/qr4/pose]
(2026-03-09T17:32:54.465055191) (2026-03-09T17:32:54.465061592) [Dbg] [SystemManager.cc:73] Loaded system [ignition::gazebo::systems::OdometryPublisher] for entity [12]
(2026-03-09T17:32:54.518580065) (2026-03-09T17:32:54.518594410) [Dbg] [Sensors.cc:506] Configuring Sensors system
(2026-03-09T17:32:54.518744975) (2026-03-09T17:32:54.518753024) [Dbg] [Sensors.cc:431] SensorsPrivate::Run
(2026-03-09T17:32:54.518882472) (2026-03-09T17:32:54.518889284) [Dbg] [SystemManager.cc:73] Loaded system [ignition::gazebo::systems::Sensors] for entity [12]
(2026-03-09T17:32:54.519552338) (2026-03-09T17:32:54.519561209) [Msg] Loaded level [3]
(2026-03-09T17:32:54.519598119) (2026-03-09T17:32:54.519628572) [Msg] No systems loaded from SDF, loading defaults
(2026-03-09T17:32:54.519925802) (2026-03-09T17:32:54.519933627) [Dbg] [ServerConfig.cc:1043] Loaded (3) plugins from file [/home/user/.ignition/gazebo/6/server.config]
(2026-03-09T17:32:54.523707193) (2026-03-09T17:32:54.523723660) [Dbg] [Sensors.cc:411] SensorsPrivate::RenderThread started
(2026-03-09T17:32:54.523770531) (2026-03-09T17:32:54.523777948) [Dbg] [Sensors.cc:258] Waiting for init
(2026-03-09T17:32:54.548847640) (2026-03-09T17:32:54.548856752) [Dbg] [Physics.cc:804] Loaded [ignition::physics::dartsim::Plugin] from library [/usr/lib/x86_64-linux-gnu/ign-physics-5/engine-plugins/libignition-physics-dartsim-plugin.so]
(2026-03-09T17:32:54.549966416) (2026-03-09T17:32:54.549977235) [Dbg] [SystemManager.cc:73] Loaded system [gz::sim::systems::Physics] for entity [1]
(2026-03-09T17:32:54.552591223) (2026-03-09T17:32:54.552602715) [Msg] Create service on [/world/mrsim/create]
(2026-03-09T17:32:54.554894475) (2026-03-09T17:32:54.554909537) [Msg] Remove service on [/world/mrsim/remove]
(2026-03-09T17:32:54.555221462) (2026-03-09T17:32:54.555231377) [Msg] Pose service on [/world/mrsim/set_pose]
(2026-03-09T17:32:54.555367477) (2026-03-09T17:32:54.555376473) [Msg] Pose service on [/world/mrsim/set_pose_vector]
(2026-03-09T17:32:54.555652982) (2026-03-09T17:32:54.555661277) [Msg] Light configuration service on [/world/mrsim/light_config]
(2026-03-09T17:32:54.556269181) (2026-03-09T17:32:54.556278408) [Msg] Physics service on [/world/mrsim/set_physics]
(2026-03-09T17:32:54.556533573) (2026-03-09T17:32:54.556543494) [Msg] SphericalCoordinates service on [/world/mrsim/set_spherical_coordinates]
(2026-03-09T17:32:54.556729510) (2026-03-09T17:32:54.556737870) [Msg] Enable collision service on [/world/mrsim/enable_collision]
(2026-03-09T17:32:54.556911776) (2026-03-09T17:32:54.556919852) [Msg] Disable collision service on [/world/mrsim/disable_collision]
(2026-03-09T17:32:54.557233629) (2026-03-09T17:32:54.557243431) [Msg] Material service on [/world/mrsim/visual_config]
(2026-03-09T17:32:54.557500468) (2026-03-09T17:32:54.557509310) [Msg] Material service on [/world/mrsim/wheel_slip]
(2026-03-09T17:32:54.557559487) (2026-03-09T17:32:54.557567365) [Dbg] [SystemManager.cc:73] Loaded system [gz::sim::systems::UserCommands] for entity [1]
(2026-03-09T17:32:54.561115812) (2026-03-09T17:32:54.561132012) [Dbg] [SystemManager.cc:73] Loaded system [gz::sim::systems::SceneBroadcaster] for entity [1]
(2026-03-09T17:32:54.562062714) (2026-03-09T17:32:54.562072058) [Msg] Serving world controls on [/world/mrsim/control], [/world/mrsim/control/state] and [/world/mrsim/playback/control]
(2026-03-09T17:32:54.562302708) (2026-03-09T17:32:54.562311809) [Msg] Serving GUI information on [/world/mrsim/gui/info]
(2026-03-09T17:32:54.562348474) (2026-03-09T17:32:54.562354374) [Msg] World [mrsim] initialized with [1ms] physics profile.
(2026-03-09T17:32:54.562617660) (2026-03-09T17:32:54.562626605) [Msg] Serving world SDF generation service on [/world/mrsim/generate_world_sdf]
(2026-03-09T17:32:54.562988110) (2026-03-09T17:32:54.562997511) [Msg] Serving world names on [/gazebo/worlds]
(2026-03-09T17:32:54.563205115) (2026-03-09T17:32:54.563214035) [Msg] Resource path add service on [/gazebo/resource_paths/add].
(2026-03-09T17:32:54.663509931) (2026-03-09T17:32:54.663525506) [Msg] Resource path get service on [/gazebo/resource_paths/get].
(2026-03-09T17:32:54.663648715) (2026-03-09T17:32:54.663656793) [Msg] Resource path resolve service on [/gazebo/resource_paths/resolve].
(2026-03-09T17:32:54.663763999) (2026-03-09T17:32:54.663771767) [Msg] Resource paths published on [/gazebo/resource_paths].
(2026-03-09T17:32:54.663931751) (2026-03-09T17:32:54.663940079) [Msg] Server control service on [/server_control].
(2026-03-09T17:32:55.960089033) (2026-03-09T17:32:55.960101651) [Msg] Found no publishers on /stats, adding root stats topic
(2026-03-09T17:32:55.960323904) (2026-03-09T17:32:55.960333145) [Msg] Found no publishers on /clock, adding root clock topic
(2026-03-09T17:32:55.960549071) (2026-03-09T17:32:55.960557799) [Dbg] [SimulationRunner.cc:501] Creating PostUpdate worker threads: 4
(2026-03-09T17:32:55.960592127) (2026-03-09T17:32:55.960600138) [Dbg] [SimulationRunner.cc:512] Creating postupdate worker thread (0)
(2026-03-09T17:32:55.960704137) (2026-03-09T17:32:55.960712634) [Dbg] [SimulationRunner.cc:512] Creating postupdate worker thread (1)
(2026-03-09T17:32:55.960769801) (2026-03-09T17:32:55.960778424) [Dbg] [SimulationRunner.cc:512] Creating postupdate worker thread (2)
(2026-03-09T17:32:56.112309105) Triangle input has a count of zero. This is likely not desired
(2026-03-09T17:32:56.112657326) Triangle input has a count of zero. This is likely not desired
(2026-03-09T17:32:56.112990960) Triangle input has a count of zero. This is likely not desired
(2026-03-09T17:32:56.113323420) Triangle input has a count of zero. This is likely not desired
(2026-03-09T17:32:56.724853411) (2026-03-09T17:32:56.724868905) [Wrn] [ColladaLoader.cc:2394] Triangle input semantic: 'COLOR' is currently not supported
(2026-03-09T17:32:57.641554013) (2026-03-09T17:32:57.641569788) [Wrn] [ColladaLoader.cc:2394] Triangle input semantic: 'COLOR' is currently not supported
(2026-03-09T17:32:59.771268826) (2026-03-09T17:32:59.771281535) [Dbg] [Sensors.cc:610] Initialization needed
(2026-03-09T17:32:59.771325939) (2026-03-09T17:32:59.771332446) [Dbg] [Sensors.cc:270] Initializing render context
(2026-03-09T17:32:59.771452569) (2026-03-09T17:32:59.771457824) [Msg] Loading plugin [ignition-rendering-ogre2]
(2026-03-09T17:32:59.772026636) (2026-03-09T17:32:59.772035197) [Msg] Serving scene information on [/world/mrsim/scene/info]
(2026-03-09T17:32:59.772118875) (2026-03-09T17:32:59.772124312) [Msg] Serving graph information on [/world/mrsim/scene/graph]
(2026-03-09T17:32:59.772248866) (2026-03-09T17:32:59.772255639) [Msg] Serving full state on [/world/mrsim/state]
(2026-03-09T17:32:59.772316517) (2026-03-09T17:32:59.772321806) [Msg] Serving full state (async) on [/world/mrsim/state_async]
(2026-03-09T17:32:59.772397106) (2026-03-09T17:32:59.772405775) [Msg] Publishing scene information on [/world/mrsim/scene/info]
(2026-03-09T17:32:59.772525719) (2026-03-09T17:32:59.772532642) [Msg] Publishing entity deletions on [/world/mrsim/scene/deletion]
(2026-03-09T17:32:59.772583690) (2026-03-09T17:32:59.772591601) [Msg] Publishing state changes on [/world/mrsim/state]
(2026-03-09T17:32:59.772657377) (2026-03-09T17:32:59.772665897) [Msg] Publishing pose messages on [/world/mrsim/pose/info]
(2026-03-09T17:32:59.772730275) (2026-03-09T17:32:59.772736506) [Msg] Publishing dynamic pose messages on [/world/mrsim/dynamic_pose/info]
(2026-03-09T17:32:59.772977366) (2026-03-09T17:32:59.772983287) [Dbg] [EntityComponentManager.cc:1623] Updated state thread iterators: 8 threads processing around 6 entities each.
(2026-03-09T17:32:59.780317492) ((2026-03-09T17:32:59.780339853) (2026-03-09T17:32:59.780347983) [Wrn] [Component.hh:144] Trying to serialize component with data type [N3sdf3v125WorldE], which doesn't have `operator<<`. Component will not be serialized.
2026-03-09T17:32:59.780332480) 2026-03-09T17:32:59.780583590) ) (2026-03-09T17:32:59.780600850) Skipping serialization / deserialization for models ) Skipping serialization / deserialization for models with //pose/@relative_to attribute.
Skipping serialization / deserialization for models with //pose/@relative_to attribute.
(2026-03-09T17:32:59.991759803) (2026-03-09T17:32:59.991767792) [Dbg] [RenderUtil.cc:2591] Create scene [scene]
((2026-03-09T17:33:00.20101821) (2026-03-09T17:33:00.20138801) 2026-03-09T17:33:00.20127190) (2026-03-09T17:33:00.20154929[Dbg] [Sensors.cc:284] ) [Dbg] [Sensors.cc:610] [Dbg] [Sensors.cc:610] Rendering Thread initialized

(2026-03-09T17:33:02.488701790) (2026-03-09T17:33:02.488713201) [Dbg] [CameraSensor.cc:449] Camera images for [qr4::base::camera] advertised on [/camera]
(2026-03-09T17:33:02.488910385) (2026-03-09T17:33:02.488919714) [Dbg] [CameraSensor.cc:760] Camera info for [qr4::base::camera] advertised on [/camera_info]
(2026-03-09T17:33:02.489841738) (2026-03-09T17:33:02.489850359) [Wrn] [Ogre2Camera.cc:390] Ogre2Camera::SetVisibilityMask: Mask bits c0000000 are set but will be ignored as they conflict with the reserved bits used internally by the ogre2 backend.
(2026-03-09T17:33:02.493317108) (2026-03-09T17:33:02.493328844) [Dbg] [CameraSensor.cc:573] Enabling camera sensor: 'qr4::base::camera' data generation.
(2026-03-09T17:33:18.437430500) (2026-03-09T17:33:18.437464343) [Dbg] [SimulationFeatures.cc:71] Simulation timestep set to: 0.005
(2026-03-09T17:33:55.271987395) (2026-03-09T17:33:55.272000763) [Dbg] [SignalHandler.cc:141] Received signal[2].
(2026-03-09T17:33:55.272042112) (2026-03-09T17:33:55.272049440) [Dbg] [ServerPrivate.cc:110] Server received signal[2]
(2026-03-09T17:33:55.272082414) (2026-03-09T17:33:55.272089645) [Dbg] [Sensors.cc:439] SensorsPrivate::Stop
(2026-03-09T17:33:55.272863950) (2026-03-09T17:33:55.272878174) [Dbg] [Sensors.cc:425] SensorsPrivate::RenderThread stopped
(2026-03-09T17:33:55.276168395) (2026-03-09T17:33:55.276191891) [Dbg] [gz.cc:410] Shutting down ign-gazebo-server
(2026-03-09T17:33:55.279708348) (2026-03-09T17:33:55.279718076) [Dbg] [SimulationRunner.cc:528] Exiting postupdate worker thread (0)
((2026-03-09T17:33:55.279771672) (2026-03-09T17:33:55.279783186) [Dbg] [SimulationRunner.cc:528] Exiting postupdate worker thread (1)
2026-03-09T17:33:55.279847031) (2026-03-09T17:33:55.279859098) [Dbg] [SimulationRunner.cc:528] Exiting postupdate worker thread (2)
(2026-03-09T17:33:55.301934424) (2026-03-09T17:33:55.301947497) [Dbg] [Sensors.cc:439] SensorsPrivate::Stop
