(2026-03-17T10:36:57.931221855) (2026-03-17T10:36:57.931228671) [Msg] Ignition Gazebo Server v6.17.1
(2026-03-17T10:36:57.932982779) (2026-03-17T10:36:57.932990023) [Msg] Loading SDF world file[/home/user/ros2_ws/install/mrsim_gazebo_sim/share/mrsim_gazebo_sim/worlds/example.world].
(2026-03-17T10:36:58.257250722) (2026-03-17T10:36:58.257267733) [Msg] Serving entity system service on [/entity/system/add]
(2026-03-17T10:36:58.331209738) (2026-03-17T10:36:58.331224573) [Dbg] [SystemManager.cc:73] Loaded system [ignition::gazebo::systems::ShaderParam] for entity [9]
(2026-03-17T10:36:58.336817431) (2026-03-17T10:36:58.336832698) [Dbg] [SystemManager.cc:73] Loaded system [mrsim_gazebo_sim::SetPegPosePlugin] for entity [10]
(2026-03-17T10:36:58.385995904) (2026-03-17T10:36:58.386010974) [Dbg] [SystemManager.cc:73] Loaded system [mrsim_gazebo_sim::MrsimDroneIgnPlugin] for entity [14]
(2026-03-17T10:36:58.389504634) (2026-03-17T10:36:58.389517267) [Dbg] [MulticopterMotorModel.cc:373] Listening to topic: qr4/gazebo/command/motor_speed
(2026-03-17T10:36:58.389990138) (2026-03-17T10:36:58.390000396) [Dbg] [SystemManager.cc:73] Loaded system [ignition::gazebo::systems::MulticopterMotorModel] for entity [14]
(2026-03-17T10:36:58.390570842) (2026-03-17T10:36:58.390581682) [Dbg] [MulticopterMotorModel.cc:373] Listening to topic: qr4/gazebo/command/motor_speed
(2026-03-17T10:36:58.390832264) (2026-03-17T10:36:58.390843358) [Dbg] [SystemManager.cc:73] Loaded system [ignition::gazebo::systems::MulticopterMotorModel] for entity [14]
(2026-03-17T10:36:58.391407347) (2026-03-17T10:36:58.391417523) [Dbg] [MulticopterMotorModel.cc:373] Listening to topic: qr4/gazebo/command/motor_speed
(2026-03-17T10:36:58.391640307) (2026-03-17T10:36:58.391648799) [Dbg] [SystemManager.cc:73] Loaded system [ignition::gazebo::systems::MulticopterMotorModel] for entity [14]
(2026-03-17T10:36:58.392129806) (2026-03-17T10:36:58.392139427) [Dbg] [MulticopterMotorModel.cc:373] Listening to topic: qr4/gazebo/command/motor_speed
(2026-03-17T10:36:58.392417668) (2026-03-17T10:36:58.392428770) [Dbg] [SystemManager.cc:73] Loaded system [ignition::gazebo::systems::MulticopterMotorModel] for entity [14]
(2026-03-17T10:36:58.396039805) (2026-03-17T10:36:58.396052814) [Msg] OdometryPublisher publishing odometry on [/model/qr4/odometry]
(2026-03-17T10:36:58.396485009) (2026-03-17T10:36:58.396497070) [Msg] OdometryPublisher publishing odometry with covariance on [/model/qr4/odometry_with_covariance]
(2026-03-17T10:36:58.396706753) (2026-03-17T10:36:58.396715410) [Msg] OdometryPublisher publishing Pose_V (TF) on [/model/qr4/pose]
(2026-03-17T10:36:58.396764080) (2026-03-17T10:36:58.396771342) [Dbg] [SystemManager.cc:73] Loaded system [ignition::gazebo::systems::OdometryPublisher] for entity [14]
(2026-03-17T10:36:58.433271668) (2026-03-17T10:36:58.433284289) [Dbg] [Sensors.cc:506] Configuring Sensors system
(2026-03-17T10:36:58.433433672) (2026-03-17T10:36:58.433442061) [Dbg] [Sensors.cc:431] SensorsPrivate::Run
(2026-03-17T10:36:58.433576482) (2026-03-17T10:36:58.433585612) [Dbg] [SystemManager.cc:73] Loaded system [ignition::gazebo::systems::Sensors] for entity [14]
(2026-03-17T10:36:58.434116773) (2026-03-17T10:36:58.434130854) [Dbg] [Sensors.cc:411] SensorsPrivate::RenderThread started
(2026-03-17T10:36:58.434163272) (2026-03-17T10:36:58.434168974) [Dbg] [Sensors.cc:258] Waiting for init
(2026-03-17T10:36:58.434538603) (2026-03-17T10:36:58.434551989) [Msg] Loaded level [3]
(2026-03-17T10:36:58.434589763) (2026-03-17T10:36:58.434596099) [Msg] No systems loaded from SDF, loading defaults
(2026-03-17T10:36:58.435266458) (2026-03-17T10:36:58.435282757) [Dbg] [ServerConfig.cc:1043] Loaded (3) plugins from file [/home/user/.ignition/gazebo/6/server.config]
(2026-03-17T10:36:58.511574457) (2026-03-17T10:36:58.511589477) [Dbg] [Physics.cc:804] Loaded [ignition::physics::dartsim::Plugin] from library [/usr/lib/x86_64-linux-gnu/ign-physics-5/engine-plugins/libignition-physics-dartsim-plugin.so]
(2026-03-17T10:36:58.511671754) (2026-03-17T10:36:58.511678827) [Dbg] [SystemManager.cc:73] Loaded system [gz::sim::systems::Physics] for entity [1]
(2026-03-17T10:36:58.516637340) (2026-03-17T10:36:58.516651137) [Msg] Create service on [/world/mrsim/create]
(2026-03-17T10:36:58.516809311) (2026-03-17T10:36:58.516818073) [Msg] Remove service on [/world/mrsim/remove]
(2026-03-17T10:36:58.516940332) (2026-03-17T10:36:58.516954937) [Msg] Pose service on [/world/mrsim/set_pose]
(2026-03-17T10:36:58.517036867) (2026-03-17T10:36:58.517045420) [Msg] Pose service on [/world/mrsim/set_pose_vector]
(2026-03-17T10:36:58.517246252) (2026-03-17T10:36:58.517256691) [Msg] Light configuration service on [/world/mrsim/light_config]
(2026-03-17T10:36:58.517595743) (2026-03-17T10:36:58.517607163) [Msg] Physics service on [/world/mrsim/set_physics]
(2026-03-17T10:36:58.517776425) (2026-03-17T10:36:58.517787388) [Msg] SphericalCoordinates service on [/world/mrsim/set_spherical_coordinates]
(2026-03-17T10:36:58.517878269) (2026-03-17T10:36:58.517888856) [Msg] Enable collision service on [/world/mrsim/enable_collision]
(2026-03-17T10:36:58.517978794) (2026-03-17T10:36:58.517989110) [Msg] Disable collision service on [/world/mrsim/disable_collision]
(2026-03-17T10:36:58.518314230) (2026-03-17T10:36:58.518325012) [Msg] Material service on [/world/mrsim/visual_config]
(2026-03-17T10:36:58.518599932) (2026-03-17T10:36:58.518610975) [Msg] Material service on [/world/mrsim/wheel_slip]
(2026-03-17T10:36:58.518668482) (2026-03-17T10:36:58.518677909) [Dbg] [SystemManager.cc:73] Loaded system [gz::sim::systems::UserCommands] for entity [1]
(2026-03-17T10:36:58.524001955) (2026-03-17T10:36:58.524017397) [Dbg] [SystemManager.cc:73] Loaded system [gz::sim::systems::SceneBroadcaster] for entity [1]
(2026-03-17T10:36:58.524790049) (2026-03-17T10:36:58.524802433) [Msg] Serving world controls on [/world/mrsim/control], [/world/mrsim/control/state] and [/world/mrsim/playback/control]
(2026-03-17T10:36:58.525017968) (2026-03-17T10:36:58.525027118) [Msg] Serving GUI information on [/world/mrsim/gui/info]
(2026-03-17T10:36:58.525075001) (2026-03-17T10:36:58.525083877) [Msg] World [mrsim] initialized with [1ms] physics profile.
(2026-03-17T10:36:58.525328797) (2026-03-17T10:36:58.525338561) [Msg] Serving world SDF generation service on [/world/mrsim/generate_world_sdf]
(2026-03-17T10:36:58.525481930) (2026-03-17T10:36:58.525491462) [Msg] Serving world names on [/gazebo/worlds]
(2026-03-17T10:36:58.525579574) (2026-03-17T10:36:58.525588890) [Msg] Resource path add service on [/gazebo/resource_paths/add].
(2026-03-17T10:36:58.525738073) (2026-03-17T10:36:58.525747274) [Msg] Resource path get service on [/gazebo/resource_paths/get].
(2026-03-17T10:36:58.525892852) (2026-03-17T10:36:58.525901924) [Msg] Resource path resolve service on [/gazebo/resource_paths/resolve].
(2026-03-17T10:36:58.626446348) (2026-03-17T10:36:58.626458290) [Msg] Resource paths published on [/gazebo/resource_paths].
(2026-03-17T10:36:58.626715094) (2026-03-17T10:36:58.626724793) [Msg] Server control service on [/server_control].
(2026-03-17T10:36:59.830525567) (2026-03-17T10:36:59.830535967) [Msg] Found no publishers on /stats, adding root stats topic
(2026-03-17T10:36:59.830709201) (2026-03-17T10:36:59.830717502) [Msg] Found no publishers on /clock, adding root clock topic
(2026-03-17T10:36:59.830917278) (2026-03-17T10:36:59.830926322) [Dbg] [SimulationRunner.cc:501] Creating PostUpdate worker threads: 4
(2026-03-17T10:36:59.830954864) (2026-03-17T10:36:59.830960870) [Dbg] [SimulationRunner.cc:512] Creating postupdate worker thread (0)
(2026-03-17T10:36:59.831075042) (2026-03-17T10:36:59.831082739) [Dbg] [SimulationRunner.cc:512] Creating postupdate worker thread (1)
(2026-03-17T10:36:59.831137940) (2026-03-17T10:36:59.831144395) [Dbg] [SimulationRunner.cc:512] Creating postupdate worker thread (2)
(2026-03-17T10:36:59.843827018) (2026-03-17T10:36:59.843841984) [Dbg] [SimulationFeatures.cc:71] Simulation timestep set to: 0.005
(2026-03-17T10:36:59.844545625) (2026-03-17T10:36:59.844554137) [Dbg] [Sensors.cc:610] Initialization needed
(2026-03-17T10:36:59.844604497) (2026-03-17T10:36:59.844616586) [Dbg] [Sensors.cc:270] Initializing render context
(2026-03-17T10:36:59.844775217) (2026-03-17T10:36:59.844783638) [Msg] Loading plugin [ignition-rendering-ogre2]
(2026-03-17T10:36:59.862560571) (2026-03-17T10:36:59.862574470) [Msg] Serving scene information on [/world/mrsim/scene/info]
(2026-03-17T10:36:59.863251135) (2026-03-17T10:36:59.863261981) [Msg] Serving graph information on [/world/mrsim/scene/graph]
(2026-03-17T10:36:59.863628739) (2026-03-17T10:36:59.863642440) [Msg] Serving full state on [/world/mrsim/state]
(2026-03-17T10:36:59.863870205) (2026-03-17T10:36:59.863882628) [Msg] Serving full state (async) on [/world/mrsim/state_async]
(2026-03-17T10:36:59.864082286) (2026-03-17T10:36:59.864093955) [Msg] Publishing scene information on [/world/mrsim/scene/info]
(2026-03-17T10:36:59.864365598) (2026-03-17T10:36:59.864378079) [Msg] Publishing entity deletions on [/world/mrsim/scene/deletion]
(2026-03-17T10:36:59.864686939) (2026-03-17T10:36:59.864699252) [Msg] Publishing state changes on [/world/mrsim/state]
(2026-03-17T10:36:59.864893361) (2026-03-17T10:36:59.864905009) [Msg] Publishing pose messages on [/world/mrsim/pose/info]
(2026-03-17T10:36:59.874325127) (2026-03-17T10:36:59.874340050) [Msg] Publishing dynamic pose messages on [/world/mrsim/dynamic_pose/info]
(2026-03-17T10:36:59.874689471) (2026-03-17T10:36:59.874697920) [Dbg] [EntityComponentManager.cc:1623] Updated state thread iterators: 8 threads processing around 6 entities each.
(2026-03-17T10:37:00.265804857) (2026-03-17T10:37:00.265816989) [Dbg] [RenderUtil.cc:2591] Create scene [scene]
(2026-03-17T10:37:00.410270983) (2026-03-17T10:37:00.410289427) [Dbg] [Sensors.cc:610] Initialization needed
(2026-03-17T10:37:00.417777812) (2026-03-17T10:37:00.417832064) [Dbg] [Sensors.cc:284] Rendering Thread initialized
(2026-03-17T10:37:02.342014273) (2026-03-17T10:37:02.342033206) [Dbg] [CameraSensor.cc:394] Camera images for [qr4::base::camera] advertised on [/camera]
(2026-03-17T10:37:02.344090904) (2026-03-17T10:37:02.344099146) [Dbg] [CameraSensor.cc:705] Camera info for [qr4::base::camera] advertised on [/camera_info]
(2026-03-17T10:37:02.346929535) (2026-03-17T10:37:02.346946453) [Wrn] [Ogre2Camera.cc:390] Ogre2Camera::SetVisibilityMask: Mask bits c0000000 are set but will be ignored as they conflict with the reserved bits used internally by the ogre2 backend.
(2026-03-17T10:37:02.348888803) (2026-03-17T10:37:02.348905168) [Msg] Loading plugin [ignition-rendering-ogre2]
(2026-03-17T10:37:02.468890239) (2026-03-17T10:37:02.468911003) [Dbg] [CameraSensor.cc:518] Enabling camera sensor: 'qr4::base::camera' data generation.
(2026-03-17T10:38:13.64349832) (2026-03-17T10:38:13.64366105) [Dbg] [SignalHandler.cc:141] Received signal[2].
(2026-03-17T10:38:13.64421907) (2026-03-17T10:38:13.64429047) [Dbg] [ServerPrivate.cc:110] Server received signal[2]
(2026-03-17T10:38:13.64464007) (2026-03-17T10:38:13.64470784) [Dbg] [Sensors.cc:439] SensorsPrivate::Stop
(2026-03-17T10:38:13.64875078) (2026-03-17T10:38:13.64883432) [Dbg] [Sensors.cc:425] SensorsPrivate::RenderThread stopped
(2026-03-17T10:38:13.66696924) (2026-03-17T10:38:13.66716892) [Dbg] [gz.cc:410] Shutting down ign-gazebo-server
(((2026-03-17T10:38:13.73297595) (2026-03-17T10:38:13.73319108) ) 2026-03-17T10:38:13.73374976[Dbg] [SimulationRunner.cc:528] (2026-03-17T10:38:13.73394726(2026-03-17T10:38:13.73394726) (2026-03-17T10:38:13.73464633) 1[Dbg] [SimulationRunner.cc:528] )) 
[Dbg] [SimulationRunner.cc:528] )Exiting postupdate worker thread (Exiting postupdate worker thread (22

)
(2026-03-17T10:38:13.122576566) (2026-03-17T10:38:13.122592309) [Dbg] [Sensors.cc:439] SensorsPrivate::Stop
