(2026-03-17T14:22:24.482962409) (2026-03-17T14:22:24.483030006) [Msg] Ignition Gazebo Server v6.17.1
(2026-03-17T14:22:24.485532057) (2026-03-17T14:22:24.485540217) [Msg] Loading SDF world file[/home/user/ros2_ws/install/mrsim_gazebo_sim/share/mrsim_gazebo_sim/worlds/example.world].
(2026-03-17T14:22:24.751328597) (2026-03-17T14:22:24.751340219) [Msg] Serving entity system service on [/entity/system/add]
(2026-03-17T14:22:24.787155930) (2026-03-17T14:22:24.787166494) [Dbg] [SystemManager.cc:73] Loaded system [ignition::gazebo::systems::ShaderParam] for entity [9]
(2026-03-17T14:22:24.790865884) (2026-03-17T14:22:24.790877791) [Dbg] [SystemManager.cc:73] Loaded system [mrsim_gazebo_sim::SetPegPosePlugin] for entity [10]
(2026-03-17T14:22:24.828300639) (2026-03-17T14:22:24.828313867) [Dbg] [SystemManager.cc:73] Loaded system [mrsim_gazebo_sim::MrsimDroneIgnPlugin] for entity [14]
(2026-03-17T14:22:24.830161231) (2026-03-17T14:22:24.830170765) [Dbg] [MulticopterMotorModel.cc:373] Listening to topic: qr4/gazebo/command/motor_speed
(2026-03-17T14:22:24.830347364) (2026-03-17T14:22:24.830353892) [Dbg] [SystemManager.cc:73] Loaded system [ignition::gazebo::systems::MulticopterMotorModel] for entity [14]
(2026-03-17T14:22:24.830741046) (2026-03-17T14:22:24.830748931) [Dbg] [MulticopterMotorModel.cc:373] Listening to topic: qr4/gazebo/command/motor_speed
(2026-03-17T14:22:24.830865465) (2026-03-17T14:22:24.830872017) [Dbg] [SystemManager.cc:73] Loaded system [ignition::gazebo::systems::MulticopterMotorModel] for entity [14]
(2026-03-17T14:22:24.831213525) (2026-03-17T14:22:24.831220810) [Dbg] [MulticopterMotorModel.cc:373] Listening to topic: qr4/gazebo/command/motor_speed
(2026-03-17T14:22:24.831315169) (2026-03-17T14:22:24.831321427) [Dbg] [SystemManager.cc:73] Loaded system [ignition::gazebo::systems::MulticopterMotorModel] for entity [14]
(2026-03-17T14:22:24.831637311) (2026-03-17T14:22:24.831643446) [Dbg] [MulticopterMotorModel.cc:373] Listening to topic: qr4/gazebo/command/motor_speed
(2026-03-17T14:22:24.831727504) (2026-03-17T14:22:24.831732565) [Dbg] [SystemManager.cc:73] Loaded system [ignition::gazebo::systems::MulticopterMotorModel] for entity [14]
(2026-03-17T14:22:24.833400890) (2026-03-17T14:22:24.833411964) [Msg] OdometryPublisher publishing odometry on [/model/qr4/odometry]
(2026-03-17T14:22:24.833542602) (2026-03-17T14:22:24.833549214) [Msg] OdometryPublisher publishing odometry with covariance on [/model/qr4/odometry_with_covariance]
(2026-03-17T14:22:24.833656350) (2026-03-17T14:22:24.833661812) [Msg] OdometryPublisher publishing Pose_V (TF) on [/model/qr4/pose]
(2026-03-17T14:22:24.833701470) (2026-03-17T14:22:24.833707375) [Dbg] [SystemManager.cc:73] Loaded system [ignition::gazebo::systems::OdometryPublisher] for entity [14]
(2026-03-17T14:22:24.854698471) (2026-03-17T14:22:24.854725467) [Dbg] [Sensors.cc:506] Configuring Sensors system
(2026-03-17T14:22:24.855018877) (2026-03-17T14:22:24.855026303) [Dbg] [Sensors.cc:431] SensorsPrivate::Run
(2026-03-17T14:22:24.855247800) (2026-03-17T14:22:24.855257661) (2026-03-17T14:22:24.855272312) (2026-03-17T14:22:24.855280088) [Dbg] [Sensors.cc:411] [Dbg] [Sensors.cc:411] [Dbg] [SystemManager.cc:73] Loaded system [ignition::gazebo::systems::Sensors] for entity [14]
SensorsPrivate::RenderThread started
(2026-03-17T14:22:24.855343664) (2026-03-17T14:22:24.855349086) [Dbg] [Sensors.cc:258] Waiting for init
(2026-03-17T14:22:24.856028350) (2026-03-17T14:22:24.856036112) [Msg] Loaded level [3]
(2026-03-17T14:22:24.856066185) (2026-03-17T14:22:24.856072118) [Msg] No systems loaded from SDF, loading defaults
(2026-03-17T14:22:24.856282823) (2026-03-17T14:22:24.856288973) [Dbg] [ServerConfig.cc:1043] Loaded (3) plugins from file [/home/user/.ignition/gazebo/6/server.config]
(2026-03-17T14:22:24.885623810) (2026-03-17T14:22:24.885636711) [Dbg] [Physics.cc:804] Loaded [ignition::physics::dartsim::Plugin] from library [/usr/lib/x86_64-linux-gnu/ign-physics-5/engine-plugins/libignition-physics-dartsim-plugin.so]
(2026-03-17T14:22:24.885713877) (2026-03-17T14:22:24.885720258) [Dbg] [SystemManager.cc:73] Loaded system [gz::sim::systems::Physics] for entity [1]
(2026-03-17T14:22:24.888600553) (2026-03-17T14:22:24.888613140) [Msg] Create service on [/world/mrsim/create]
(2026-03-17T14:22:24.888757274) (2026-03-17T14:22:24.888764019) [Msg] Remove service on [/world/mrsim/remove]
(2026-03-17T14:22:24.888875630) (2026-03-17T14:22:24.888882002) [Msg] Pose service on [/world/mrsim/set_pose]
(2026-03-17T14:22:24.888950438) (2026-03-17T14:22:24.888956651) [Msg] Pose service on [/world/mrsim/set_pose_vector]
(2026-03-17T14:22:24.889144595) (2026-03-17T14:22:24.889151403) [Msg] Light configuration service on [/world/mrsim/light_config]
(2026-03-17T14:22:24.889431144) (2026-03-17T14:22:24.889438106) [Msg] Physics service on [/world/mrsim/set_physics]
(2026-03-17T14:22:24.889560180) (2026-03-17T14:22:24.889567513) [Msg] SphericalCoordinates service on [/world/mrsim/set_spherical_coordinates]
(2026-03-17T14:22:24.889638834) (2026-03-17T14:22:24.889645164) [Msg] Enable collision service on [/world/mrsim/enable_collision]
(2026-03-17T14:22:24.889707450) (2026-03-17T14:22:24.889713843) [Msg] Disable collision service on [/world/mrsim/disable_collision]
(2026-03-17T14:22:24.889900289) (2026-03-17T14:22:24.889906527) [Msg] Material service on [/world/mrsim/visual_config]
(2026-03-17T14:22:24.890021075) (2026-03-17T14:22:24.890026743) [Msg] Material service on [/world/mrsim/wheel_slip]
(2026-03-17T14:22:24.890064363) (2026-03-17T14:22:24.890069838) [Dbg] [SystemManager.cc:73] Loaded system [gz::sim::systems::UserCommands] for entity [1]
(2026-03-17T14:22:24.892160945) (2026-03-17T14:22:24.892171283) [Dbg] [SystemManager.cc:73] Loaded system [gz::sim::systems::SceneBroadcaster] for entity [1]
(2026-03-17T14:22:24.892514536) (2026-03-17T14:22:24.892521457) [Msg] Serving world controls on [/world/mrsim/control], [/world/mrsim/control/state] and [/world/mrsim/playback/control]
(2026-03-17T14:22:24.892627784) (2026-03-17T14:22:24.892634083) [Msg] Serving GUI information on [/world/mrsim/gui/info]
(2026-03-17T14:22:24.892665701) (2026-03-17T14:22:24.892671409) [Msg] World [mrsim] initialized with [1ms] physics profile.
(2026-03-17T14:22:24.892797862) (2026-03-17T14:22:24.892803849) [Msg] Serving world SDF generation service on [/world/mrsim/generate_world_sdf]
(2026-03-17T14:22:24.892902864) (2026-03-17T14:22:24.892909128) [Msg] Serving world names on [/gazebo/worlds]
(2026-03-17T14:22:24.892961387) (2026-03-17T14:22:24.892967205) [Msg] Resource path add service on [/gazebo/resource_paths/add].
(2026-03-17T14:22:24.893013210) (2026-03-17T14:22:24.893018580) [Msg] Resource path get service on [/gazebo/resource_paths/get].
(2026-03-17T14:22:24.893072262) (2026-03-17T14:22:24.893078140) [Msg] Resource path resolve service on [/gazebo/resource_paths/resolve].
(2026-03-17T14:22:24.893159856) (2026-03-17T14:22:24.893165762) [Msg] Resource paths published on [/gazebo/resource_paths].
(2026-03-17T14:22:24.893273699) (2026-03-17T14:22:24.893279749) [Msg] Server control service on [/server_control].
(2026-03-17T14:22:26.381125327) (2026-03-17T14:22:26.381133625) [Msg] Found no publishers on /stats, adding root stats topic
(2026-03-17T14:22:26.381264280) (2026-03-17T14:22:26.381268622) [Msg] Found no publishers on /clock, adding root clock topic
(2026-03-17T14:22:26.381408917) (2026-03-17T14:22:26.381414527) [Dbg] [SimulationRunner.cc:501] Creating PostUpdate worker threads: 4
(2026-03-17T14:22:26.381438784) (2026-03-17T14:22:26.381444149) [Dbg] [SimulationRunner.cc:512] Creating postupdate worker thread (0)
(2026-03-17T14:22:26.381533981) (2026-03-17T14:22:26.381539304) [Dbg] [SimulationRunner.cc:512] Creating postupdate worker thread (1)
(2026-03-17T14:22:26.381579762) (2026-03-17T14:22:26.381585451) [Dbg] [SimulationRunner.cc:512] Creating postupdate worker thread (2)
(2026-03-17T14:22:26.385183934) (2026-03-17T14:22:26.385191344) [Dbg] [SimulationFeatures.cc:71] Simulation timestep set to: 0.005
(2026-03-17T14:22:26.385607607) (2026-03-17T14:22:26.385614140) [Dbg] [Sensors.cc:610] Initialization needed
(2026-03-17T14:22:26.385647876) (2026-03-17T14:22:26.385662038) [Dbg] [Sensors.cc:270] Initializing render context
(2026-03-17T14:22:26.385777224) (2026-03-17T14:22:26.385782677) [Msg] Loading plugin [ignition-rendering-ogre2]
(2026-03-17T14:22:26.386411872) (2026-03-17T14:22:26.386420565) [Msg] Serving scene information on [/world/mrsim/scene/info]
(2026-03-17T14:22:26.386506154) (2026-03-17T14:22:26.386512168) [Msg] Serving graph information on [/world/mrsim/scene/graph]
(2026-03-17T14:22:26.386681302) (2026-03-17T14:22:26.386688205) [Msg] Serving full state on [/world/mrsim/state]
(2026-03-17T14:22:26.386752010) (2026-03-17T14:22:26.386757509) [Msg] Serving full state (async) on [/world/mrsim/state_async]
(2026-03-17T14:22:26.386842657) (2026-03-17T14:22:26.386848883) [Msg] Publishing scene information on [/world/mrsim/scene/info]
(2026-03-17T14:22:26.386976650) (2026-03-17T14:22:26.386998903) [Msg] Publishing entity deletions on [/world/mrsim/scene/deletion]
(2026-03-17T14:22:26.387155450) (2026-03-17T14:22:26.387164088) [Msg] Publishing state changes on [/world/mrsim/state]
(2026-03-17T14:22:26.387243851) (2026-03-17T14:22:26.387251251) [Msg] Publishing pose messages on [/world/mrsim/pose/info]
(2026-03-17T14:22:26.387342474) (2026-03-17T14:22:26.387349704) [Msg] Publishing dynamic pose messages on [/world/mrsim/dynamic_pose/info]
(2026-03-17T14:22:26.387686078) (2026-03-17T14:22:26.387693566) [Dbg] [EntityComponentManager.cc:1623] Updated state thread iterators: 8 threads processing around 6 entities each.
(2026-03-17T14:22:26.530089874) (2026-03-17T14:22:26.530097487) [Dbg] [RenderUtil.cc:2591] Create scene [scene]
((2026-03-17T14:22:26.558001382) (2026-03-17T14:22:26.558008537) (2026-03-17T14:22:26.558024444) ) [Dbg] [Sensors.cc:610] [Dbg] [Sensors.cc:284] Initialization needed
[Dbg] [Sensors.cc:610] [Dbg] [Sensors.cc:284] Rendering Thread initialized
(2026-03-17T14:22:27.439535893) (2026-03-17T14:22:27.439543347) [Dbg] [CameraSensor.cc:394] Camera images for [qr4::base::camera] advertised on [/camera]
(2026-03-17T14:22:27.439666011) (2026-03-17T14:22:27.439670628) [Dbg] [CameraSensor.cc:705] Camera info for [qr4::base::camera] advertised on [/camera_info]
(2026-03-17T14:22:27.439976242) (2026-03-17T14:22:27.439981027) [Wrn] [Ogre2Camera.cc:390] Ogre2Camera::SetVisibilityMask: Mask bits c0000000 are set but will be ignored as they conflict with the reserved bits used internally by the ogre2 backend.
(2026-03-17T14:22:27.440205828) (2026-03-17T14:22:27.440212490) [Msg] Loading plugin [ignition-rendering-ogre2]
(2026-03-17T14:22:27.514263694) (2026-03-17T14:22:27.514278116) [Dbg] [CameraSensor.cc:518] Enabling camera sensor: 'qr4::base::camera' data generation.
(2026-03-17T14:22:37.436232901) (2026-03-17T14:22:37.436253976) [Dbg] [SignalHandler.cc:141] Received signal[2].
(2026-03-17T14:22:37.436335626) (2026-03-17T14:22:37.436339427) [Dbg] [ServerPrivate.cc:110] Server received signal[2]
(2026-03-17T14:22:37.436358222) (2026-03-17T14:22:37.436361711) [Dbg] [Sensors.cc:439] SensorsPrivate::Stop
(2026-03-17T14:22:37.436754523) (2026-03-17T14:22:37.436762184) [Dbg] [Sensors.cc:425] SensorsPrivate::RenderThread stopped
(2026-03-17T14:22:37.438308608) (2026-03-17T14:22:37.438317171) [Dbg] [gz.cc:410] Shutting down ign-gazebo-server
(((2026-03-17T14:22:37.440771545) (2026-03-17T14:22:37.440783943) ) (2026-03-17T14:22:37.440796030) [Dbg] [SimulationRunner.cc:528] 2026-03-17T14:22:37.440758911) ) (Exiting postupdate worker thread ([Dbg] [SimulationRunner.cc:528] 2026-03-17T14:22:37.440826611Exiting postupdate worker thread ([Dbg] [SimulationRunner.cc:528] 2026-03-17T14:22:37.440826611) )
[Dbg] [SimulationRunner.cc:528] 
[Dbg] [SimulationRunner.cc:528] Exiting postupdate worker thread ()2
)
(2026-03-17T14:22:37.468478237) (2026-03-17T14:22:37.468489160) [Dbg] [Sensors.cc:439] SensorsPrivate::Stop
