(2026-03-17T16:54:18.464681907) (2026-03-17T16:54:18.464690329) [Msg] Ignition Gazebo Server v6.17.1
(2026-03-17T16:54:18.466823255) (2026-03-17T16:54:18.466833064) [Msg] Loading SDF world file[/home/user/ros2_ws/install/mrsim_gazebo_sim/share/mrsim_gazebo_sim/worlds/example.world].
(2026-03-17T16:54:18.726193278) (2026-03-17T16:54:18.726205629) [Msg] Serving entity system service on [/entity/system/add]
(2026-03-17T16:54:18.761576707) (2026-03-17T16:54:18.761587650) [Dbg] [SystemManager.cc:73] Loaded system [ignition::gazebo::systems::ShaderParam] for entity [9]
(2026-03-17T16:54:18.765685164) (2026-03-17T16:54:18.765698681) [Dbg] [SystemManager.cc:73] Loaded system [mrsim_gazebo_sim::SetPegPosePlugin] for entity [10]
(2026-03-17T16:54:18.803419086) (2026-03-17T16:54:18.803430213) [Dbg] [SystemManager.cc:73] Loaded system [mrsim_gazebo_sim::MrsimDroneIgnPlugin] for entity [14]
(2026-03-17T16:54:18.805270884) (2026-03-17T16:54:18.805279921) [Dbg] [MulticopterMotorModel.cc:373] Listening to topic: qr4/gazebo/command/motor_speed
(2026-03-17T16:54:18.805417382) (2026-03-17T16:54:18.805424187) [Dbg] [SystemManager.cc:73] Loaded system [ignition::gazebo::systems::MulticopterMotorModel] for entity [14]
(2026-03-17T16:54:18.805806356) (2026-03-17T16:54:18.805813327) [Dbg] [MulticopterMotorModel.cc:373] Listening to topic: qr4/gazebo/command/motor_speed
(2026-03-17T16:54:18.805893709) (2026-03-17T16:54:18.805900433) [Dbg] [SystemManager.cc:73] Loaded system [ignition::gazebo::systems::MulticopterMotorModel] for entity [14]
(2026-03-17T16:54:18.806259215) (2026-03-17T16:54:18.806266240) [Dbg] [MulticopterMotorModel.cc:373] Listening to topic: qr4/gazebo/command/motor_speed
(2026-03-17T16:54:18.806333629) (2026-03-17T16:54:18.806340308) [Dbg] [SystemManager.cc:73] Loaded system [ignition::gazebo::systems::MulticopterMotorModel] for entity [14]
(2026-03-17T16:54:18.806658158) (2026-03-17T16:54:18.806665495) [Dbg] [MulticopterMotorModel.cc:373] Listening to topic: qr4/gazebo/command/motor_speed
(2026-03-17T16:54:18.806729812) (2026-03-17T16:54:18.806736134) [Dbg] [SystemManager.cc:73] Loaded system [ignition::gazebo::systems::MulticopterMotorModel] for entity [14]
(2026-03-17T16:54:18.808586904) (2026-03-17T16:54:18.808596272) [Msg] OdometryPublisher publishing odometry on [/model/qr4/odometry]
(2026-03-17T16:54:18.808690324) (2026-03-17T16:54:18.808697018) [Msg] OdometryPublisher publishing odometry with covariance on [/model/qr4/odometry_with_covariance]
(2026-03-17T16:54:18.808772036) (2026-03-17T16:54:18.808778531) [Msg] OdometryPublisher publishing Pose_V (TF) on [/model/qr4/pose]
(2026-03-17T16:54:18.808810061) (2026-03-17T16:54:18.808816159) [Dbg] [SystemManager.cc:73] Loaded system [ignition::gazebo::systems::OdometryPublisher] for entity [14]
(2026-03-17T16:54:18.828729974) (2026-03-17T16:54:18.828750464) [Dbg] [Sensors.cc:506] Configuring Sensors system
(2026-03-17T16:54:18.828901880) (2026-03-17T16:54:18.828908652) [Dbg] [Sensors.cc:431] SensorsPrivate::Run
(2026-03-17T16:54:18.829041472) (2026-03-17T16:54:18.829048422) [Dbg] [SystemManager.cc:73] Loaded system [ignition::gazebo::systems::Sensors(] for entity [2026-03-17T16:54:18.829083967) (2026-03-17T16:54:18.829093364) 14]
[Dbg] [Sensors.cc:411] SensorsPrivate::RenderThread started
(2026-03-17T16:54:18.829134770) (2026-03-17T16:54:18.829139515) [Dbg] [Sensors.cc:258] Waiting for init
(2026-03-17T16:54:18.829838626) (2026-03-17T16:54:18.829847282) [Msg] Loaded level [3]
(2026-03-17T16:54:18.829882672) (2026-03-17T16:54:18.829889088) [Msg] No systems loaded from SDF, loading defaults
(2026-03-17T16:54:18.830255794) (2026-03-17T16:54:18.830266336) [Dbg] [ServerConfig.cc:1043] Loaded (3) plugins from file [/home/user/.ignition/gazebo/6/server.config]
(2026-03-17T16:54:18.859107460) (2026-03-17T16:54:18.859120866) [Dbg] [Physics.cc:804] Loaded [ignition::physics::dartsim::Plugin] from library [/usr/lib/x86_64-linux-gnu/ign-physics-5/engine-plugins/libignition-physics-dartsim-plugin.so]
(2026-03-17T16:54:18.859193315) (2026-03-17T16:54:18.859199564) [Dbg] [SystemManager.cc:73] Loaded system [gz::sim::systems::Physics] for entity [1]
(2026-03-17T16:54:18.862410241) (2026-03-17T16:54:18.862426851) [Msg] Create service on [/world/mrsim/create]
(2026-03-17T16:54:18.862681661) (2026-03-17T16:54:18.862689015) [Msg] Remove service on [/world/mrsim/remove]
(2026-03-17T16:54:18.862840344) (2026-03-17T16:54:18.862858137) [Msg] Pose service on [/world/mrsim/set_pose]
(2026-03-17T16:54:18.862929602) (2026-03-17T16:54:18.862935948) [Msg] Pose service on [/world/mrsim/set_pose_vector]
(2026-03-17T16:54:18.863090151) (2026-03-17T16:54:18.863097005) [Msg] Light configuration service on [/world/mrsim/light_config]
(2026-03-17T16:54:18.863276908) (2026-03-17T16:54:18.863283611) [Msg] Physics service on [/world/mrsim/set_physics]
(2026-03-17T16:54:18.863385897) (2026-03-17T16:54:18.863392727) [Msg] SphericalCoordinates service on [/world/mrsim/set_spherical_coordinates]
(2026-03-17T16:54:18.863452532) (2026-03-17T16:54:18.863458920) [Msg] Enable collision service on [/world/mrsim/enable_collision]
(2026-03-17T16:54:18.863514603) (2026-03-17T16:54:18.863521063) [Msg] Disable collision service on [/world/mrsim/disable_collision]
(2026-03-17T16:54:18.863683858) (2026-03-17T16:54:18.863690035) [Msg] Material service on [/world/mrsim/visual_config]
(2026-03-17T16:54:18.863785240) (2026-03-17T16:54:18.863791568) [Msg] Material service on [/world/mrsim/wheel_slip]
(2026-03-17T16:54:18.863828195) (2026-03-17T16:54:18.863834206) [Dbg] [SystemManager.cc:73] Loaded system [gz::sim::systems::UserCommands] for entity [1]
(2026-03-17T16:54:18.865867733) (2026-03-17T16:54:18.865876864) [Dbg] [SystemManager.cc:73] Loaded system [gz::sim::systems::SceneBroadcaster] for entity [1]
(2026-03-17T16:54:18.866187796) (2026-03-17T16:54:18.866195144) [Msg] Serving world controls on [/world/mrsim/control], [/world/mrsim/control/state] and [/world/mrsim/playback/control]
(2026-03-17T16:54:18.866305943) (2026-03-17T16:54:18.866312770) [Msg] Serving GUI information on [/world/mrsim/gui/info]
(2026-03-17T16:54:18.866344047) (2026-03-17T16:54:18.866350135) [Msg] World [mrsim] initialized with [1ms] physics profile.
(2026-03-17T16:54:18.866473152) (2026-03-17T16:54:18.866479315) [Msg] Serving world SDF generation service on [/world/mrsim/generate_world_sdf]
(2026-03-17T16:54:18.866570191) (2026-03-17T16:54:18.866576825) [Msg] Serving world names on [/gazebo/worlds]
(2026-03-17T16:54:18.866635692) (2026-03-17T16:54:18.866642159) [Msg] Resource path add service on [/gazebo/resource_paths/add].
(2026-03-17T16:54:18.866702538) (2026-03-17T16:54:18.866709030) [Msg] Resource path get service on [/gazebo/resource_paths/get].
(2026-03-17T16:54:18.866767069) (2026-03-17T16:54:18.866773440) [Msg] Resource path resolve service on [/gazebo/resource_paths/resolve].
(2026-03-17T16:54:18.967047487) (2026-03-17T16:54:18.967059402) [Msg] Resource paths published on [/gazebo/resource_paths].
(2026-03-17T16:54:18.967306105) (2026-03-17T16:54:18.967313604) [Msg] Server control service on [/server_control].
(2026-03-17T16:54:20.362436720) (2026-03-17T16:54:20.362445122) [Msg] Found no publishers on /stats, adding root stats topic
(2026-03-17T16:54:20.362596764) (2026-03-17T16:54:20.362602423) [Msg] Found no publishers on /clock, adding root clock topic
(2026-03-17T16:54:20.362753912) (2026-03-17T16:54:20.362760688) [Dbg] [SimulationRunner.cc:501] Creating PostUpdate worker threads: 4
(2026-03-17T16:54:20.362782599) (2026-03-17T16:54:20.362786775) [Dbg] [SimulationRunner.cc:512] Creating postupdate worker thread (0)
(2026-03-17T16:54:20.362852685) (2026-03-17T16:54:20.362857793) [Dbg] [SimulationRunner.cc:512] Creating postupdate worker thread (1)
(2026-03-17T16:54:20.362901971) (2026-03-17T16:54:20.362907509) [Dbg] [SimulationRunner.cc:512] Creating postupdate worker thread (2)
(2026-03-17T16:54:20.366462999) (2026-03-17T16:54:20.366469614) [Dbg] [SimulationFeatures.cc:71] Simulation timestep set to: 0.005
(2026-03-17T16:54:20.367000164) (2026-03-17T16:54:20.367006052) [Dbg] [Sensors.cc:610] Initialization needed
(2026-03-17T16:54:20.367038685) (2026-03-17T16:54:20.367046999) [Dbg] [Sensors.cc:270] Initializing render context
(2026-03-17T16:54:20.367168609) (2026-03-17T16:54:20.367175296) [Msg] Loading plugin [ignition-rendering-ogre2]
(2026-03-17T16:54:20.367544917) (2026-03-17T16:54:20.367551735) [Msg] Serving scene information on [/world/mrsim/scene/info]
(2026-03-17T16:54:20.367633824) (2026-03-17T16:54:20.367637901) [Msg] Serving graph information on [/world/mrsim/scene/graph]
(2026-03-17T16:54:20.367754988) (2026-03-17T16:54:20.367759013) [Msg] Serving full state on [/world/mrsim/state]
(2026-03-17T16:54:20.367825278) (2026-03-17T16:54:20.367829085) [Msg] Serving full state (async) on [/world/mrsim/state_async]
(2026-03-17T16:54:20.367968361) (2026-03-17T16:54:20.367974531) [Msg] Publishing scene information on [/world/mrsim/scene/info]
(2026-03-17T16:54:20.368042148) (2026-03-17T16:54:20.368046147) [Msg] Publishing entity deletions on [/world/mrsim/scene/deletion]
(2026-03-17T16:54:20.368107490) (2026-03-17T16:54:20.368112670) [Msg] Publishing state changes on [/world/mrsim/state]
(2026-03-17T16:54:20.368257741) (2026-03-17T16:54:20.368263521) [Msg] Publishing pose messages on [/world/mrsim/pose/info]
(2026-03-17T16:54:20.368323336) (2026-03-17T16:54:20.368327277) [Msg] Publishing dynamic pose messages on [/world/mrsim/dynamic_pose/info]
(2026-03-17T16:54:20.368543232) (2026-03-17T16:54:20.368547500) [Dbg] [EntityComponentManager.cc:1623] Updated state thread iterators: 8 threads processing around 6 entities each.
(2026-03-17T16:54:20.511651130) (2026-03-17T16:54:20.511657938) [Dbg] [RenderUtil.cc:2591] Create scene [scene]
((2026-03-17T16:54:20.537896960) (2026-03-17T16:54:20.537918675) 2026-03-17T16:54:20.537911482) ([Dbg] [Sensors.cc:284] 
[Dbg] [Sensors.cc:610] Initialization needed
(2026-03-17T16:54:21.383051031) (2026-03-17T16:54:21.383058499) [Dbg] [CameraSensor.cc:394] Camera images for [qr4::base::camera] advertised on [/camera]
(2026-03-17T16:54:21.383163757) (2026-03-17T16:54:21.383167902) [Dbg] [CameraSensor.cc:705] Camera info for [qr4::base::camera] advertised on [/camera_info]
(2026-03-17T16:54:21.383474227) (2026-03-17T16:54:21.383478587) [Wrn] [Ogre2Camera.cc:390] Ogre2Camera::SetVisibilityMask: Mask bits c0000000 are set but will be ignored as they conflict with the reserved bits used internally by the ogre2 backend.
(2026-03-17T16:54:21.383693704) (2026-03-17T16:54:21.383700103) [Msg] Loading plugin [ignition-rendering-ogre2]
(2026-03-17T16:54:21.454490520) (2026-03-17T16:54:21.454503134) [Dbg] [CameraSensor.cc:518] Enabling camera sensor: 'qr4::base::camera' data generation.
(2026-03-17T16:54:40.407357388) (2026-03-17T16:54:40.407367192) [Dbg] [SignalHandler.cc:141] Received signal[2].
(2026-03-17T16:54:40.407394774) (2026-03-17T16:54:40.407398363) [Dbg] [ServerPrivate.cc:110] Server received signal[2]
(2026-03-17T16:54:40.407426013) (2026-03-17T16:54:40.407429440) [Dbg] [Sensors.cc:439] SensorsPrivate::Stop
(2026-03-17T16:54:40.416055518) (2026-03-17T16:54:40.416065600) [Dbg] [Sensors.cc:425] SensorsPrivate::RenderThread stopped
(2026-03-17T16:54:40.418104204) (2026-03-17T16:54:40.418117729) [Dbg] [gz.cc:410] Shutting down ign-gazebo-server
(((2026-03-17T16:54:40.421363445) () (2026-03-17T16:54:40.4213738202026-03-17T16:54:40.421383002) ) ) 2026-03-17T16:54:40.421367038[Dbg] [SimulationRunner.cc:528] ) (2026-03-17T16:54:40.421408351) Exiting postupdate worker thread (1)

[Dbg] [SimulationRunner.cc:528] Exiting postupdate worker thread (Exiting postupdate worker thread (0)
Exiting postupdate worker thread (2)
(2026-03-17T16:54:40.445711313) (2026-03-17T16:54:40.445725152) [Dbg] [Sensors.cc:439] SensorsPrivate::Stop
