(2026-03-17T13:41:39.755484678) (2026-03-17T13:41:39.755489677) [Msg] Ignition Gazebo Server v6.17.1
(2026-03-17T13:41:39.756692951) (2026-03-17T13:41:39.756697296) [Msg] Loading SDF world file[/home/user/ros2_ws/install/mrsim_gazebo_sim/share/mrsim_gazebo_sim/worlds/example.world].
(2026-03-17T13:41:39.940975622) (2026-03-17T13:41:39.940987107) [Msg] Serving entity system service on [/entity/system/add]
(2026-03-17T13:41:39.964059184) (2026-03-17T13:41:39.964066645) [Dbg] [SystemManager.cc:73] Loaded system [ignition::gazebo::systems::ShaderParam] for entity [9]
(2026-03-17T13:41:39.967080824) (2026-03-17T13:41:39.967089058) [Dbg] [SystemManager.cc:73] Loaded system [mrsim_gazebo_sim::SetPegPosePlugin] for entity [10]
(2026-03-17T13:41:39.993291211) (2026-03-17T13:41:39.993298742) [Dbg] [SystemManager.cc:73] Loaded system [mrsim_gazebo_sim::MrsimDroneIgnPlugin] for entity [14]
(2026-03-17T13:41:39.994843755) (2026-03-17T13:41:39.994851701) [Dbg] [MulticopterMotorModel.cc:373] Listening to topic: qr4/gazebo/command/motor_speed
(2026-03-17T13:41:39.995005456) (2026-03-17T13:41:39.995009951) [Dbg] [SystemManager.cc:73] Loaded system [ignition::gazebo::systems::MulticopterMotorModel] for entity [14]
(2026-03-17T13:41:39.995462527) (2026-03-17T13:41:39.995467595) [Dbg] [MulticopterMotorModel.cc:373] Listening to topic: qr4/gazebo/command/motor_speed
(2026-03-17T13:41:39.995565596) (2026-03-17T13:41:39.995577060) [Dbg] [SystemManager.cc:73] Loaded system [ignition::gazebo::systems::MulticopterMotorModel] for entity [14]
(2026-03-17T13:41:39.995818533) (2026-03-17T13:41:39.995822846) [Dbg] [MulticopterMotorModel.cc:373] Listening to topic: qr4/gazebo/command/motor_speed
(2026-03-17T13:41:39.995889123) (2026-03-17T13:41:39.995892983) [Dbg] [SystemManager.cc:73] Loaded system [ignition::gazebo::systems::MulticopterMotorModel] for entity [14]
(2026-03-17T13:41:39.996110990) (2026-03-17T13:41:39.996115354) [Dbg] [MulticopterMotorModel.cc:373] Listening to topic: qr4/gazebo/command/motor_speed
(2026-03-17T13:41:39.996170262) (2026-03-17T13:41:39.996174128) [Dbg] [SystemManager.cc:73] Loaded system [ignition::gazebo::systems::MulticopterMotorModel] for entity [14]
(2026-03-17T13:41:39.997191465) (2026-03-17T13:41:39.997196845) [Msg] OdometryPublisher publishing odometry on [/model/qr4/odometry]
(2026-03-17T13:41:39.997267491) (2026-03-17T13:41:39.997271457) [Msg] OdometryPublisher publishing odometry with covariance on [/model/qr4/odometry_with_covariance]
(2026-03-17T13:41:39.997331123) (2026-03-17T13:41:39.997334974) [Msg] OdometryPublisher publishing Pose_V (TF) on [/model/qr4/pose]
(2026-03-17T13:41:39.997352903) (2026-03-17T13:41:39.997356302) [Dbg] [SystemManager.cc:73] Loaded system [ignition::gazebo::systems::OdometryPublisher] for entity [14]
(2026-03-17T13:41:40.7468819) (2026-03-17T13:41:40.7476553) [Dbg] [Sensors.cc:506] Configuring Sensors system
(2026-03-17T13:41:40.7561218) (2026-03-17T13:41:40.7564908) [Dbg] [Sensors.cc:431] SensorsPrivate::Run
(2026-03-17T13:41:40.7741661) (2026-03-17T13:41:40.7748126) [Dbg] [Sensors.cc:411] (SensorsPrivate::RenderThread started2026-03-17T13:41:40.7759393
(2026-03-17T13:41:40.7772243) ([Dbg] [SystemManager.cc:73] 2026-03-17T13:41:40.7782367) Loaded system [(2026-03-17T13:41:40.7793006) ) ignition::gazebo::systems::Sensors] for entity [Waiting for init
14]
(2026-03-17T13:41:40.8200585) (2026-03-17T13:41:40.8205098) [Msg] Loaded level [3]
(2026-03-17T13:41:40.8223912) (2026-03-17T13:41:40.8227427) [Msg] No systems loaded from SDF, loading defaults
(2026-03-17T13:41:40.8374118) (2026-03-17T13:41:40.8377961) [Dbg] [ServerConfig.cc:1043] Loaded (3) plugins from file [/home/user/.ignition/gazebo/6/server.config]
(2026-03-17T13:41:40.24927175) (2026-03-17T13:41:40.24935770) [Dbg] [Physics.cc:804] Loaded [ignition::physics::dartsim::Plugin] from library [/usr/lib/x86_64-linux-gnu/ign-physics-5/engine-plugins/libignition-physics-dartsim-plugin.so]
(2026-03-17T13:41:40.25003744) (2026-03-17T13:41:40.25009211) [Dbg] [SystemManager.cc:73] Loaded system [gz::sim::systems::Physics] for entity [1]
(2026-03-17T13:41:40.27100804) (2026-03-17T13:41:40.27107826) [Msg] Create service on [/world/mrsim/create]
(2026-03-17T13:41:40.27188306) (2026-03-17T13:41:40.27194182) [Msg] Remove service on [/world/mrsim/remove]
(2026-03-17T13:41:40.27258882) (2026-03-17T13:41:40.27264315) [Msg] Pose service on [/world/mrsim/set_pose]
(2026-03-17T13:41:40.27305462) (2026-03-17T13:41:40.27311187) [Msg] Pose service on [/world/mrsim/set_pose_vector]
(2026-03-17T13:41:40.27406072) (2026-03-17T13:41:40.27412396) [Msg] Light configuration service on [/world/mrsim/light_config]
(2026-03-17T13:41:40.27526962) (2026-03-17T13:41:40.27531959) [Msg] Physics service on [/world/mrsim/set_physics]
(2026-03-17T13:41:40.27610054) (2026-03-17T13:41:40.27615603) [Msg] SphericalCoordinates service on [/world/mrsim/set_spherical_coordinates]
(2026-03-17T13:41:40.27661120) (2026-03-17T13:41:40.27666523) [Msg] Enable collision service on [/world/mrsim/enable_collision]
(2026-03-17T13:41:40.27713893) (2026-03-17T13:41:40.27718683) [Msg] Disable collision service on [/world/mrsim/disable_collision]
(2026-03-17T13:41:40.27819062) (2026-03-17T13:41:40.27825011) [Msg] Material service on [/world/mrsim/visual_config]
(2026-03-17T13:41:40.27888426) (2026-03-17T13:41:40.27893817) [Msg] Material service on [/world/mrsim/wheel_slip]
(2026-03-17T13:41:40.27915992) (2026-03-17T13:41:40.27919467) [Dbg] [SystemManager.cc:73] Loaded system [gz::sim::systems::UserCommands] for entity [1]
(2026-03-17T13:41:40.29108018) (2026-03-17T13:41:40.29113021) [Dbg] [SystemManager.cc:73] Loaded system [gz::sim::systems::SceneBroadcaster] for entity [1]
(2026-03-17T13:41:40.29309643) (2026-03-17T13:41:40.29314363) [Msg] Serving world controls on [/world/mrsim/control], [/world/mrsim/control/state] and [/world/mrsim/playback/control]
(2026-03-17T13:41:40.29383723) (2026-03-17T13:41:40.29388905) [Msg] Serving GUI information on [/world/mrsim/gui/info]
(2026-03-17T13:41:40.29406393) (2026-03-17T13:41:40.29409834) [Msg] World [mrsim] initialized with [1ms] physics profile.
(2026-03-17T13:41:40.29492188) (2026-03-17T13:41:40.29497595) [Msg] Serving world SDF generation service on [/world/mrsim/generate_world_sdf]
(2026-03-17T13:41:40.29558292) (2026-03-17T13:41:40.29563578) [Msg] Serving world names on [/gazebo/worlds]
(2026-03-17T13:41:40.29601450) (2026-03-17T13:41:40.29605769) [Msg] Resource path add service on [/gazebo/resource_paths/add].
(2026-03-17T13:41:40.29641870) (2026-03-17T13:41:40.29646749) [Msg] Resource path get service on [/gazebo/resource_paths/get].
(2026-03-17T13:41:40.29681927) (2026-03-17T13:41:40.29686774) [Msg] Resource path resolve service on [/gazebo/resource_paths/resolve].
(2026-03-17T13:41:40.29731976) (2026-03-17T13:41:40.29736154) [Msg] Resource paths published on [/gazebo/resource_paths].
(2026-03-17T13:41:40.29798577) (2026-03-17T13:41:40.29803408) [Msg] Server control service on [/server_control].
(2026-03-17T13:41:41.653654124) (2026-03-17T13:41:41.653665445) [Msg] Found no publishers on /stats, adding root stats topic
(2026-03-17T13:41:41.653844949) (2026-03-17T13:41:41.653851571) [Msg] Found no publishers on /clock, adding root clock topic
(2026-03-17T13:41:41.654014819) (2026-03-17T13:41:41.654021491) [Dbg] [SimulationRunner.cc:501] Creating PostUpdate worker threads: 4
(2026-03-17T13:41:41.654048343) (2026-03-17T13:41:41.654054625) [Dbg] [SimulationRunner.cc:512] Creating postupdate worker thread (0)
(2026-03-17T13:41:41.654138570) (2026-03-17T13:41:41.654144769) [Dbg] [SimulationRunner.cc:512] Creating postupdate worker thread (1)
(2026-03-17T13:41:41.654185198) (2026-03-17T13:41:41.654191104) [Dbg] [SimulationRunner.cc:512] Creating postupdate worker thread (2)
(2026-03-17T13:41:41.658801882) (2026-03-17T13:41:41.658813652) [Dbg] [SimulationFeatures.cc:71] Simulation timestep set to: 0.005
(2026-03-17T13:41:41.659359711) (2026-03-17T13:41:41.659366487) [Dbg] [Sensors.cc:610] Initialization needed
(2026-03-17T13:41:41.659410661) (2026-03-17T13:41:41.659416080) [Dbg] [Sensors.cc:270] Initializing render context
(2026-03-17T13:41:41.659531025) (2026-03-17T13:41:41.659534927) [Msg] Loading plugin [ignition-rendering-ogre2]
(2026-03-17T13:41:41.660118038) (2026-03-17T13:41:41.660127330) [Msg] Serving scene information on [/world/mrsim/scene/info]
(2026-03-17T13:41:41.660198635) (2026-03-17T13:41:41.660204163) [Msg] Serving graph information on [/world/mrsim/scene/graph]
(2026-03-17T13:41:41.660326715) (2026-03-17T13:41:41.660333203) [Msg] Serving full state on [/world/mrsim/state]
(2026-03-17T13:41:41.660382995) (2026-03-17T13:41:41.660389616) [Msg] Serving full state (async) on [/world/mrsim/state_async]
(2026-03-17T13:41:41.660487337) (2026-03-17T13:41:41.660493303) [Msg] Publishing scene information on [/world/mrsim/scene/info]
(2026-03-17T13:41:41.660609505) (2026-03-17T13:41:41.660616039) [Msg] Publishing entity deletions on [/world/mrsim/scene/deletion]
(2026-03-17T13:41:41.660656994) (2026-03-17T13:41:41.660663208) [Msg] Publishing state changes on [/world/mrsim/state]
(2026-03-17T13:41:41.660734044) (2026-03-17T13:41:41.660740419) [Msg] Publishing pose messages on [/world/mrsim/pose/info]
(2026-03-17T13:41:41.660811017) (2026-03-17T13:41:41.660817581) [Msg] Publishing dynamic pose messages on [/world/mrsim/dynamic_pose/info]
(2026-03-17T13:41:41.661027441) (2026-03-17T13:41:41.661032175) [Dbg] [EntityComponentManager.cc:1623] Updated state thread iterators: 8 threads processing around 6 entities each.
(2026-03-17T13:41:41.809615348) (2026-03-17T13:41:41.809621727) [Dbg] [RenderUtil.cc:2591] Create scene [scene]
((2026-03-17T13:41:41.835501840) (2026-03-17T13:41:41.835522161) ) (2026-03-17T13:41:41.835532240) [Dbg] [Sensors.cc:284] Rendering Thread initialized

Initialization needed(2026-03-17T13:41:42.648165578) (2026-03-17T13:41:42.648173741) [Dbg] [CameraSensor.cc:394] Camera images for [qr4::base::camera] advertised on [/camera]
(2026-03-17T13:41:42.648294858) (2026-03-17T13:41:42.648299145) [Dbg] [CameraSensor.cc:705] Camera info for [qr4::base::camera] advertised on [/camera_info]
(2026-03-17T13:41:42.648646119) (2026-03-17T13:41:42.648650400) [Wrn] [Ogre2Camera.cc:390] Ogre2Camera::SetVisibilityMask: Mask bits c0000000 are set but will be ignored as they conflict with the reserved bits used internally by the ogre2 backend.
(2026-03-17T13:41:42.648817033) (2026-03-17T13:41:42.648820879) [Msg] Loading plugin [ignition-rendering-ogre2]
(2026-03-17T13:41:42.712255178) (2026-03-17T13:41:42.712262551) [Dbg] [CameraSensor.cc:518] Enabling camera sensor: 'qr4::base::camera' data generation.
(2026-03-17T13:41:50.309302892) (2026-03-17T13:41:50.309316324) [Dbg] [SignalHandler.cc:141] Received signal[2].
(2026-03-17T13:41:50.309351112) (2026-03-17T13:41:50.309359017) [Dbg] [ServerPrivate.cc:110] Server received signal[2]
(2026-03-17T13:41:50.309384026) (2026-03-17T13:41:50.309388784) [Dbg] [Sensors.cc:439] SensorsPrivate::Stop
(2026-03-17T13:41:50.309899847) (2026-03-17T13:41:50.309908273) [Dbg] [Sensors.cc:425] SensorsPrivate::RenderThread stopped
(2026-03-17T13:41:50.313410340) (2026-03-17T13:41:50.313422114) [Dbg] [gz.cc:410] Shutting down ign-gazebo-server
((2026-03-17T13:41:50.3183168462026-03-17T13:41:50.318307707) ((2026-03-17T13:41:50.318331459) ) 2026-03-17T13:41:50.318353821) ([Dbg] [SimulationRunner.cc:528] [Dbg] [SimulationRunner.cc:528] (2026-03-17T13:41:50.318374075) [Dbg] [SimulationRunner.cc:528] Exiting postupdate worker thread (Exiting postupdate worker thread (2)[Dbg] [SimulationRunner.cc:528] 
[Dbg] [SimulationRunner.cc:528] 
Exiting postupdate worker thread ([Dbg] [SimulationRunner.cc:528] 
)
)
(2026-03-17T13:41:50.356129052) (2026-03-17T13:41:50.356139399) [Dbg] [Sensors.cc:439] SensorsPrivate::Stop
