(2026-03-17T12:01:33.790446404) (2026-03-17T12:01:33.790453115) [Msg] Ignition Gazebo Server v6.17.1
(2026-03-17T12:01:33.792520390) (2026-03-17T12:01:33.792530291) [Msg] Loading SDF world file[/home/user/ros2_ws/install/mrsim_gazebo_sim/share/mrsim_gazebo_sim/worlds/example.world].
(2026-03-17T12:01:33.990255941) (2026-03-17T12:01:33.990266115) [Msg] Serving entity system service on [/entity/system/add]
(2026-03-17T12:01:34.7821988) (2026-03-17T12:01:34.7829206) [Dbg] [SystemManager.cc:73] Loaded system [ignition::gazebo::systems::ShaderParam] for entity [9]
(2026-03-17T12:01:34.10927954) (2026-03-17T12:01:34.10938516) [Dbg] [SystemManager.cc:73] Loaded system [mrsim_gazebo_sim::SetPegPosePlugin] for entity [10]
(2026-03-17T12:01:34.37129143) (2026-03-17T12:01:34.37140578) [Dbg] [SystemManager.cc:73] Loaded system [mrsim_gazebo_sim::MrsimDroneIgnPlugin] for entity [14]
(2026-03-17T12:01:34.38973032) (2026-03-17T12:01:34.38982596) [Dbg] [MulticopterMotorModel.cc:373] Listening to topic: qr4/gazebo/command/motor_speed
(2026-03-17T12:01:34.39153270) (2026-03-17T12:01:34.39160192) [Dbg] [SystemManager.cc:73] Loaded system [ignition::gazebo::systems::MulticopterMotorModel] for entity [14]
(2026-03-17T12:01:34.39541157) (2026-03-17T12:01:34.39548908) [Dbg] [MulticopterMotorModel.cc:373] Listening to topic: qr4/gazebo/command/motor_speed
(2026-03-17T12:01:34.39660201) (2026-03-17T12:01:34.39667161) [Dbg] [SystemManager.cc:73] Loaded system [ignition::gazebo::systems::MulticopterMotorModel] for entity [14]
(2026-03-17T12:01:34.40010236) (2026-03-17T12:01:34.40016420) [Dbg] [MulticopterMotorModel.cc:373] Listening to topic: qr4/gazebo/command/motor_speed
(2026-03-17T12:01:34.40101700) (2026-03-17T12:01:34.40108022) [Dbg] [SystemManager.cc:73] Loaded system [ignition::gazebo::systems::MulticopterMotorModel] for entity [14]
(2026-03-17T12:01:34.40437013) (2026-03-17T12:01:34.40444034) [Dbg] [MulticopterMotorModel.cc:373] Listening to topic: qr4/gazebo/command/motor_speed
(2026-03-17T12:01:34.40529770) (2026-03-17T12:01:34.40536186) [Dbg] [SystemManager.cc:73] Loaded system [ignition::gazebo::systems::MulticopterMotorModel] for entity [14]
(2026-03-17T12:01:34.42425558) (2026-03-17T12:01:34.42436684) [Msg] OdometryPublisher publishing odometry on [/model/qr4/odometry]
(2026-03-17T12:01:34.42560992) (2026-03-17T12:01:34.42567909) [Msg] OdometryPublisher publishing odometry with covariance on [/model/qr4/odometry_with_covariance]
(2026-03-17T12:01:34.42672325) (2026-03-17T12:01:34.42678894) [Msg] OdometryPublisher publishing Pose_V (TF) on [/model/qr4/pose]
(2026-03-17T12:01:34.42712054) (2026-03-17T12:01:34.42717895) [Dbg] [SystemManager.cc:73] Loaded system [ignition::gazebo::systems::OdometryPublisher] for entity [14]
(2026-03-17T12:01:34.62463949) (2026-03-17T12:01:34.62476297) [Dbg] [Sensors.cc:506] Configuring Sensors system
(2026-03-17T12:01:34.62608107) (2026-03-17T12:01:34.62614360) [Dbg] [Sensors.cc:431] SensorsPrivate::Run
(2026-03-17T12:01:34.62739851) (2026-03-17T12:01:34.62746116) 2026-03-17T12:01:34.62761311) ([Dbg] [SystemManager.cc:73] 2026-03-17T12:01:34.62777870) Loaded system [ignition::gazebo::systems::Sensors] for entity [[Dbg] [Sensors.cc:411] 14[Dbg] [Sensors.cc:411] 14SensorsPrivate::RenderThread started
(2026-03-17T12:01:34.62818492) (2026-03-17T12:01:34.62822843) 
[Dbg] [Sensors.cc:258] Waiting for init
(2026-03-17T12:01:34.63336991) (2026-03-17T12:01:34.63344473) [Msg] Loaded level [3]
(2026-03-17T12:01:34.63374855) (2026-03-17T12:01:34.63381002) [Msg] No systems loaded from SDF, loading defaults
(2026-03-17T12:01:34.63658236) (2026-03-17T12:01:34.63666498) [Dbg] [ServerConfig.cc:1043] Loaded (3) plugins from file [/home/user/.ignition/gazebo/6/server.config]
(2026-03-17T12:01:34.80399964) (2026-03-17T12:01:34.80407776) [Dbg] [Physics.cc:804] Loaded [ignition::physics::dartsim::Plugin] from library [/usr/lib/x86_64-linux-gnu/ign-physics-5/engine-plugins/libignition-physics-dartsim-plugin.so]
(2026-03-17T12:01:34.80452515) (2026-03-17T12:01:34.80456058) [Dbg] [SystemManager.cc:73] Loaded system [gz::sim::systems::Physics] for entity [1]
(2026-03-17T12:01:34.82062444) (2026-03-17T12:01:34.82068913) [Msg] Create service on [/world/mrsim/create]
(2026-03-17T12:01:34.82171975) (2026-03-17T12:01:34.82177283) [Msg] Remove service on [/world/mrsim/remove]
(2026-03-17T12:01:34.82255459) (2026-03-17T12:01:34.82259637) [Msg] Pose service on [/world/mrsim/set_pose]
(2026-03-17T12:01:34.82324139) (2026-03-17T12:01:34.82327809) [Msg] Pose service on [/world/mrsim/set_pose_vector]
(2026-03-17T12:01:34.82417432) (2026-03-17T12:01:34.82421354) [Msg] Light configuration service on [/world/mrsim/light_config]
(2026-03-17T12:01:34.82537998) (2026-03-17T12:01:34.82542036) [Msg] Physics service on [/world/mrsim/set_physics]
(2026-03-17T12:01:34.82603673) (2026-03-17T12:01:34.82607561) [Msg] SphericalCoordinates service on [/world/mrsim/set_spherical_coordinates]
(2026-03-17T12:01:34.82640432) (2026-03-17T12:01:34.82644061) [Msg] Enable collision service on [/world/mrsim/enable_collision]
(2026-03-17T12:01:34.82674796) (2026-03-17T12:01:34.82678449) [Msg] Disable collision service on [/world/mrsim/disable_collision]
(2026-03-17T12:01:34.82773252) (2026-03-17T12:01:34.82777135) [Msg] Material service on [/world/mrsim/visual_config]
(2026-03-17T12:01:34.82834408) (2026-03-17T12:01:34.82838210) [Msg] Material service on [/world/mrsim/wheel_slip]
(2026-03-17T12:01:34.82858735) (2026-03-17T12:01:34.82862210) [Dbg] [SystemManager.cc:73] Loaded system [gz::sim::systems::UserCommands] for entity [1]
(2026-03-17T12:01:34.84048079) (2026-03-17T12:01:34.84053603) [Dbg] [SystemManager.cc:73] Loaded system [gz::sim::systems::SceneBroadcaster] for entity [1]
(2026-03-17T12:01:34.84238646) (2026-03-17T12:01:34.84242782) [Msg] Serving world controls on [/world/mrsim/control], [/world/mrsim/control/state] and [/world/mrsim/playback/control]
(2026-03-17T12:01:34.84302805) (2026-03-17T12:01:34.84306649) [Msg] Serving GUI information on [/world/mrsim/gui/info]
(2026-03-17T12:01:34.84323978) (2026-03-17T12:01:34.84327397) [Msg] World [mrsim] initialized with [1ms] physics profile.
(2026-03-17T12:01:34.84403950) (2026-03-17T12:01:34.84407915) [Msg] Serving world SDF generation service on [/world/mrsim/generate_world_sdf]
(2026-03-17T12:01:34.84461664) (2026-03-17T12:01:34.84465498) [Msg] Serving world names on [/gazebo/worlds]
(2026-03-17T12:01:34.84497152) (2026-03-17T12:01:34.84500859) [Msg] Resource path add service on [/gazebo/resource_paths/add].
(2026-03-17T12:01:34.84536942) (2026-03-17T12:01:34.84540602) [Msg] Resource path get service on [/gazebo/resource_paths/get].
(2026-03-17T12:01:34.84571103) (2026-03-17T12:01:34.84574714) [Msg] Resource path resolve service on [/gazebo/resource_paths/resolve].
(2026-03-17T12:01:34.84617803) (2026-03-17T12:01:34.84623668) [Msg] Resource paths published on [/gazebo/resource_paths].
(2026-03-17T12:01:34.84685436) (2026-03-17T12:01:34.84689323) [Msg] Server control service on [/server_control].
(2026-03-17T12:01:35.688120516) (2026-03-17T12:01:35.688134193) [Msg] Found no publishers on /stats, adding root stats topic
(2026-03-17T12:01:35.688322155) (2026-03-17T12:01:35.688326488) [Msg] Found no publishers on /clock, adding root clock topic
(2026-03-17T12:01:35.688492032) (2026-03-17T12:01:35.688496347) [Dbg] [SimulationRunner.cc:501] Creating PostUpdate worker threads: 4
(2026-03-17T12:01:35.688515280) (2026-03-17T12:01:35.688518978) [Dbg] [SimulationRunner.cc:512] Creating postupdate worker thread (0)
(2026-03-17T12:01:35.688641487) (2026-03-17T12:01:35.688646830) [Dbg] [SimulationRunner.cc:512] Creating postupdate worker thread (1)
(2026-03-17T12:01:35.688689365) (2026-03-17T12:01:35.688695553) [Dbg] [SimulationRunner.cc:512] Creating postupdate worker thread (2)
(2026-03-17T12:01:35.692884446) (2026-03-17T12:01:35.692891537) [Dbg] [SimulationFeatures.cc:71] Simulation timestep set to: 0.005
(2026-03-17T12:01:35.693248739) (2026-03-17T12:01:35.693253958) [Dbg] [Sensors.cc:610] Initialization needed
(2026-03-17T12:01:35.693292318) (2026-03-17T12:01:35.693302278) [Dbg] [Sensors.cc:270] Initializing render context
(2026-03-17T12:01:35.693423950) (2026-03-17T12:01:35.693439041) [Msg] Loading plugin [ignition-rendering-ogre2]
(2026-03-17T12:01:35.693829627) (2026-03-17T12:01:35.693837611) [Msg] Serving scene information on [/world/mrsim/scene/info]
(2026-03-17T12:01:35.693893210) (2026-03-17T12:01:35.693899360) [Msg] Serving graph information on [/world/mrsim/scene/graph]
(2026-03-17T12:01:35.693998952) (2026-03-17T12:01:35.694005334) [Msg] Serving full state on [/world/mrsim/state]
(2026-03-17T12:01:35.694051593) (2026-03-17T12:01:35.694057654) [Msg] Serving full state (async) on [/world/mrsim/state_async]
(2026-03-17T12:01:35.694125324) (2026-03-17T12:01:35.694130946) [Msg] Publishing scene information on [/world/mrsim/scene/info]
(2026-03-17T12:01:35.694206274) (2026-03-17T12:01:35.694212798) [Msg] Publishing entity deletions on [/world/mrsim/scene/deletion]
(2026-03-17T12:01:35.694248102) (2026-03-17T12:01:35.694254241) [Msg] Publishing state changes on [/world/mrsim/state]
(2026-03-17T12:01:35.694298019) (2026-03-17T12:01:35.694303857) [Msg] Publishing pose messages on [/world/mrsim/pose/info]
(2026-03-17T12:01:35.694349425) (2026-03-17T12:01:35.694355513) [Msg] Publishing dynamic pose messages on [/world/mrsim/dynamic_pose/info]
(2026-03-17T12:01:35.694529933) (2026-03-17T12:01:35.694533949) [Dbg] [EntityComponentManager.cc:1623] Updated state thread iterators: 8 threads processing around 6 entities each.
(2026-03-17T12:01:35.827019215) (2026-03-17T12:01:35.827025370) [Dbg] [RenderUtil.cc:2591] Create scene [scene]
((2026-03-17T12:01:35.851653193) ) (2026-03-17T12:01:35.851683270) ) [Dbg] [Sensors.cc:610] Initialization needed[Dbg] [Sensors.cc:284] 
[Dbg] [Sensors.cc:284] 
Rendering Thread initialized

(2026-03-17T12:01:36.687441803) (2026-03-17T12:01:36.687451560) [Dbg] [CameraSensor.cc:394] Camera images for [qr4::base::camera] advertised on [/camera]
(2026-03-17T12:01:36.687612923) (2026-03-17T12:01:36.687620128) [Dbg] [CameraSensor.cc:705] Camera info for [qr4::base::camera] advertised on [/camera_info]
(2026-03-17T12:01:36.687940907) (2026-03-17T12:01:36.687945965) [Wrn] [Ogre2Camera.cc:390] Ogre2Camera::SetVisibilityMask: Mask bits c0000000 are set but will be ignored as they conflict with the reserved bits used internally by the ogre2 backend.
(2026-03-17T12:01:36.688134530) (2026-03-17T12:01:36.688141264) [Msg] Loading plugin [ignition-rendering-ogre2]
(2026-03-17T12:01:36.755430429) (2026-03-17T12:01:36.755437816) [Dbg] [CameraSensor.cc:518] Enabling camera sensor: 'qr4::base::camera' data generation.
(2026-03-17T12:02:05.318125962) (2026-03-17T12:02:05.318142522) [Dbg] [SignalHandler.cc:141] Received signal[2].
(2026-03-17T12:02:05.318172290) (2026-03-17T12:02:05.318183500) [Dbg] [ServerPrivate.cc:110] Server received signal[2]
(2026-03-17T12:02:05.318200805) (2026-03-17T12:02:05.318204272) [Dbg] [Sensors.cc:439] SensorsPrivate::Stop
(2026-03-17T12:02:05.325661451) (2026-03-17T12:02:05.325669662) [Dbg] [Sensors.cc:425] SensorsPrivate::RenderThread stopped
(2026-03-17T12:02:05.328388930) (2026-03-17T12:02:05.328398525) [Dbg] [gz.cc:410] Shutting down ign-gazebo-server
(((2026-03-17T12:02:05.3307546942026-03-17T12:02:05.330753280) ) ) (2026-03-17T12:02:05.3307752902026-03-17T12:02:05.330773060) ) 2026-03-17T12:02:05.330757219) [Dbg] [SimulationRunner.cc:528] (2026-03-17T12:02:05.330804649) Exiting postupdate worker thread (Exiting postupdate worker thread (221)
2Exiting postupdate worker thread ()
)
(2026-03-17T12:02:05.352650086) (2026-03-17T12:02:05.352665207) [Dbg] [Sensors.cc:439] SensorsPrivate::Stop
