(2026-03-17T14:09:31.963663487) (2026-03-17T14:09:31.963671361) [Msg] Ignition Gazebo Server v6.17.1
(2026-03-17T14:09:31.966200989) (2026-03-17T14:09:31.966212007) [Msg] Loading SDF world file[/home/user/ros2_ws/install/mrsim_gazebo_sim/share/mrsim_gazebo_sim/worlds/example.world].
(2026-03-17T14:09:32.253819405) (2026-03-17T14:09:32.253829839) [Msg] Serving entity system service on [/entity/system/add]
(2026-03-17T14:09:32.291217662) (2026-03-17T14:09:32.291227713) [Dbg] [SystemManager.cc:73] Loaded system [ignition::gazebo::systems::ShaderParam] for entity [9]
(2026-03-17T14:09:32.294786074) (2026-03-17T14:09:32.294796023) [Dbg] [SystemManager.cc:73] Loaded system [mrsim_gazebo_sim::SetPegPosePlugin] for entity [10]
(2026-03-17T14:09:32.333699546) (2026-03-17T14:09:32.333711582) [Dbg] [SystemManager.cc:73] Loaded system [mrsim_gazebo_sim::MrsimDroneIgnPlugin] for entity [14]
(2026-03-17T14:09:32.335918071) (2026-03-17T14:09:32.335928215) [Dbg] [MulticopterMotorModel.cc:373] Listening to topic: qr4/gazebo/command/motor_speed
(2026-03-17T14:09:32.336097328) (2026-03-17T14:09:32.336104411) [Dbg] [SystemManager.cc:73] Loaded system [ignition::gazebo::systems::MulticopterMotorModel] for entity [14]
(2026-03-17T14:09:32.336584477) (2026-03-17T14:09:32.336592158) [Dbg] [MulticopterMotorModel.cc:373] Listening to topic: qr4/gazebo/command/motor_speed
(2026-03-17T14:09:32.336932663) (2026-03-17T14:09:32.336939246) [Dbg] [SystemManager.cc:73] Loaded system [ignition::gazebo::systems::MulticopterMotorModel] for entity [14]
(2026-03-17T14:09:32.337375664) (2026-03-17T14:09:32.337382995) [Dbg] [MulticopterMotorModel.cc:373] Listening to topic: qr4/gazebo/command/motor_speed
(2026-03-17T14:09:32.337728238) (2026-03-17T14:09:32.337734663) [Dbg] [SystemManager.cc:73] Loaded system [ignition::gazebo::systems::MulticopterMotorModel] for entity [14]
(2026-03-17T14:09:32.338315349) (2026-03-17T14:09:32.338323236) [Dbg] [MulticopterMotorModel.cc:373] Listening to topic: qr4/gazebo/command/motor_speed
(2026-03-17T14:09:32.338421234) (2026-03-17T14:09:32.338427651) [Dbg] [SystemManager.cc:73] Loaded system [ignition::gazebo::systems::MulticopterMotorModel] for entity [14]
(2026-03-17T14:09:32.340983009) (2026-03-17T14:09:32.341000430) [Msg] OdometryPublisher publishing odometry on [/model/qr4/odometry]
(2026-03-17T14:09:32.341153725) (2026-03-17T14:09:32.341160592) [Msg] OdometryPublisher publishing odometry with covariance on [/model/qr4/odometry_with_covariance]
(2026-03-17T14:09:32.342030462) (2026-03-17T14:09:32.342038400) [Msg] OdometryPublisher publishing Pose_V (TF) on [/model/qr4/pose]
(2026-03-17T14:09:32.342085708) (2026-03-17T14:09:32.342094741) [Dbg] [SystemManager.cc:73] Loaded system [ignition::gazebo::systems::OdometryPublisher] for entity [14]
(2026-03-17T14:09:32.360706910) (2026-03-17T14:09:32.360714125) [Dbg] [Sensors.cc:506] Configuring Sensors system
(2026-03-17T14:09:32.360793619) (2026-03-17T14:09:32.360797243) [Dbg] [Sensors.cc:431] SensorsPrivate::Run
(2026-03-17T14:09:32.360877755() (2026-03-17T14:09:32.360886272) [Dbg] [Sensors.cc:411] 2026-03-17T14:09:32.3608954462026-03-17T14:09:32.360895446) (SensorsPrivate::RenderThread started2026-03-17T14:09:32.360906781) 
Loaded system [((2026-03-17T14:09:32.360934097) (2026-03-17T14:09:32.360941590) ] for entity [14[Dbg] [Sensors.cc:258] ]
14[Dbg] [Sensors.cc:258] Waiting for init
(2026-03-17T14:09:32.361301182) (2026-03-17T14:09:32.361307321) [Msg] Loaded level [3]
(2026-03-17T14:09:32.361326391) (2026-03-17T14:09:32.361329773) [Msg] No systems loaded from SDF, loading defaults
(2026-03-17T14:09:32.361480650) (2026-03-17T14:09:32.361486074) [Dbg] [ServerConfig.cc:1043] Loaded (3) plugins from file [/home/user/.ignition/gazebo/6/server.config]
(2026-03-17T14:09:32.380859821) (2026-03-17T14:09:32.380867497) [Dbg] [Physics.cc:804] Loaded [ignition::physics::dartsim::Plugin] from library [/usr/lib/x86_64-linux-gnu/ign-physics-5/engine-plugins/libignition-physics-dartsim-plugin.so]
(2026-03-17T14:09:32.380919516) (2026-03-17T14:09:32.380923124) [Dbg] [SystemManager.cc:73] Loaded system [gz::sim::systems::Physics] for entity [1]
(2026-03-17T14:09:32.382915446) (2026-03-17T14:09:32.382923859) [Msg] Create service on [/world/mrsim/create]
(2026-03-17T14:09:32.383058053) (2026-03-17T14:09:32.383062839) [Msg] Remove service on [/world/mrsim/remove]
(2026-03-17T14:09:32.383163926) (2026-03-17T14:09:32.383168114) [Msg] Pose service on [/world/mrsim/set_pose]
(2026-03-17T14:09:32.383242358) (2026-03-17T14:09:32.383247386) [Msg] Pose service on [/world/mrsim/set_pose_vector]
(2026-03-17T14:09:32.383394341) (2026-03-17T14:09:32.383399937) [Msg] Light configuration service on [/world/mrsim/light_config]
(2026-03-17T14:09:32.383726060) (2026-03-17T14:09:32.383732617) [Msg] Physics service on [/world/mrsim/set_physics]
(2026-03-17T14:09:32.383860740) (2026-03-17T14:09:32.383864931) [Msg] SphericalCoordinates service on [/world/mrsim/set_spherical_coordinates]
(2026-03-17T14:09:32.383948332) (2026-03-17T14:09:32.383952178) [Msg] Enable collision service on [/world/mrsim/enable_collision]
(2026-03-17T14:09:32.384032070) (2026-03-17T14:09:32.384035940) [Msg] Disable collision service on [/world/mrsim/disable_collision]
(2026-03-17T14:09:32.384198946) (2026-03-17T14:09:32.384202963) [Msg] Material service on [/world/mrsim/visual_config]
(2026-03-17T14:09:32.384312465) (2026-03-17T14:09:32.384317998) [Msg] Material service on [/world/mrsim/wheel_slip]
(2026-03-17T14:09:32.384349429) (2026-03-17T14:09:32.384353172) [Dbg] [SystemManager.cc:73] Loaded system [gz::sim::systems::UserCommands] for entity [1]
(2026-03-17T14:09:32.385736193) (2026-03-17T14:09:32.385743536) [Dbg] [SystemManager.cc:73] Loaded system [gz::sim::systems::SceneBroadcaster] for entity [1]
(2026-03-17T14:09:32.386322288) (2026-03-17T14:09:32.386331095) [Msg] Serving world controls on [/world/mrsim/control], [/world/mrsim/control/state] and [/world/mrsim/playback/control]
(2026-03-17T14:09:32.386499698) (2026-03-17T14:09:32.386506119) [Msg] Serving GUI information on [/world/mrsim/gui/info]
(2026-03-17T14:09:32.386535935) (2026-03-17T14:09:32.386541574) [Msg] World [mrsim] initialized with [1ms] physics profile.
(2026-03-17T14:09:32.386737981) (2026-03-17T14:09:32.386744536) [Msg] Serving world SDF generation service on [/world/mrsim/generate_world_sdf]
(2026-03-17T14:09:32.386988821) (2026-03-17T14:09:32.386994870) [Msg] Serving world names on [/gazebo/worlds]
(2026-03-17T14:09:32.387108633) (2026-03-17T14:09:32.387114043) [Msg] Resource path add service on [/gazebo/resource_paths/add].
(2026-03-17T14:09:32.387260559) (2026-03-17T14:09:32.387265826) [Msg] Resource path get service on [/gazebo/resource_paths/get].
(2026-03-17T14:09:32.387366842) (2026-03-17T14:09:32.387373137) [Msg] Resource path resolve service on [/gazebo/resource_paths/resolve].
(2026-03-17T14:09:32.387524147) (2026-03-17T14:09:32.387529774) [Msg] Resource paths published on [/gazebo/resource_paths].
(2026-03-17T14:09:32.387735056) (2026-03-17T14:09:32.387741137) [Msg] Server control service on [/server_control].
(2026-03-17T14:09:33.860410519) (2026-03-17T14:09:33.860423672) [Msg] Found no publishers on /stats, adding root stats topic
(2026-03-17T14:09:33.860695697) (2026-03-17T14:09:33.860704291) [Msg] Found no publishers on /clock, adding root clock topic
(2026-03-17T14:09:33.860857251) (2026-03-17T14:09:33.860862238) [Dbg] [SimulationRunner.cc:501] Creating PostUpdate worker threads: 4
(2026-03-17T14:09:33.860886592) (2026-03-17T14:09:33.860891914) [Dbg] [SimulationRunner.cc:512] Creating postupdate worker thread (0)
(2026-03-17T14:09:33.860970897) (2026-03-17T14:09:33.860976018) [Dbg] [SimulationRunner.cc:512] Creating postupdate worker thread (1)
(2026-03-17T14:09:33.861008399) (2026-03-17T14:09:33.861013693) [Dbg] [SimulationRunner.cc:512] Creating postupdate worker thread (2)
(2026-03-17T14:09:33.866762741) (2026-03-17T14:09:33.866776092) [Dbg] [SimulationFeatures.cc:71] Simulation timestep set to: 0.005
(2026-03-17T14:09:33.867437982) (2026-03-17T14:09:33.867448863) [Dbg] [Sensors.cc:610] Initialization needed
(2026-03-17T14:09:33.867504366) (2026-03-17T14:09:33.867511779) [Dbg] [Sensors.cc:270] Initializing render context
(2026-03-17T14:09:33.867678648) (2026-03-17T14:09:33.867685334) [Msg] Loading plugin [ignition-rendering-ogre2]
(2026-03-17T14:09:33.868137900) (2026-03-17T14:09:33.868189533) [Msg] Serving scene information on [/world/mrsim/scene/info]
(2026-03-17T14:09:33.868266663) (2026-03-17T14:09:33.868272579) [Msg] Serving graph information on [/world/mrsim/scene/graph]
(2026-03-17T14:09:33.868417938) (2026-03-17T14:09:33.868424622) [Msg] Serving full state on [/world/mrsim/state]
(2026-03-17T14:09:33.868565568) (2026-03-17T14:09:33.868569593) [Msg] Serving full state (async) on [/world/mrsim/state_async]
(2026-03-17T14:09:33.868643230) (2026-03-17T14:09:33.868677690) [Msg] Publishing scene information on [/world/mrsim/scene/info]
(2026-03-17T14:09:33.868742157) (2026-03-17T14:09:33.868748475) [Msg] Publishing entity deletions on [/world/mrsim/scene/deletion]
(2026-03-17T14:09:33.868816580) (2026-03-17T14:09:33.868822785) [Msg] Publishing state changes on [/world/mrsim/state]
(2026-03-17T14:09:33.868973074) (2026-03-17T14:09:33.868979523) [Msg] Publishing pose messages on [/world/mrsim/pose/info]
(2026-03-17T14:09:33.869059275) (2026-03-17T14:09:33.869065820) [Msg] Publishing dynamic pose messages on [/world/mrsim/dynamic_pose/info]
(2026-03-17T14:09:33.869344817) (2026-03-17T14:09:33.869349360) [Dbg] [EntityComponentManager.cc:1623] Updated state thread iterators: 8 threads processing around 6 entities each.
(2026-03-17T14:09:34.36858541) (2026-03-17T14:09:34.36867650) [Dbg] [RenderUtil.cc:2591] Create scene [scene]
((2026-03-17T14:09:34.706548522026-03-17T14:09:34.70641151) (() (2026-03-17T14:09:34.706677692026-03-17T14:09:34.706755282026-03-17T14:09:34.706677692026-03-17T14:09:34.70675528) ) [Dbg] [Sensors.cc:610] [Dbg] [Sensors.cc:284] [Dbg] [Sensors.cc:610] [Dbg] [Sensors.cc:284] Rendering Thread initialized
Initialization neededInitialization needed
(2026-03-17T14:09:34.970259974) (2026-03-17T14:09:34.970268991) [Dbg] [CameraSensor.cc:394] Camera images for [qr4::base::camera] advertised on [/camera]
(2026-03-17T14:09:34.970428019) (2026-03-17T14:09:34.970434553) [Dbg] [CameraSensor.cc:705] Camera info for [qr4::base::camera] advertised on [/camera_info]
(2026-03-17T14:09:34.970862144) (2026-03-17T14:09:34.970867972) [Wrn] [Ogre2Camera.cc:390] Ogre2Camera::SetVisibilityMask: Mask bits c0000000 are set but will be ignored as they conflict with the reserved bits used internally by the ogre2 backend.
(2026-03-17T14:09:34.971074631) (2026-03-17T14:09:34.971079132) [Msg] Loading plugin [ignition-rendering-ogre2]
(2026-03-17T14:09:35.43896602) (2026-03-17T14:09:35.43909109) [Dbg] [CameraSensor.cc:518] Enabling camera sensor: 'qr4::base::camera' data generation.
(2026-03-17T14:09:47.987094998) (2026-03-17T14:09:47.987103018) [Dbg] [SignalHandler.cc:141] Received signal[2].
(2026-03-17T14:09:47.987127064) (2026-03-17T14:09:47.987130503) [Dbg] [ServerPrivate.cc:110] Server received signal[2]
(2026-03-17T14:09:47.987145895) (2026-03-17T14:09:47.987149247) [Dbg] [Sensors.cc:439] SensorsPrivate::Stop
(2026-03-17T14:09:47.987481634) (2026-03-17T14:09:47.987492486) [Dbg] [Sensors.cc:425] SensorsPrivate::RenderThread stopped
(2026-03-17T14:09:47.990139713) (2026-03-17T14:09:47.990148065) [Dbg] [gz.cc:410] Shutting down ign-gazebo-server
(((2026-03-17T14:09:47.992616075) (2026-03-17T14:09:47.992639623) ) 2026-03-17T14:09:47.992617621(2026-03-17T14:09:47.992617621() (2026-03-17T14:09:47.9926574332026-03-17T14:09:47.9926547102026-03-17T14:09:47.9926574332026-03-17T14:09:47.992654710) [Dbg] [SimulationRunner.cc:528] [Dbg] [SimulationRunner.cc:528] Exiting postupdate worker thread (Exiting postupdate worker thread (Exiting postupdate worker thread (Exiting postupdate worker thread (2)
0)

(2026-03-17T14:09:48.12573875) (2026-03-17T14:09:48.12581663) [Dbg] [Sensors.cc:439] SensorsPrivate::Stop
