(2026-03-10T16:52:07.297533044) (2026-03-10T16:52:07.297541274) [Msg] Ignition Gazebo Server v6.17.1
(2026-03-10T16:52:07.299755190) (2026-03-10T16:52:07.299765238) [Msg] Loading SDF world file[/home/user/ros2_ws/install/mrsim_gazebo_sim/share/mrsim_gazebo_sim/worlds/example.world].
(2026-03-10T16:52:07.557962277) (2026-03-10T16:52:07.557975019) [Msg] Serving entity system service on [/entity/system/add]
(2026-03-10T16:52:07.591684331) (2026-03-10T16:52:07.591697175) [Dbg] [SystemManager.cc:73] Loaded system [ignition::gazebo::systems::ShaderParam] for entity [9]
(2026-03-10T16:52:07.595904610) (2026-03-10T16:52:07.595919516) [Dbg] [SystemManager.cc:73] Loaded system [mrsim_gazebo_sim::SetPegPosePlugin] for entity [10]
(2026-03-10T16:52:07.630163109) (2026-03-10T16:52:07.630173979) [Dbg] [SystemManager.cc:73] Loaded system [mrsim_gazebo_sim::MrsimDroneIgnPlugin] for entity [14]
(2026-03-10T16:52:07.632031740) (2026-03-10T16:52:07.632042595) [Dbg] [MulticopterMotorModel.cc:373] Listening to topic: qr4/gazebo/command/motor_speed
(2026-03-10T16:52:07.632180901) (2026-03-10T16:52:07.632187508) [Dbg] [SystemManager.cc:73] Loaded system [ignition::gazebo::systems::MulticopterMotorModel] for entity [14]
(2026-03-10T16:52:07.632572108) (2026-03-10T16:52:07.632579148) [Dbg] [MulticopterMotorModel.cc:373] Listening to topic: qr4/gazebo/command/motor_speed
(2026-03-10T16:52:07.632660202) (2026-03-10T16:52:07.632666846) [Dbg] [SystemManager.cc:73] Loaded system [ignition::gazebo::systems::MulticopterMotorModel] for entity [14]
(2026-03-10T16:52:07.633013970) (2026-03-10T16:52:07.633021774) [Dbg] [MulticopterMotorModel.cc:373] Listening to topic: qr4/gazebo/command/motor_speed
(2026-03-10T16:52:07.633091824) (2026-03-10T16:52:07.633098171) [Dbg] [SystemManager.cc:73] Loaded system [ignition::gazebo::systems::MulticopterMotorModel] for entity [14]
(2026-03-10T16:52:07.633436472) (2026-03-10T16:52:07.633517749) [Dbg] [MulticopterMotorModel.cc:373] Listening to topic: qr4/gazebo/command/motor_speed
(2026-03-10T16:52:07.633600709) (2026-03-10T16:52:07.633606070) [Dbg] [SystemManager.cc:73] Loaded system [ignition::gazebo::systems::MulticopterMotorModel] for entity [14]
(2026-03-10T16:52:07.635879205) (2026-03-10T16:52:07.635891937) [Msg] OdometryPublisher publishing odometry on [/model/qr4/odometry]
(2026-03-10T16:52:07.636023318) (2026-03-10T16:52:07.636029611) [Msg] OdometryPublisher publishing odometry with covariance on [/model/qr4/odometry_with_covariance]
(2026-03-10T16:52:07.636125177) (2026-03-10T16:52:07.636131773) [Msg] OdometryPublisher publishing Pose_V (TF) on [/model/qr4/pose]
(2026-03-10T16:52:07.636168611) (2026-03-10T16:52:07.636174019) [Dbg] [SystemManager.cc:73] Loaded system [ignition::gazebo::systems::OdometryPublisher] for entity [14]
(2026-03-10T16:52:07.650829827) (2026-03-10T16:52:07.650838355) [Dbg] [Sensors.cc:506] Configuring Sensors system
(2026-03-10T16:52:07.650929502) (2026-03-10T16:52:07.650933654) [Dbg] [Sensors.cc:431] SensorsPrivate::Run
((2026-03-10T16:52:07.651037840) (2026-03-10T16:52:07.651046135) [Dbg] [SystemManager.cc:73] 2026-03-10T16:52:07.651032823) (2026-03-10T16:52:07.6510631222026-03-10T16:52:07.651063122) ignition::gazebo::systems::SensorsSensorsPrivate::RenderThread startedignition::gazebo::systems::SensorsSensorsPrivate::RenderThread started

(2026-03-10T16:52:07.651097948) (]
2026-03-10T16:52:07.651104965
2026-03-10T16:52:07.651104965) ) [Dbg] [Sensors.cc:258] Waiting for init
(2026-03-10T16:52:07.651462492) (2026-03-10T16:52:07.651467365) [Msg] Loaded level [3]
(2026-03-10T16:52:07.651485972) (2026-03-10T16:52:07.651489416) [Msg] No systems loaded from SDF, loading defaults
(2026-03-10T16:52:07.651632898) (2026-03-10T16:52:07.651636562) [Dbg] [ServerConfig.cc:1043] Loaded (3) plugins from file [/home/user/.ignition/gazebo/6/server.config]
(2026-03-10T16:52:07.672762247) (2026-03-10T16:52:07.672770794) [Dbg] [Physics.cc:804] Loaded [ignition::physics::dartsim::Plugin] from library [/usr/lib/x86_64-linux-gnu/ign-physics-5/engine-plugins/libignition-physics-dartsim-plugin.so]
(2026-03-10T16:52:07.672817840) (2026-03-10T16:52:07.672829196) [Dbg] [SystemManager.cc:73] Loaded system [gz::sim::systems::Physics] for entity [1]
(2026-03-10T16:52:07.674594107) (2026-03-10T16:52:07.674606749) [Msg] Create service on [/world/mrsim/create]
(2026-03-10T16:52:07.674752897) (2026-03-10T16:52:07.674757430) [Msg] Remove service on [/world/mrsim/remove]
(2026-03-10T16:52:07.674864878) (2026-03-10T16:52:07.674869112) [Msg] Pose service on [/world/mrsim/set_pose]
(2026-03-10T16:52:07.674916368) (2026-03-10T16:52:07.674922328) [Msg] Pose service on [/world/mrsim/set_pose_vector]
(2026-03-10T16:52:07.675073973) (2026-03-10T16:52:07.675080010) [Msg] Light configuration service on [/world/mrsim/light_config]
(2026-03-10T16:52:07.675250877) (2026-03-10T16:52:07.675257633) [Msg] Physics service on [/world/mrsim/set_physics]
(2026-03-10T16:52:07.675334602) (2026-03-10T16:52:07.675340916) [Msg] SphericalCoordinates service on [/world/mrsim/set_spherical_coordinates]
(2026-03-10T16:52:07.675390775) (2026-03-10T16:52:07.675397041) [Msg] Enable collision service on [/world/mrsim/enable_collision]
(2026-03-10T16:52:07.675472998) (2026-03-10T16:52:07.675477126) [Msg] Disable collision service on [/world/mrsim/disable_collision]
(2026-03-10T16:52:07.675599124) (2026-03-10T16:52:07.675605417) [Msg] Material service on [/world/mrsim/visual_config]
(2026-03-10T16:52:07.675739911) (2026-03-10T16:52:07.675744850) [Msg] Material service on [/world/mrsim/wheel_slip]
(2026-03-10T16:52:07.675771089) (2026-03-10T16:52:07.675774711) [Dbg] [SystemManager.cc:73] Loaded system [gz::sim::systems::UserCommands] for entity [1]
(2026-03-10T16:52:07.677569096) (2026-03-10T16:52:07.677581712) [Dbg] [SystemManager.cc:73] Loaded system [gz::sim::systems::SceneBroadcaster] for entity [1]
(2026-03-10T16:52:07.678157851) (2026-03-10T16:52:07.678164186) [Msg] Serving world controls on [/world/mrsim/control], [/world/mrsim/control/state] and [/world/mrsim/playback/control]
(2026-03-10T16:52:07.678277857) (2026-03-10T16:52:07.678284489) [Msg] Serving GUI information on [/world/mrsim/gui/info]
(2026-03-10T16:52:07.678305028) (2026-03-10T16:52:07.678309676) [Msg] World [mrsim] initialized with [1ms] physics profile.
(2026-03-10T16:52:07.678419016) (2026-03-10T16:52:07.678425516) [Msg] Serving world SDF generation service on [/world/mrsim/generate_world_sdf]
(2026-03-10T16:52:07.678529191) (2026-03-10T16:52:07.678535340) [Msg] Serving world names on [/gazebo/worlds]
(2026-03-10T16:52:07.678595316) (2026-03-10T16:52:07.678601479) [Msg] Resource path add service on [/gazebo/resource_paths/add].
(2026-03-10T16:52:07.678660371) (2026-03-10T16:52:07.678666415) [Msg] Resource path get service on [/gazebo/resource_paths/get].
(2026-03-10T16:52:07.678737549) (2026-03-10T16:52:07.678741458) [Msg] Resource path resolve service on [/gazebo/resource_paths/resolve].
(2026-03-10T16:52:07.678833488) (2026-03-10T16:52:07.678837613) [Msg] Resource paths published on [/gazebo/resource_paths].
(2026-03-10T16:52:07.678944011) (2026-03-10T16:52:07.678950305) [Msg] Server control service on [/server_control].
(2026-03-10T16:52:09.193475199) (2026-03-10T16:52:09.193484014) [Msg] Found no publishers on /stats, adding root stats topic
(2026-03-10T16:52:09.193635767) (2026-03-10T16:52:09.193640252) [Msg] Found no publishers on /clock, adding root clock topic
(2026-03-10T16:52:09.193811069) (2026-03-10T16:52:09.193815489) [Dbg] [SimulationRunner.cc:501] Creating PostUpdate worker threads: 4
(2026-03-10T16:52:09.193832142) (2026-03-10T16:52:09.193835727) [Dbg] [SimulationRunner.cc:512] Creating postupdate worker thread (0)
(2026-03-10T16:52:09.193945134) (2026-03-10T16:52:09.193951450) [Dbg] [SimulationRunner.cc:512] Creating postupdate worker thread (1)
(2026-03-10T16:52:09.194008870) (2026-03-10T16:52:09.194014798) [Dbg] [SimulationRunner.cc:512] Creating postupdate worker thread (2)
(2026-03-10T16:52:09.197757471) (2026-03-10T16:52:09.197767121) [Dbg] [Sensors.cc:610] Initialization needed
(2026-03-10T16:52:09.197808293) (2026-03-10T16:52:09.197813127) [Dbg] [Sensors.cc:270] Initializing render context
(2026-03-10T16:52:09.197993181) (2026-03-10T16:52:09.197997039) [Msg] Loading plugin [ignition-rendering-ogre2]
(2026-03-10T16:52:09.198573758) (2026-03-10T16:52:09.198581615) [Msg] Serving scene information on [/world/mrsim/scene/info]
(2026-03-10T16:52:09.198649472) (2026-03-10T16:52:09.198657039) [Msg] Serving graph information on [/world/mrsim/scene/graph]
(2026-03-10T16:52:09.198803382) (2026-03-10T16:52:09.198840294) [Msg] Serving full state on [/world/mrsim/state]
(2026-03-10T16:52:09.198885650) (2026-03-10T16:52:09.198891989) [Msg] Serving full state (async) on [/world/mrsim/state_async]
(2026-03-10T16:52:09.199009974) (2026-03-10T16:52:09.199016209) [Msg] Publishing scene information on [/world/mrsim/scene/info]
(2026-03-10T16:52:09.199121747) (2026-03-10T16:52:09.199126885) [Msg] Publishing entity deletions on [/world/mrsim/scene/deletion]
(2026-03-10T16:52:09.199193076) (2026-03-10T16:52:09.199199269) [Msg] Publishing state changes on [/world/mrsim/state]
(2026-03-10T16:52:09.199383657) (2026-03-10T16:52:09.199388669) [Msg] Publishing pose messages on [/world/mrsim/pose/info]
(2026-03-10T16:52:09.199429979) (2026-03-10T16:52:09.199436501) [Msg] Publishing dynamic pose messages on [/world/mrsim/dynamic_pose/info]
(2026-03-10T16:52:09.199699733) (2026-03-10T16:52:09.199706984) [Dbg] [EntityComponentManager.cc:1623] Updated state thread iterators: 8 threads processing around 6 entities each.
(2026-03-10T16:52:09.337417012) (2026-03-10T16:52:09.337423275) [Dbg] [RenderUtil.cc:2591] Create scene [scene]
(2026-03-10T16:52:09.361852434) (2026-03-10T16:52:09.361860853) [Dbg] [Sensors.cc:284] Rendering Thread initialized
(2026-03-10T16:52:09.361915230) (2026-03-10T16:52:09.361922022) [Dbg] [Sensors.cc:610] Initialization needed
(2026-03-10T16:52:10.295812972) (2026-03-10T16:52:10.295826437) [Dbg] [CameraSensor.cc:394] Camera images for [qr4::base::camera] advertised on [/camera]
(2026-03-10T16:52:10.296031290) (2026-03-10T16:52:10.296038283) [Dbg] [CameraSensor.cc:705] Camera info for [qr4::base::camera] advertised on [/camera_info]
(2026-03-10T16:52:10.296376291) (2026-03-10T16:52:10.296380990) [Wrn] [Ogre2Camera.cc:390] Ogre2Camera::SetVisibilityMask: Mask bits c0000000 are set but will be ignored as they conflict with the reserved bits used internally by the ogre2 backend.
(2026-03-10T16:52:10.296574492) (2026-03-10T16:52:10.296578763) [Msg] Loading plugin [ignition-rendering-ogre2]
(2026-03-10T16:52:10.369677742) (2026-03-10T16:52:10.369688248) [Dbg] [CameraSensor.cc:518] Enabling camera sensor: 'qr4::base::camera' data generation.
(2026-03-10T16:52:26.536029191) (2026-03-10T16:52:26.536041857) [Dbg] [SimulationFeatures.cc:71] Simulation timestep set to: 0.005
(2026-03-10T16:53:00.950750140) (2026-03-10T16:53:00.950759881) [Dbg] [SignalHandler.cc:141] Received signal[2].
(2026-03-10T16:53:00.950781837) (2026-03-10T16:53:00.950785444) [Dbg] [ServerPrivate.cc:110] Server received signal[2]
(2026-03-10T16:53:00.950803631) (2026-03-10T16:53:00.950807076) [Dbg] [Sensors.cc:439] SensorsPrivate::Stop
(2026-03-10T16:53:00.955751402) (2026-03-10T16:53:00.955761280) [Dbg] [Sensors.cc:425] SensorsPrivate::RenderThread stopped
(2026-03-10T16:53:00.957344732) (2026-03-10T16:53:00.957351603) [Dbg] [gz.cc:410] Shutting down ign-gazebo-server
((((((2026-03-10T16:53:00.9599452642026-03-10T16:53:00.9599475492026-03-10T16:53:00.9599452642026-03-10T16:53:00.959947549) (2026-03-10T16:53:00.959961044) ) ) [Dbg] [SimulationRunner.cc:528] (2026-03-10T16:53:00.9599735552026-03-10T16:53:00.9599781852026-03-10T16:53:00.9599735552026-03-10T16:53:00.959978185) ) ()[Dbg] [SimulationRunner.cc:528] 2026-03-10T16:53:00.959996599)[Dbg] [SimulationRunner.cc:528] 2026-03-10T16:53:00.959996599) )[Dbg] [SimulationRunner.cc:528] 
xiting postupdate worker thread (0)
)[Dbg] [SimulationRunner.cc:528] [Dbg] [SimulationRunner.cc:528] 
xiting postupdate worker thread (Exiting postupdate worker thread (1)
(2026-03-10T16:53:01.2129406) (2026-03-10T16:53:01.2141461) [Dbg] [Sensors.cc:439] SensorsPrivate::Stop
