(2026-03-16T11:15:21.653927883) (2026-03-16T11:15:21.653940782) [Msg] Ignition Gazebo Server v6.17.1
(2026-03-16T11:15:21.656013668) (2026-03-16T11:15:21.656023712) [Msg] Loading SDF world file[/home/user/ros2_ws/install/mrsim_gazebo_sim/share/mrsim_gazebo_sim/worlds/example.world].
(2026-03-16T11:15:21.922130813) (2026-03-16T11:15:21.922144498) [Msg] Serving entity system service on [/entity/system/add]
(2026-03-16T11:15:21.958953639) (2026-03-16T11:15:21.958966253) [Dbg] [SystemManager.cc:73] Loaded system [ignition::gazebo::systems::ShaderParam] for entity [9]
(2026-03-16T11:15:21.963041578) (2026-03-16T11:15:21.963053828) [Dbg] [SystemManager.cc:73] Loaded system [mrsim_gazebo_sim::SetPegPosePlugin] for entity [10]
(2026-03-16T11:15:22.8307165) (2026-03-16T11:15:22.8325428) [Dbg] [SystemManager.cc:73] Loaded system [mrsim_gazebo_sim::MrsimDroneIgnPlugin] for entity [14]
(2026-03-16T11:15:22.10155143) (2026-03-16T11:15:22.10163721) [Dbg] [MulticopterMotorModel.cc:373] Listening to topic: qr4/gazebo/command/motor_speed
(2026-03-16T11:15:22.10371081) (2026-03-16T11:15:22.10377420) [Dbg] [SystemManager.cc:73] Loaded system [ignition::gazebo::systems::MulticopterMotorModel] for entity [14]
(2026-03-16T11:15:22.10748576) (2026-03-16T11:15:22.10754085) [Dbg] [MulticopterMotorModel.cc:373] Listening to topic: qr4/gazebo/command/motor_speed
(2026-03-16T11:15:22.10828259) (2026-03-16T11:15:22.10832227) [Dbg] [SystemManager.cc:73] Loaded system [ignition::gazebo::systems::MulticopterMotorModel] for entity [14]
(2026-03-16T11:15:22.11095998) (2026-03-16T11:15:22.11102724) [Dbg] [MulticopterMotorModel.cc:373] Listening to topic: qr4/gazebo/command/motor_speed
(2026-03-16T11:15:22.11902908) (2026-03-16T11:15:22.11909154) [Dbg] [SystemManager.cc:73] Loaded system [ignition::gazebo::systems::MulticopterMotorModel] for entity [14]
(2026-03-16T11:15:22.12212283) (2026-03-16T11:15:22.12216902) [Dbg] [MulticopterMotorModel.cc:373] Listening to topic: qr4/gazebo/command/motor_speed
(2026-03-16T11:15:22.12288998) (2026-03-16T11:15:22.12292890) [Dbg] [SystemManager.cc:73] Loaded system [ignition::gazebo::systems::MulticopterMotorModel] for entity [14]
(2026-03-16T11:15:22.13324882) (2026-03-16T11:15:22.13331008) [Msg] OdometryPublisher publishing odometry on [/model/qr4/odometry]
(2026-03-16T11:15:22.13394344) (2026-03-16T11:15:22.13398278) [Msg] OdometryPublisher publishing odometry with covariance on [/model/qr4/odometry_with_covariance]
(2026-03-16T11:15:22.13452382) (2026-03-16T11:15:22.13456234) [Msg] OdometryPublisher publishing Pose_V (TF) on [/model/qr4/pose]
(2026-03-16T11:15:22.13473987) (2026-03-16T11:15:22.13477507) [Dbg] [SystemManager.cc:73] Loaded system [ignition::gazebo::systems::OdometryPublisher] for entity [14]
(2026-03-16T11:15:22.29555563) (2026-03-16T11:15:22.29564344) [Dbg] [Sensors.cc:506] Configuring Sensors system
(2026-03-16T11:15:22.29660962) (2026-03-16T11:15:22.29664681) [Dbg] [Sensors.cc:431] SensorsPrivate::Run
(2026-03-16T11:15:22.29760772) (2026-03-16T11:15:22.29766498) [Dbg] [SystemManager.cc:73] Loaded system [ignition::gazebo::systems::Sensors] for entity [14](
2026-03-16T11:15:22.29802070) (2026-03-16T11:15:22.29813122) [Dbg] [Sensors.cc:411] SensorsPrivate::RenderThread started
(2026-03-16T11:15:22.29831969) (2026-03-16T11:15:22.29836605) [Dbg] [Sensors.cc:258] Waiting for init
(2026-03-16T11:15:22.30186833) (2026-03-16T11:15:22.30191050) [Msg] Loaded level [3]
(2026-03-16T11:15:22.30209133) (2026-03-16T11:15:22.30212530) [Msg] No systems loaded from SDF, loading defaults
(2026-03-16T11:15:22.30361883) (2026-03-16T11:15:22.30365657) [Dbg] [ServerConfig.cc:1043] Loaded (3) plugins from file [/home/user/.ignition/gazebo/6/server.config]
(2026-03-16T11:15:22.56287185) (2026-03-16T11:15:22.56303412) [Dbg] [Physics.cc:804] Loaded [ignition::physics::dartsim::Plugin] from library [/usr/lib/x86_64-linux-gnu/ign-physics-5/engine-plugins/libignition-physics-dartsim-plugin.so]
(2026-03-16T11:15:22.56391111) (2026-03-16T11:15:22.56396194) [Dbg] [SystemManager.cc:73] Loaded system [gz::sim::systems::Physics] for entity [1]
(2026-03-16T11:15:22.62555910) (2026-03-16T11:15:22.62567722) [Msg] Create service on [/world/mrsim/create]
(2026-03-16T11:15:22.62808680) (2026-03-16T11:15:22.62815822) [Msg] Remove service on [/world/mrsim/remove]
(2026-03-16T11:15:22.62985420) (2026-03-16T11:15:22.62992078) [Msg] Pose service on [/world/mrsim/set_pose]
(2026-03-16T11:15:22.63108340) (2026-03-16T11:15:22.63114508) [Msg] Pose service on [/world/mrsim/set_pose_vector]
(2026-03-16T11:15:22.63333273) (2026-03-16T11:15:22.63339251) [Msg] Light configuration service on [/world/mrsim/light_config]
(2026-03-16T11:15:22.63610436) (2026-03-16T11:15:22.63617014) [Msg] Physics service on [/world/mrsim/set_physics]
(2026-03-16T11:15:22.63776001) (2026-03-16T11:15:22.63782345) [Msg] SphericalCoordinates service on [/world/mrsim/set_spherical_coordinates]
(2026-03-16T11:15:22.63886286) (2026-03-16T11:15:22.63891948) [Msg] Enable collision service on [/world/mrsim/enable_collision]
(2026-03-16T11:15:22.63991992) (2026-03-16T11:15:22.63997344) [Msg] Disable collision service on [/world/mrsim/disable_collision]
(2026-03-16T11:15:22.64254294) (2026-03-16T11:15:22.64325285) [Msg] Material service on [/world/mrsim/visual_config]
(2026-03-16T11:15:22.64495842) (2026-03-16T11:15:22.64502127) [Msg] Material service on [/world/mrsim/wheel_slip]
(2026-03-16T11:15:22.64545712) (2026-03-16T11:15:22.64551523) [Dbg] [SystemManager.cc:73] Loaded system [gz::sim::systems::UserCommands] for entity [1]
(2026-03-16T11:15:22.67134526) (2026-03-16T11:15:22.67145969) [Dbg] [SystemManager.cc:73] Loaded system [gz::sim::systems::SceneBroadcaster] for entity [1]
(2026-03-16T11:15:22.67846671) (2026-03-16T11:15:22.67854884) [Msg] Serving world controls on [/world/mrsim/control], [/world/mrsim/control/state] and [/world/mrsim/playback/control]
(2026-03-16T11:15:22.68027401) (2026-03-16T11:15:22.68032917) [Msg] Serving GUI information on [/world/mrsim/gui/info]
(2026-03-16T11:15:22.68060176) (2026-03-16T11:15:22.68065266) [Msg] World [mrsim] initialized with [1ms] physics profile.
(2026-03-16T11:15:22.68254598) (2026-03-16T11:15:22.68260723) [Msg] Serving world SDF generation service on [/world/mrsim/generate_world_sdf]
(2026-03-16T11:15:22.68742295) (2026-03-16T11:15:22.68751465) [Msg] Serving world names on [/gazebo/worlds]
(2026-03-16T11:15:22.68871851) (2026-03-16T11:15:22.68877785) [Msg] Resource path add service on [/gazebo/resource_paths/add].
(2026-03-16T11:15:22.169216705) (2026-03-16T11:15:22.169229930) [Msg] Resource path get service on [/gazebo/resource_paths/get].
(2026-03-16T11:15:22.169323337) (2026-03-16T11:15:22.169329619) [Msg] Resource path resolve service on [/gazebo/resource_paths/resolve].
(2026-03-16T11:15:22.169412419) (2026-03-16T11:15:22.169418177) [Msg] Resource paths published on [/gazebo/resource_paths].
(2026-03-16T11:15:22.169560077) (2026-03-16T11:15:22.169566390) [Msg] Server control service on [/server_control].
(2026-03-16T11:15:23.544361762) (2026-03-16T11:15:23.544383679) [Msg] Found no publishers on /stats, adding root stats topic
(2026-03-16T11:15:23.544668190) (2026-03-16T11:15:23.544675228) [Msg] Found no publishers on /clock, adding root clock topic
(2026-03-16T11:15:23.544926745) (2026-03-16T11:15:23.544933369) [Dbg] [SimulationRunner.cc:501] Creating PostUpdate worker threads: 4
(2026-03-16T11:15:23.544959967) (2026-03-16T11:15:23.544966407) [Dbg] [SimulationRunner.cc:512] Creating postupdate worker thread (0)
(2026-03-16T11:15:23.545063099) (2026-03-16T11:15:23.545068442) [Dbg] [SimulationRunner.cc:512] Creating postupdate worker thread (1)
(2026-03-16T11:15:23.545110481) (2026-03-16T11:15:23.545116523) [Dbg] [SimulationRunner.cc:512] Creating postupdate worker thread (2)
(2026-03-16T11:15:23.549562715) (2026-03-16T11:15:23.549571150) [Dbg] [SimulationFeatures.cc:71] Simulation timestep set to: 0.005
(2026-03-16T11:15:23.549977294) (2026-03-16T11:15:23.549984423) [Dbg] [Sensors.cc:610] Initialization needed
(2026-03-16T11:15:23.550021003) (2026-03-16T11:15:23.550026242) [Dbg] [Sensors.cc:270] Initializing render context
(2026-03-16T11:15:23.550138078) (2026-03-16T11:15:23.550153405) [Msg] Loading plugin [ignition-rendering-ogre2]
(2026-03-16T11:15:23.551130910) (2026-03-16T11:15:23.551140110) [Msg] Serving scene information on [/world/mrsim/scene/info]
(2026-03-16T11:15:23.551233728) (2026-03-16T11:15:23.551238424) [Msg] Serving graph information on [/world/mrsim/scene/graph]
(2026-03-16T11:15:23.551426188) (2026-03-16T11:15:23.551439599) [Msg] Serving full state on [/world/mrsim/state]
(2026-03-16T11:15:23.551552629) (2026-03-16T11:15:23.551558817) [Msg] Serving full state (async) on [/world/mrsim/state_async]
(2026-03-16T11:15:23.551661116) (2026-03-16T11:15:23.551665146) [Msg] Publishing scene information on [/world/mrsim/scene/info]
(2026-03-16T11:15:23.551755933) (2026-03-16T11:15:23.551760040) [Msg] Publishing entity deletions on [/world/mrsim/scene/deletion]
(2026-03-16T11:15:23.551821893) (2026-03-16T11:15:23.551826196) [Msg] Publishing state changes on [/world/mrsim/state]
(2026-03-16T11:15:23.551891240) (2026-03-16T11:15:23.551897824) [Msg] Publishing pose messages on [/world/mrsim/pose/info]
(2026-03-16T11:15:23.551977906) (2026-03-16T11:15:23.551984644) [Msg] Publishing dynamic pose messages on [/world/mrsim/dynamic_pose/info]
(2026-03-16T11:15:23.552236695) (2026-03-16T11:15:23.552241584) [Dbg] [EntityComponentManager.cc:1623] Updated state thread iterators: 8 threads processing around 6 entities each.
(2026-03-16T11:15:23.745292908) (2026-03-16T11:15:23.745302599) [Dbg] [RenderUtil.cc:2591] Create scene [scene]
((2026-03-16T11:15:23.776715821) (2026-03-16T11:15:23.776739558) (2026-03-16T11:15:23.776748831) [Dbg] [Sensors.cc:610] Initialization neededRendering Thread initializedRendering Thread initialized
(2026-03-16T11:15:24.657804745) (2026-03-16T11:15:24.657812393) [Dbg] [CameraSensor.cc:394] Camera images for [qr4::base::camera] advertised on [/camera]
(2026-03-16T11:15:24.657921686) (2026-03-16T11:15:24.657925938) [Dbg] [CameraSensor.cc:705] Camera info for [qr4::base::camera] advertised on [/camera_info]
(2026-03-16T11:15:24.658223452) (2026-03-16T11:15:24.658227824) [Wrn] [Ogre2Camera.cc:390] Ogre2Camera::SetVisibilityMask: Mask bits c0000000 are set but will be ignored as they conflict with the reserved bits used internally by the ogre2 backend.
(2026-03-16T11:15:24.658381992) (2026-03-16T11:15:24.658385812) [Msg] Loading plugin [ignition-rendering-ogre2]
(2026-03-16T11:15:24.725112641) (2026-03-16T11:15:24.725123463) [Dbg] [CameraSensor.cc:518] Enabling camera sensor: 'qr4::base::camera' data generation.
(2026-03-16T11:15:35.441491076) (2026-03-16T11:15:35.441502259) [Dbg] [SignalHandler.cc:141] Received signal[2].
(2026-03-16T11:15:35.441528585) (2026-03-16T11:15:35.441533271) [Dbg] [ServerPrivate.cc:110] Server received signal[2]
(2026-03-16T11:15:35.441553309) (2026-03-16T11:15:35.441558343) [Dbg] [Sensors.cc:439] SensorsPrivate::Stop
(2026-03-16T11:15:35.441850452) (2026-03-16T11:15:35.441878941) [Dbg] [Sensors.cc:425] SensorsPrivate::RenderThread stopped
(2026-03-16T11:15:35.446108272) (2026-03-16T11:15:35.446115042) [Dbg] [gz.cc:410] Shutting down ign-gazebo-server
((2026-03-16T11:15:35.448306176(2026-03-16T11:15:35.448306176) () (2026-03-16T11:15:35.4483235942026-03-16T11:15:35.4483268932026-03-16T11:15:35.4483235942026-03-16T11:15:35.448326893) ) [Dbg] [SimulationRunner.cc:528] [Dbg] [SimulationRunner.cc:528] Exiting postupdate worker thread (2)
[Dbg] [SimulationRunner.cc:528] Exiting postupdate worker thread ((11)
2026-03-16T11:15:35.4483717922026-03-16T11:15:35.448371792) (2026-03-16T11:15:35.448385507) [Dbg] [SimulationRunner.cc:528] Exiting postupdate worker thread (0)
(2026-03-16T11:15:35.468105295) (2026-03-16T11:15:35.468112819) [Dbg] [Sensors.cc:439] SensorsPrivate::Stop
