(2026-03-17T14:06:46.757660681) (2026-03-17T14:06:46.757668954) [Msg] Ignition Gazebo Server v6.17.1
(2026-03-17T14:06:46.760837140) (2026-03-17T14:06:46.760848003) [Msg] Loading SDF world file[/home/user/ros2_ws/install/mrsim_gazebo_sim/share/mrsim_gazebo_sim/worlds/example.world].
(2026-03-17T14:06:47.1711319) (2026-03-17T14:06:47.1721721) [Msg] Serving entity system service on [/entity/system/add]
(2026-03-17T14:06:47.38655194) (2026-03-17T14:06:47.38665865) [Dbg] [SystemManager.cc:73] Loaded system [ignition::gazebo::systems::ShaderParam] for entity [9]
(2026-03-17T14:06:47.46200095) (2026-03-17T14:06:47.46209055) [Dbg] [SystemManager.cc:73] Loaded system [mrsim_gazebo_sim::SetPegPosePlugin] for entity [10]
(2026-03-17T14:06:47.92508375) (2026-03-17T14:06:47.92517007) [Dbg] [SystemManager.cc:73] Loaded system [mrsim_gazebo_sim::MrsimDroneIgnPlugin] for entity [14]
(2026-03-17T14:06:47.95053672) (2026-03-17T14:06:47.95061106) [Dbg] [MulticopterMotorModel.cc:373] Listening to topic: qr4/gazebo/command/motor_speed
(2026-03-17T14:06:47.95204312) (2026-03-17T14:06:47.95208406) [Dbg] [SystemManager.cc:73] Loaded system [ignition::gazebo::systems::MulticopterMotorModel] for entity [14]
(2026-03-17T14:06:47.95471888) (2026-03-17T14:06:47.95476181) [Dbg] [MulticopterMotorModel.cc:373] Listening to topic: qr4/gazebo/command/motor_speed
(2026-03-17T14:06:47.95542941) (2026-03-17T14:06:47.95546791) [Dbg] [SystemManager.cc:73] Loaded system [ignition::gazebo::systems::MulticopterMotorModel] for entity [14]
(2026-03-17T14:06:47.95803399) (2026-03-17T14:06:47.95807662) [Dbg] [MulticopterMotorModel.cc:373] Listening to topic: qr4/gazebo/command/motor_speed
(2026-03-17T14:06:47.95863184) (2026-03-17T14:06:47.95866995) [Dbg] [SystemManager.cc:73] Loaded system [ignition::gazebo::systems::MulticopterMotorModel] for entity [14]
(2026-03-17T14:06:47.96203722) (2026-03-17T14:06:47.96210770) [Dbg] [MulticopterMotorModel.cc:373] Listening to topic: qr4/gazebo/command/motor_speed
(2026-03-17T14:06:47.96292549) (2026-03-17T14:06:47.96298686) [Dbg] [SystemManager.cc:73] Loaded system [ignition::gazebo::systems::MulticopterMotorModel] for entity [14]
(2026-03-17T14:06:47.98700879) (2026-03-17T14:06:47.98711156) [Msg] OdometryPublisher publishing odometry on [/model/qr4/odometry]
(2026-03-17T14:06:47.98845750) (2026-03-17T14:06:47.98851773) [Msg] OdometryPublisher publishing odometry with covariance on [/model/qr4/odometry_with_covariance]
(2026-03-17T14:06:47.98955421) (2026-03-17T14:06:47.98961719) [Msg] OdometryPublisher publishing Pose_V (TF) on [/model/qr4/pose]
(2026-03-17T14:06:47.98990775) (2026-03-17T14:06:47.98994392) [Dbg] [SystemManager.cc:73] Loaded system [ignition::gazebo::systems::OdometryPublisher] for entity [14]
(2026-03-17T14:06:47.131027014) (2026-03-17T14:06:47.131035051) [Dbg] [Sensors.cc:506] Configuring Sensors system
(2026-03-17T14:06:47.131120891) (2026-03-17T14:06:47.131124472) [Dbg] [Sensors.cc:431] SensorsPrivate::Run
(2026-03-17T14:06:47.131209457) (2026-03-17T14:06:47.131213433) [Dbg] [SystemManager.cc:73] Loaded system [ignition::gazebo::systems::Sensors] for entity [14]
(2026-03-17T14:06:47.131257433) (2026-03-17T14:06:47.131264553) [Dbg] [Sensors.cc:411] SensorsPrivate::RenderThread started
(2026-03-17T14:06:47.131281658) (2026-03-17T14:06:47.131285172) [Dbg] [Sensors.cc:258] Waiting for init
(2026-03-17T14:06:47.131591475) (2026-03-17T14:06:47.131602040) [Msg] Loaded level [3]
(2026-03-17T14:06:47.131629138) (2026-03-17T14:06:47.131632791) [Msg] No systems loaded from SDF, loading defaults
(2026-03-17T14:06:47.132032818) (2026-03-17T14:06:47.132037627) [Dbg] [ServerConfig.cc:1043] Loaded (3) plugins from file [/home/user/.ignition/gazebo/6/server.config]
(2026-03-17T14:06:47.184945066) (2026-03-17T14:06:47.184953075) [Dbg] [Physics.cc:804] Loaded [ignition::physics::dartsim::Plugin] from library [/usr/lib/x86_64-linux-gnu/ign-physics-5/engine-plugins/libignition-physics-dartsim-plugin.so]
(2026-03-17T14:06:47.184999349) (2026-03-17T14:06:47.185002804) [Dbg] [SystemManager.cc:73] Loaded system [gz::sim::systems::Physics] for entity [1]
(2026-03-17T14:06:47.190197752) (2026-03-17T14:06:47.190208122) [Msg] Create service on [/world/mrsim/create]
(2026-03-17T14:06:47.190371410) (2026-03-17T14:06:47.190378455) [Msg] Remove service on [/world/mrsim/remove]
(2026-03-17T14:06:47.190505409) (2026-03-17T14:06:47.190510951) [Msg] Pose service on [/world/mrsim/set_pose]
(2026-03-17T14:06:47.190599575) (2026-03-17T14:06:47.190604739) [Msg] Pose service on [/world/mrsim/set_pose_vector]
(2026-03-17T14:06:47.190791462) (2026-03-17T14:06:47.190797080) [Msg] Light configuration service on [/world/mrsim/light_config]
(2026-03-17T14:06:47.191108912) (2026-03-17T14:06:47.191115797) [Msg] Physics service on [/world/mrsim/set_physics]
(2026-03-17T14:06:47.191329477) (2026-03-17T14:06:47.191335395) [Msg] SphericalCoordinates service on [/world/mrsim/set_spherical_coordinates]
(2026-03-17T14:06:47.191516387) (2026-03-17T14:06:47.191524755) [Msg] Enable collision service on [/world/mrsim/enable_collision]
(2026-03-17T14:06:47.191674222) (2026-03-17T14:06:47.191679334) [Msg] Disable collision service on [/world/mrsim/disable_collision]
(2026-03-17T14:06:47.191910392) (2026-03-17T14:06:47.191915335) [Msg] Material service on [/world/mrsim/visual_config]
(2026-03-17T14:06:47.192005006) (2026-03-17T14:06:47.192011144) [Msg] Material service on [/world/mrsim/wheel_slip]
(2026-03-17T14:06:47.192044096) (2026-03-17T14:06:47.192047658) [Dbg] [SystemManager.cc:73] Loaded system [gz::sim::systems::UserCommands] for entity [1]
(2026-03-17T14:06:47.195943455) (2026-03-17T14:06:47.195952536) [Dbg] [SystemManager.cc:73] Loaded system [gz::sim::systems::SceneBroadcaster] for entity [1]
(2026-03-17T14:06:47.196239660) (2026-03-17T14:06:47.196246583) [Msg] Serving world controls on [/world/mrsim/control], [/world/mrsim/control/state] and [/world/mrsim/playback/control]
(2026-03-17T14:06:47.196320256) (2026-03-17T14:06:47.196326704) [Msg] Serving GUI information on [/world/mrsim/gui/info]
(2026-03-17T14:06:47.196345513) (2026-03-17T14:06:47.196348962) [Msg] World [mrsim] initialized with [1ms] physics profile.
(2026-03-17T14:06:47.196436846) (2026-03-17T14:06:47.196443301) [Msg] Serving world SDF generation service on [/world/mrsim/generate_world_sdf]
(2026-03-17T14:06:47.196509248) (2026-03-17T14:06:47.196515018) [Msg] Serving world names on [/gazebo/worlds]
(2026-03-17T14:06:47.196564144) (2026-03-17T14:06:47.196570008) [Msg] Resource path add service on [/gazebo/resource_paths/add].
(2026-03-17T14:06:47.196648578) (2026-03-17T14:06:47.196653912) [Msg] Resource path get service on [/gazebo/resource_paths/get].
(2026-03-17T14:06:47.196752426) (2026-03-17T14:06:47.196758025) [Msg] Resource path resolve service on [/gazebo/resource_paths/resolve].
(2026-03-17T14:06:47.297158710) (2026-03-17T14:06:47.297176535) [Msg] Resource paths published on [/gazebo/resource_paths].
(2026-03-17T14:06:47.297378799) (2026-03-17T14:06:47.297385259) [Msg] Server control service on [/server_control].
(2026-03-17T14:06:48.669081935) (2026-03-17T14:06:48.669090873) [Msg] Found no publishers on /stats, adding root stats topic
(2026-03-17T14:06:48.669247828) (2026-03-17T14:06:48.669253006) [Msg] Found no publishers on /clock, adding root clock topic
(2026-03-17T14:06:48.669406437) (2026-03-17T14:06:48.669412664) [Dbg] [SimulationRunner.cc:501] Creating PostUpdate worker threads: 4
(2026-03-17T14:06:48.669438707) (2026-03-17T14:06:48.669443661) [Dbg] [SimulationRunner.cc:512] Creating postupdate worker thread (0)
(2026-03-17T14:06:48.669534185) (2026-03-17T14:06:48.669538295) [Dbg] [SimulationRunner.cc:512] Creating postupdate worker thread (1)
(2026-03-17T14:06:48.669569096) (2026-03-17T14:06:48.669572610) [Dbg] [SimulationRunner.cc:512] Creating postupdate worker thread (2)
(2026-03-17T14:06:48.679264850) (2026-03-17T14:06:48.679272917) [Dbg] [SimulationFeatures.cc:71] Simulation timestep set to: 0.005
(2026-03-17T14:06:48.679872289) (2026-03-17T14:06:48.679878731) [Dbg] [Sensors.cc:610] Initialization needed
(2026-03-17T14:06:48.679915300) (2026-03-17T14:06:48.679921797) [Dbg] [Sensors.cc:270] Initializing render context
(2026-03-17T14:06:48.680049071) (2026-03-17T14:06:48.680054749) [Msg] Loading plugin [ignition-rendering-ogre2]
(2026-03-17T14:06:48.681051844) (2026-03-17T14:06:48.681064623) [Msg] Serving scene information on [/world/mrsim/scene/info]
(2026-03-17T14:06:48.681176738) (2026-03-17T14:06:48.681183518) [Msg] Serving graph information on [/world/mrsim/scene/graph]
(2026-03-17T14:06:48.681363736) (2026-03-17T14:06:48.681371379) [Msg] Serving full state on [/world/mrsim/state]
(2026-03-17T14:06:48.681447075) (2026-03-17T14:06:48.681453370) [Msg] Serving full state (async) on [/world/mrsim/state_async]
(2026-03-17T14:06:48.681596254) (2026-03-17T14:06:48.681602881) [Msg] Publishing scene information on [/world/mrsim/scene/info]
(2026-03-17T14:06:48.681695038) (2026-03-17T14:06:48.681701353) [Msg] Publishing entity deletions on [/world/mrsim/scene/deletion]
(2026-03-17T14:06:48.681800368) (2026-03-17T14:06:48.681807451) [Msg] Publishing state changes on [/world/mrsim/state]
(2026-03-17T14:06:48.681880450) (2026-03-17T14:06:48.681887549) [Msg] Publishing pose messages on [/world/mrsim/pose/info]
(2026-03-17T14:06:48.681982176) (2026-03-17T14:06:48.681988215) [Msg] Publishing dynamic pose messages on [/world/mrsim/dynamic_pose/info]
(2026-03-17T14:06:48.682312890) (2026-03-17T14:06:48.682320633) [Dbg] [EntityComponentManager.cc:1623] Updated state thread iterators: 8 threads processing around 6 entities each.
(2026-03-17T14:06:48.830534304) (2026-03-17T14:06:48.830540048) [Dbg] [RenderUtil.cc:2591] Create scene [scene]
((2026-03-17T14:06:48.911353246) (2026-03-17T14:06:48.911361189) 2026-03-17T14:06:48.911339898) (2026-03-17T14:06:48.911373653) Initialization needed
[Dbg] [Sensors.cc:610] [Dbg] [Sensors.cc:284] Rendering Thread initialized
(2026-03-17T14:06:50.151927070) (2026-03-17T14:06:50.151937884) [Dbg] [CameraSensor.cc:394] Camera images for [qr4::base::camera] advertised on [/camera]
(2026-03-17T14:06:50.153399131) (2026-03-17T14:06:50.153404758) [Dbg] [CameraSensor.cc:705] Camera info for [qr4::base::camera] advertised on [/camera_info]
(2026-03-17T14:06:50.155833779) (2026-03-17T14:06:50.155844156) [Wrn] [Ogre2Camera.cc:390] Ogre2Camera::SetVisibilityMask: Mask bits c0000000 are set but will be ignored as they conflict with the reserved bits used internally by the ogre2 backend.
(2026-03-17T14:06:50.157242476) (2026-03-17T14:06:50.157249244) [Msg] Loading plugin [ignition-rendering-ogre2]
(2026-03-17T14:06:50.251186655) (2026-03-17T14:06:50.251203053) [Dbg] [CameraSensor.cc:518] Enabling camera sensor: 'qr4::base::camera' data generation.
(2026-03-17T14:07:00.421536332) (2026-03-17T14:07:00.421544159) [Dbg] [SignalHandler.cc:141] Received signal[2].
(2026-03-17T14:07:00.421564629) (2026-03-17T14:07:00.421568094) [Dbg] [ServerPrivate.cc:110] Server received signal[2]
(2026-03-17T14:07:00.421583554) (2026-03-17T14:07:00.421587009) [Dbg] [Sensors.cc:439] SensorsPrivate::Stop
(2026-03-17T14:07:00.422040733) (2026-03-17T14:07:00.422072565) [Dbg] [Sensors.cc:425] SensorsPrivate::RenderThread stopped
(2026-03-17T14:07:00.425479990) (2026-03-17T14:07:00.425488290) [Dbg] [gz.cc:410] Shutting down ign-gazebo-server
(2026-03-17T14:07:00.427747714) (2026-03-17T14:07:00.427760538) [Dbg] [SimulationRunner.cc:528] 2026-03-17T14:07:00.4277685132026-03-17T14:07:00.4277710812026-03-17T14:07:00.4277685132026-03-17T14:07:00.427771081) (2026-03-17T14:07:00.427787247) Exiting postupdate worker thread () (2026-03-17T14:07:00.427806712) 2)[Dbg] [SimulationRunner.cc:528] )[Dbg] [SimulationRunner.cc:528] [Dbg] [SimulationRunner.cc:528] Exiting postupdate worker thread (1))Exiting postupdate worker thread ()
(2026-03-17T14:07:00.451781922) (2026-03-17T14:07:00.451795285) [Dbg] [Sensors.cc:439] SensorsPrivate::Stop
