(2026-03-13T14:33:41.271108759) (2026-03-13T14:33:41.271114216) [Msg] Ignition Gazebo Server v6.17.1
(2026-03-13T14:33:41.272322724) (2026-03-13T14:33:41.272328777) [Msg] Loading SDF world file[/home/user/ros2_ws/install/mrsim_gazebo_sim/share/mrsim_gazebo_sim/worlds/example.world].
(2026-03-13T14:33:41.481749929) (2026-03-13T14:33:41.481762540) [Msg] Serving entity system service on [/entity/system/add]
(2026-03-13T14:33:41.504488985) (2026-03-13T14:33:41.504504164) [Dbg] [SystemManager.cc:73] Loaded system [ignition::gazebo::systems::ShaderParam] for entity [9]
(2026-03-13T14:33:41.508550807) (2026-03-13T14:33:41.508558484) [Dbg] [SystemManager.cc:73] Loaded system [mrsim_gazebo_sim::SetPegPosePlugin] for entity [10]
(2026-03-13T14:33:41.534596992) (2026-03-13T14:33:41.534606218) [Dbg] [SystemManager.cc:73] Loaded system [mrsim_gazebo_sim::MrsimDroneIgnPlugin] for entity [14]
(2026-03-13T14:33:41.535746416) (2026-03-13T14:33:41.535752523) [Dbg] [MulticopterMotorModel.cc:373] Listening to topic: qr4/gazebo/command/motor_speed
(2026-03-13T14:33:41.535874633) (2026-03-13T14:33:41.535878721) [Dbg] [SystemManager.cc:73] Loaded system [ignition::gazebo::systems::MulticopterMotorModel] for entity [14]
(2026-03-13T14:33:41.536115871) (2026-03-13T14:33:41.536120117) [Dbg] [MulticopterMotorModel.cc:373] Listening to topic: qr4/gazebo/command/motor_speed
(2026-03-13T14:33:41.536183790) (2026-03-13T14:33:41.536187732) [Dbg] [SystemManager.cc:73] Loaded system [ignition::gazebo::systems::MulticopterMotorModel] for entity [14]
(2026-03-13T14:33:41.536414592) (2026-03-13T14:33:41.536419202) [Dbg] [MulticopterMotorModel.cc:373] Listening to topic: qr4/gazebo/command/motor_speed
(2026-03-13T14:33:41.536475925) (2026-03-13T14:33:41.536479837) [Dbg] [SystemManager.cc:73] Loaded system [ignition::gazebo::systems::MulticopterMotorModel] for entity [14]
(2026-03-13T14:33:41.536670211) (2026-03-13T14:33:41.536674237) [Dbg] [MulticopterMotorModel.cc:373] Listening to topic: qr4/gazebo/command/motor_speed
(2026-03-13T14:33:41.536728126) (2026-03-13T14:33:41.536732049) [Dbg] [SystemManager.cc:73] Loaded system [ignition::gazebo::systems::MulticopterMotorModel] for entity [14]
(2026-03-13T14:33:41.537732922) (2026-03-13T14:33:41.537739291) [Msg] OdometryPublisher publishing odometry on [/model/qr4/odometry]
(2026-03-13T14:33:41.537815530) (2026-03-13T14:33:41.537819520) [Msg] OdometryPublisher publishing odometry with covariance on [/model/qr4/odometry_with_covariance]
(2026-03-13T14:33:41.537882563) (2026-03-13T14:33:41.537886518) [Msg] OdometryPublisher publishing Pose_V (TF) on [/model/qr4/pose]
(2026-03-13T14:33:41.537904981) (2026-03-13T14:33:41.537908444) [Dbg] [SystemManager.cc:73] Loaded system [ignition::gazebo::systems::OdometryPublisher] for entity [14]
(2026-03-13T14:33:41.548363699) (2026-03-13T14:33:41.548371804) [Dbg] [Sensors.cc:506] Configuring Sensors system
(2026-03-13T14:33:41.548450847) (2026-03-13T14:33:41.548454582) [Dbg] [Sensors.cc:431] SensorsPrivate::Run
(2026-03-13T14:33:41.548539267) (2026-03-13T14:33:41.548544734) [Dbg] [SystemManager.cc:73] Loaded system [ignition::gazebo::systems::Sensors] for entity [2026-03-13T14:33:41.548560087) (2026-03-13T14:33:41.548572971) 14]
SensorsPrivate::RenderThread startedSensorsPrivate::RenderThread started(2026-03-13T14:33:41.548609307) (2026-03-13T14:33:41.548614214) [Dbg] [Sensors.cc:258] Waiting for init
(2026-03-13T14:33:41.548938015) (2026-03-13T14:33:41.548942160) [Msg] Loaded level [3]
(2026-03-13T14:33:41.548960056) (2026-03-13T14:33:41.548963693) [Msg] No systems loaded from SDF, loading defaults
(2026-03-13T14:33:41.549089742) (2026-03-13T14:33:41.549093492) [Dbg] [ServerConfig.cc:1043] Loaded (3) plugins from file [/home/user/.ignition/gazebo/6/server.config]
(2026-03-13T14:33:41.568196896) (2026-03-13T14:33:41.568209435) [Dbg] [Physics.cc:804] Loaded [ignition::physics::dartsim::Plugin] from library [/usr/lib/x86_64-linux-gnu/ign-physics-5/engine-plugins/libignition-physics-dartsim-plugin.so]
(2026-03-13T14:33:41.568265998) (2026-03-13T14:33:41.568269666) [Dbg] [SystemManager.cc:73] Loaded system [gz::sim::systems::Physics] for entity [1]
(2026-03-13T14:33:41.570344032) (2026-03-13T14:33:41.570352357) [Msg] Create service on [/world/mrsim/create]
(2026-03-13T14:33:41.570446351) (2026-03-13T14:33:41.570451410) [Msg] Remove service on [/world/mrsim/remove]
(2026-03-13T14:33:41.570522032) (2026-03-13T14:33:41.570526879) [Msg] Pose service on [/world/mrsim/set_pose]
(2026-03-13T14:33:41.570574483) (2026-03-13T14:33:41.570579285) [Msg] Pose service on [/world/mrsim/set_pose_vector]
(2026-03-13T14:33:41.570679909) (2026-03-13T14:33:41.570685562) [Msg] Light configuration service on [/world/mrsim/light_config]
(2026-03-13T14:33:41.570812773) (2026-03-13T14:33:41.570817555) [Msg] Physics service on [/world/mrsim/set_physics]
(2026-03-13T14:33:41.570898396) (2026-03-13T14:33:41.570903108) [Msg] SphericalCoordinates service on [/world/mrsim/set_spherical_coordinates]
(2026-03-13T14:33:41.570948185) (2026-03-13T14:33:41.570953250) [Msg] Enable collision service on [/world/mrsim/enable_collision]
(2026-03-13T14:33:41.570996655) (2026-03-13T14:33:41.571001762) [Msg] Disable collision service on [/world/mrsim/disable_collision]
(2026-03-13T14:33:41.571109637) (2026-03-13T14:33:41.571114211) [Msg] Material service on [/world/mrsim/visual_config]
(2026-03-13T14:33:41.571186646) (2026-03-13T14:33:41.571191183) [Msg] Material service on [/world/mrsim/wheel_slip]
(2026-03-13T14:33:41.571213699) (2026-03-13T14:33:41.571217132) [Dbg] [SystemManager.cc:73] Loaded system [gz::sim::systems::UserCommands] for entity [1]
(2026-03-13T14:33:41.573147585) (2026-03-13T14:33:41.573155952) [Dbg] [SystemManager.cc:73] Loaded system [gz::sim::systems::SceneBroadcaster] for entity [1]
(2026-03-13T14:33:41.573500019) (2026-03-13T14:33:41.573505251) [Msg] Serving world controls on [/world/mrsim/control], [/world/mrsim/control/state] and [/world/mrsim/playback/control]
(2026-03-13T14:33:41.573586085) (2026-03-13T14:33:41.573590972) [Msg] Serving GUI information on [/world/mrsim/gui/info]
(2026-03-13T14:33:41.573609089) (2026-03-13T14:33:41.573612546) [Msg] World [mrsim] initialized with [1ms] physics profile.
(2026-03-13T14:33:41.573710902) (2026-03-13T14:33:41.573715764) [Msg] Serving world SDF generation service on [/world/mrsim/generate_world_sdf]
(2026-03-13T14:33:41.573788877) (2026-03-13T14:33:41.573793322) [Msg] Serving world names on [/gazebo/worlds]
(2026-03-13T14:33:41.573836740) (2026-03-13T14:33:41.573841513) [Msg] Resource path add service on [/gazebo/resource_paths/add].
(2026-03-13T14:33:41.573883481) (2026-03-13T14:33:41.573888601) [Msg] Resource path get service on [/gazebo/resource_paths/get].
(2026-03-13T14:33:41.573932361) (2026-03-13T14:33:41.573937334) [Msg] Resource path resolve service on [/gazebo/resource_paths/resolve].
(2026-03-13T14:33:41.573990918) (2026-03-13T14:33:41.573994741) [Msg] Resource paths published on [/gazebo/resource_paths].
(2026-03-13T14:33:41.574067508) (2026-03-13T14:33:41.574071768) [Msg] Server control service on [/server_control].
(2026-03-13T14:33:43.168680955) (2026-03-13T14:33:43.168693332) [Msg] Found no publishers on /stats, adding root stats topic
(2026-03-13T14:33:43.168901437) (2026-03-13T14:33:43.168908678) [Msg] Found no publishers on /clock, adding root clock topic
(2026-03-13T14:33:43.169066420) (2026-03-13T14:33:43.169072509) [Dbg] [SimulationRunner.cc:501] Creating PostUpdate worker threads: 4
(2026-03-13T14:33:43.169095257) (2026-03-13T14:33:43.169098927) [Dbg] [SimulationRunner.cc:512] Creating postupdate worker thread (0)
(2026-03-13T14:33:43.169175592) (2026-03-13T14:33:43.169180518) [Dbg] [SimulationRunner.cc:512] Creating postupdate worker thread (1)
(2026-03-13T14:33:43.169219229) (2026-03-13T14:33:43.169223674) [Dbg] [SimulationRunner.cc:512] Creating postupdate worker thread (2)
(2026-03-13T14:33:43.175764812) (2026-03-13T14:33:43.175776306) [Dbg] [SimulationFeatures.cc:71] Simulation timestep set to: 0.005
(2026-03-13T14:33:43.176363530) (2026-03-13T14:33:43.176372072) [Dbg] [Sensors.cc:610] Initialization needed
(2026-03-13T14:33:43.176410569) (2026-03-13T14:33:43.176418084) [Dbg] [Sensors.cc:270] Initializing render context
(2026-03-13T14:33:43.176539335) (2026-03-13T14:33:43.176545320) [Msg] Loading plugin [ignition-rendering-ogre2]
(2026-03-13T14:33:43.176995351) (2026-03-13T14:33:43.177001139) [Msg] Serving scene information on [/world/mrsim/scene/info]
(2026-03-13T14:33:43.177063070) (2026-03-13T14:33:43.177069063) [Msg] Serving graph information on [/world/mrsim/scene/graph]
(2026-03-13T14:33:43.177168028) (2026-03-13T14:33:43.177173869) [Msg] Serving full state on [/world/mrsim/state]
(2026-03-13T14:33:43.177231702) (2026-03-13T14:33:43.177236980) [Msg] Serving full state (async) on [/world/mrsim/state_async]
(2026-03-13T14:33:43.177305769) (2026-03-13T14:33:43.177309834) [Msg] Publishing scene information on [/world/mrsim/scene/info]
(2026-03-13T14:33:43.177392219) (2026-03-13T14:33:43.177398382) [Msg] Publishing entity deletions on [/world/mrsim/scene/deletion]
(2026-03-13T14:33:43.177440505) (2026-03-13T14:33:43.177445256) [Msg] Publishing state changes on [/world/mrsim/state]
(2026-03-13T14:33:43.177505077) (2026-03-13T14:33:43.177511290) [Msg] Publishing pose messages on [/world/mrsim/pose/info]
(2026-03-13T14:33:43.177576728) (2026-03-13T14:33:43.177583262) [Msg] Publishing dynamic pose messages on [/world/mrsim/dynamic_pose/info]
(2026-03-13T14:33:43.177758033) (2026-03-13T14:33:43.177762253) [Dbg] [EntityComponentManager.cc:1623] Updated state thread iterators: 8 threads processing around 6 entities each.
(2026-03-13T14:33:43.324689225) (2026-03-13T14:33:43.324696557) [Dbg] [RenderUtil.cc:2591] Create scene [scene]
(((2026-03-13T14:33:43.3504626612026-03-13T14:33:43.350474186) ) (2026-03-13T14:33:43.350482091) (2026-03-13T14:33:43.350489221) [Dbg] [Sensors.cc:610] [Dbg] [Sensors.cc:284] Rendering Thread initializedInitialization needed

(2026-03-13T14:33:44.180987408) (2026-03-13T14:33:44.180998682) [Dbg] [CameraSensor.cc:394] Camera images for [qr4::base::camera] advertised on [/camera]
(2026-03-13T14:33:44.181153482) (2026-03-13T14:33:44.181160152) [Dbg] [CameraSensor.cc:705] Camera info for [qr4::base::camera] advertised on [/camera_info]
(2026-03-13T14:33:44.181479277) (2026-03-13T14:33:44.181484202) [Wrn] [Ogre2Camera.cc:390] Ogre2Camera::SetVisibilityMask: Mask bits c0000000 are set but will be ignored as they conflict with the reserved bits used internally by the ogre2 backend.
(2026-03-13T14:33:44.181698295) (2026-03-13T14:33:44.181705062) [Msg] Loading plugin [ignition-rendering-ogre2]
(2026-03-13T14:33:44.256936247) (2026-03-13T14:33:44.256947519) [Dbg] [CameraSensor.cc:518] Enabling camera sensor: 'qr4::base::camera' data generation.
(2026-03-13T14:33:48.737031495) (2026-03-13T14:33:48.737040979) [Dbg] [SignalHandler.cc:141] Received signal[2].
(2026-03-13T14:33:48.737065257) (2026-03-13T14:33:48.737068893) [Dbg] [ServerPrivate.cc:110] Server received signal[2]
(2026-03-13T14:33:48.737086485) (2026-03-13T14:33:48.737090055) [Dbg] [Sensors.cc:439] SensorsPrivate::Stop
(2026-03-13T14:33:48.737376013) (2026-03-13T14:33:48.737381580) [Dbg] [Sensors.cc:425] SensorsPrivate::RenderThread stopped
(2026-03-13T14:33:48.737760213) (2026-03-13T14:33:48.737765888) [Dbg] [gz.cc:410] Shutting down ign-gazebo-server
((((((2026-03-13T14:33:48.740058521) 2026-03-13T14:33:48.740056720() () 2026-03-13T14:33:48.7400802912026-03-13T14:33:48.740080291[Dbg] [SimulationRunner.cc:528] ) Exiting postupdate worker thread (Exiting postupdate worker thread () (2026-03-13T14:33:48.740103963) 2)
[Dbg] [SimulationRunner.cc:528] Exiting postupdate worker thread (1)
Exiting postupdate worker thread (0)
(2026-03-13T14:33:48.760424557) (2026-03-13T14:33:48.760432217) [Dbg] [Sensors.cc:439] SensorsPrivate::Stop
