(2026-03-18T10:19:14.329181634) (2026-03-18T10:19:14.329190045) [Msg] Ignition Gazebo Server v6.17.1
(2026-03-18T10:19:14.331318347) (2026-03-18T10:19:14.331328120) [Msg] Loading SDF world file[/home/user/ros2_ws/install/mrsim_gazebo_sim/share/mrsim_gazebo_sim/worlds/example.world].
(2026-03-18T10:19:14.618837283) (2026-03-18T10:19:14.618848653) [Msg] Serving entity system service on [/entity/system/add]
(2026-03-18T10:19:14.653309207) (2026-03-18T10:19:14.653322533) [Dbg] [SystemManager.cc:73] Loaded system [ignition::gazebo::systems::ShaderParam] for entity [9]
(2026-03-18T10:19:14.657868898) (2026-03-18T10:19:14.657880867) [Dbg] [SystemManager.cc:73] Loaded system [mrsim_gazebo_sim::SetPegPosePlugin] for entity [10]
(2026-03-18T10:19:14.699720828) (2026-03-18T10:19:14.699734238) [Dbg] [SystemManager.cc:73] Loaded system [mrsim_gazebo_sim::MrsimDroneIgnPlugin] for entity [14]
(2026-03-18T10:19:14.701668313) (2026-03-18T10:19:14.701677950) [Dbg] [MulticopterMotorModel.cc:373] Listening to topic: qr4/gazebo/command/motor_speed
(2026-03-18T10:19:14.701883491) (2026-03-18T10:19:14.701890681) [Dbg] [SystemManager.cc:73] Loaded system [ignition::gazebo::systems::MulticopterMotorModel] for entity [14]
(2026-03-18T10:19:14.702302972) (2026-03-18T10:19:14.702310104) [Dbg] [MulticopterMotorModel.cc:373] Listening to topic: qr4/gazebo/command/motor_speed
(2026-03-18T10:19:14.702388036) (2026-03-18T10:19:14.702394488) [Dbg] [SystemManager.cc:73] Loaded system [ignition::gazebo::systems::MulticopterMotorModel] for entity [14]
(2026-03-18T10:19:14.702716009) (2026-03-18T10:19:14.702722754) [Dbg] [MulticopterMotorModel.cc:373] Listening to topic: qr4/gazebo/command/motor_speed
(2026-03-18T10:19:14.702789419) (2026-03-18T10:19:14.702794915) [Dbg] [SystemManager.cc:73] Loaded system [ignition::gazebo::systems::MulticopterMotorModel] for entity [14]
(2026-03-18T10:19:14.703084662) (2026-03-18T10:19:14.703091232) [Dbg] [MulticopterMotorModel.cc:373] Listening to topic: qr4/gazebo/command/motor_speed
(2026-03-18T10:19:14.703155950) (2026-03-18T10:19:14.703161568) [Dbg] [SystemManager.cc:73] Loaded system [ignition::gazebo::systems::MulticopterMotorModel] for entity [14]
(2026-03-18T10:19:14.704961792) (2026-03-18T10:19:14.704971868) [Msg] OdometryPublisher publishing odometry on [/model/qr4/odometry]
(2026-03-18T10:19:14.705072275) (2026-03-18T10:19:14.705079190) [Msg] OdometryPublisher publishing odometry with covariance on [/model/qr4/odometry_with_covariance]
(2026-03-18T10:19:14.705154093) (2026-03-18T10:19:14.705160334) [Msg] OdometryPublisher publishing Pose_V (TF) on [/model/qr4/pose]
(2026-03-18T10:19:14.705191182) (2026-03-18T10:19:14.705196752) [Dbg] [SystemManager.cc:73] Loaded system [ignition::gazebo::systems::OdometryPublisher] for entity [14]
(2026-03-18T10:19:14.725159182) (2026-03-18T10:19:14.725171403) [Dbg] [Sensors.cc:506] Configuring Sensors system
(2026-03-18T10:19:14.725299072) (2026-03-18T10:19:14.725304875) [Dbg] [Sensors.cc:431] SensorsPrivate::Run
(2026-03-18T10:19:14.725422733) (2026-03-18T10:19:14.725431425) ) ([Dbg] [SystemManager.cc:73] 2026-03-18T10:19:14.725456676) ignition::gazebo::systems::Sensors] for entity [14[Dbg] [Sensors.cc:411] ]
14[Dbg] [Sensors.cc:411] SensorsPrivate::RenderThread started
(2026-03-18T10:19:14.725513401) (2026-03-18T10:19:14.725518990) [Dbg] [Sensors.cc:258] Waiting for init
(2026-03-18T10:19:14.725992857) (2026-03-18T10:19:14.726000407) [Msg] Loaded level [3]
(2026-03-18T10:19:14.726031159) (2026-03-18T10:19:14.726037164) [Msg] No systems loaded from SDF, loading defaults
(2026-03-18T10:19:14.726248057) (2026-03-18T10:19:14.726254638) [Dbg] [ServerConfig.cc:1043] Loaded (3) plugins from file [/home/user/.ignition/gazebo/6/server.config]
(2026-03-18T10:19:14.754721443) (2026-03-18T10:19:14.754738998) [Dbg] [Physics.cc:804] Loaded [ignition::physics::dartsim::Plugin] from library [/usr/lib/x86_64-linux-gnu/ign-physics-5/engine-plugins/libignition-physics-dartsim-plugin.so]
(2026-03-18T10:19:14.754816520) (2026-03-18T10:19:14.754822305) [Dbg] [SystemManager.cc:73] Loaded system [gz::sim::systems::Physics] for entity [1]
(2026-03-18T10:19:14.758200260) (2026-03-18T10:19:14.758213032) [Msg] Create service on [/world/mrsim/create]
(2026-03-18T10:19:14.758413283) (2026-03-18T10:19:14.758420491) [Msg] Remove service on [/world/mrsim/remove]
(2026-03-18T10:19:14.758579971) (2026-03-18T10:19:14.758586448) [Msg] Pose service on [/world/mrsim/set_pose]
(2026-03-18T10:19:14.758716644) (2026-03-18T10:19:14.758723471) [Msg] Pose service on [/world/mrsim/set_pose_vector]
(2026-03-18T10:19:14.758933594) (2026-03-18T10:19:14.758940654) [Msg] Light configuration service on [/world/mrsim/light_config]
(2026-03-18T10:19:14.759174969) (2026-03-18T10:19:14.759181966) [Msg] Physics service on [/world/mrsim/set_physics]
(2026-03-18T10:19:14.759336718) (2026-03-18T10:19:14.759343542) [Msg] SphericalCoordinates service on [/world/mrsim/set_spherical_coordinates]
(2026-03-18T10:19:14.759474298) (2026-03-18T10:19:14.759480873) [Msg] Enable collision service on [/world/mrsim/enable_collision]
(2026-03-18T10:19:14.759571085) (2026-03-18T10:19:14.759577425) [Msg] Disable collision service on [/world/mrsim/disable_collision]
(2026-03-18T10:19:14.759743051) (2026-03-18T10:19:14.759748994) [Msg] Material service on [/world/mrsim/visual_config]
(2026-03-18T10:19:14.759848866) (2026-03-18T10:19:14.759855338) [Msg] Material service on [/world/mrsim/wheel_slip]
(2026-03-18T10:19:14.759893686) (2026-03-18T10:19:14.759899153) [Dbg] [SystemManager.cc:73] Loaded system [gz::sim::systems::UserCommands] for entity [1]
(2026-03-18T10:19:14.762108815) (2026-03-18T10:19:14.762122132) [Dbg] [SystemManager.cc:73] Loaded system [gz::sim::systems::SceneBroadcaster] for entity [1]
(2026-03-18T10:19:14.762618048) (2026-03-18T10:19:14.762626361) [Msg] Serving world controls on [/world/mrsim/control], [/world/mrsim/control/state] and [/world/mrsim/playback/control]
(2026-03-18T10:19:14.762756878) (2026-03-18T10:19:14.762763425) [Msg] Serving GUI information on [/world/mrsim/gui/info]
(2026-03-18T10:19:14.762793679) (2026-03-18T10:19:14.762800264) [Msg] World [mrsim] initialized with [1ms] physics profile.
(2026-03-18T10:19:14.762958621) (2026-03-18T10:19:14.762964992) [Msg] Serving world SDF generation service on [/world/mrsim/generate_world_sdf]
(2026-03-18T10:19:14.763084817) (2026-03-18T10:19:14.763091554) [Msg] Serving world names on [/gazebo/worlds]
(2026-03-18T10:19:14.763158454) (2026-03-18T10:19:14.763164706) [Msg] Resource path add service on [/gazebo/resource_paths/add].
(2026-03-18T10:19:14.763222513) (2026-03-18T10:19:14.763228853) [Msg] Resource path get service on [/gazebo/resource_paths/get].
(2026-03-18T10:19:14.763294490) (2026-03-18T10:19:14.763300903) [Msg] Resource path resolve service on [/gazebo/resource_paths/resolve].
(2026-03-18T10:19:14.763450087) (2026-03-18T10:19:14.763456903) [Msg] Resource paths published on [/gazebo/resource_paths].
(2026-03-18T10:19:14.763602894) (2026-03-18T10:19:14.763609554) [Msg] Server control service on [/server_control].
(2026-03-18T10:19:16.227158020) (2026-03-18T10:19:16.227166445) [Msg] Found no publishers on /stats, adding root stats topic
(2026-03-18T10:19:16.227310803) (2026-03-18T10:19:16.227314999) [Msg] Found no publishers on /clock, adding root clock topic
(2026-03-18T10:19:16.227465882) (2026-03-18T10:19:16.227470668) [Dbg] [SimulationRunner.cc:501] Creating PostUpdate worker threads: 4
(2026-03-18T10:19:16.227495763) (2026-03-18T10:19:16.227501858) [Dbg] [SimulationRunner.cc:512] Creating postupdate worker thread (0)
(2026-03-18T10:19:16.227577583) (2026-03-18T10:19:16.227582705) [Dbg] [SimulationRunner.cc:512] Creating postupdate worker thread (1)
(2026-03-18T10:19:16.227620353) (2026-03-18T10:19:16.227624217) [Dbg] [SimulationRunner.cc:512] Creating postupdate worker thread (2)
(2026-03-18T10:19:16.231037089) (2026-03-18T10:19:16.231044065) [Dbg] [SimulationFeatures.cc:71] Simulation timestep set to: 0.005
(2026-03-18T10:19:16.231416007) (2026-03-18T10:19:16.231421175) [Dbg] [Sensors.cc:610] Initialization needed
(2026-03-18T10:19:16.231451395) (2026-03-18T10:19:16.231462670) [Dbg] [Sensors.cc:270] Initializing render context
(2026-03-18T10:19:16.231582397) (2026-03-18T10:19:16.231588521) [Msg] Loading plugin [ignition-rendering-ogre2]
(2026-03-18T10:19:16.232026607) (2026-03-18T10:19:16.232060742) [Msg] Serving scene information on [/world/mrsim/scene/info]
(2026-03-18T10:19:16.232127052) (2026-03-18T10:19:16.232132940) [Msg] Serving graph information on [/world/mrsim/scene/graph]
(2026-03-18T10:19:16.232273756) (2026-03-18T10:19:16.232280208) [Msg] Serving full state on [/world/mrsim/state]
(2026-03-18T10:19:16.232356357) (2026-03-18T10:19:16.232361768) [Msg] Serving full state (async) on [/world/mrsim/state_async]
(2026-03-18T10:19:16.232466270) (2026-03-18T10:19:16.232472649) [Msg] Publishing scene information on [/world/mrsim/scene/info]
(2026-03-18T10:19:16.232557355) (2026-03-18T10:19:16.232563461) [Msg] Publishing entity deletions on [/world/mrsim/scene/deletion]
(2026-03-18T10:19:16.232623131) (2026-03-18T10:19:16.232628175) [Msg] Publishing state changes on [/world/mrsim/state]
(2026-03-18T10:19:16.232726347) (2026-03-18T10:19:16.232732586) [Msg] Publishing pose messages on [/world/mrsim/pose/info]
(2026-03-18T10:19:16.232820044) (2026-03-18T10:19:16.232826422) [Msg] Publishing dynamic pose messages on [/world/mrsim/dynamic_pose/info]
(2026-03-18T10:19:16.233025645) (2026-03-18T10:19:16.233029910) [Dbg] [EntityComponentManager.cc:1623] Updated state thread iterators: 8 threads processing around 6 entities each.
(2026-03-18T10:19:16.401693158) (2026-03-18T10:19:16.401699642) [Dbg] [RenderUtil.cc:2591] Create scene [scene]
(2026-03-18T10:19:16.427886271) (2026-03-18T10:19:16.427898767) [Dbg] [Sensors.cc:284] Rendering Thread initialized
(2026-03-18T10:19:16.428224618) (2026-03-18T10:19:16.428235900) [Dbg] [Sensors.cc:610] Initialization needed
(2026-03-18T10:19:17.585482349) (2026-03-18T10:19:17.585492400) [Dbg] [CameraSensor.cc:394] Camera images for [qr4::base::camera] advertised on [/camera]
(2026-03-18T10:19:17.586201464) (2026-03-18T10:19:17.586206681) [Dbg] [CameraSensor.cc:705] Camera info for [qr4::base::camera] advertised on [/camera_info]
(2026-03-18T10:19:17.588612419) (2026-03-18T10:19:17.588622377) [Wrn] [Ogre2Camera.cc:390] Ogre2Camera::SetVisibilityMask: Mask bits c0000000 are set but will be ignored as they conflict with the reserved bits used internally by the ogre2 backend.
(2026-03-18T10:19:17.591117822) (2026-03-18T10:19:17.591197806) [Msg] Loading plugin [ignition-rendering-ogre2]
(2026-03-18T10:19:17.713783772) (2026-03-18T10:19:17.713795989) [Dbg] [CameraSensor.cc:518] Enabling camera sensor: 'qr4::base::camera' data generation.
(2026-03-18T10:19:37.820333164) (2026-03-18T10:19:37.820343400) [Dbg] [SignalHandler.cc:141] Received signal[2].
(2026-03-18T10:19:37.820365049) (2026-03-18T10:19:37.820368885) [Dbg] [ServerPrivate.cc:110] Server received signal[2]
(2026-03-18T10:19:37.820385733) (2026-03-18T10:19:37.820389244) [Dbg] [Sensors.cc:439] SensorsPrivate::Stop
(2026-03-18T10:19:37.822697285) (2026-03-18T10:19:37.822703593) [Dbg] [Sensors.cc:425] SensorsPrivate::RenderThread stopped
(2026-03-18T10:19:37.824487685) (2026-03-18T10:19:37.824493916) [Dbg] [gz.cc:410] Shutting down ign-gazebo-server
(2026-03-18T10:19:37.828463489) (2026-03-18T10:19:37.828470297) [Dbg] [SimulationRunner.cc:528] Exiting postupdate worker thread (1)
(2026-03-18T10:19:37.828494774) (2026-03-18T10:19:37.828506338) [Dbg] [SimulationRunner.cc:528] Exiting postupdate worker thread (0)
(2026-03-18T10:19:37.828549100) (2026-03-18T10:19:37.828555021) [Dbg] [SimulationRunner.cc:528] Exiting postupdate worker thread (2)
(2026-03-18T10:19:37.849701602) (2026-03-18T10:19:37.849709282) [Dbg] [Sensors.cc:439] SensorsPrivate::Stop
