(2026-03-17T14:54:46.543069028) (2026-03-17T14:54:46.543077167) [Msg] Ignition Gazebo Server v6.17.1
(2026-03-17T14:54:46.545393172) (2026-03-17T14:54:46.545402492) [Msg] Loading SDF world file[/home/user/ros2_ws/install/mrsim_gazebo_sim/share/mrsim_gazebo_sim/worlds/example.world].
(2026-03-17T14:54:46.739672204) (2026-03-17T14:54:46.739681017) [Msg] Serving entity system service on [/entity/system/add]
(2026-03-17T14:54:46.760493690) (2026-03-17T14:54:46.760503449) [Dbg] [SystemManager.cc:73] Loaded system [ignition::gazebo::systems::ShaderParam] for entity [9]
(2026-03-17T14:54:46.764576004) (2026-03-17T14:54:46.764584453) [Dbg] [SystemManager.cc:73] Loaded system [mrsim_gazebo_sim::SetPegPosePlugin] for entity [10]
(2026-03-17T14:54:46.789851460) (2026-03-17T14:54:46.789859638) [Dbg] [SystemManager.cc:73] Loaded system [mrsim_gazebo_sim::MrsimDroneIgnPlugin] for entity [14]
(2026-03-17T14:54:46.790970929) (2026-03-17T14:54:46.790977203) [Dbg] [MulticopterMotorModel.cc:373] Listening to topic: qr4/gazebo/command/motor_speed
(2026-03-17T14:54:46.791063289) (2026-03-17T14:54:46.791067213) [Dbg] [SystemManager.cc:73] Loaded system [ignition::gazebo::systems::MulticopterMotorModel] for entity [14]
(2026-03-17T14:54:46.791301819) (2026-03-17T14:54:46.791305928) [Dbg] [MulticopterMotorModel.cc:373] Listening to topic: qr4/gazebo/command/motor_speed
(2026-03-17T14:54:46.791355779) (2026-03-17T14:54:46.791359584) [Dbg] [SystemManager.cc:73] Loaded system [ignition::gazebo::systems::MulticopterMotorModel] for entity [14]
(2026-03-17T14:54:46.791592899) (2026-03-17T14:54:46.791598940) [Dbg] [MulticopterMotorModel.cc:373] Listening to topic: qr4/gazebo/command/motor_speed
(2026-03-17T14:54:46.791674587) (2026-03-17T14:54:46.791680860) [Dbg] [SystemManager.cc:73] Loaded system [ignition::gazebo::systems::MulticopterMotorModel] for entity [14]
(2026-03-17T14:54:46.791972910) (2026-03-17T14:54:46.791977621) [Dbg] [MulticopterMotorModel.cc:373] Listening to topic: qr4/gazebo/command/motor_speed
(2026-03-17T14:54:46.792026793) (2026-03-17T14:54:46.792030809) [Dbg] [SystemManager.cc:73] Loaded system [ignition::gazebo::systems::MulticopterMotorModel] for entity [14]
(2026-03-17T14:54:46.793013172) (2026-03-17T14:54:46.793019084) [Msg] OdometryPublisher publishing odometry on [/model/qr4/odometry]
(2026-03-17T14:54:46.793078865) (2026-03-17T14:54:46.793082750) [Msg] OdometryPublisher publishing odometry with covariance on [/model/qr4/odometry_with_covariance]
(2026-03-17T14:54:46.793130961) (2026-03-17T14:54:46.793134722) [Msg] OdometryPublisher publishing Pose_V (TF) on [/model/qr4/pose]
(2026-03-17T14:54:46.793152172) (2026-03-17T14:54:46.793155553) [Dbg] [SystemManager.cc:73] Loaded system [ignition::gazebo::systems::OdometryPublisher] for entity [14]
(2026-03-17T14:54:46.803373081) (2026-03-17T14:54:46.803380645) [Dbg] [Sensors.cc:506] Configuring Sensors system
(2026-03-17T14:54:46.803465659) (2026-03-17T14:54:46.803469163) [Dbg] [Sensors.cc:431] SensorsPrivate::Run
((((2026-03-17T14:54:46.803566989) (2026-03-17T14:54:46.803592614) [Dbg] [Sensors.cc:411] SensorsPrivate::RenderThread started
(2026-03-17T14:54:46.803611400) (2026-03-17T14:54:46.803616324) [Dbg] [Sensors.cc:258] Waiting for init
2026-03-17T14:54:46.803641086) (2026-03-17T14:54:46.803646572) [Dbg] [SystemManager.cc:73] Loaded system [ignition::gazebo::systems::Sensors] for entity [14]
(2026-03-17T14:54:46.804027092) (2026-03-17T14:54:46.804031575) [Msg] Loaded level [3]
(2026-03-17T14:54:46.804049555) (2026-03-17T14:54:46.804052901) [Msg] No systems loaded from SDF, loading defaults
(2026-03-17T14:54:46.804179147) (2026-03-17T14:54:46.804182816) [Dbg] [ServerConfig.cc:1043] Loaded (3) plugins from file [/home/user/.ignition/gazebo/6/server.config]
(2026-03-17T14:54:46.822485023) (2026-03-17T14:54:46.822492966) [Dbg] [Physics.cc:804] Loaded [ignition::physics::dartsim::Plugin] from library [/usr/lib/x86_64-linux-gnu/ign-physics-5/engine-plugins/libignition-physics-dartsim-plugin.so]
(2026-03-17T14:54:46.822539623) (2026-03-17T14:54:46.822543141) [Dbg] [SystemManager.cc:73] Loaded system [gz::sim::systems::Physics] for entity [1]
(2026-03-17T14:54:46.824302361) (2026-03-17T14:54:46.824311046) [Msg] Create service on [/world/mrsim/create]
(2026-03-17T14:54:46.824397635) (2026-03-17T14:54:46.824403897) [Msg] Remove service on [/world/mrsim/remove]
(2026-03-17T14:54:46.824471443) (2026-03-17T14:54:46.824477626) [Msg] Pose service on [/world/mrsim/set_pose]
(2026-03-17T14:54:46.824522636) (2026-03-17T14:54:46.824528370) [Msg] Pose service on [/world/mrsim/set_pose_vector]
(2026-03-17T14:54:46.824625309) (2026-03-17T14:54:46.824630630) [Msg] Light configuration service on [/world/mrsim/light_config]
(2026-03-17T14:54:46.824752000) (2026-03-17T14:54:46.824757415) [Msg] Physics service on [/world/mrsim/set_physics]
(2026-03-17T14:54:46.824825346) (2026-03-17T14:54:46.824830804) [Msg] SphericalCoordinates service on [/world/mrsim/set_spherical_coordinates]
(2026-03-17T14:54:46.824869517) (2026-03-17T14:54:46.824874701) [Msg] Enable collision service on [/world/mrsim/enable_collision]
(2026-03-17T14:54:46.824911881) (2026-03-17T14:54:46.824916560) [Msg] Disable collision service on [/world/mrsim/disable_collision]
(2026-03-17T14:54:46.825020262) (2026-03-17T14:54:46.825024529) [Msg] Material service on [/world/mrsim/visual_config]
(2026-03-17T14:54:46.825089734) (2026-03-17T14:54:46.825095388) [Msg] Material service on [/world/mrsim/wheel_slip]
(2026-03-17T14:54:46.825117655) (2026-03-17T14:54:46.825121029) [Dbg] [SystemManager.cc:73] Loaded system [gz::sim::systems::UserCommands] for entity [1]
(2026-03-17T14:54:46.826994201) (2026-03-17T14:54:46.827004281) [Dbg] [SystemManager.cc:73] Loaded system [gz::sim::systems::SceneBroadcaster] for entity [1]
(2026-03-17T14:54:46.827405809) (2026-03-17T14:54:46.827413981) [Msg] Serving world controls on [/world/mrsim/control], [/world/mrsim/control/state] and [/world/mrsim/playback/control]
(2026-03-17T14:54:46.827511999) (2026-03-17T14:54:46.827518163) [Msg] Serving GUI information on [/world/mrsim/gui/info]
(2026-03-17T14:54:46.827545771) (2026-03-17T14:54:46.827550401) [Msg] World [mrsim] initialized with [1ms] physics profile.
(2026-03-17T14:54:46.827699420) (2026-03-17T14:54:46.827705423) [Msg] Serving world SDF generation service on [/world/mrsim/generate_world_sdf]
(2026-03-17T14:54:46.827800901) (2026-03-17T14:54:46.827807070) [Msg] Serving world names on [/gazebo/worlds]
(2026-03-17T14:54:46.827859918) (2026-03-17T14:54:46.827864989) [Msg] Resource path add service on [/gazebo/resource_paths/add].
(2026-03-17T14:54:46.827910978) (2026-03-17T14:54:46.827916300) [Msg] Resource path get service on [/gazebo/resource_paths/get].
(2026-03-17T14:54:46.827962115) (2026-03-17T14:54:46.827967716) [Msg] Resource path resolve service on [/gazebo/resource_paths/resolve].
(2026-03-17T14:54:46.828038040) (2026-03-17T14:54:46.828044054) [Msg] Resource paths published on [/gazebo/resource_paths].
(2026-03-17T14:54:46.828137881) (2026-03-17T14:54:46.828144338) [Msg] Server control service on [/server_control].
(2026-03-17T14:54:48.440989840) (2026-03-17T14:54:48.441002648) [Msg] Found no publishers on /stats, adding root stats topic
(2026-03-17T14:54:48.441204873) (2026-03-17T14:54:48.441211902) [Msg] Found no publishers on /clock, adding root clock topic
(2026-03-17T14:54:48.441383113) (2026-03-17T14:54:48.441389789) [Dbg] [SimulationRunner.cc:501] Creating PostUpdate worker threads: 4
(2026-03-17T14:54:48.441416862) (2026-03-17T14:54:48.441422808) [Dbg] [SimulationRunner.cc:512] Creating postupdate worker thread (0)
(2026-03-17T14:54:48.441512414) (2026-03-17T14:54:48.441518807) [Dbg] [SimulationRunner.cc:512] Creating postupdate worker thread (1)
(2026-03-17T14:54:48.441561935) (2026-03-17T14:54:48.441568058) [Dbg] [SimulationRunner.cc:512] Creating postupdate worker thread (2)
(2026-03-17T14:54:48.446862700) (2026-03-17T14:54:48.446872089) [Dbg] [SimulationFeatures.cc:71] Simulation timestep set to: 0.005
(2026-03-17T14:54:48.447397938) (2026-03-17T14:54:48.447404001) [Dbg] [Sensors.cc:610] Initialization needed
(2026-03-17T14:54:48.447434718) (2026-03-17T14:54:48.447441972) [Dbg] [Sensors.cc:270] Initializing render context
(2026-03-17T14:54:48.447556810) (2026-03-17T14:54:48.447563147) [Msg] Loading plugin [ignition-rendering-ogre2]
(2026-03-17T14:54:48.448132927) (2026-03-17T14:54:48.448139622) [Msg] Serving scene information on [/world/mrsim/scene/info]
(2026-03-17T14:54:48.448190262) (2026-03-17T14:54:48.448194130) [Msg] Serving graph information on [/world/mrsim/scene/graph]
(2026-03-17T14:54:48.448281627) (2026-03-17T14:54:48.448285635) [Msg] Serving full state on [/world/mrsim/state]
(2026-03-17T14:54:48.448330748) (2026-03-17T14:54:48.448335851) [Msg] Serving full state (async) on [/world/mrsim/state_async]
(2026-03-17T14:54:48.448389061) (2026-03-17T14:54:48.448396017) [Msg] Publishing scene information on [/world/mrsim/scene/info]
(2026-03-17T14:54:48.448476335) (2026-03-17T14:54:48.448480311) [Msg] Publishing entity deletions on [/world/mrsim/scene/deletion]
(2026-03-17T14:54:48.448517359) (2026-03-17T14:54:48.448521984) [Msg] Publishing state changes on [/world/mrsim/state]
(2026-03-17T14:54:48.448572761) (2026-03-17T14:54:48.448578680) [Msg] Publishing pose messages on [/world/mrsim/pose/info]
(2026-03-17T14:54:48.448632813) (2026-03-17T14:54:48.448637120) [Msg] Publishing dynamic pose messages on [/world/mrsim/dynamic_pose/info]
(2026-03-17T14:54:48.448804607) (2026-03-17T14:54:48.448808634) [Dbg] [EntityComponentManager.cc:1623] Updated state thread iterators: 8 threads processing around 6 entities each.
(2026-03-17T14:54:48.626309095) (2026-03-17T14:54:48.626316311) [Dbg] [RenderUtil.cc:2591] Create scene [scene]
(2026-03-17T14:54:48.652766537) (2026-03-17T14:54:48.652777152) (2026-03-17T14:54:48.652795114) (2026-03-17T14:54:48.652805279) [Dbg] [Sensors.cc:284] Rendering Thread initialized
[Dbg] [Sensors.cc:610] Initialization needed
(2026-03-17T14:54:49.467214113) (2026-03-17T14:54:49.467222692) [Dbg] [CameraSensor.cc:394] Camera images for [qr4::base::camera] advertised on [/camera]
(2026-03-17T14:54:49.467330188) (2026-03-17T14:54:49.467336920) [Dbg] [CameraSensor.cc:705] Camera info for [qr4::base::camera] advertised on [/camera_info]
(2026-03-17T14:54:49.467659436) (2026-03-17T14:54:49.467663859) [Wrn] [Ogre2Camera.cc:390] Ogre2Camera::SetVisibilityMask: Mask bits c0000000 are set but will be ignored as they conflict with the reserved bits used internally by the ogre2 backend.
(2026-03-17T14:54:49.467825403) (2026-03-17T14:54:49.467829339) [Msg] Loading plugin [ignition-rendering-ogre2]
(2026-03-17T14:54:49.556746033) (2026-03-17T14:54:49.556759109) [Dbg] [CameraSensor.cc:518] Enabling camera sensor: 'qr4::base::camera' data generation.
(2026-03-17T14:55:16.560007473) (2026-03-17T14:55:16.560017490) [Dbg] [SignalHandler.cc:141] Received signal[2].
(2026-03-17T14:55:16.560044454) (2026-03-17T14:55:16.560048080) [Dbg] [ServerPrivate.cc:110] Server received signal[2]
(2026-03-17T14:55:16.560067778) (2026-03-17T14:55:16.560071227) [Dbg] [Sensors.cc:439] SensorsPrivate::Stop
(2026-03-17T14:55:16.560375039) (2026-03-17T14:55:16.560382330) [Dbg] [Sensors.cc:425] SensorsPrivate::RenderThread stopped
(2026-03-17T14:55:16.562881511) (2026-03-17T14:55:16.562890524) [Dbg] [gz.cc:410] Shutting down ign-gazebo-server
(((2026-03-17T14:55:16.565393606) ) 2026-03-17T14:55:16.565396322) ((((((2026-03-17T14:55:16.5653979662026-03-17T14:55:16.565417713) ) 2026-03-17T14:55:16.565418419) ) (2026-03-17T14:55:16.565438575) Exiting postupdate worker thread ([Dbg] [SimulationRunner.cc:528] 0)
Exiting postupdate worker thread ([Dbg] [SimulationRunner.cc:528] Exiting postupdate worker thread (12)
)
(2026-03-17T14:55:16.592140059) (2026-03-17T14:55:16.592148921) [Dbg] [Sensors.cc:439] SensorsPrivate::Stop
