(2026-03-10T10:10:08.521976786) (2026-03-10T10:10:08.521983575) [Msg] Ignition Gazebo Server v6.17.0
(2026-03-10T10:10:08.524396746) (2026-03-10T10:10:08.524406839) [Msg] Loading SDF world file[/home/user/ros2_ws/install/mrsim_gazebo_sim/share/mrsim_gazebo_sim/worlds/example.world].
(2026-03-10T10:10:08.693728456) (2026-03-10T10:10:08.693743863) [Msg] Serving entity system service on [/entity/system/add]
(2026-03-10T10:10:08.698387986) (2026-03-10T10:10:08.698397754) [Dbg] [SystemManager.cc:73] Loaded system [mrsim_gazebo_sim::SetPegPosePlugin] for entity [8]
(2026-03-10T10:10:08.724191051) (2026-03-10T10:10:08.724203236) [Dbg] [SystemManager.cc:73] Loaded system [mrsim_gazebo_sim::MrsimDroneIgnPlugin] for entity [12]
(2026-03-10T10:10:08.726343931) (2026-03-10T10:10:08.726354887) [Dbg] [MulticopterMotorModel.cc:373] Listening to topic: qr4/gazebo/command/motor_speed
(2026-03-10T10:10:08.726522647) (2026-03-10T10:10:08.726529300) [Dbg] [SystemManager.cc:73] Loaded system [gz::sim::systems::MulticopterMotorModel] for entity [12]
(2026-03-10T10:10:08.726918386) (2026-03-10T10:10:08.726925264) [Dbg] [MulticopterMotorModel.cc:373] Listening to topic: qr4/gazebo/command/motor_speed
(2026-03-10T10:10:08.727001042) (2026-03-10T10:10:08.727006943) [Dbg] [SystemManager.cc:73] Loaded system [gz::sim::systems::MulticopterMotorModel] for entity [12]
(2026-03-10T10:10:08.727322143) (2026-03-10T10:10:08.727327676) [Dbg] [MulticopterMotorModel.cc:373] Listening to topic: qr4/gazebo/command/motor_speed
(2026-03-10T10:10:08.727400461) (2026-03-10T10:10:08.727405433) [Dbg] [SystemManager.cc:73] Loaded system [gz::sim::systems::MulticopterMotorModel] for entity [12]
(2026-03-10T10:10:08.727750309) (2026-03-10T10:10:08.727756894) [Dbg] [MulticopterMotorModel.cc:373] Listening to topic: qr4/gazebo/command/motor_speed
(2026-03-10T10:10:08.727840475) (2026-03-10T10:10:08.727846353) [Dbg] [SystemManager.cc:73] Loaded system [gz::sim::systems::MulticopterMotorModel] for entity [12]
(2026-03-10T10:10:08.729442896) (2026-03-10T10:10:08.729450421) [Msg] OdometryPublisher publishing odometry on [/model/qr4/odometry]
(2026-03-10T10:10:08.729541565) (2026-03-10T10:10:08.729547978) [Msg] OdometryPublisher publishing odometry with covariance on [/model/qr4/odometry_with_covariance]
(2026-03-10T10:10:08.729627782) (2026-03-10T10:10:08.729633811) [Msg] OdometryPublisher publishing Pose_V (TF) on [/model/qr4/pose]
(2026-03-10T10:10:08.729659088) (2026-03-10T10:10:08.729664778) [Dbg] [SystemManager.cc:73] Loaded system [ignition::gazebo::systems::OdometryPublisher] for entity [12]
(2026-03-10T10:10:08.765171778) (2026-03-10T10:10:08.765184484) [Dbg] [Sensors.cc:506] Configuring Sensors system
(2026-03-10T10:10:08.765317053) (2026-03-10T10:10:08.765322667) [Dbg] [Sensors.cc:431] SensorsPrivate::Run
(2026-03-10T10:10:08.765418513) (2026-03-10T10:10:08.765424174) [Dbg] [SystemManager.cc:73] Loaded system [ignition::gazebo::systems::Sensors] for entity [12(](]
2026-03-10T10:10:08.765464069) (2026-03-10T10:10:08.765480575) [Dbg] [Sensors.cc:411] SensorsPrivate::RenderThread started
(2026-03-10T10:10:08.765505973) (2026-03-10T10:10:08.765511558) [Dbg] [Sensors.cc:258] Waiting for init
(2026-03-10T10:10:08.765918605) (2026-03-10T10:10:08.765926163) [Msg] Loaded level [3]
(2026-03-10T10:10:08.765956217) (2026-03-10T10:10:08.765961807) [Msg] No systems loaded from SDF, loading defaults
(2026-03-10T10:10:08.766256820) (2026-03-10T10:10:08.766262521) [Dbg] [ServerConfig.cc:1043] Loaded (3) plugins from file [/home/user/.ignition/gazebo/6/server.config]
(2026-03-10T10:10:08.789580424) (2026-03-10T10:10:08.789600146) [Dbg] [Physics.cc:804] Loaded [ignition::physics::dartsim::Plugin] from library [/usr/lib/x86_64-linux-gnu/ign-physics-5/engine-plugins/libignition-physics-dartsim-plugin.so]
(2026-03-10T10:10:08.789751468) (2026-03-10T10:10:08.789755225) [Dbg] [SystemManager.cc:73] Loaded system [gz::sim::systems::Physics] for entity [1]
(2026-03-10T10:10:08.791412463) (2026-03-10T10:10:08.791418966) [Msg] Create service on [/world/mrsim/create]
(2026-03-10T10:10:08.791503573) (2026-03-10T10:10:08.791514544) [Msg] Remove service on [/world/mrsim/remove]
(2026-03-10T10:10:08.791587421) (2026-03-10T10:10:08.791592335) [Msg] Pose service on [/world/mrsim/set_pose]
(2026-03-10T10:10:08.791639289) (2026-03-10T10:10:08.791644210) [Msg] Pose service on [/world/mrsim/set_pose_vector]
(2026-03-10T10:10:08.791736905) (2026-03-10T10:10:08.791741801) [Msg] Light configuration service on [/world/mrsim/light_config]
(2026-03-10T10:10:08.791873307) (2026-03-10T10:10:08.791878004) [Msg] Physics service on [/world/mrsim/set_physics]
(2026-03-10T10:10:08.791950168) (2026-03-10T10:10:08.791954954) [Msg] SphericalCoordinates service on [/world/mrsim/set_spherical_coordinates]
(2026-03-10T10:10:08.791997745) (2026-03-10T10:10:08.792002783) [Msg] Enable collision service on [/world/mrsim/enable_collision]
(2026-03-10T10:10:08.792052833) (2026-03-10T10:10:08.792058136) [Msg] Disable collision service on [/world/mrsim/disable_collision]
(2026-03-10T10:10:08.792160024) (2026-03-10T10:10:08.792164160) [Msg] Material service on [/world/mrsim/visual_config]
(2026-03-10T10:10:08.792254104) (2026-03-10T10:10:08.792259967) [Msg] Material service on [/world/mrsim/wheel_slip]
(2026-03-10T10:10:08.792290991) (2026-03-10T10:10:08.792295115) [Dbg] [SystemManager.cc:73] Loaded system [gz::sim::systems::UserCommands] for entity [1]
(2026-03-10T10:10:08.793738100) (2026-03-10T10:10:08.793743741) [Dbg] [SystemManager.cc:73] Loaded system [gz::sim::systems::SceneBroadcaster] for entity [1]
(2026-03-10T10:10:08.794061427) (2026-03-10T10:10:08.794066262) [Msg] Serving world controls on [/world/mrsim/control], [/world/mrsim/control/state] and [/world/mrsim/playback/control]
(2026-03-10T10:10:08.794176478) (2026-03-10T10:10:08.794181206) [Msg] Serving GUI information on [/world/mrsim/gui/info]
(2026-03-10T10:10:08.794199366) (2026-03-10T10:10:08.794202802) [Msg] World [mrsim] initialized with [1ms] physics profile.
(2026-03-10T10:10:08.794328384) (2026-03-10T10:10:08.794332560) [Msg] Serving world SDF generation service on [/world/mrsim/generate_world_sdf]
(2026-03-10T10:10:08.794426019) (2026-03-10T10:10:08.794432075) [Msg] Serving world names on [/gazebo/worlds]
(2026-03-10T10:10:08.794486370) (2026-03-10T10:10:08.794492346) [Msg] Resource path add service on [/gazebo/resource_paths/add].
(2026-03-10T10:10:08.794557276) (2026-03-10T10:10:08.794563326) [Msg] Resource path get service on [/gazebo/resource_paths/get].
(2026-03-10T10:10:08.794641902) (2026-03-10T10:10:08.794648007) [Msg] Resource path resolve service on [/gazebo/resource_paths/resolve].
(2026-03-10T10:10:08.794747054) (2026-03-10T10:10:08.794753347) [Msg] Resource paths published on [/gazebo/resource_paths].
(2026-03-10T10:10:08.794875977) (2026-03-10T10:10:08.794881397) [Msg] Server control service on [/server_control].
(2026-03-10T10:10:10.420352471) (2026-03-10T10:10:10.420360961) [Msg] Found no publishers on /stats, adding root stats topic
(2026-03-10T10:10:10.420498813) (2026-03-10T10:10:10.420503025) [Msg] Found no publishers on /clock, adding root clock topic
(2026-03-10T10:10:10.420650182) (2026-03-10T10:10:10.420654536) [Dbg] [SimulationRunner.cc:501] Creating PostUpdate worker threads: 4
(2026-03-10T10:10:10.420671888) (2026-03-10T10:10:10.420675413) [Dbg] [SimulationRunner.cc:512] Creating postupdate worker thread (0)
(2026-03-10T10:10:10.420737401) (2026-03-10T10:10:10.420741201) [Dbg] [SimulationRunner.cc:512] Creating postupdate worker thread (1)
(2026-03-10T10:10:10.420775526) (2026-03-10T10:10:10.420779202) [Dbg] [SimulationRunner.cc:512] Creating postupdate worker thread (2)
(2026-03-10T10:10:10.541030836) Triangle input has a count of zero. This is likely not desired
(2026-03-10T10:10:10.541296697) Triangle input has a count of zero. This is likely not desired
(2026-03-10T10:10:10.541546269) Triangle input has a count of zero. This is likely not desired
(2026-03-10T10:10:10.541792609) Triangle input has a count of zero. This is likely not desired
(2026-03-10T10:10:11.20946627) (2026-03-10T10:10:11.20956547) [Wrn] [ColladaLoader.cc:2394] Triangle input semantic: 'COLOR' is currently not supported
(2026-03-10T10:10:11.731003585) (2026-03-10T10:10:11.731013379) [Wrn] [ColladaLoader.cc:2394] Triangle input semantic: 'COLOR' is currently not supported
(2026-03-10T10:10:13.328257399) (2026-03-10T10:10:13.328270001) [Dbg] [Sensors.cc:610] Initialization needed
(2026-03-10T10:10:13.328316548) (2026-03-10T10:10:13.328325185) [Dbg] [Sensors.cc:270] Initializing render context
(2026-03-10T10:10:13.328467805) (2026-03-10T10:10:13.328473987) [Msg] Loading plugin [ignition-rendering-ogre]
(2026-03-10T10:10:13.328849699) (2026-03-10T10:10:13.328855683) [Msg] Serving scene information on [/world/mrsim/scene/info]
(2026-03-10T10:10:13.328919484) (2026-03-10T10:10:13.328924921) [Msg] Serving graph information on [/world/mrsim/scene/graph]
(2026-03-10T10:10:13.329109081) (2026-03-10T10:10:13.329125398) [Msg] Serving full state on [/world/mrsim/state]
(2026-03-10T10:10:13.329206968) (2026-03-10T10:10:13.329214421) [Msg] Serving full state (async) on [/world/mrsim/state_async]
(2026-03-10T10:10:13.329322056) (2026-03-10T10:10:13.329330706) [Msg] Publishing scene information on [/world/mrsim/scene/info]
(2026-03-10T10:10:13.329472462) (2026-03-10T10:10:13.329478466) [Msg] Publishing entity deletions on [/world/mrsim/scene/deletion]
(2026-03-10T10:10:13.329529837) (2026-03-10T10:10:13.329537099) [Msg] Publishing state changes on [/world/mrsim/state]
(2026-03-10T10:10:13.329615719) (2026-03-10T10:10:13.329623141) [Msg] Publishing pose messages on [/world/mrsim/pose/info]
(2026-03-10T10:10:13.329673447) (2026-03-10T10:10:13.329679925) [Msg] Publishing dynamic pose messages on [/world/mrsim/dynamic_pose/info]
(2026-03-10T10:10:13.329899031) (2026-03-10T10:10:13.329903642) [Dbg] [EntityComponentManager.cc:1623] Updated state thread iterators: 8 threads processing around 6 entities each.
(2026-03-10T10:10:13.347950467) (2026-03-10T10:10:13.347960579) [Wrn] [Component.hh:144] Trying to serialize component with data type [N3sdf3v125WorldE], which doesn't have `operator<<`. Component will not be serialized.
(2026-03-10T10:10:13.349645694) (2026-03-10T10:10:13.349654809) [Wrn] [Model.hh:69] (with //pose/@relative_to attribute.
2026-03-10T10:10:13.349676597) (2026-03-10T10:10:13.350036079) [Wrn] [Model.hh:69] Skipping serialization / deserialization for models with //pose/@relative_to attribute.
(2026-03-10T10:10:13.513307690) (2026-03-10T10:10:13.513314986) [Dbg] [RenderUtil.cc:2591] Create scene [scene]
(2026-03-10T10:10:13.514545667) ) (2026-03-10T10:10:13.514557757) [Dbg] [Sensors.cc:284] Rendering Thread initialized
2026-03-10T10:10:13.514581654) (2026-03-10T10:10:13.514594931) [Dbg] [Sensors.cc:610] Initialization needed
(2026-03-10T10:10:15.687576780) (2026-03-10T10:10:15.687595356) [Dbg] [CameraSensor.cc:449] Camera images for [qr4::base::camera] advertised on [/camera]
(2026-03-10T10:10:15.688691380) (2026-03-10T10:10:15.688700367) [Dbg] [CameraSensor.cc:760] Camera info for [qr4::base::camera] advertised on [/camera_info]
(2026-03-10T10:10:15.694326536) (2026-03-10T10:10:15.694337759) [Dbg] [CameraSensor.cc:573] Enabling camera sensor: 'qr4::base::camera' data generation.
(2026-03-10T10:10:38.120694651) (2026-03-10T10:10:38.120706169) [Dbg] [SimulationFeatures.cc:71] Simulation timestep set to: 0.005
(2026-03-10T10:11:11.575331007) (2026-03-10T10:11:11.575339282) [Dbg] [SignalHandler.cc:141] Received signal[2].
(2026-03-10T10:11:11.575366753) (2026-03-10T10:11:11.575371395) [Dbg] [ServerPrivate.cc:110] Server received signal[2]
(2026-03-10T10:11:11.575392081) (2026-03-10T10:11:11.575396601) [Dbg] [Sensors.cc:439] SensorsPrivate::Stop
(2026-03-10T10:11:11.579377782) (2026-03-10T10:11:11.579387815) [Dbg] [Sensors.cc:425] SensorsPrivate::RenderThread stopped
(2026-03-10T10:11:11.584179393) (2026-03-10T10:11:11.584188770) [Dbg] [gz.cc:410] Shutting down ign-gazebo-server
(((2026-03-10T10:11:11.588204230) ((2026-03-10T10:11:11.588222922) ) 2026-03-10T10:11:11.588264764) (2026-03-10T10:11:11.588291446) 2026-03-10T10:11:11.588271631) (2026-03-10T10:11:11.588322737) [Dbg] [SimulationRunner.cc:528] [Dbg] [SimulationRunner.cc:528] Exiting postupdate worker thread (0)
Exiting postupdate worker thread (1)
[Dbg] [SimulationRunner.cc:528] [Dbg] [SimulationRunner.cc:528] Exiting postupdate worker thread (2)
(2026-03-10T10:11:11.617191412) (2026-03-10T10:11:11.617201498) [Dbg] [Sensors.cc:439] SensorsPrivate::Stop
