(2026-03-17T16:56:37.793163149) (2026-03-17T16:56:37.793171653) [Msg] Ignition Gazebo Server v6.17.1
(2026-03-17T16:56:37.795447714) (2026-03-17T16:56:37.795456990) [Msg] Loading SDF world file[/home/user/ros2_ws/install/mrsim_gazebo_sim/share/mrsim_gazebo_sim/worlds/example.world].
(2026-03-17T16:56:38.52482912) (2026-03-17T16:56:38.52490462) [Msg] Serving entity system service on [/entity/system/add]
(2026-03-17T16:56:38.72355024) (2026-03-17T16:56:38.72364361) [Dbg] [SystemManager.cc:73] Loaded system [ignition::gazebo::systems::ShaderParam] for entity [9]
(2026-03-17T16:56:38.74624713) (2026-03-17T16:56:38.74631446) [Dbg] [SystemManager.cc:73] Loaded system [mrsim_gazebo_sim::SetPegPosePlugin] for entity [10]
(2026-03-17T16:56:38.99245003) (2026-03-17T16:56:38.99253955) [Dbg] [SystemManager.cc:73] Loaded system [mrsim_gazebo_sim::MrsimDroneIgnPlugin] for entity [14]
(2026-03-17T16:56:38.100514442) (2026-03-17T16:56:38.100519815) [Dbg] [MulticopterMotorModel.cc:373] Listening to topic: qr4/gazebo/command/motor_speed
(2026-03-17T16:56:38.100608851) (2026-03-17T16:56:38.100612994) [Dbg] [SystemManager.cc:73] Loaded system [ignition::gazebo::systems::MulticopterMotorModel] for entity [14]
(2026-03-17T16:56:38.100845601) (2026-03-17T16:56:38.100849873) [Dbg] [MulticopterMotorModel.cc:373] Listening to topic: qr4/gazebo/command/motor_speed
(2026-03-17T16:56:38.100905909) (2026-03-17T16:56:38.100909936) [Dbg] [SystemManager.cc:73] Loaded system [ignition::gazebo::systems::MulticopterMotorModel] for entity [14]
(2026-03-17T16:56:38.101115690) (2026-03-17T16:56:38.101119821) [Dbg] [MulticopterMotorModel.cc:373] Listening to topic: qr4/gazebo/command/motor_speed
(2026-03-17T16:56:38.101165652) (2026-03-17T16:56:38.101169448) [Dbg] [SystemManager.cc:73] Loaded system [ignition::gazebo::systems::MulticopterMotorModel] for entity [14]
(2026-03-17T16:56:38.101351018) (2026-03-17T16:56:38.101354949) [Dbg] [MulticopterMotorModel.cc:373] Listening to topic: qr4/gazebo/command/motor_speed
(2026-03-17T16:56:38.101397247) (2026-03-17T16:56:38.101401101) [Dbg] [SystemManager.cc:73] Loaded system [ignition::gazebo::systems::MulticopterMotorModel] for entity [14]
(2026-03-17T16:56:38.102329110) (2026-03-17T16:56:38.102334307) [Msg] OdometryPublisher publishing odometry on [/model/qr4/odometry]
(2026-03-17T16:56:38.102398453) (2026-03-17T16:56:38.102402499) [Msg] OdometryPublisher publishing odometry with covariance on [/model/qr4/odometry_with_covariance]
(2026-03-17T16:56:38.102454174) (2026-03-17T16:56:38.102458701) [Msg] OdometryPublisher publishing Pose_V (TF) on [/model/qr4/pose]
(2026-03-17T16:56:38.102476806) (2026-03-17T16:56:38.102480267) [Dbg] [SystemManager.cc:73] Loaded system [ignition::gazebo::systems::OdometryPublisher] for entity [14]
(2026-03-17T16:56:38.112730111) (2026-03-17T16:56:38.112745260) [Dbg] [Sensors.cc:506] Configuring Sensors system
(2026-03-17T16:56:38.112895752) (2026-03-17T16:56:38.112901151) [Dbg] [Sensors.cc:431] SensorsPrivate::Run
(2026-03-17T16:56:38.113039912) (2026-03-17T16:56:38.113046596(2026-03-17T16:56:38.113046596() 2026-03-17T16:56:38.113055246[Dbg] [Sensors.cc:411] 2026-03-17T16:56:38.113055246[Dbg] [Sensors.cc:411] ) (2026-03-17T16:56:38.113076547) SensorsPrivate::RenderThread started
(2026-03-17T16:56:38.113093375) (2026-03-17T16:56:38.1130981712026-03-17T16:56:38.113098171) Loaded system [[Dbg] [Sensors.cc:258] Waiting for init
] for entity [14]
(2026-03-17T16:56:38.113763525) (2026-03-17T16:56:38.113771411) [Msg] Loaded level [3]
(2026-03-17T16:56:38.113802254) (2026-03-17T16:56:38.113807953) [Msg] No systems loaded from SDF, loading defaults
(2026-03-17T16:56:38.114050669) (2026-03-17T16:56:38.114057303) [Dbg] [ServerConfig.cc:1043] Loaded (3) plugins from file [/home/user/.ignition/gazebo/6/server.config]
(2026-03-17T16:56:38.131657274) (2026-03-17T16:56:38.131669926) [Dbg] [Physics.cc:804] Loaded [ignition::physics::dartsim::Plugin] from library [/usr/lib/x86_64-linux-gnu/ign-physics-5/engine-plugins/libignition-physics-dartsim-plugin.so]
(2026-03-17T16:56:38.131743794) (2026-03-17T16:56:38.131747544) [Dbg] [SystemManager.cc:73] Loaded system [gz::sim::systems::Physics] for entity [1]
(2026-03-17T16:56:38.133514626) (2026-03-17T16:56:38.133521746) [Msg] Create service on [/world/mrsim/create]
(2026-03-17T16:56:38.133601142) (2026-03-17T16:56:38.133605310) [Msg] Remove service on [/world/mrsim/remove]
(2026-03-17T16:56:38.133666709) (2026-03-17T16:56:38.133670567) [Msg] Pose service on [/world/mrsim/set_pose]
(2026-03-17T16:56:38.133707141) (2026-03-17T16:56:38.133710829) [Msg] Pose service on [/world/mrsim/set_pose_vector]
(2026-03-17T16:56:38.133801538) (2026-03-17T16:56:38.133805446) [Msg] Light configuration service on [/world/mrsim/light_config]
(2026-03-17T16:56:38.133923913) (2026-03-17T16:56:38.133927962) [Msg] Physics service on [/world/mrsim/set_physics]
(2026-03-17T16:56:38.133990086) (2026-03-17T16:56:38.133993936) [Msg] SphericalCoordinates service on [/world/mrsim/set_spherical_coordinates]
(2026-03-17T16:56:38.134027079) (2026-03-17T16:56:38.134030767) [Msg] Enable collision service on [/world/mrsim/enable_collision]
(2026-03-17T16:56:38.134062052) (2026-03-17T16:56:38.134065683) [Msg] Disable collision service on [/world/mrsim/disable_collision]
(2026-03-17T16:56:38.134158271) (2026-03-17T16:56:38.134162202) [Msg] Material service on [/world/mrsim/visual_config]
(2026-03-17T16:56:38.134220272) (2026-03-17T16:56:38.134224086) [Msg] Material service on [/world/mrsim/wheel_slip]
(2026-03-17T16:56:38.134246215) (2026-03-17T16:56:38.134249784) [Dbg] [SystemManager.cc:73] Loaded system [gz::sim::systems::UserCommands] for entity [1]
(2026-03-17T16:56:38.135484286) (2026-03-17T16:56:38.135489338) [Dbg] [SystemManager.cc:73] Loaded system [gz::sim::systems::SceneBroadcaster] for entity [1]
(2026-03-17T16:56:38.135673054) (2026-03-17T16:56:38.135677191) [Msg] Serving world controls on [/world/mrsim/control], [/world/mrsim/control/state] and [/world/mrsim/playback/control]
(2026-03-17T16:56:38.135737559) (2026-03-17T16:56:38.135741310) [Msg] Serving GUI information on [/world/mrsim/gui/info]
(2026-03-17T16:56:38.135758700) (2026-03-17T16:56:38.135762109) [Msg] World [mrsim] initialized with [1ms] physics profile.
(2026-03-17T16:56:38.135841030) (2026-03-17T16:56:38.135844889) [Msg] Serving world SDF generation service on [/world/mrsim/generate_world_sdf]
(2026-03-17T16:56:38.135902643) (2026-03-17T16:56:38.135906457) [Msg] Serving world names on [/gazebo/worlds]
(2026-03-17T16:56:38.135937875) (2026-03-17T16:56:38.135941448) [Msg] Resource path add service on [/gazebo/resource_paths/add].
(2026-03-17T16:56:38.135972273) (2026-03-17T16:56:38.135975919) [Msg] Resource path get service on [/gazebo/resource_paths/get].
(2026-03-17T16:56:38.136006759) (2026-03-17T16:56:38.136010330) [Msg] Resource path resolve service on [/gazebo/resource_paths/resolve].
(2026-03-17T16:56:38.136055603) (2026-03-17T16:56:38.136061475) [Msg] Resource paths published on [/gazebo/resource_paths].
(2026-03-17T16:56:38.136119870) (2026-03-17T16:56:38.136123763) [Msg] Server control service on [/server_control].
(2026-03-17T16:56:39.691169385) (2026-03-17T16:56:39.691183981) [Msg] Found no publishers on /stats, adding root stats topic
(2026-03-17T16:56:39.691368524) (2026-03-17T16:56:39.691373365) [Msg] Found no publishers on /clock, adding root clock topic
(2026-03-17T16:56:39.691696929) (2026-03-17T16:56:39.691702385) [Dbg] [SimulationRunner.cc:501] Creating PostUpdate worker threads: 4
(2026-03-17T16:56:39.691726065) (2026-03-17T16:56:39.691729846) [Dbg] [SimulationRunner.cc:512] Creating postupdate worker thread (0)
(2026-03-17T16:56:39.691826776) (2026-03-17T16:56:39.691833276) [Dbg] [SimulationRunner.cc:512] Creating postupdate worker thread (1)
(2026-03-17T16:56:39.691904867) (2026-03-17T16:56:39.691911152) [Dbg] [SimulationRunner.cc:512] Creating postupdate worker thread (2)
(2026-03-17T16:56:39.696109269) (2026-03-17T16:56:39.696116667) [Dbg] [SimulationFeatures.cc:71] Simulation timestep set to: 0.005
(2026-03-17T16:56:39.696484803) (2026-03-17T16:56:39.696491439) [Dbg] [Sensors.cc:610] Initialization needed
(2026-03-17T16:56:39.696553887) (2026-03-17T16:56:39.696566346) [Dbg] [Sensors.cc:270] Initializing render context
(2026-03-17T16:56:39.696653650) (2026-03-17T16:56:39.696657664) [Msg] Loading plugin [ignition-rendering-ogre2]
(2026-03-17T16:56:39.697087407) (2026-03-17T16:56:39.697095020) [Msg] Serving scene information on [/world/mrsim/scene/info]
(2026-03-17T16:56:39.697149261) (2026-03-17T16:56:39.697153243) [Msg] Serving graph information on [/world/mrsim/scene/graph]
(2026-03-17T16:56:39.697245557) (2026-03-17T16:56:39.697249564) [Msg] Serving full state on [/world/mrsim/state]
(2026-03-17T16:56:39.697294749) (2026-03-17T16:56:39.697299936) [Msg] Serving full state (async) on [/world/mrsim/state_async]
(2026-03-17T16:56:39.697367844) (2026-03-17T16:56:39.697373306) [Msg] Publishing scene information on [/world/mrsim/scene/info]
(2026-03-17T16:56:39.697460832) (2026-03-17T16:56:39.697464858) [Msg] Publishing entity deletions on [/world/mrsim/scene/deletion]
(2026-03-17T16:56:39.697502260) (2026-03-17T16:56:39.697507057) [Msg] Publishing state changes on [/world/mrsim/state]
(2026-03-17T16:56:39.697568870) (2026-03-17T16:56:39.697575250) [Msg] Publishing pose messages on [/world/mrsim/pose/info]
(2026-03-17T16:56:39.697641897) (2026-03-17T16:56:39.697648130) [Msg] Publishing dynamic pose messages on [/world/mrsim/dynamic_pose/info]
(2026-03-17T16:56:39.697828001) (2026-03-17T16:56:39.697832612) [Dbg] [EntityComponentManager.cc:1623] Updated state thread iterators: 8 threads processing around 6 entities each.
(2026-03-17T16:56:39.836491433) (2026-03-17T16:56:39.836498930) [Dbg] [RenderUtil.cc:2591] Create scene [scene]
((2026-03-17T16:56:39.861940313) ((2026-03-17T16:56:39.861961978) ) (2026-03-17T16:56:39.8619688452026-03-17T16:56:39.861968845[Dbg] [Sensors.cc:284] ) Initialization needed


(2026-03-17T16:56:40.672520943) (2026-03-17T16:56:40.672532997) [Dbg] [CameraSensor.cc:394] Camera images for [qr4::base::camera] advertised on [/camera]
(2026-03-17T16:56:40.672762903) (2026-03-17T16:56:40.672769179) [Dbg] [CameraSensor.cc:705] Camera info for [qr4::base::camera] advertised on [/camera_info]
(2026-03-17T16:56:40.673195377) (2026-03-17T16:56:40.673200292) [Wrn] [Ogre2Camera.cc:390] Ogre2Camera::SetVisibilityMask: Mask bits c0000000 are set but will be ignored as they conflict with the reserved bits used internally by the ogre2 backend.
(2026-03-17T16:56:40.673379392) (2026-03-17T16:56:40.673383199) [Msg] Loading plugin [ignition-rendering-ogre2]
(2026-03-17T16:56:40.749708740) (2026-03-17T16:56:40.749720398) [Dbg] [CameraSensor.cc:518] Enabling camera sensor: 'qr4::base::camera' data generation.
(2026-03-17T16:56:51.198117104) (2026-03-17T16:56:51.198124964) [Dbg] [SignalHandler.cc:141] Received signal[2].
(2026-03-17T16:56:51.198144793) (2026-03-17T16:56:51.198148169) [Dbg] [ServerPrivate.cc:110] Server received signal[2]
(2026-03-17T16:56:51.198162311) (2026-03-17T16:56:51.198165690) [Dbg] [Sensors.cc:439] SensorsPrivate::Stop
(2026-03-17T16:56:51.198427081) (2026-03-17T16:56:51.198433259) [Dbg] [Sensors.cc:425] SensorsPrivate::RenderThread stopped
(2026-03-17T16:56:51.202837447) (2026-03-17T16:56:51.202842093) [Dbg] [gz.cc:410] Shutting down ign-gazebo-server
(2026-03-17T16:56:51.205382944) (2026-03-17T16:56:51.205390935(2026-03-17T16:56:51.205390935(2026-03-17T16:56:51.205399518) (2026-03-17T16:56:51.205407980) [Dbg] [SimulationRunner.cc:528] ) Exiting postupdate worker thread ((22026-03-17T16:56:51.205432098) (2026-03-17T16:56:51.205445191) )[Dbg] [SimulationRunner.cc:528] Exiting postupdate worker thread (0)
[Dbg] [SimulationRunner.cc:528] Exiting postupdate worker thread (1)
(2026-03-17T16:56:51.223986595) (2026-03-17T16:56:51.223993977) [Dbg] [Sensors.cc:439] SensorsPrivate::Stop
