(2026-03-13T16:12:21.972640637) (2026-03-13T16:12:21.972653844) [Msg] Ignition Gazebo Server v6.17.1
(2026-03-13T16:12:21.974921205) (2026-03-13T16:12:21.974928831) [Msg] Loading SDF world file[/home/user/ros2_ws/install/mrsim_gazebo_sim/share/mrsim_gazebo_sim/worlds/example.world].
(2026-03-13T16:12:22.216254887) (2026-03-13T16:12:22.216270051) [Msg] Serving entity system service on [/entity/system/add]
(2026-03-13T16:12:22.242474083) (2026-03-13T16:12:22.242482542) [Dbg] [SystemManager.cc:73] Loaded system [ignition::gazebo::systems::ShaderParam] for entity [9]
(2026-03-13T16:12:22.245441073) (2026-03-13T16:12:22.245449550) [Dbg] [SystemManager.cc:73] Loaded system [mrsim_gazebo_sim::SetPegPosePlugin] for entity [10]
(2026-03-13T16:12:22.275098595) (2026-03-13T16:12:22.275107569) [Dbg] [SystemManager.cc:73] Loaded system [mrsim_gazebo_sim::MrsimDroneIgnPlugin] for entity [14]
(2026-03-13T16:12:22.280705570) (2026-03-13T16:12:22.280713161) [Dbg] [MulticopterMotorModel.cc:373] Listening to topic: qr4/gazebo/command/motor_speed
(2026-03-13T16:12:22.280819270) (2026-03-13T16:12:22.280824519) [Dbg] [SystemManager.cc:73] Loaded system [ignition::gazebo::systems::MulticopterMotorModel] for entity [14]
(2026-03-13T16:12:22.281114268) (2026-03-13T16:12:22.281119752) [Dbg] [MulticopterMotorModel.cc:373] Listening to topic: qr4/gazebo/command/motor_speed
(2026-03-13T16:12:22.281181690) (2026-03-13T16:12:22.281186504) [Dbg] [SystemManager.cc:73] Loaded system [ignition::gazebo::systems::MulticopterMotorModel] for entity [14]
(2026-03-13T16:12:22.281431399) (2026-03-13T16:12:22.281436603) [Dbg] [MulticopterMotorModel.cc:373] Listening to topic: qr4/gazebo/command/motor_speed
(2026-03-13T16:12:22.281485951) (2026-03-13T16:12:22.281490804) [Dbg] [SystemManager.cc:73] Loaded system [ignition::gazebo::systems::MulticopterMotorModel] for entity [14]
(2026-03-13T16:12:22.281718613) (2026-03-13T16:12:22.281723716) [Dbg] [MulticopterMotorModel.cc:373] Listening to topic: qr4/gazebo/command/motor_speed
(2026-03-13T16:12:22.281772427) (2026-03-13T16:12:22.281777245) [Dbg] [SystemManager.cc:73] Loaded system [ignition::gazebo::systems::MulticopterMotorModel] for entity [14]
(2026-03-13T16:12:22.283529635) (2026-03-13T16:12:22.283537473) [Msg] OdometryPublisher publishing odometry on [/model/qr4/odometry]
(2026-03-13T16:12:22.283665550) (2026-03-13T16:12:22.283674236) [Msg] OdometryPublisher publishing odometry with covariance on [/model/qr4/odometry_with_covariance]
(2026-03-13T16:12:22.283769563) (2026-03-13T16:12:22.283775006) [Msg] OdometryPublisher publishing Pose_V (TF) on [/model/qr4/pose]
(2026-03-13T16:12:22.283799393) (2026-03-13T16:12:22.283803830) [Dbg] [SystemManager.cc:73] Loaded system [ignition::gazebo::systems::OdometryPublisher] for entity [14]
(2026-03-13T16:12:22.302326772) (2026-03-13T16:12:22.302337326) [Dbg] [Sensors.cc:506] Configuring Sensors system
(2026-03-13T16:12:22.302432723) (2026-03-13T16:12:22.302437401) [Dbg] [Sensors.cc:431] SensorsPrivate::Run
(2026-03-13T16:12:22.302542546) ((2026-03-13T16:12:22.302553177(2026-03-13T16:12:22.3025531772026-03-13T16:12:22.302565168) (2026-03-13T16:12:22.3025759822026-03-13T16:12:22.302575982) [Dbg] [SystemManager.cc:73] Loaded system [ignition::gazebo::systems::Sensors] for entity [14[Dbg] [Sensors.cc:411] ]
SensorsPrivate::RenderThread started
(2026-03-13T16:12:22.302644690) (2026-03-13T16:12:22.302651279) [Dbg] [Sensors.cc:258] Waiting for init
(2026-03-13T16:12:22.303138565) (2026-03-13T16:12:22.303145904) [Msg] Loaded level [3]
(2026-03-13T16:12:22.303175283) (2026-03-13T16:12:22.303181331) [Msg] No systems loaded from SDF, loading defaults
(2026-03-13T16:12:22.303383438) (2026-03-13T16:12:22.303390308) [Dbg] [ServerConfig.cc:1043] Loaded (3) plugins from file [/home/user/.ignition/gazebo/6/server.config]
(2026-03-13T16:12:22.327675684) (2026-03-13T16:12:22.327684778) [Dbg] [Physics.cc:804] Loaded [ignition::physics::dartsim::Plugin] from library [/usr/lib/x86_64-linux-gnu/ign-physics-5/engine-plugins/libignition-physics-dartsim-plugin.so]
(2026-03-13T16:12:22.327743307) (2026-03-13T16:12:22.327757666) [Dbg] [SystemManager.cc:73] Loaded system [gz::sim::systems::Physics] for entity [1]
(2026-03-13T16:12:22.329778803) (2026-03-13T16:12:22.329787856) [Msg] Create service on [/world/mrsim/create]
(2026-03-13T16:12:22.329896226) (2026-03-13T16:12:22.329902554) [Msg] Remove service on [/world/mrsim/remove]
(2026-03-13T16:12:22.330025158) (2026-03-13T16:12:22.330033415) [Msg] Pose service on [/world/mrsim/set_pose]
(2026-03-13T16:12:22.330123740) (2026-03-13T16:12:22.330131821) [Msg] Pose service on [/world/mrsim/set_pose_vector]
(2026-03-13T16:12:22.330265407) (2026-03-13T16:12:22.330271733) [Msg] Light configuration service on [/world/mrsim/light_config]
(2026-03-13T16:12:22.330457550) (2026-03-13T16:12:22.330466668) [Msg] Physics service on [/world/mrsim/set_physics]
(2026-03-13T16:12:22.330602133) (2026-03-13T16:12:22.330607393) [Msg] SphericalCoordinates service on [/world/mrsim/set_spherical_coordinates]
(2026-03-13T16:12:22.330692072) (2026-03-13T16:12:22.330697132) [Msg] Enable collision service on [/world/mrsim/enable_collision]
(2026-03-13T16:12:22.330749142) (2026-03-13T16:12:22.330756473) [Msg] Disable collision service on [/world/mrsim/disable_collision]
(2026-03-13T16:12:22.330898745) (2026-03-13T16:12:22.330906019) [Msg] Material service on [/world/mrsim/visual_config]
(2026-03-13T16:12:22.330991510) (2026-03-13T16:12:22.330999011) [Msg] Material service on [/world/mrsim/wheel_slip]
(2026-03-13T16:12:22.331038304) (2026-03-13T16:12:22.331042983) [Dbg] [SystemManager.cc:73] Loaded system [gz::sim::systems::UserCommands] for entity [1]
(2026-03-13T16:12:22.332589562) (2026-03-13T16:12:22.332597495) [Dbg] [SystemManager.cc:73] Loaded system [gz::sim::systems::SceneBroadcaster] for entity [1]
(2026-03-13T16:12:22.332908397) (2026-03-13T16:12:22.332914492) [Msg] Serving world controls on [/world/mrsim/control], [/world/mrsim/control/state] and [/world/mrsim/playback/control]
(2026-03-13T16:12:22.333011423) (2026-03-13T16:12:22.333017601) [Msg] Serving GUI information on [/world/mrsim/gui/info]
(2026-03-13T16:12:22.333041385) (2026-03-13T16:12:22.333045953) [Msg] World [mrsim] initialized with [1ms] physics profile.
(2026-03-13T16:12:22.333156812) (2026-03-13T16:12:22.333163819) [Msg] Serving world SDF generation service on [/world/mrsim/generate_world_sdf]
(2026-03-13T16:12:22.333246431) (2026-03-13T16:12:22.333252565) [Msg] Serving world names on [/gazebo/worlds]
(2026-03-13T16:12:22.333304677) (2026-03-13T16:12:22.333312313) [Msg] Resource path add service on [/gazebo/resource_paths/add].
(2026-03-13T16:12:22.333399589) (2026-03-13T16:12:22.333407889) [Msg] Resource path get service on [/gazebo/resource_paths/get].
(2026-03-13T16:12:22.333464290) (2026-03-13T16:12:22.333469455) [Msg] Resource path resolve service on [/gazebo/resource_paths/resolve].
(2026-03-13T16:12:22.333551212) (2026-03-13T16:12:22.333558572) [Msg] Resource paths published on [/gazebo/resource_paths].
(2026-03-13T16:12:22.333709714) (2026-03-13T16:12:22.333718240) [Msg] Server control service on [/server_control].
(2026-03-13T16:12:23.868896325) (2026-03-13T16:12:23.868905842) [Msg] Found no publishers on /stats, adding root stats topic
(2026-03-13T16:12:23.869092374) (2026-03-13T16:12:23.869100271) [Msg] Found no publishers on /clock, adding root clock topic
(2026-03-13T16:12:23.869293913) (2026-03-13T16:12:23.869302571) [Dbg] [SimulationRunner.cc:501] Creating PostUpdate worker threads: 4
(2026-03-13T16:12:23.869336791) (2026-03-13T16:12:23.869345157) [Dbg] [SimulationRunner.cc:512] Creating postupdate worker thread (0)
(2026-03-13T16:12:23.869424655) (2026-03-13T16:12:23.869429786) [Dbg] [SimulationRunner.cc:512] Creating postupdate worker thread (1)
(2026-03-13T16:12:23.869467821) (2026-03-13T16:12:23.869472496) [Dbg] [SimulationRunner.cc:512] Creating postupdate worker thread (2)
(2026-03-13T16:12:23.874142266) (2026-03-13T16:12:23.874152369) [Dbg] [SimulationFeatures.cc:71] Simulation timestep set to: 0.005
(2026-03-13T16:12:23.874698300) (2026-03-13T16:12:23.874710621) [Dbg] [Sensors.cc:610] Initialization needed
(2026-03-13T16:12:23.874791696) (2026-03-13T16:12:23.874801968) [Dbg] [Sensors.cc:270] Initializing render context
(2026-03-13T16:12:23.874926900) (2026-03-13T16:12:23.874935110) [Msg] Loading plugin [ignition-rendering-ogre2]
(2026-03-13T16:12:23.875761062) (2026-03-13T16:12:23.875776101) [Msg] Serving scene information on [/world/mrsim/scene/info]
(2026-03-13T16:12:23.875922707) (2026-03-13T16:12:23.875932214) [Msg] Serving graph information on [/world/mrsim/scene/graph]
(2026-03-13T16:12:23.876094744) (2026-03-13T16:12:23.876104208) [Msg] Serving full state on [/world/mrsim/state]
(2026-03-13T16:12:23.876206380) (2026-03-13T16:12:23.876215710) [Msg] Serving full state (async) on [/world/mrsim/state_async]
(2026-03-13T16:12:23.876343277) (2026-03-13T16:12:23.876351106) [Msg] Publishing scene information on [/world/mrsim/scene/info]
(2026-03-13T16:12:23.876504612) (2026-03-13T16:12:23.876514275) [Msg] Publishing entity deletions on [/world/mrsim/scene/deletion]
(2026-03-13T16:12:23.876587839) (2026-03-13T16:12:23.876595908) [Msg] Publishing state changes on [/world/mrsim/state]
(2026-03-13T16:12:23.876682123) (2026-03-13T16:12:23.876689173) [Msg] Publishing pose messages on [/world/mrsim/pose/info]
(2026-03-13T16:12:23.876778701) (2026-03-13T16:12:23.876787311) [Msg] Publishing dynamic pose messages on [/world/mrsim/dynamic_pose/info]
(2026-03-13T16:12:23.877155504) (2026-03-13T16:12:23.877165783) [Dbg] [EntityComponentManager.cc:1623] Updated state thread iterators: 8 threads processing around 6 entities each.
(2026-03-13T16:12:24.91396677) (2026-03-13T16:12:24.91404308) [Dbg] [RenderUtil.cc:2591] Create scene [scene]
((2026-03-13T16:12:24.122206813(2026-03-13T16:12:24.122206813) (2026-03-13T16:12:24.1222392702026-03-13T16:12:24.122231757) 2026-03-13T16:12:24.122231757) ) (2026-03-13T16:12:24.122255654) ) Initialization needed
Rendering Thread initialized
(2026-03-13T16:12:25.170262242) (2026-03-13T16:12:25.170274357) [Dbg] [CameraSensor.cc:394] Camera images for [qr4::base::camera] advertised on [/camera]
(2026-03-13T16:12:25.170416536) (2026-03-13T16:12:25.170424563) [Dbg] [CameraSensor.cc:705] Camera info for [qr4::base::camera] advertised on [/camera_info]
(2026-03-13T16:12:25.170823406) (2026-03-13T16:12:25.170830320) [Wrn] [Ogre2Camera.cc:390] Ogre2Camera::SetVisibilityMask: Mask bits c0000000 are set but will be ignored as they conflict with the reserved bits used internally by the ogre2 backend.
(2026-03-13T16:12:25.171100695) (2026-03-13T16:12:25.171107816) [Msg] Loading plugin [ignition-rendering-ogre2]
(2026-03-13T16:12:25.243384068) (2026-03-13T16:12:25.243397268) [Dbg] [CameraSensor.cc:518] Enabling camera sensor: 'qr4::base::camera' data generation.
(2026-03-13T16:12:39.764757779) (2026-03-13T16:12:39.764784132) [Dbg] [SignalHandler.cc:141] Received signal[2].
(2026-03-13T16:12:39.764846949) (2026-03-13T16:12:39.764857361) [Dbg] [ServerPrivate.cc:110] Server received signal[2]
(2026-03-13T16:12:39.764914732) (2026-03-13T16:12:39.764924311) [Dbg] [Sensors.cc:439] SensorsPrivate::Stop
(2026-03-13T16:12:39.765807405) (2026-03-13T16:12:39.765823683) [Dbg] [Sensors.cc:425] SensorsPrivate::RenderThread stopped
(2026-03-13T16:12:39.769496865) (2026-03-13T16:12:39.769521433) [Dbg] [gz.cc:410] Shutting down ign-gazebo-server
(((2026-03-13T16:12:39.775050905) ) ) ((2026-03-13T16:12:39.7750872152026-03-13T16:12:39.7750872152026-03-13T16:12:39.775094221) ) ) ) ([Dbg] [SimulationRunner.cc:528] [Dbg] [SimulationRunner.cc:528] 2026-03-13T16:12:39.775130737) Exiting postupdate worker thread (Exiting postupdate worker thread ([Dbg] [SimulationRunner.cc:528] 2))1Exiting postupdate worker thread (0)

)
(2026-03-13T16:12:39.819580954) (2026-03-13T16:12:39.819594413) [Dbg] [Sensors.cc:439] SensorsPrivate::Stop
