(2026-03-18T10:03:45.568223680) (2026-03-18T10:03:45.568232749) [Msg] Ignition Gazebo Server v6.17.1
(2026-03-18T10:03:45.571053552) (2026-03-18T10:03:45.571070779) [Msg] Loading SDF world file[/home/user/ros2_ws/install/mrsim_gazebo_sim/share/mrsim_gazebo_sim/worlds/example.world].
(2026-03-18T10:03:45.898127430) (2026-03-18T10:03:45.898142668) [Msg] Serving entity system service on [/entity/system/add]
(2026-03-18T10:03:45.942739419) (2026-03-18T10:03:45.942752772) [Dbg] [SystemManager.cc:73] Loaded system [ignition::gazebo::systems::ShaderParam] for entity [9]
(2026-03-18T10:03:45.947704864) (2026-03-18T10:03:45.947719894) [Dbg] [SystemManager.cc:73] Loaded system [mrsim_gazebo_sim::SetPegPosePlugin] for entity [10]
(2026-03-18T10:03:45.994800051) (2026-03-18T10:03:45.994815142) [Dbg] [SystemManager.cc:73] Loaded system [mrsim_gazebo_sim::MrsimDroneIgnPlugin] for entity [14]
(2026-03-18T10:03:45.997347495) (2026-03-18T10:03:45.997376528) [Dbg] [MulticopterMotorModel.cc:373] Listening to topic: qr4/gazebo/command/motor_speed
(2026-03-18T10:03:45.997580209) (2026-03-18T10:03:45.997588971) [Dbg] [SystemManager.cc:73] Loaded system [ignition::gazebo::systems::MulticopterMotorModel] for entity [14]
(2026-03-18T10:03:45.998115085) (2026-03-18T10:03:45.998124718) [Dbg] [MulticopterMotorModel.cc:373] Listening to topic: qr4/gazebo/command/motor_speed
(2026-03-18T10:03:45.998279190) (2026-03-18T10:03:45.998287485) [Dbg] [SystemManager.cc:73] Loaded system [ignition::gazebo::systems::MulticopterMotorModel] for entity [14]
(2026-03-18T10:03:45.998846844) (2026-03-18T10:03:45.998856869) [Dbg] [MulticopterMotorModel.cc:373] Listening to topic: qr4/gazebo/command/motor_speed
(2026-03-18T10:03:45.998978203) (2026-03-18T10:03:45.998987053) [Dbg] [SystemManager.cc:73] Loaded system [ignition::gazebo::systems::MulticopterMotorModel] for entity [14]
(2026-03-18T10:03:45.999467728) (2026-03-18T10:03:45.999477376) [Dbg] [MulticopterMotorModel.cc:373] Listening to topic: qr4/gazebo/command/motor_speed
(2026-03-18T10:03:45.999620851) (2026-03-18T10:03:45.999628807) [Dbg] [SystemManager.cc:73] Loaded system [ignition::gazebo::systems::MulticopterMotorModel] for entity [14]
(2026-03-18T10:03:46.2074256) (2026-03-18T10:03:46.2088560) [Msg] OdometryPublisher publishing odometry on [/model/qr4/odometry]
(2026-03-18T10:03:46.2353350) (2026-03-18T10:03:46.2362493) [Msg] OdometryPublisher publishing odometry with covariance on [/model/qr4/odometry_with_covariance]
(2026-03-18T10:03:46.2960853) (2026-03-18T10:03:46.2970390) [Msg] OdometryPublisher publishing Pose_V (TF) on [/model/qr4/pose]
(2026-03-18T10:03:46.3017347) (2026-03-18T10:03:46.3025107) [Dbg] [SystemManager.cc:73] Loaded system [ignition::gazebo::systems::OdometryPublisher] for entity [14]
(2026-03-18T10:03:46.29819887) (2026-03-18T10:03:46.29834574) [Dbg] [Sensors.cc:506] Configuring Sensors system
(2026-03-18T10:03:46.30011681) (2026-03-18T10:03:46.30020115) [Dbg] [Sensors.cc:431] SensorsPrivate::Run
(2026-03-18T10:03:46.30176912) ((2026-03-18T10:03:46.30210224) ) ) (2026-03-18T10:03:46.30235334) [Dbg] [SystemManager.cc:73] SensorsPrivate::RenderThread started
(Loaded system [2026-03-18T10:03:46.30279586) (2026-03-18T10:03:46.30296063) ] for entity [14]
[Dbg] [Sensors.cc:258] Waiting for init
(2026-03-18T10:03:46.31017523) (2026-03-18T10:03:46.31030134) [Msg] Loaded level [3]
(2026-03-18T10:03:46.31074297) (2026-03-18T10:03:46.31081873) [Msg] No systems loaded from SDF, loading defaults
(2026-03-18T10:03:46.31397199) (2026-03-18T10:03:46.31407999) [Dbg] [ServerConfig.cc:1043] Loaded (3) plugins from file [/home/user/.ignition/gazebo/6/server.config]
(2026-03-18T10:03:46.69349976) (2026-03-18T10:03:46.69364534) [Dbg] [Physics.cc:804] Loaded [ignition::physics::dartsim::Plugin] from library [/usr/lib/x86_64-linux-gnu/ign-physics-5/engine-plugins/libignition-physics-dartsim-plugin.so]
(2026-03-18T10:03:46.71966729) (2026-03-18T10:03:46.71981937) [Dbg] [SystemManager.cc:73] Loaded system [gz::sim::systems::Physics] for entity [1]
(2026-03-18T10:03:46.76360988) (2026-03-18T10:03:46.76375921) [Msg] Create service on [/world/mrsim/create]
(2026-03-18T10:03:46.76578584) (2026-03-18T10:03:46.76587407) [Msg] Remove service on [/world/mrsim/remove]
(2026-03-18T10:03:46.76745403) (2026-03-18T10:03:46.76753669) [Msg] Pose service on [/world/mrsim/set_pose]
(2026-03-18T10:03:46.76859857) (2026-03-18T10:03:46.76868310) [Msg] Pose service on [/world/mrsim/set_pose_vector]
(2026-03-18T10:03:46.77085585) (2026-03-18T10:03:46.77094543) [Msg] Light configuration service on [/world/mrsim/light_config]
(2026-03-18T10:03:46.77387085) (2026-03-18T10:03:46.77396359) [Msg] Physics service on [/world/mrsim/set_physics]
(2026-03-18T10:03:46.77549031) (2026-03-18T10:03:46.77556996) [Msg] SphericalCoordinates service on [/world/mrsim/set_spherical_coordinates]
(2026-03-18T10:03:46.77679757) (2026-03-18T10:03:46.77687618) [Msg] Enable collision service on [/world/mrsim/enable_collision]
(2026-03-18T10:03:46.77795288) (2026-03-18T10:03:46.77802812) [Msg] Disable collision service on [/world/mrsim/disable_collision]
(2026-03-18T10:03:46.78037639) (2026-03-18T10:03:46.78046279) [Msg] Material service on [/world/mrsim/visual_config]
(2026-03-18T10:03:46.80154066) (2026-03-18T10:03:46.80175314) [Msg] Material service on [/world/mrsim/wheel_slip]
(2026-03-18T10:03:46.80269045) (2026-03-18T10:03:46.80277678) [Dbg] [SystemManager.cc:73] Loaded system [gz::sim::systems::UserCommands] for entity [1]
(2026-03-18T10:03:46.84675820) (2026-03-18T10:03:46.84691509) [Dbg] [SystemManager.cc:73] Loaded system [gz::sim::systems::SceneBroadcaster] for entity [1]
(2026-03-18T10:03:46.85272940) (2026-03-18T10:03:46.85283783) [Msg] Serving world controls on [/world/mrsim/control], [/world/mrsim/control/state] and [/world/mrsim/playback/control]
(2026-03-18T10:03:46.85448260) (2026-03-18T10:03:46.85456147) [Msg] Serving GUI information on [/world/mrsim/gui/info]
(2026-03-18T10:03:46.85498325) (2026-03-18T10:03:46.85504379) [Msg] World [mrsim] initialized with [1ms] physics profile.
(2026-03-18T10:03:46.85704814) (2026-03-18T10:03:46.85712980) [Msg] Serving world SDF generation service on [/world/mrsim/generate_world_sdf]
(2026-03-18T10:03:46.85908985) (2026-03-18T10:03:46.85918139) [Msg] Serving world names on [/gazebo/worlds]
(2026-03-18T10:03:46.186749684) (2026-03-18T10:03:46.186760836) [Msg] Resource path add service on [/gazebo/resource_paths/add].
(2026-03-18T10:03:46.188589931) (2026-03-18T10:03:46.188600709) [Msg] Resource path get service on [/gazebo/resource_paths/get].
(2026-03-18T10:03:46.288007060) (2026-03-18T10:03:46.288024593) [Msg] Resource path resolve service on [/gazebo/resource_paths/resolve].
(2026-03-18T10:03:46.288141304) (2026-03-18T10:03:46.288148069) [Msg] Resource paths published on [/gazebo/resource_paths].
(2026-03-18T10:03:46.288325079) (2026-03-18T10:03:46.288333391) [Msg] Server control service on [/server_control].
(2026-03-18T10:03:47.459569986) (2026-03-18T10:03:47.459581971) [Msg] Found no publishers on /stats, adding root stats topic
(2026-03-18T10:03:47.459793828) (2026-03-18T10:03:47.459799799) [Msg] Found no publishers on /clock, adding root clock topic
(2026-03-18T10:03:47.459949141) (2026-03-18T10:03:47.459957053) [Dbg] [SimulationRunner.cc:501] Creating PostUpdate worker threads: 4
(2026-03-18T10:03:47.459989637) (2026-03-18T10:03:47.459996410) [Dbg] [SimulationRunner.cc:512] Creating postupdate worker thread (0)
(2026-03-18T10:03:47.460073377) (2026-03-18T10:03:47.460078496) [Dbg] [SimulationRunner.cc:512] Creating postupdate worker thread (1)
(2026-03-18T10:03:47.460123741) (2026-03-18T10:03:47.460128718) [Dbg] [SimulationRunner.cc:512] Creating postupdate worker thread (2)
(2026-03-18T10:03:47.464476138) (2026-03-18T10:03:47.464485460) [Dbg] [SimulationFeatures.cc:71] Simulation timestep set to: 0.005
(2026-03-18T10:03:47.464987347) (2026-03-18T10:03:47.464999441) [Dbg] [Sensors.cc:610] Initialization needed
(2026-03-18T10:03:47.465057510) (2026-03-18T10:03:47.465068696) [Dbg] [Sensors.cc:270] Initializing render context
(2026-03-18T10:03:47.465233828) (2026-03-18T10:03:47.465241953) [Msg] Loading plugin [ignition-rendering-ogre2]
(2026-03-18T10:03:47.465712609) (2026-03-18T10:03:47.465723577) [Msg] Serving scene information on [/world/mrsim/scene/info]
(2026-03-18T10:03:47.465800343) (2026-03-18T10:03:47.465809253) [Msg] Serving graph information on [/world/mrsim/scene/graph]
(2026-03-18T10:03:47.465942354) (2026-03-18T10:03:47.465950988) [Msg] Serving full state on [/world/mrsim/state]
(2026-03-18T10:03:47.466022138) (2026-03-18T10:03:47.466030536) [Msg] Serving full state (async) on [/world/mrsim/state_async]
(2026-03-18T10:03:47.466106097) (2026-03-18T10:03:47.466114430) [Msg] Publishing scene information on [/world/mrsim/scene/info]
(2026-03-18T10:03:47.466220792) (2026-03-18T10:03:47.466229246) [Msg] Publishing entity deletions on [/world/mrsim/scene/deletion]
(2026-03-18T10:03:47.466278774) (2026-03-18T10:03:47.466285470) [Msg] Publishing state changes on [/world/mrsim/state]
(2026-03-18T10:03:47.466342250) (2026-03-18T10:03:47.466349138) [Msg] Publishing pose messages on [/world/mrsim/pose/info]
(2026-03-18T10:03:47.466405711) (2026-03-18T10:03:47.466410451) [Msg] Publishing dynamic pose messages on [/world/mrsim/dynamic_pose/info]
(2026-03-18T10:03:47.466627721) (2026-03-18T10:03:47.466632882) [Dbg] [EntityComponentManager.cc:1623] Updated state thread iterators: 8 threads processing around 6 entities each.
(2026-03-18T10:03:47.664014549) (2026-03-18T10:03:47.664022131) [Dbg] [RenderUtil.cc:2591] Create scene [scene]
((2026-03-18T10:03:47.692654791) (2026-03-18T10:03:47.692666052) 2026-03-18T10:03:47.692640192) (2026-03-18T10:03:47.692681029) [Dbg] [Sensors.cc:610] [Dbg] [Sensors.cc:284] Initialization neededRendering Thread initialized
Initialization neededRendering Thread initialized
(2026-03-18T10:03:48.750535501) (2026-03-18T10:03:48.750553303) [Dbg] [CameraSensor.cc:394] Camera images for [qr4::base::camera] advertised on [/camera]
(2026-03-18T10:03:48.750695325) (2026-03-18T10:03:48.750703849) [Dbg] [CameraSensor.cc:705] Camera info for [qr4::base::camera] advertised on [/camera_info]
(2026-03-18T10:03:48.751124655) (2026-03-18T10:03:48.751134067) [Wrn] [Ogre2Camera.cc:390] Ogre2Camera::SetVisibilityMask: Mask bits c0000000 are set but will be ignored as they conflict with the reserved bits used internally by the ogre2 backend.
(2026-03-18T10:03:48.751330233) (2026-03-18T10:03:48.751335300) [Msg] Loading plugin [ignition-rendering-ogre2]
(2026-03-18T10:03:48.833378803) (2026-03-18T10:03:48.833389126) [Dbg] [CameraSensor.cc:518] Enabling camera sensor: 'qr4::base::camera' data generation.
(2026-03-18T10:04:02.528910799) (2026-03-18T10:04:02.528920961) [Dbg] [SignalHandler.cc:141] Received signal[2].
(2026-03-18T10:04:02.528947243) (2026-03-18T10:04:02.528952298) [Dbg] [ServerPrivate.cc:110] Server received signal[2]
(2026-03-18T10:04:02.528972433) (2026-03-18T10:04:02.528977377) [Dbg] [Sensors.cc:439] SensorsPrivate::Stop
(2026-03-18T10:04:02.529282840) (2026-03-18T10:04:02.529290698) [Dbg] [Sensors.cc:425] SensorsPrivate::RenderThread stopped
(2026-03-18T10:04:02.531513276) (2026-03-18T10:04:02.531522709) [Dbg] [gz.cc:410] Shutting down ign-gazebo-server
((((2026-03-18T10:04:02.534696203) ) (2026-03-18T10:04:02.534715202) (2026-03-18T10:04:02.534732369) 2026-03-18T10:04:02.5347206532026-03-18T10:04:02.534720653) [Dbg] [SimulationRunner.cc:528] ([Dbg] [SimulationRunner.cc:528] () [Dbg] [SimulationRunner.cc:528] () 2026-03-18T10:04:02.534761257) Exiting postupdate worker thread (1)
[Dbg] [SimulationRunner.cc:528] Exiting postupdate worker thread (002)
)
(2026-03-18T10:04:02.560643489) (2026-03-18T10:04:02.560656428) [Dbg] [Sensors.cc:439] SensorsPrivate::Stop
