(2026-03-13T16:16:51.557238759) (2026-03-13T16:16:51.557250310) [Msg] Ignition Gazebo Server v6.17.1
(2026-03-13T16:16:51.560657871) (2026-03-13T16:16:51.560670048) [Msg] Loading SDF world file[/home/user/ros2_ws/install/mrsim_gazebo_sim/share/mrsim_gazebo_sim/worlds/example.world].
(2026-03-13T16:16:51.829194445) (2026-03-13T16:16:51.829208476) [Msg] Serving entity system service on [/entity/system/add]
(2026-03-13T16:16:51.858213134) (2026-03-13T16:16:51.858225957) [Dbg] [SystemManager.cc:73] Loaded system [ignition::gazebo::systems::ShaderParam] for entity [9]
(2026-03-13T16:16:51.861326605) (2026-03-13T16:16:51.861335845) [Dbg] [SystemManager.cc:73] Loaded system [mrsim_gazebo_sim::SetPegPosePlugin] for entity [10]
(2026-03-13T16:16:51.895345457) (2026-03-13T16:16:51.895357636) [Dbg] [SystemManager.cc:73] Loaded system [mrsim_gazebo_sim::MrsimDroneIgnPlugin] for entity [14]
(2026-03-13T16:16:51.897137991) (2026-03-13T16:16:51.897146963) [Dbg] [MulticopterMotorModel.cc:373] Listening to topic: qr4/gazebo/command/motor_speed
(2026-03-13T16:16:51.897270242) (2026-03-13T16:16:51.897275723) [Dbg] [SystemManager.cc:73] Loaded system [ignition::gazebo::systems::MulticopterMotorModel] for entity [14]
(2026-03-13T16:16:51.897584993) (2026-03-13T16:16:51.897590663) [Dbg] [MulticopterMotorModel.cc:373] Listening to topic: qr4/gazebo/command/motor_speed
(2026-03-13T16:16:51.897665308) (2026-03-13T16:16:51.897670538) [Dbg] [SystemManager.cc:73] Loaded system [ignition::gazebo::systems::MulticopterMotorModel] for entity [14]
(2026-03-13T16:16:51.897950957) (2026-03-13T16:16:51.897956641) [Dbg] [MulticopterMotorModel.cc:373] Listening to topic: qr4/gazebo/command/motor_speed
(2026-03-13T16:16:51.898018844) (2026-03-13T16:16:51.898024108) [Dbg] [SystemManager.cc:73] Loaded system [ignition::gazebo::systems::MulticopterMotorModel] for entity [14]
(2026-03-13T16:16:51.898281863) (2026-03-13T16:16:51.898287672) [Dbg] [MulticopterMotorModel.cc:373] Listening to topic: qr4/gazebo/command/motor_speed
(2026-03-13T16:16:51.898349106) (2026-03-13T16:16:51.898354114) [Dbg] [SystemManager.cc:73] Loaded system [ignition::gazebo::systems::MulticopterMotorModel] for entity [14]
(2026-03-13T16:16:51.899637566) (2026-03-13T16:16:51.899646899) [Msg] OdometryPublisher publishing odometry on [/model/qr4/odometry]
(2026-03-13T16:16:51.899759151) (2026-03-13T16:16:51.899766340) [Msg] OdometryPublisher publishing odometry with covariance on [/model/qr4/odometry_with_covariance]
(2026-03-13T16:16:51.899874027) (2026-03-13T16:16:51.899880369) [Msg] OdometryPublisher publishing Pose_V (TF) on [/model/qr4/pose]
(2026-03-13T16:16:51.899914389) (2026-03-13T16:16:51.899920985) [Dbg] [SystemManager.cc:73] Loaded system [ignition::gazebo::systems::OdometryPublisher] for entity [14]
(2026-03-13T16:16:51.915243903) (2026-03-13T16:16:51.915253029) [Dbg] [Sensors.cc:506] Configuring Sensors system
(2026-03-13T16:16:51.915344606) (2026-03-13T16:16:51.915349274) [Dbg] [Sensors.cc:431] SensorsPrivate::Run
(2026-03-13T16:16:51.915453700) (2026-03-13T16:16:51.915462108) [Dbg] [SystemManager.cc:73] ) ) Loaded system [(Loaded system [(ignition::gazebo::systems::Sensors2026-03-13T16:16:51.915486113] for entity [2026-03-13T16:16:51.915486113] for entity [) 14]
[Dbg] [Sensors.cc:411] SensorsPrivate::RenderThread started
(2026-03-13T16:16:51.915548445) (2026-03-13T16:16:51.915554823) [Dbg] [Sensors.cc:258] Waiting for init
(2026-03-13T16:16:51.915991871) (2026-03-13T16:16:51.915998849) [Msg] Loaded level [3]
(2026-03-13T16:16:51.916026497) (2026-03-13T16:16:51.916032311) [Msg] No systems loaded from SDF, loading defaults
(2026-03-13T16:16:51.916225708) (2026-03-13T16:16:51.916232282) [Dbg] [ServerConfig.cc:1043] Loaded (3) plugins from file [/home/user/.ignition/gazebo/6/server.config]
(2026-03-13T16:16:51.939999159) (2026-03-13T16:16:51.940013172) [Dbg] [Physics.cc:804] Loaded [ignition::physics::dartsim::Plugin] from library [/usr/lib/x86_64-linux-gnu/ign-physics-5/engine-plugins/libignition-physics-dartsim-plugin.so]
(2026-03-13T16:16:51.940096214) (2026-03-13T16:16:51.940103570) [Dbg] [SystemManager.cc:73] Loaded system [gz::sim::systems::Physics] for entity [1]
(2026-03-13T16:16:51.942729246) (2026-03-13T16:16:51.942742219) [Msg] Create service on [/world/mrsim/create]
(2026-03-13T16:16:51.942907941) (2026-03-13T16:16:51.942917909) [Msg] Remove service on [/world/mrsim/remove]
(2026-03-13T16:16:51.943048347) (2026-03-13T16:16:51.943057383) [Msg] Pose service on [/world/mrsim/set_pose]
(2026-03-13T16:16:51.943139229) (2026-03-13T16:16:51.943147959) [Msg] Pose service on [/world/mrsim/set_pose_vector]
(2026-03-13T16:16:51.943333487) (2026-03-13T16:16:51.943341318) [Msg] Light configuration service on [/world/mrsim/light_config]
(2026-03-13T16:16:51.943593347) (2026-03-13T16:16:51.943603162) [Msg] Physics service on [/world/mrsim/set_physics]
(2026-03-13T16:16:51.943744453) (2026-03-13T16:16:51.943753333) [Msg] SphericalCoordinates service on [/world/mrsim/set_spherical_coordinates]
(2026-03-13T16:16:51.943827929) (2026-03-13T16:16:51.943836048) [Msg] Enable collision service on [/world/mrsim/enable_collision]
(2026-03-13T16:16:51.943907441) (2026-03-13T16:16:51.943915521) [Msg] Disable collision service on [/world/mrsim/disable_collision]
(2026-03-13T16:16:51.944129443) (2026-03-13T16:16:51.944138833) [Msg] Material service on [/world/mrsim/visual_config]
(2026-03-13T16:16:51.944232874) (2026-03-13T16:16:51.944241167) [Msg] Material service on [/world/mrsim/wheel_slip]
(2026-03-13T16:16:51.944273243) (2026-03-13T16:16:51.944277894) [Dbg] [SystemManager.cc:73] Loaded system [gz::sim::systems::UserCommands] for entity [1]
(2026-03-13T16:16:51.945788271) (2026-03-13T16:16:51.945795684) [Dbg] [SystemManager.cc:73] Loaded system [gz::sim::systems::SceneBroadcaster] for entity [1]
(2026-03-13T16:16:51.946074516) (2026-03-13T16:16:51.946083967) [Msg] Serving world controls on [/world/mrsim/control], [/world/mrsim/control/state] and [/world/mrsim/playback/control]
(2026-03-13T16:16:51.946178062) (2026-03-13T16:16:51.946186466) [Msg] Serving GUI information on [/world/mrsim/gui/info]
(2026-03-13T16:16:51.946212620) (2026-03-13T16:16:51.946217135) [Msg] World [mrsim] initialized with [1ms] physics profile.
(2026-03-13T16:16:51.946338600) (2026-03-13T16:16:51.946346996) [Msg] Serving world SDF generation service on [/world/mrsim/generate_world_sdf]
(2026-03-13T16:16:51.946433116) (2026-03-13T16:16:51.946441236) [Msg] Serving world names on [/gazebo/worlds]
(2026-03-13T16:16:51.946535372) (2026-03-13T16:16:51.946543408) [Msg] Resource path add service on [/gazebo/resource_paths/add].
(2026-03-13T16:16:51.946607452) (2026-03-13T16:16:51.946615963) [Msg] Resource path get service on [/gazebo/resource_paths/get].
(2026-03-13T16:16:51.946674214) (2026-03-13T16:16:51.946681741) [Msg] Resource path resolve service on [/gazebo/resource_paths/resolve].
(2026-03-13T16:16:52.47050991) (2026-03-13T16:16:52.47067628) [Msg] Resource paths published on [/gazebo/resource_paths].
(2026-03-13T16:16:52.47343951) (2026-03-13T16:16:52.47354963) [Msg] Server control service on [/server_control].
(2026-03-13T16:16:53.452339015) (2026-03-13T16:16:53.452355313) [Msg] Found no publishers on /stats, adding root stats topic
(2026-03-13T16:16:53.452622574) (2026-03-13T16:16:53.452651577) [Msg] Found no publishers on /clock, adding root clock topic
(2026-03-13T16:16:53.452937368) (2026-03-13T16:16:53.452946701) [Dbg] [SimulationRunner.cc:501] Creating PostUpdate worker threads: 4
(2026-03-13T16:16:53.452976079) (2026-03-13T16:16:53.452980973) [Dbg] [SimulationRunner.cc:512] Creating postupdate worker thread (0)
(2026-03-13T16:16:53.453080197) (2026-03-13T16:16:53.453087349) [Dbg] [SimulationRunner.cc:512] Creating postupdate worker thread (1)
(2026-03-13T16:16:53.453152865) (2026-03-13T16:16:53.453159999) [Dbg] [SimulationRunner.cc:512] Creating postupdate worker thread (2)
(2026-03-13T16:16:53.458263347) (2026-03-13T16:16:53.458273398) [Dbg] [SimulationFeatures.cc:71] Simulation timestep set to: 0.005
(2026-03-13T16:16:53.458780863) (2026-03-13T16:16:53.458788131) [Dbg] [Sensors.cc:610] Initialization needed
(2026-03-13T16:16:53.458832692) (2026-03-13T16:16:53.458854217) [Dbg] [Sensors.cc:270] Initializing render context
(2026-03-13T16:16:53.458974885) (2026-03-13T16:16:53.458980406) [Msg] Loading plugin [ignition-rendering-ogre2]
(2026-03-13T16:16:53.459800918) (2026-03-13T16:16:53.459812403) [Msg] Serving scene information on [/world/mrsim/scene/info]
(2026-03-13T16:16:53.459910578) (2026-03-13T16:16:53.459918948) [Msg] Serving graph information on [/world/mrsim/scene/graph]
(2026-03-13T16:16:53.460111196) (2026-03-13T16:16:53.460119906) [Msg] Serving full state on [/world/mrsim/state]
(2026-03-13T16:16:53.460213106) (2026-03-13T16:16:53.460222625) [Msg] Serving full state (async) on [/world/mrsim/state_async]
(2026-03-13T16:16:53.460337771) (2026-03-13T16:16:53.460346063) [Msg] Publishing scene information on [/world/mrsim/scene/info]
(2026-03-13T16:16:53.460455403) (2026-03-13T16:16:53.460463513) [Msg] Publishing entity deletions on [/world/mrsim/scene/deletion]
(2026-03-13T16:16:53.460529750) (2026-03-13T16:16:53.460537648) [Msg] Publishing state changes on [/world/mrsim/state]
(2026-03-13T16:16:53.460613512) (2026-03-13T16:16:53.460621465) [Msg] Publishing pose messages on [/world/mrsim/pose/info]
(2026-03-13T16:16:53.460704162) (2026-03-13T16:16:53.460713003) [Msg] Publishing dynamic pose messages on [/world/mrsim/dynamic_pose/info]
(2026-03-13T16:16:53.461019438) (2026-03-13T16:16:53.461028953) [Dbg] [EntityComponentManager.cc:1623] Updated state thread iterators: 8 threads processing around 6 entities each.
(2026-03-13T16:16:53.633346833) (2026-03-13T16:16:53.633357933) [Dbg] [RenderUtil.cc:2591] Create scene [scene]
((2026-03-13T16:16:53.664285976) (2026-03-13T16:16:53.664275361) 2026-03-13T16:16:53.664304244() 2026-03-13T16:16:53.664326435) [Dbg] [Sensors.cc:610] [Dbg] [Sensors.cc:284] Initialization needed

Rendering Thread initialized
(2026-03-13T16:16:54.691730416) (2026-03-13T16:16:54.691740259) [Dbg] [CameraSensor.cc:394] Camera images for [qr4::base::camera] advertised on [/camera]
(2026-03-13T16:16:54.691869731) (2026-03-13T16:16:54.691875066) [Dbg] [CameraSensor.cc:705] Camera info for [qr4::base::camera] advertised on [/camera_info]
(2026-03-13T16:16:54.692242001) (2026-03-13T16:16:54.692247740) [Wrn] [Ogre2Camera.cc:390] Ogre2Camera::SetVisibilityMask: Mask bits c0000000 are set but will be ignored as they conflict with the reserved bits used internally by the ogre2 backend.
(2026-03-13T16:16:54.692546422) (2026-03-13T16:16:54.692555871) [Msg] Loading plugin [ignition-rendering-ogre2]
(2026-03-13T16:16:54.773433146) (2026-03-13T16:16:54.773444763) [Dbg] [CameraSensor.cc:518] Enabling camera sensor: 'qr4::base::camera' data generation.
(2026-03-13T16:17:08.254472666) (2026-03-13T16:17:08.254482038) [Dbg] [SignalHandler.cc:141] Received signal[2].
(2026-03-13T16:17:08.254505713) (2026-03-13T16:17:08.254510045) [Dbg] [ServerPrivate.cc:110] Server received signal[2]
(2026-03-13T16:17:08.254528615) (2026-03-13T16:17:08.254532880) [Dbg] [Sensors.cc:439] SensorsPrivate::Stop
(2026-03-13T16:17:08.254860498) (2026-03-13T16:17:08.254870161) [Dbg] [Sensors.cc:425] SensorsPrivate::RenderThread stopped
(2026-03-13T16:17:08.257273393) (2026-03-13T16:17:08.257282217) [Dbg] [gz.cc:410] Shutting down ign-gazebo-server
(() (2026-03-13T16:17:08.259926106) 2026-03-13T16:17:08.259941696) [Dbg] [SimulationRunner.cc:528] [Dbg] [SimulationRunner.cc:528] [Dbg] [SimulationRunner.cc:528] Exiting postupdate worker thread (1)
Exiting postupdate worker thread (0)
2026-03-13T16:17:08.259987205) (2026-03-13T16:17:08.260013370) [Dbg] [SimulationRunner.cc:528] Exiting postupdate worker thread (2)
(2026-03-13T16:17:08.288218279) (2026-03-13T16:17:08.288239536) [Dbg] [Sensors.cc:439] SensorsPrivate::Stop
