(2026-03-12T16:40:57.335286105) (2026-03-12T16:40:57.335293185) [Msg] Ignition Gazebo Server v6.17.1
(2026-03-12T16:40:57.342496193) (2026-03-12T16:40:57.342511364) [Msg] Loading SDF world file[/home/user/ros2_ws/install/mrsim_gazebo_sim/share/mrsim_gazebo_sim/worlds/example.world].
(2026-03-12T16:40:57.688629543) (2026-03-12T16:40:57.688641387) [Msg] Serving entity system service on [/entity/system/add]
(2026-03-12T16:40:57.715325744) (2026-03-12T16:40:57.715333660) [Dbg] [SystemManager.cc:73] Loaded system [ignition::gazebo::systems::ShaderParam] for entity [9]
(2026-03-12T16:40:57.718589303) (2026-03-12T16:40:57.718601841) [Dbg] [SystemManager.cc:73] Loaded system [mrsim_gazebo_sim::SetPegPosePlugin] for entity [10]
(2026-03-12T16:40:57.742654037) (2026-03-12T16:40:57.742664320) [Dbg] [SystemManager.cc:73] Loaded system [mrsim_gazebo_sim::MrsimDroneIgnPlugin] for entity [14]
(2026-03-12T16:40:57.743854958) (2026-03-12T16:40:57.743860942) [Dbg] [MulticopterMotorModel.cc:373] Listening to topic: qr4/gazebo/command/motor_speed
(2026-03-12T16:40:57.743969543) (2026-03-12T16:40:57.744005600) [Dbg] [SystemManager.cc:73] Loaded system [ignition::gazebo::systems::MulticopterMotorModel] for entity [14]
(2026-03-12T16:40:57.744284511) (2026-03-12T16:40:57.744289710) [Dbg] [MulticopterMotorModel.cc:373] Listening to topic: qr4/gazebo/command/motor_speed
(2026-03-12T16:40:57.744390801) (2026-03-12T16:40:57.744402919) [Dbg] [SystemManager.cc:73] Loaded system [ignition::gazebo::systems::MulticopterMotorModel] for entity [14]
(2026-03-12T16:40:57.744617363) (2026-03-12T16:40:57.744621580) [Dbg] [MulticopterMotorModel.cc:373] Listening to topic: qr4/gazebo/command/motor_speed
(2026-03-12T16:40:57.744664107) (2026-03-12T16:40:57.744667803) [Dbg] [SystemManager.cc:73] Loaded system [ignition::gazebo::systems::MulticopterMotorModel] for entity [14]
(2026-03-12T16:40:57.744910025) (2026-03-12T16:40:57.744914168) [Dbg] [MulticopterMotorModel.cc:373] Listening to topic: qr4/gazebo/command/motor_speed
(2026-03-12T16:40:57.744954752) (2026-03-12T16:40:57.744958396) [Dbg] [SystemManager.cc:73] Loaded system [ignition::gazebo::systems::MulticopterMotorModel] for entity [14]
(2026-03-12T16:40:57.745938365) (2026-03-12T16:40:57.745971398) [Msg] OdometryPublisher publishing odometry on [/model/qr4/odometry]
(2026-03-12T16:40:57.746034107) (2026-03-12T16:40:57.746038026) [Msg] OdometryPublisher publishing odometry with covariance on [/model/qr4/odometry_with_covariance]
(2026-03-12T16:40:57.746108171) (2026-03-12T16:40:57.746112397) [Msg] OdometryPublisher publishing Pose_V (TF) on [/model/qr4/pose]
(2026-03-12T16:40:57.746149783) (2026-03-12T16:40:57.746154518) [Dbg] [SystemManager.cc:73] Loaded system [ignition::gazebo::systems::OdometryPublisher] for entity [14]
(2026-03-12T16:40:57.757896681) (2026-03-12T16:40:57.757908558) [Dbg] [Sensors.cc:506] Configuring Sensors system
(2026-03-12T16:40:57.758047964) (2026-03-12T16:40:57.758054245) [Dbg] [Sensors.cc:431] SensorsPrivate::Run
(2026-03-12T16:40:57.758182585) (2026-03-12T16:40:57.758189430) [Dbg] [SystemManager.cc:73] Loaded system [] for entity [2026-03-12T16:40:57.758206983) ((142026-03-12T16:40:57.758239560) ]][Dbg] [Sensors.cc:411] SensorsPrivate::RenderThread started

(2026-03-12T16:40:57.758287515) (2026-03-12T16:40:57.758293473) [Dbg] [Sensors.cc:258] Waiting for init
(2026-03-12T16:40:57.758853955) (2026-03-12T16:40:57.758862725) [Msg] Loaded level [3]
(2026-03-12T16:40:57.758893639) (2026-03-12T16:40:57.758899731) [Msg] No systems loaded from SDF, loading defaults
(2026-03-12T16:40:57.759157405) (2026-03-12T16:40:57.759164121) [Dbg] [ServerConfig.cc:1043] Loaded (3) plugins from file [/home/user/.ignition/gazebo/6/server.config]
(2026-03-12T16:40:57.777521987) (2026-03-12T16:40:57.777530743) [Dbg] [Physics.cc:804] Loaded [ignition::physics::dartsim::Plugin] from library [/usr/lib/x86_64-linux-gnu/ign-physics-5/engine-plugins/libignition-physics-dartsim-plugin.so]
(2026-03-12T16:40:57.777580563) (2026-03-12T16:40:57.777585061) [Dbg] [SystemManager.cc:73] Loaded system [gz::sim::systems::Physics] for entity [1]
(2026-03-12T16:40:57.779234109) (2026-03-12T16:40:57.779262943) [Msg] Create service on [/world/mrsim/create]
(2026-03-12T16:40:57.779353065) (2026-03-12T16:40:57.779359839) [Msg] Remove service on [/world/mrsim/remove]
(2026-03-12T16:40:57.779464248) (2026-03-12T16:40:57.779469848) [Msg] Pose service on [/world/mrsim/set_pose]
(2026-03-12T16:40:57.779536868) (2026-03-12T16:40:57.779542661) [Msg] Pose service on [/world/mrsim/set_pose_vector]
(2026-03-12T16:40:57.779683244) (2026-03-12T16:40:57.779689621) [Msg] Light configuration service on [/world/mrsim/light_config]
(2026-03-12T16:40:57.779862799) (2026-03-12T16:40:57.779868426) [Msg] Physics service on [/world/mrsim/set_physics]
(2026-03-12T16:40:57.779984425) (2026-03-12T16:40:57.779989576) [Msg] SphericalCoordinates service on [/world/mrsim/set_spherical_coordinates]
(2026-03-12T16:40:57.780054277) (2026-03-12T16:40:57.780060186) [Msg] Enable collision service on [/world/mrsim/enable_collision]
(2026-03-12T16:40:57.780116457) (2026-03-12T16:40:57.780122518) [Msg] Disable collision service on [/world/mrsim/disable_collision]
(2026-03-12T16:40:57.780252304) (2026-03-12T16:40:57.780258628) [Msg] Material service on [/world/mrsim/visual_config]
(2026-03-12T16:40:57.780349216) (2026-03-12T16:40:57.780355650) [Msg] Material service on [/world/mrsim/wheel_slip]
(2026-03-12T16:40:57.780407631) (2026-03-12T16:40:57.780411196) [Dbg] [SystemManager.cc:73] Loaded system [gz::sim::systems::UserCommands] for entity [1]
(2026-03-12T16:40:57.781819045) (2026-03-12T16:40:57.781825772) [Dbg] [SystemManager.cc:73] Loaded system [gz::sim::systems::SceneBroadcaster] for entity [1]
(2026-03-12T16:40:57.782134958) (2026-03-12T16:40:57.782139898) [Msg] Serving world controls on [/world/mrsim/control], [/world/mrsim/control/state] and [/world/mrsim/playback/control]
(2026-03-12T16:40:57.782258453) (2026-03-12T16:40:57.782264225) [Msg] Serving GUI information on [/world/mrsim/gui/info]
(2026-03-12T16:40:57.782329361) (2026-03-12T16:40:57.782332862) [Msg] World [mrsim] initialized with [1ms] physics profile.
(2026-03-12T16:40:57.782450207) (2026-03-12T16:40:57.782455397) [Msg] Serving world SDF generation service on [/world/mrsim/generate_world_sdf]
(2026-03-12T16:40:57.782559947) (2026-03-12T16:40:57.782565052) [Msg] Serving world names on [/gazebo/worlds]
(2026-03-12T16:40:57.782629160) (2026-03-12T16:40:57.782634848) [Msg] Resource path add service on [/gazebo/resource_paths/add].
(2026-03-12T16:40:57.782781246) (2026-03-12T16:40:57.782785106) [Msg] Resource path get service on [/gazebo/resource_paths/get].
(2026-03-12T16:40:57.782823968) (2026-03-12T16:40:57.782829657) [Msg] Resource path resolve service on [/gazebo/resource_paths/resolve].
(2026-03-12T16:40:57.782952612) (2026-03-12T16:40:57.782958476) [Msg] Resource paths published on [/gazebo/resource_paths].
(2026-03-12T16:40:57.783027535) (2026-03-12T16:40:57.783033120) [Msg] Server control service on [/server_control].
(2026-03-12T16:40:59.263595597) (2026-03-12T16:40:59.263607038) [Msg] Found no publishers on /stats, adding root stats topic
(2026-03-12T16:40:59.263798759) (2026-03-12T16:40:59.263810710) [Msg] Found no publishers on /clock, adding root clock topic
(2026-03-12T16:40:59.263982245) (2026-03-12T16:40:59.263987535) [Dbg] [SimulationRunner.cc:501] Creating PostUpdate worker threads: 4
(2026-03-12T16:40:59.264010457) (2026-03-12T16:40:59.264015068) [Dbg] [SimulationRunner.cc:512] Creating postupdate worker thread (0)
(2026-03-12T16:40:59.264102368) (2026-03-12T16:40:59.264107290) [Dbg] [SimulationRunner.cc:512] Creating postupdate worker thread (1)
(2026-03-12T16:40:59.264143689) (2026-03-12T16:40:59.264148306) [Dbg] [SimulationRunner.cc:512] Creating postupdate worker thread (2)
(2026-03-12T16:40:59.267772006) (2026-03-12T16:40:59.267784122) [Dbg] [Sensors.cc:610] Initialization needed
(2026-03-12T16:40:59.267840887) (2026-03-12T16:40:59.267849477) [Dbg] [Sensors.cc:270] Initializing render context
(2026-03-12T16:40:59.268035926) (2026-03-12T16:40:59.268041481) [Msg] Loading plugin [ignition-rendering-ogre2]
(2026-03-12T16:40:59.268740606) (2026-03-12T16:40:59.268747364) [Msg] Serving scene information on [/world/mrsim/scene/info]
(2026-03-12T16:40:59.268808473) (2026-03-12T16:40:59.268812557) [Msg] Serving graph information on [/world/mrsim/scene/graph]
(2026-03-12T16:40:59.268910898) (2026-03-12T16:40:59.268916006) [Msg] Serving full state on [/world/mrsim/state]
(2026-03-12T16:40:59.268958143) (2026-03-12T16:40:59.268962098) [Msg] Serving full state (async) on [/world/mrsim/state_async]
(2026-03-12T16:40:59.269016224) (2026-03-12T16:40:59.269022167) [Msg] Publishing scene information on [/world/mrsim/scene/info]
(2026-03-12T16:40:59.269094139) (2026-03-12T16:40:59.269100560) [Msg] Publishing entity deletions on [/world/mrsim/scene/deletion]
(2026-03-12T16:40:59.269144340) (2026-03-12T16:40:59.269148507) [Msg] Publishing state changes on [/world/mrsim/state]
(2026-03-12T16:40:59.269210368) (2026-03-12T16:40:59.269214324) [Msg] Publishing pose messages on [/world/mrsim/pose/info]
(2026-03-12T16:40:59.269256089) (2026-03-12T16:40:59.269259863) [Msg] Publishing dynamic pose messages on [/world/mrsim/dynamic_pose/info]
(2026-03-12T16:40:59.269444278) (2026-03-12T16:40:59.269448706) [Dbg] [EntityComponentManager.cc:1623] Updated state thread iterators: 8 threads processing around 6 entities each.
(2026-03-12T16:40:59.437942390) (2026-03-12T16:40:59.437948922) [Dbg] [RenderUtil.cc:2591] Create scene [scene]
((2026-03-12T16:40:59.461870392) 2026-03-12T16:40:59.461885203(2026-03-12T16:40:59.461893137) ) (2026-03-12T16:40:59.461902352) [Dbg] [Sensors.cc:284] [Dbg] [Sensors.cc:284] [Dbg] [Sensors.cc:610] Rendering Thread initialized
Initialization needed
(2026-03-12T16:41:00.288774788) (2026-03-12T16:41:00.288787078) [Dbg] [CameraSensor.cc:394] Camera images for [qr4::base::camera] advertised on [/camera]
(2026-03-12T16:41:00.288995968) (2026-03-12T16:41:00.289003630) [Dbg] [CameraSensor.cc:705] Camera info for [qr4::base::camera] advertised on [/camera_info]
(2026-03-12T16:41:00.289573153) (2026-03-12T16:41:00.289580677) [Wrn] [Ogre2Camera.cc:390] Ogre2Camera::SetVisibilityMask: Mask bits c0000000 are set but will be ignored as they conflict with the reserved bits used internally by the ogre2 backend.
(2026-03-12T16:41:00.289895059) (2026-03-12T16:41:00.289901424) [Msg] Loading plugin [ignition-rendering-ogre2]
(2026-03-12T16:41:00.358897394) (2026-03-12T16:41:00.358908921) [Dbg] [CameraSensor.cc:518] Enabling camera sensor: 'qr4::base::camera' data generation.
(2026-03-12T16:41:02.575489218) (2026-03-12T16:41:02.575500320) [Dbg] [SimulationFeatures.cc:71] Simulation timestep set to: 0.005
(2026-03-12T16:41:26.570803197) (2026-03-12T16:41:26.570811696) [Dbg] [SignalHandler.cc:141] Received signal[2].
(2026-03-12T16:41:26.570837667) (2026-03-12T16:41:26.570841148) [Dbg] [ServerPrivate.cc:110] Server received signal[2]
(2026-03-12T16:41:26.570856938) (2026-03-12T16:41:26.570860363) [Dbg] [Sensors.cc:439] SensorsPrivate::Stop
(2026-03-12T16:41:26.571153344) (2026-03-12T16:41:26.571162418) [Dbg] [Sensors.cc:425] SensorsPrivate::RenderThread stopped
(2026-03-12T16:41:26.573628561) (2026-03-12T16:41:26.573634364) [Dbg] [gz.cc:410] Shutting down ign-gazebo-server
(2026-03-12T16:41:26.575723385) (2026-03-12T16:41:26.575730875) 2026-03-12T16:41:26.575742567) (2026-03-12T16:41:26.575754101) ) [Dbg] [SimulationRunner.cc:528] [Dbg] [SimulationRunner.cc:528] (Exiting postupdate worker thread (2026-03-12T16:41:26.575774559) (2026-03-12T16:41:26.575786596) ))[Dbg] [SimulationRunner.cc:528] Exiting postupdate worker thread (
)
2)
(2026-03-12T16:41:26.600135966) (2026-03-12T16:41:26.600148225) [Dbg] [Sensors.cc:439] SensorsPrivate::Stop
