(2026-03-13T16:14:34.19283544) (2026-03-13T16:14:34.19291690) [Msg] Ignition Gazebo Server v6.17.1
(2026-03-13T16:14:34.22790100) (2026-03-13T16:14:34.22803484) [Msg] Loading SDF world file[/home/user/ros2_ws/install/mrsim_gazebo_sim/share/mrsim_gazebo_sim/worlds/example.world].
(2026-03-13T16:14:34.308431835) (2026-03-13T16:14:34.308446597) [Msg] Serving entity system service on [/entity/system/add]
(2026-03-13T16:14:34.346950159) (2026-03-13T16:14:34.346962515) [Dbg] [SystemManager.cc:73] Loaded system [ignition::gazebo::systems::ShaderParam] for entity [9]
(2026-03-13T16:14:34.352418509) (2026-03-13T16:14:34.352432679) [Dbg] [SystemManager.cc:73] Loaded system [mrsim_gazebo_sim::SetPegPosePlugin] for entity [10]
(2026-03-13T16:14:34.390860816) (2026-03-13T16:14:34.390871037) [Dbg] [SystemManager.cc:73] Loaded system [mrsim_gazebo_sim::MrsimDroneIgnPlugin] for entity [14]
(2026-03-13T16:14:34.393182753) (2026-03-13T16:14:34.393192112) [Dbg] [MulticopterMotorModel.cc:373] Listening to topic: qr4/gazebo/command/motor_speed
(2026-03-13T16:14:34.393344107) (2026-03-13T16:14:34.393351437) [Dbg] [SystemManager.cc:73] Loaded system [ignition::gazebo::systems::MulticopterMotorModel] for entity [14]
(2026-03-13T16:14:34.393844239) (2026-03-13T16:14:34.393853737) [Dbg] [MulticopterMotorModel.cc:373] Listening to topic: qr4/gazebo/command/motor_speed
(2026-03-13T16:14:34.393970380) (2026-03-13T16:14:34.393979695) [Dbg] [SystemManager.cc:73] Loaded system [ignition::gazebo::systems::MulticopterMotorModel] for entity [14]
(2026-03-13T16:14:34.394485428) (2026-03-13T16:14:34.394494973) [Dbg] [MulticopterMotorModel.cc:373] Listening to topic: qr4/gazebo/command/motor_speed
(2026-03-13T16:14:34.394592129) (2026-03-13T16:14:34.394600263) [Dbg] [SystemManager.cc:73] Loaded system [ignition::gazebo::systems::MulticopterMotorModel] for entity [14]
(2026-03-13T16:14:34.395026265) (2026-03-13T16:14:34.395035310) [Dbg] [MulticopterMotorModel.cc:373] Listening to topic: qr4/gazebo/command/motor_speed
(2026-03-13T16:14:34.395123376) (2026-03-13T16:14:34.395131164) [Dbg] [SystemManager.cc:73] Loaded system [ignition::gazebo::systems::MulticopterMotorModel] for entity [14]
(2026-03-13T16:14:34.396976944) (2026-03-13T16:14:34.396992854) [Msg] OdometryPublisher publishing odometry on [/model/qr4/odometry]
(2026-03-13T16:14:34.397181596) (2026-03-13T16:14:34.397193974) [Msg] OdometryPublisher publishing odometry with covariance on [/model/qr4/odometry_with_covariance]
(2026-03-13T16:14:34.397317340) (2026-03-13T16:14:34.397325428) [Msg] OdometryPublisher publishing Pose_V (TF) on [/model/qr4/pose]
(2026-03-13T16:14:34.397373218) (2026-03-13T16:14:34.397381529) [Dbg] [SystemManager.cc:73] Loaded system [ignition::gazebo::systems::OdometryPublisher] for entity [14]
(2026-03-13T16:14:34.411490125) (2026-03-13T16:14:34.411499848) [Dbg] [Sensors.cc:506] Configuring Sensors system
(2026-03-13T16:14:34.411597697) (2026-03-13T16:14:34.411602437) [Dbg] [Sensors.cc:431] SensorsPrivate::Run
((2026-03-13T16:14:34.411709639) (2026-03-13T16:14:34.411719945) ) ) ) [Dbg] [SystemManager.cc:73] (Loaded system [(Loaded system [2026-03-13T16:14:34.411741254) ignition::gazebo::systems::Sensors] for entity [14]
SensorsPrivate::RenderThread started
(2026-03-13T16:14:34.411800579) (2026-03-13T16:14:34.411807365) [Dbg] [Sensors.cc:258] Waiting for init
(2026-03-13T16:14:34.412273844) (2026-03-13T16:14:34.412280724) [Msg] Loaded level [3]
(2026-03-13T16:14:34.412331160) (2026-03-13T16:14:34.412337638) [Msg] No systems loaded from SDF, loading defaults
(2026-03-13T16:14:34.412530066) (2026-03-13T16:14:34.412536593) [Dbg] [ServerConfig.cc:1043] Loaded (3) plugins from file [/home/user/.ignition/gazebo/6/server.config]
(2026-03-13T16:14:34.437385909) (2026-03-13T16:14:34.437395245) [Dbg] [Physics.cc:804] Loaded [ignition::physics::dartsim::Plugin] from library [/usr/lib/x86_64-linux-gnu/ign-physics-5/engine-plugins/libignition-physics-dartsim-plugin.so]
(2026-03-13T16:14:34.437459089) (2026-03-13T16:14:34.437463717) [Dbg] [SystemManager.cc:73] Loaded system [gz::sim::systems::Physics] for entity [1]
(2026-03-13T16:14:34.439522692) (2026-03-13T16:14:34.439535132) [Msg] Create service on [/world/mrsim/create]
(2026-03-13T16:14:34.439649275) (2026-03-13T16:14:34.439657668) [Msg] Remove service on [/world/mrsim/remove]
(2026-03-13T16:14:34.439746311) (2026-03-13T16:14:34.439754902) [Msg] Pose service on [/world/mrsim/set_pose]
(2026-03-13T16:14:34.439829484) (2026-03-13T16:14:34.439838169) [Msg] Pose service on [/world/mrsim/set_pose_vector]
(2026-03-13T16:14:34.439992901) (2026-03-13T16:14:34.439999303) [Msg] Light configuration service on [/world/mrsim/light_config]
(2026-03-13T16:14:34.440164489) (2026-03-13T16:14:34.440172128) [Msg] Physics service on [/world/mrsim/set_physics]
(2026-03-13T16:14:34.440287666) (2026-03-13T16:14:34.440304730) [Msg] SphericalCoordinates service on [/world/mrsim/set_spherical_coordinates]
(2026-03-13T16:14:34.440413826) (2026-03-13T16:14:34.440419982) [Msg] Enable collision service on [/world/mrsim/enable_collision]
(2026-03-13T16:14:34.440506428) (2026-03-13T16:14:34.440512685) [Msg] Disable collision service on [/world/mrsim/disable_collision]
(2026-03-13T16:14:34.440661365) (2026-03-13T16:14:34.440668462) [Msg] Material service on [/world/mrsim/visual_config]
(2026-03-13T16:14:34.440757494) (2026-03-13T16:14:34.440763336) [Msg] Material service on [/world/mrsim/wheel_slip]
(2026-03-13T16:14:34.440795147) (2026-03-13T16:14:34.440799635) [Dbg] [SystemManager.cc:73] Loaded system [gz::sim::systems::UserCommands] for entity [1]
(2026-03-13T16:14:34.442359509) (2026-03-13T16:14:34.442368319) [Dbg] [SystemManager.cc:73] Loaded system [gz::sim::systems::SceneBroadcaster] for entity [1]
(2026-03-13T16:14:34.442668283) (2026-03-13T16:14:34.442674285) [Msg] Serving world controls on [/world/mrsim/control], [/world/mrsim/control/state] and [/world/mrsim/playback/control]
(2026-03-13T16:14:34.442770978) (2026-03-13T16:14:34.442777490) [Msg] Serving GUI information on [/world/mrsim/gui/info]
(2026-03-13T16:14:34.442801363) (2026-03-13T16:14:34.442805993) [Msg] World [mrsim] initialized with [1ms] physics profile.
(2026-03-13T16:14:34.442922007) (2026-03-13T16:14:34.442928473) [Msg] Serving world SDF generation service on [/world/mrsim/generate_world_sdf]
(2026-03-13T16:14:34.443015974) (2026-03-13T16:14:34.443022445) [Msg] Serving world names on [/gazebo/worlds]
(2026-03-13T16:14:34.443072801) (2026-03-13T16:14:34.443079515) [Msg] Resource path add service on [/gazebo/resource_paths/add].
(2026-03-13T16:14:34.443143035) (2026-03-13T16:14:34.443150413) [Msg] Resource path get service on [/gazebo/resource_paths/get].
(2026-03-13T16:14:34.443262404) (2026-03-13T16:14:34.443270497) [Msg] Resource path resolve service on [/gazebo/resource_paths/resolve].
(2026-03-13T16:14:34.443349478) (2026-03-13T16:14:34.443356512) [Msg] Resource paths published on [/gazebo/resource_paths].
(2026-03-13T16:14:34.443479135) (2026-03-13T16:14:34.443487052) [Msg] Server control service on [/server_control].
(2026-03-13T16:14:35.917724716) (2026-03-13T16:14:35.917735149) [Msg] Found no publishers on /stats, adding root stats topic
(2026-03-13T16:14:35.917914683) (2026-03-13T16:14:35.917920808) [Msg] Found no publishers on /clock, adding root clock topic
(2026-03-13T16:14:35.918102470) (2026-03-13T16:14:35.918111445) [Dbg] [SimulationRunner.cc:501] Creating PostUpdate worker threads: 4
(2026-03-13T16:14:35.918146134) (2026-03-13T16:14:35.918153213) [Dbg] [SimulationRunner.cc:512] Creating postupdate worker thread (0)
(2026-03-13T16:14:35.918256823) (2026-03-13T16:14:35.918264911) [Dbg] [SimulationRunner.cc:512] Creating postupdate worker thread (1)
(2026-03-13T16:14:35.918319303) (2026-03-13T16:14:35.918324431) [Dbg] [SimulationRunner.cc:512] Creating postupdate worker thread (2)
(2026-03-13T16:14:35.922835036) (2026-03-13T16:14:35.922843301) [Dbg] [SimulationFeatures.cc:71] Simulation timestep set to: 0.005
(2026-03-13T16:14:35.923294892) (2026-03-13T16:14:35.923302663) [Dbg] [Sensors.cc:610] Initialization needed
(2026-03-13T16:14:35.923346916) (2026-03-13T16:14:35.923353412) [Dbg] [Sensors.cc:270] Initializing render context
(2026-03-13T16:14:35.923461269) (2026-03-13T16:14:35.923466029) [Msg] Loading plugin [ignition-rendering-ogre2]
(2026-03-13T16:14:35.924164480) (2026-03-13T16:14:35.924174884) [Msg] Serving scene information on [/world/mrsim/scene/info]
(2026-03-13T16:14:35.924323023) (2026-03-13T16:14:35.924332429) [Msg] Serving graph information on [/world/mrsim/scene/graph]
(2026-03-13T16:14:35.924532024) (2026-03-13T16:14:35.924540393) [Msg] Serving full state on [/world/mrsim/state]
(2026-03-13T16:14:35.924651351) (2026-03-13T16:14:35.924659196) [Msg] Serving full state (async) on [/world/mrsim/state_async]
(2026-03-13T16:14:35.924796029) (2026-03-13T16:14:35.924835336) [Msg] Publishing scene information on [/world/mrsim/scene/info]
(2026-03-13T16:14:35.924946961) (2026-03-13T16:14:35.924985433) [Msg] Publishing entity deletions on [/world/mrsim/scene/deletion]
(2026-03-13T16:14:35.925053415) (2026-03-13T16:14:35.925062196) [Msg] Publishing state changes on [/world/mrsim/state]
(2026-03-13T16:14:35.925199867) (2026-03-13T16:14:35.925239050) [Msg] Publishing pose messages on [/world/mrsim/pose/info]
(2026-03-13T16:14:35.925325000) (2026-03-13T16:14:35.925331161) [Msg] Publishing dynamic pose messages on [/world/mrsim/dynamic_pose/info]
(2026-03-13T16:14:35.925696109) (2026-03-13T16:14:35.925704685) [Dbg] [EntityComponentManager.cc:1623] Updated state thread iterators: 8 threads processing around 6 entities each.
(2026-03-13T16:14:36.125255136) (2026-03-13T16:14:36.125262774) [Dbg] [RenderUtil.cc:2591] Create scene [scene]
((2026-03-13T16:14:36.157941238) ) ) ) (2026-03-13T16:14:36.157971448) (2026-03-13T16:14:36.157984094) [Dbg] [Sensors.cc:610] Initialization needed
Rendering Thread initialized
(2026-03-13T16:14:37.160346841) (2026-03-13T16:14:37.160356553) [Dbg] [CameraSensor.cc:394] Camera images for [qr4::base::camera] advertised on [/camera]
(2026-03-13T16:14:37.160542302) (2026-03-13T16:14:37.160568475) [Dbg] [CameraSensor.cc:705] Camera info for [qr4::base::camera] advertised on [/camera_info]
(2026-03-13T16:14:37.160930572) (2026-03-13T16:14:37.160937100) [Wrn] [Ogre2Camera.cc:390] Ogre2Camera::SetVisibilityMask: Mask bits c0000000 are set but will be ignored as they conflict with the reserved bits used internally by the ogre2 backend.
(2026-03-13T16:14:37.161180706) (2026-03-13T16:14:37.161196757) [Msg] Loading plugin [ignition-rendering-ogre2]
(2026-03-13T16:14:37.232205355) (2026-03-13T16:14:37.232216683) [Dbg] [CameraSensor.cc:518] Enabling camera sensor: 'qr4::base::camera' data generation.
(2026-03-13T16:14:47.27039916) (2026-03-13T16:14:47.27054964) [Dbg] [SignalHandler.cc:141] Received signal[2].
(2026-03-13T16:14:47.27101332) (2026-03-13T16:14:47.27106465) [Dbg] [ServerPrivate.cc:110] Server received signal[2]
(2026-03-13T16:14:47.27141133) (2026-03-13T16:14:47.27147376) [Dbg] [Sensors.cc:439] SensorsPrivate::Stop
(2026-03-13T16:14:47.27738055) (2026-03-13T16:14:47.27746579) [Dbg] [Sensors.cc:425] SensorsPrivate::RenderThread stopped
(2026-03-13T16:14:47.27921023) (2026-03-13T16:14:47.27929423) [Dbg] [gz.cc:410] Shutting down ign-gazebo-server
((2026-03-13T16:14:47.315960552026-03-13T16:14:47.316131882026-03-13T16:14:47.315960552026-03-13T16:14:47.31613188) (2026-03-13T16:14:47.316285172026-03-13T16:14:47.31628517) () 2026-03-13T16:14:47.31643420) 2026-03-13T16:14:47.31643420) ) ) (2026-03-13T16:14:47.31655919) [Dbg] [SimulationRunner.cc:528] [Dbg] [SimulationRunner.cc:528] Exiting postupdate worker thread (Exiting postupdate worker thread (110)
)
Exiting postupdate worker thread (2)
(2026-03-13T16:14:47.65483438) (2026-03-13T16:14:47.65506292) [Dbg] [Sensors.cc:439] SensorsPrivate::Stop
