(2026-03-17T14:20:30.585656251) (2026-03-17T14:20:30.585661340) [Msg] Ignition Gazebo Server v6.17.1
(2026-03-17T14:20:30.586795825) (2026-03-17T14:20:30.586800445) [Msg] Loading SDF world file[/home/user/ros2_ws/install/mrsim_gazebo_sim/share/mrsim_gazebo_sim/worlds/example.world].
(2026-03-17T14:20:30.816168260) (2026-03-17T14:20:30.816177416) [Msg] Serving entity system service on [/entity/system/add]
(2026-03-17T14:20:30.835545070) (2026-03-17T14:20:30.835552635) [Dbg] [SystemManager.cc:73] Loaded system [ignition::gazebo::systems::ShaderParam] for entity [9]
(2026-03-17T14:20:30.838449928) (2026-03-17T14:20:30.838457730) [Dbg] [SystemManager.cc:73] Loaded system [mrsim_gazebo_sim::SetPegPosePlugin] for entity [10]
(2026-03-17T14:20:30.873339179) (2026-03-17T14:20:30.873352566) [Dbg] [SystemManager.cc:73] Loaded system [mrsim_gazebo_sim::MrsimDroneIgnPlugin] for entity [14]
(2026-03-17T14:20:30.875273056) (2026-03-17T14:20:30.875283297) [Dbg] [MulticopterMotorModel.cc:373] Listening to topic: qr4/gazebo/command/motor_speed
(2026-03-17T14:20:30.875472176) (2026-03-17T14:20:30.875479501) [Dbg] [SystemManager.cc:73] Loaded system [ignition::gazebo::systems::MulticopterMotorModel] for entity [14]
(2026-03-17T14:20:30.875896306) (2026-03-17T14:20:30.875902937) [Dbg] [MulticopterMotorModel.cc:373] Listening to topic: qr4/gazebo/command/motor_speed
(2026-03-17T14:20:30.876017988) (2026-03-17T14:20:30.876022865) [Dbg] [SystemManager.cc:73] Loaded system [ignition::gazebo::systems::MulticopterMotorModel] for entity [14]
(2026-03-17T14:20:30.876469931) (2026-03-17T14:20:30.876477595) [Dbg] [MulticopterMotorModel.cc:373] Listening to topic: qr4/gazebo/command/motor_speed
(2026-03-17T14:20:30.876591632) (2026-03-17T14:20:30.876597804) [Dbg] [SystemManager.cc:73] Loaded system [ignition::gazebo::systems::MulticopterMotorModel] for entity [14]
(2026-03-17T14:20:30.876987756) (2026-03-17T14:20:30.876994673) [Dbg] [MulticopterMotorModel.cc:373] Listening to topic: qr4/gazebo/command/motor_speed
(2026-03-17T14:20:30.877102134) (2026-03-17T14:20:30.877108236) [Dbg] [SystemManager.cc:73] Loaded system [ignition::gazebo::systems::MulticopterMotorModel] for entity [14]
(2026-03-17T14:20:30.879865211) (2026-03-17T14:20:30.879876876) [Msg] OdometryPublisher publishing odometry on [/model/qr4/odometry]
(2026-03-17T14:20:30.880000968) (2026-03-17T14:20:30.880007266) [Msg] OdometryPublisher publishing odometry with covariance on [/model/qr4/odometry_with_covariance]
(2026-03-17T14:20:30.880112421) (2026-03-17T14:20:30.880118250) [Msg] OdometryPublisher publishing Pose_V (TF) on [/model/qr4/pose]
(2026-03-17T14:20:30.880153237) (2026-03-17T14:20:30.880158865) [Dbg] [SystemManager.cc:73] Loaded system [ignition::gazebo::systems::OdometryPublisher] for entity [14]
(2026-03-17T14:20:30.897686535) (2026-03-17T14:20:30.897701962) [Dbg] [Sensors.cc:506] Configuring Sensors system
(2026-03-17T14:20:30.897896553) (2026-03-17T14:20:30.897900932) [Dbg] [Sensors.cc:431] SensorsPrivate::Run
(2026-03-17T14:20:30.898146420) (2026-03-17T14:20:30.898155319) ([Dbg] [Sensors.cc:411] ([Dbg] [Sensors.cc:411] 2026-03-17T14:20:30.898169377) (SensorsPrivate::RenderThread started2026-03-17T14:20:30.898187703) 
(2026-03-17T14:20:30.898203880) (2026-03-17T14:20:30.898211538) Loaded system [ignition::gazebo::systems::Sensors] for entity [[Dbg] [Sensors.cc:258] Waiting for init

14]
(2026-03-17T14:20:30.899057096) (2026-03-17T14:20:30.899063483) [Msg] Loaded level [3]
(2026-03-17T14:20:30.899083705) (2026-03-17T14:20:30.899087333) [Msg] No systems loaded from SDF, loading defaults
(2026-03-17T14:20:30.899468680) (2026-03-17T14:20:30.899472936) [Dbg] [ServerConfig.cc:1043] Loaded (3) plugins from file [/home/user/.ignition/gazebo/6/server.config]
(2026-03-17T14:20:30.918990391) (2026-03-17T14:20:30.918998646) [Dbg] [Physics.cc:804] Loaded [ignition::physics::dartsim::Plugin] from library [/usr/lib/x86_64-linux-gnu/ign-physics-5/engine-plugins/libignition-physics-dartsim-plugin.so]
(2026-03-17T14:20:30.919052220) (2026-03-17T14:20:30.919055918) [Dbg] [SystemManager.cc:73] Loaded system [gz::sim::systems::Physics] for entity [1]
(2026-03-17T14:20:30.921169010) (2026-03-17T14:20:30.921176487) [Msg] Create service on [/world/mrsim/create]
(2026-03-17T14:20:30.921265510) (2026-03-17T14:20:30.921272022) [Msg] Remove service on [/world/mrsim/remove]
(2026-03-17T14:20:30.921339682) (2026-03-17T14:20:30.921346273) [Msg] Pose service on [/world/mrsim/set_pose]
(2026-03-17T14:20:30.921390835) (2026-03-17T14:20:30.921395762) [Msg] Pose service on [/world/mrsim/set_pose_vector]
(2026-03-17T14:20:30.921500681) (2026-03-17T14:20:30.921507272) [Msg] Light configuration service on [/world/mrsim/light_config]
(2026-03-17T14:20:30.921668264) (2026-03-17T14:20:30.921673859) [Msg] Physics service on [/world/mrsim/set_physics]
(2026-03-17T14:20:30.921801189) (2026-03-17T14:20:30.921807303) [Msg] SphericalCoordinates service on [/world/mrsim/set_spherical_coordinates]
(2026-03-17T14:20:30.921860839) (2026-03-17T14:20:30.921867214) [Msg] Enable collision service on [/world/mrsim/enable_collision]
(2026-03-17T14:20:30.921916539) (2026-03-17T14:20:30.921922758) [Msg] Disable collision service on [/world/mrsim/disable_collision]
(2026-03-17T14:20:30.922050987) (2026-03-17T14:20:30.922057364) [Msg] Material service on [/world/mrsim/visual_config]
(2026-03-17T14:20:30.922132086) (2026-03-17T14:20:30.922138171) [Msg] Material service on [/world/mrsim/wheel_slip]
(2026-03-17T14:20:30.922168094) (2026-03-17T14:20:30.922171654) [Dbg] [SystemManager.cc:73] Loaded system [gz::sim::systems::UserCommands] for entity [1]
(2026-03-17T14:20:30.924701243) (2026-03-17T14:20:30.924709912) [Dbg] [SystemManager.cc:73] Loaded system [gz::sim::systems::SceneBroadcaster] for entity [1]
(2026-03-17T14:20:30.925004348) (2026-03-17T14:20:30.925011387) [Msg] Serving world controls on [/world/mrsim/control], [/world/mrsim/control/state] and [/world/mrsim/playback/control]
(2026-03-17T14:20:30.925090359) (2026-03-17T14:20:30.925096530) [Msg] Serving GUI information on [/world/mrsim/gui/info]
(2026-03-17T14:20:30.925121412) (2026-03-17T14:20:30.925124997) [Msg] World [mrsim] initialized with [1ms] physics profile.
(2026-03-17T14:20:30.925212048) (2026-03-17T14:20:30.925218179) [Msg] Serving world SDF generation service on [/world/mrsim/generate_world_sdf]
(2026-03-17T14:20:30.925290744) (2026-03-17T14:20:30.925296821) [Msg] Serving world names on [/gazebo/worlds]
(2026-03-17T14:20:30.925348230) (2026-03-17T14:20:30.925353791) [Msg] Resource path add service on [/gazebo/resource_paths/add].
(2026-03-17T14:20:30.925405538) (2026-03-17T14:20:30.925411584) [Msg] Resource path get service on [/gazebo/resource_paths/get].
(2026-03-17T14:20:30.925462195) (2026-03-17T14:20:30.925467294) [Msg] Resource path resolve service on [/gazebo/resource_paths/resolve].
(2026-03-17T14:20:30.925560262) (2026-03-17T14:20:30.925564459) [Msg] Resource paths published on [/gazebo/resource_paths].
(2026-03-17T14:20:30.925723531) (2026-03-17T14:20:30.925730368) [Msg] Server control service on [/server_control].
(2026-03-17T14:20:32.484350417) (2026-03-17T14:20:32.484362517) [Msg] Found no publishers on /stats, adding root stats topic
(2026-03-17T14:20:32.484546208) (2026-03-17T14:20:32.484553819) [Msg] Found no publishers on /clock, adding root clock topic
(2026-03-17T14:20:32.484716876) (2026-03-17T14:20:32.484724606) [Dbg] [SimulationRunner.cc:501] Creating PostUpdate worker threads: 4
(2026-03-17T14:20:32.484750288) (2026-03-17T14:20:32.484754141) [Dbg] [SimulationRunner.cc:512] Creating postupdate worker thread (0)
(2026-03-17T14:20:32.484830324) (2026-03-17T14:20:32.484834271) [Dbg] [SimulationRunner.cc:512] Creating postupdate worker thread (1)
(2026-03-17T14:20:32.484865559) (2026-03-17T14:20:32.484870978) [Dbg] [SimulationRunner.cc:512] Creating postupdate worker thread (2)
(2026-03-17T14:20:32.489034974) (2026-03-17T14:20:32.489042499) [Dbg] [SimulationFeatures.cc:71] Simulation timestep set to: 0.005
(2026-03-17T14:20:32.489428919) (2026-03-17T14:20:32.489434376) [Dbg] [Sensors.cc:610] Initialization needed
(2026-03-17T14:20:32.489491260) (2026-03-17T14:20:32.489498077) [Dbg] [Sensors.cc:270] Initializing render context
(2026-03-17T14:20:32.489612910) (2026-03-17T14:20:32.489617045) [Msg] Loading plugin [ignition-rendering-ogre2]
(2026-03-17T14:20:32.490058597) (2026-03-17T14:20:32.490066093) [Msg] Serving scene information on [/world/mrsim/scene/info]
(2026-03-17T14:20:32.490125458) (2026-03-17T14:20:32.490131751) [Msg] Serving graph information on [/world/mrsim/scene/graph]
(2026-03-17T14:20:32.490228938) (2026-03-17T14:20:32.490235497) [Msg] Serving full state on [/world/mrsim/state]
(2026-03-17T14:20:32.490283231) (2026-03-17T14:20:32.490288541) [Msg] Serving full state (async) on [/world/mrsim/state_async]
(2026-03-17T14:20:32.490357474) (2026-03-17T14:20:32.490363108) [Msg] Publishing scene information on [/world/mrsim/scene/info]
(2026-03-17T14:20:32.490455510) (2026-03-17T14:20:32.490459675) [Msg] Publishing entity deletions on [/world/mrsim/scene/deletion]
(2026-03-17T14:20:32.490495569) (2026-03-17T14:20:32.490500034) [Msg] Publishing state changes on [/world/mrsim/state]
(2026-03-17T14:20:32.490548892) (2026-03-17T14:20:32.490555845) [Msg] Publishing pose messages on [/world/mrsim/pose/info]
(2026-03-17T14:20:32.490611141) (2026-03-17T14:20:32.490617340) [Msg] Publishing dynamic pose messages on [/world/mrsim/dynamic_pose/info]
(2026-03-17T14:20:32.490787226) (2026-03-17T14:20:32.490791773) [Dbg] [EntityComponentManager.cc:1623] Updated state thread iterators: 8 threads processing around 6 entities each.
(2026-03-17T14:20:32.637911299) (2026-03-17T14:20:32.637918015) [Dbg] [RenderUtil.cc:2591] Create scene [scene]
((2026-03-17T14:20:32.665791857) (2026-03-17T14:20:32.665812655) 2026-03-17T14:20:32.665804554) (2026-03-17T14:20:32.665822038) [Dbg] [Sensors.cc:610] [Dbg] [Sensors.cc:610] Rendering Thread initialized
Initialization neededInitialization needed
(2026-03-17T14:20:33.521497163) (2026-03-17T14:20:33.521509720) [Dbg] [CameraSensor.cc:394] Camera images for [qr4::base::camera] advertised on [/camera]
(2026-03-17T14:20:33.521670649) (2026-03-17T14:20:33.521677704) [Dbg] [CameraSensor.cc:705] Camera info for [qr4::base::camera] advertised on [/camera_info]
(2026-03-17T14:20:33.522012942) (2026-03-17T14:20:33.522017717) [Wrn] [Ogre2Camera.cc:390] Ogre2Camera::SetVisibilityMask: Mask bits c0000000 are set but will be ignored as they conflict with the reserved bits used internally by the ogre2 backend.
(2026-03-17T14:20:33.522202869) (2026-03-17T14:20:33.522206689) [Msg] Loading plugin [ignition-rendering-ogre2]
(2026-03-17T14:20:33.597354149) (2026-03-17T14:20:33.597362868) [Dbg] [CameraSensor.cc:518] Enabling camera sensor: 'qr4::base::camera' data generation.
(2026-03-17T14:20:43.431151229) (2026-03-17T14:20:43.431161369) [Dbg] [SignalHandler.cc:141] Received signal[2].
(2026-03-17T14:20:43.431181385) (2026-03-17T14:20:43.431184963) [Dbg] [ServerPrivate.cc:110] Server received signal[2]
(2026-03-17T14:20:43.431201549) (2026-03-17T14:20:43.431206880) [Dbg] [Sensors.cc:439] SensorsPrivate::Stop
(2026-03-17T14:20:43.437159244) (2026-03-17T14:20:43.437167162) [Dbg] [Sensors.cc:425] SensorsPrivate::RenderThread stopped
(2026-03-17T14:20:43.441065456) (2026-03-17T14:20:43.441074831) [Dbg] [gz.cc:410] Shutting down ign-gazebo-server
((2026-03-17T14:20:43.4459008142026-03-17T14:20:43.445909665) (2026-03-17T14:20:43.445924379) ) (2026-03-17T14:20:43.445945847) [Dbg] [SimulationRunner.cc:528] Exiting postupdate worker thread (1)
Exiting postupdate worker thread (2)
(2026-03-17T14:20:43.446101648) (2026-03-17T14:20:43.446109409) [Dbg] [SimulationRunner.cc:528] Exiting postupdate worker thread (0)
(2026-03-17T14:20:43.473136520) (2026-03-17T14:20:43.473146076) [Dbg] [Sensors.cc:439] SensorsPrivate::Stop
