(2026-03-18T10:09:56.766907546) (2026-03-18T10:09:56.766920410) [Msg] Ignition Gazebo Server v6.17.1
(2026-03-18T10:09:56.769673145) (2026-03-18T10:09:56.769694203) [Msg] Loading SDF world file[/home/user/ros2_ws/install/mrsim_gazebo_sim/share/mrsim_gazebo_sim/worlds/example.world].
(2026-03-18T10:09:57.125640799) (2026-03-18T10:09:57.125652851) [Msg] Serving entity system service on [/entity/system/add]
(2026-03-18T10:09:57.157507816) (2026-03-18T10:09:57.157518724) [Dbg] [SystemManager.cc:73] Loaded system [ignition::gazebo::systems::ShaderParam] for entity [9]
(2026-03-18T10:09:57.162286356) (2026-03-18T10:09:57.162297824) [Dbg] [SystemManager.cc:73] Loaded system [mrsim_gazebo_sim::SetPegPosePlugin] for entity [10]
(2026-03-18T10:09:57.205814083) (2026-03-18T10:09:57.205827189) [Dbg] [SystemManager.cc:73] Loaded system [mrsim_gazebo_sim::MrsimDroneIgnPlugin] for entity [14]
(2026-03-18T10:09:57.207878596) (2026-03-18T10:09:57.207890785) [Dbg] [MulticopterMotorModel.cc:373] Listening to topic: qr4/gazebo/command/motor_speed
(2026-03-18T10:09:57.208052727) (2026-03-18T10:09:57.208059955) [Dbg] [SystemManager.cc:73] Loaded system [ignition::gazebo::systems::MulticopterMotorModel] for entity [14]
(2026-03-18T10:09:57.208596949) (2026-03-18T10:09:57.208603526) [Dbg] [MulticopterMotorModel.cc:373] Listening to topic: qr4/gazebo/command/motor_speed
(2026-03-18T10:09:57.208791576) (2026-03-18T10:09:57.208808794) [Dbg] [SystemManager.cc:73] Loaded system [ignition::gazebo::systems::MulticopterMotorModel] for entity [14]
(2026-03-18T10:09:57.209571799) (2026-03-18T10:09:57.209579676) [Dbg] [MulticopterMotorModel.cc:373] Listening to topic: qr4/gazebo/command/motor_speed
(2026-03-18T10:09:57.209708081) (2026-03-18T10:09:57.209714781) [Dbg] [SystemManager.cc:73] Loaded system [ignition::gazebo::systems::MulticopterMotorModel] for entity [14]
(2026-03-18T10:09:57.210071655) (2026-03-18T10:09:57.210078773) [Dbg] [MulticopterMotorModel.cc:373] Listening to topic: qr4/gazebo/command/motor_speed
(2026-03-18T10:09:57.210175684) (2026-03-18T10:09:57.210182035) [Dbg] [SystemManager.cc:73] Loaded system [ignition::gazebo::systems::MulticopterMotorModel] for entity [14]
(2026-03-18T10:09:57.211981408) (2026-03-18T10:09:57.211992214) [Msg] OdometryPublisher publishing odometry on [/model/qr4/odometry]
(2026-03-18T10:09:57.212130289) (2026-03-18T10:09:57.212136490) [Msg] OdometryPublisher publishing odometry with covariance on [/model/qr4/odometry_with_covariance]
(2026-03-18T10:09:57.212248879) (2026-03-18T10:09:57.212255526) [Msg] OdometryPublisher publishing Pose_V (TF) on [/model/qr4/pose]
(2026-03-18T10:09:57.212290421) (2026-03-18T10:09:57.212295309) [Dbg] [SystemManager.cc:73] Loaded system [ignition::gazebo::systems::OdometryPublisher] for entity [14]
(2026-03-18T10:09:57.229403478) (2026-03-18T10:09:57.229412991) [Dbg] [Sensors.cc:506] Configuring Sensors system
(2026-03-18T10:09:57.229516073) (2026-03-18T10:09:57.229519864) [Dbg] [Sensors.cc:431] SensorsPrivate::Run
(2026-03-18T10:09:57.229641345) (2026-03-18T10:09:57.229658185) ([Dbg] [Sensors.cc:411] 2026-03-18T10:09:57.229668697) (2026-03-18T10:09:57.229678896) SensorsPrivate::RenderThread started
Loaded system [ignition::gazebo::systems::Sensorsignition::gazebo::systems::Sensors(ignition::gazebo::systems::Sensors(] for entity [14]
) ) () [Dbg] [Sensors.cc:258] Waiting for init
(2026-03-18T10:09:57.230319939) (2026-03-18T10:09:57.230327303) [Msg] Loaded level [3]
(2026-03-18T10:09:57.230352555) (2026-03-18T10:09:57.230357237) [Msg] No systems loaded from SDF, loading defaults
(2026-03-18T10:09:57.230687381) (2026-03-18T10:09:57.230693777) [Dbg] [ServerConfig.cc:1043] Loaded (3) plugins from file [/home/user/.ignition/gazebo/6/server.config]
(2026-03-18T10:09:57.254723845) (2026-03-18T10:09:57.254732729) [Dbg] [Physics.cc:804] Loaded [ignition::physics::dartsim::Plugin] from library [/usr/lib/x86_64-linux-gnu/ign-physics-5/engine-plugins/libignition-physics-dartsim-plugin.so]
(2026-03-18T10:09:57.254779801) (2026-03-18T10:09:57.254783419) [Dbg] [SystemManager.cc:73] Loaded system [gz::sim::systems::Physics] for entity [1]
(2026-03-18T10:09:57.256798517) (2026-03-18T10:09:57.256807019) [Msg] Create service on [/world/mrsim/create]
(2026-03-18T10:09:57.256916953) (2026-03-18T10:09:57.256923811) [Msg] Remove service on [/world/mrsim/remove]
(2026-03-18T10:09:57.257053794) (2026-03-18T10:09:57.257059977) [Msg] Pose service on [/world/mrsim/set_pose]
(2026-03-18T10:09:57.257129209) (2026-03-18T10:09:57.257134619) [Msg] Pose service on [/world/mrsim/set_pose_vector]
(2026-03-18T10:09:57.257280712) (2026-03-18T10:09:57.257286940) [Msg] Light configuration service on [/world/mrsim/light_config]
(2026-03-18T10:09:57.257534086) (2026-03-18T10:09:57.257540393) [Msg] Physics service on [/world/mrsim/set_physics]
(2026-03-18T10:09:57.257641389) (2026-03-18T10:09:57.257647000) [Msg] SphericalCoordinates service on [/world/mrsim/set_spherical_coordinates]
(2026-03-18T10:09:57.257703709) (2026-03-18T10:09:57.257709598) [Msg] Enable collision service on [/world/mrsim/enable_collision]
(2026-03-18T10:09:57.257773143) (2026-03-18T10:09:57.257777064) [Msg] Disable collision service on [/world/mrsim/disable_collision]
(2026-03-18T10:09:57.258018221) (2026-03-18T10:09:57.258025077) [Msg] Material service on [/world/mrsim/visual_config]
(2026-03-18T10:09:57.258129304) (2026-03-18T10:09:57.258135772) [Msg] Material service on [/world/mrsim/wheel_slip]
(2026-03-18T10:09:57.258174086) (2026-03-18T10:09:57.258180124) [Dbg] [SystemManager.cc:73] Loaded system [gz::sim::systems::UserCommands] for entity [1]
(2026-03-18T10:09:57.259879101) (2026-03-18T10:09:57.259886276) [Dbg] [SystemManager.cc:73] Loaded system [gz::sim::systems::SceneBroadcaster] for entity [1]
(2026-03-18T10:09:57.260200303) (2026-03-18T10:09:57.260208373) [Msg] Serving world controls on [/world/mrsim/control], [/world/mrsim/control/state] and [/world/mrsim/playback/control]
(2026-03-18T10:09:57.260293394) (2026-03-18T10:09:57.260299793) [Msg] Serving GUI information on [/world/mrsim/gui/info]
(2026-03-18T10:09:57.260322738) (2026-03-18T10:09:57.260326271) [Msg] World [mrsim] initialized with [1ms] physics profile.
(2026-03-18T10:09:57.260422033) (2026-03-18T10:09:57.260428402) [Msg] Serving world SDF generation service on [/world/mrsim/generate_world_sdf]
(2026-03-18T10:09:57.260502495) (2026-03-18T10:09:57.260507652) [Msg] Serving world names on [/gazebo/worlds]
(2026-03-18T10:09:57.260559998) (2026-03-18T10:09:57.260565427) [Msg] Resource path add service on [/gazebo/resource_paths/add].
(2026-03-18T10:09:57.260663820) (2026-03-18T10:09:57.260669858) [Msg] Resource path get service on [/gazebo/resource_paths/get].
(2026-03-18T10:09:57.260769803) (2026-03-18T10:09:57.260775620) [Msg] Resource path resolve service on [/gazebo/resource_paths/resolve].
(2026-03-18T10:09:57.260873882) (2026-03-18T10:09:57.260879133) [Msg] Resource paths published on [/gazebo/resource_paths].
(2026-03-18T10:09:57.361457857) (2026-03-18T10:09:57.361465823) [Msg] Server control service on [/server_control].
(2026-03-18T10:09:58.653764200) (2026-03-18T10:09:58.653772206) [Msg] Found no publishers on /stats, adding root stats topic
(2026-03-18T10:09:58.653918370) (2026-03-18T10:09:58.653923713) [Msg] Found no publishers on /clock, adding root clock topic
(2026-03-18T10:09:58.654060033) (2026-03-18T10:09:58.654064460) [Dbg] [SimulationRunner.cc:501] Creating PostUpdate worker threads: 4
(2026-03-18T10:09:58.654081446) (2026-03-18T10:09:58.654084972) [Dbg] [SimulationRunner.cc:512] Creating postupdate worker thread (0)
(2026-03-18T10:09:58.654149271) (2026-03-18T10:09:58.654152983) [Dbg] [SimulationRunner.cc:512] Creating postupdate worker thread (1)
(2026-03-18T10:09:58.654188401) (2026-03-18T10:09:58.654191972) [Dbg] [SimulationRunner.cc:512] Creating postupdate worker thread (2)
(2026-03-18T10:09:58.657492193) (2026-03-18T10:09:58.657498913) [Dbg] [SimulationFeatures.cc:71] Simulation timestep set to: 0.005
(2026-03-18T10:09:58.657865765) (2026-03-18T10:09:58.657874781) [Dbg] [Sensors.cc:610] Initialization needed
(2026-03-18T10:09:58.657911741) (2026-03-18T10:09:58.657917894) [Dbg] [Sensors.cc:270] Initializing render context
(2026-03-18T10:09:58.658006918) (2026-03-18T10:09:58.658010879) [Msg] Loading plugin [ignition-rendering-ogre2]
(2026-03-18T10:09:58.658760266) (2026-03-18T10:09:58.658805367) [Msg] Serving scene information on [/world/mrsim/scene/info]
(2026-03-18T10:09:58.658897211) (2026-03-18T10:09:58.658915455) [Msg] Serving graph information on [/world/mrsim/scene/graph]
(2026-03-18T10:09:58.659029736) (2026-03-18T10:09:58.659036406) [Msg] Serving full state on [/world/mrsim/state]
(2026-03-18T10:09:58.659166538) (2026-03-18T10:09:58.659176744) [Msg] Serving full state (async) on [/world/mrsim/state_async]
(2026-03-18T10:09:58.659358883) (2026-03-18T10:09:58.659365647) [Msg] Publishing scene information on [/world/mrsim/scene/info]
(2026-03-18T10:09:58.659556426) (2026-03-18T10:09:58.659563473) [Msg] Publishing entity deletions on [/world/mrsim/scene/deletion]
(2026-03-18T10:09:58.659724222) (2026-03-18T10:09:58.659731984) [Msg] Publishing state changes on [/world/mrsim/state]
(2026-03-18T10:09:58.659866767) (2026-03-18T10:09:58.659873737) [Msg] Publishing pose messages on [/world/mrsim/pose/info]
(2026-03-18T10:09:58.659983621) (2026-03-18T10:09:58.659991729) [Msg] Publishing dynamic pose messages on [/world/mrsim/dynamic_pose/info]
(2026-03-18T10:09:58.660334350) (2026-03-18T10:09:58.660339222) [Dbg] [EntityComponentManager.cc:1623] Updated state thread iterators: 8 threads processing around 6 entities each.
(2026-03-18T10:09:58.821701153) (2026-03-18T10:09:58.821707150) [Dbg] [RenderUtil.cc:2591] Create scene [scene]
((2026-03-18T10:09:58.846086213) (2026-03-18T10:09:58.846105977) ) (2026-03-18T10:09:58.846115312) [Dbg] [Sensors.cc:284] [Dbg] [Sensors.cc:610] Rendering Thread initialized[Dbg] [Sensors.cc:610] Rendering Thread initialized

(2026-03-18T10:09:59.668891331) (2026-03-18T10:09:59.668899167) [Dbg] [CameraSensor.cc:394] Camera images for [qr4::base::camera] advertised on [/camera]
(2026-03-18T10:09:59.669026559) (2026-03-18T10:09:59.669033127) [Dbg] [CameraSensor.cc:705] Camera info for [qr4::base::camera] advertised on [/camera_info]
(2026-03-18T10:09:59.669340735) (2026-03-18T10:09:59.669345593) [Wrn] [Ogre2Camera.cc:390] Ogre2Camera::SetVisibilityMask: Mask bits c0000000 are set but will be ignored as they conflict with the reserved bits used internally by the ogre2 backend.
(2026-03-18T10:09:59.669514494) (2026-03-18T10:09:59.669518353) [Msg] Loading plugin [ignition-rendering-ogre2]
(2026-03-18T10:09:59.741489541) (2026-03-18T10:09:59.741500946) [Dbg] [CameraSensor.cc:518] Enabling camera sensor: 'qr4::base::camera' data generation.
(2026-03-18T10:10:22.146050918) (2026-03-18T10:10:22.146059392) [Dbg] [SignalHandler.cc:141] Received signal[2].
(2026-03-18T10:10:22.146084894) (2026-03-18T10:10:22.146088438) [Dbg] [ServerPrivate.cc:110] Server received signal[2]
(2026-03-18T10:10:22.146103715) (2026-03-18T10:10:22.146107216) [Dbg] [Sensors.cc:439] SensorsPrivate::Stop
(2026-03-18T10:10:22.147471225) (2026-03-18T10:10:22.147477676) [Dbg] [Sensors.cc:425] SensorsPrivate::RenderThread stopped
(2026-03-18T10:10:22.150920656) (2026-03-18T10:10:22.150927920) [Dbg] [gz.cc:410] Shutting down ign-gazebo-server
(() (2026-03-18T10:10:22.1530316332026-03-18T10:10:22.1530368922026-03-18T10:10:22.1530316332026-03-18T10:10:22.153036892) ) 2026-03-18T10:10:22.153047451) [Dbg] [SimulationRunner.cc:528] [Dbg] [SimulationRunner.cc:528] [Dbg] [SimulationRunner.cc:528] Exiting postupdate worker thread (0)
Exiting postupdate worker thread (Exiting postupdate worker thread (1)
(2026-03-18T10:10:22.153094743) (2026-03-18T10:10:22.153101542) [Dbg] [SimulationRunner.cc:528] Exiting postupdate worker thread (2)
(2026-03-18T10:10:22.172635796) (2026-03-18T10:10:22.172643544) [Dbg] [Sensors.cc:439] SensorsPrivate::Stop
