(2026-03-17T12:02:16.742029446) (2026-03-17T12:02:16.742036312) [Msg] Ignition Gazebo Server v6.17.1
(2026-03-17T12:02:16.744169393) (2026-03-17T12:02:16.744178726) [Msg] Loading SDF world file[/home/user/ros2_ws/install/mrsim_gazebo_sim/share/mrsim_gazebo_sim/worlds/example.world].
(2026-03-17T12:02:16.925298227) (2026-03-17T12:02:16.925309123) [Msg] Serving entity system service on [/entity/system/add]
(2026-03-17T12:02:16.959373112) (2026-03-17T12:02:16.959385274) [Dbg] [SystemManager.cc:73] Loaded system [ignition::gazebo::systems::ShaderParam] for entity [9]
(2026-03-17T12:02:16.963916073) (2026-03-17T12:02:16.963929139) [Dbg] [SystemManager.cc:73] Loaded system [mrsim_gazebo_sim::SetPegPosePlugin] for entity [10]
(2026-03-17T12:02:16.998919244) (2026-03-17T12:02:16.998930304) [Dbg] [SystemManager.cc:73] Loaded system [mrsim_gazebo_sim::MrsimDroneIgnPlugin] for entity [14]
(2026-03-17T12:02:17.127006) (2026-03-17T12:02:17.134045) [Dbg] [MulticopterMotorModel.cc:373] Listening to topic: qr4/gazebo/command/motor_speed
(2026-03-17T12:02:17.232514) (2026-03-17T12:02:17.236496) [Dbg] [SystemManager.cc:73] Loaded system [ignition::gazebo::systems::MulticopterMotorModel] for entity [14]
(2026-03-17T12:02:17.534560) (2026-03-17T12:02:17.538815) [Dbg] [MulticopterMotorModel.cc:373] Listening to topic: qr4/gazebo/command/motor_speed
(2026-03-17T12:02:17.592023) (2026-03-17T12:02:17.595859) [Dbg] [SystemManager.cc:73] Loaded system [ignition::gazebo::systems::MulticopterMotorModel] for entity [14]
(2026-03-17T12:02:17.1179973) (2026-03-17T12:02:17.1185348) [Dbg] [MulticopterMotorModel.cc:373] Listening to topic: qr4/gazebo/command/motor_speed
(2026-03-17T12:02:17.1303927) (2026-03-17T12:02:17.1307726) [Dbg] [SystemManager.cc:73] Loaded system [ignition::gazebo::systems::MulticopterMotorModel] for entity [14]
(2026-03-17T12:02:17.1557196) (2026-03-17T12:02:17.1561203) [Dbg] [MulticopterMotorModel.cc:373] Listening to topic: qr4/gazebo/command/motor_speed
(2026-03-17T12:02:17.1603776) (2026-03-17T12:02:17.1607543) [Dbg] [SystemManager.cc:73] Loaded system [ignition::gazebo::systems::MulticopterMotorModel] for entity [14]
(2026-03-17T12:02:17.3270556) (2026-03-17T12:02:17.3276050) [Msg] OdometryPublisher publishing odometry on [/model/qr4/odometry]
(2026-03-17T12:02:17.3339265) (2026-03-17T12:02:17.3404115) [Msg] OdometryPublisher publishing odometry with covariance on [/model/qr4/odometry_with_covariance]
(2026-03-17T12:02:17.3457292) (2026-03-17T12:02:17.3461047) [Msg] OdometryPublisher publishing Pose_V (TF) on [/model/qr4/pose]
(2026-03-17T12:02:17.3479346) (2026-03-17T12:02:17.3482735) [Dbg] [SystemManager.cc:73] Loaded system [ignition::gazebo::systems::OdometryPublisher] for entity [14]
(2026-03-17T12:02:17.18468798) (2026-03-17T12:02:17.18476283) [Dbg] [Sensors.cc:506] Configuring Sensors system
(2026-03-17T12:02:17.18564621) (2026-03-17T12:02:17.18568258) [Dbg] [Sensors.cc:431] SensorsPrivate::Run
(2026-03-17T12:02:17.18680187) 2026-03-17T12:02:17.18688645) 2026-03-17T12:02:17.18688471) (2026-03-17T12:02:17.18701305) [Dbg] [Sensors.cc:411] SensorsPrivate::RenderThread started
Loaded system [ignition::gazebo::systems::Sensors] for entity [(2026-03-17T12:02:17.18741187) (2026-03-17T12:02:17.18748154) ]
[Dbg] [Sensors.cc:258] Waiting for init
(2026-03-17T12:02:17.19147021) (2026-03-17T12:02:17.19151953) [Msg] Loaded level [3]
(2026-03-17T12:02:17.19169766) (2026-03-17T12:02:17.19173184) [Msg] No systems loaded from SDF, loading defaults
(2026-03-17T12:02:17.19306829) (2026-03-17T12:02:17.19310521) [Dbg] [ServerConfig.cc:1043] Loaded (3) plugins from file [/home/user/.ignition/gazebo/6/server.config]
(2026-03-17T12:02:17.39614036) (2026-03-17T12:02:17.39621829) [Dbg] [Physics.cc:804] Loaded [ignition::physics::dartsim::Plugin] from library [/usr/lib/x86_64-linux-gnu/ign-physics-5/engine-plugins/libignition-physics-dartsim-plugin.so]
(2026-03-17T12:02:17.39688341) (2026-03-17T12:02:17.39694948) [Dbg] [SystemManager.cc:73] Loaded system [gz::sim::systems::Physics] for entity [1]
(2026-03-17T12:02:17.42003955) (2026-03-17T12:02:17.42013015) [Msg] Create service on [/world/mrsim/create]
(2026-03-17T12:02:17.42218607) (2026-03-17T12:02:17.42224957) [Msg] Remove service on [/world/mrsim/remove]
(2026-03-17T12:02:17.42610945) (2026-03-17T12:02:17.42685001) [Msg] Pose service on [/world/mrsim/set_pose]
(2026-03-17T12:02:17.43056484) (2026-03-17T12:02:17.43074393) [Msg] Pose service on [/world/mrsim/set_pose_vector]
(2026-03-17T12:02:17.43634122) (2026-03-17T12:02:17.43641581) [Msg] Light configuration service on [/world/mrsim/light_config]
(2026-03-17T12:02:17.44176446) (2026-03-17T12:02:17.44190193) [Msg] Physics service on [/world/mrsim/set_physics]
(2026-03-17T12:02:17.44422791) (2026-03-17T12:02:17.44481702) [Msg] SphericalCoordinates service on [/world/mrsim/set_spherical_coordinates]
(2026-03-17T12:02:17.44593865) (2026-03-17T12:02:17.44598448) [Msg] Enable collision service on [/world/mrsim/enable_collision]
(2026-03-17T12:02:17.44804548) (2026-03-17T12:02:17.44810026) [Msg] Disable collision service on [/world/mrsim/disable_collision]
(2026-03-17T12:02:17.45081434) (2026-03-17T12:02:17.45086332) [Msg] Material service on [/world/mrsim/visual_config]
(2026-03-17T12:02:17.45272276) (2026-03-17T12:02:17.45277671) [Msg] Material service on [/world/mrsim/wheel_slip]
(2026-03-17T12:02:17.45388175) (2026-03-17T12:02:17.45392996) [Dbg] [SystemManager.cc:73] Loaded system [gz::sim::systems::UserCommands] for entity [1]
(2026-03-17T12:02:17.46971368) (2026-03-17T12:02:17.46978781) [Dbg] [SystemManager.cc:73] Loaded system [gz::sim::systems::SceneBroadcaster] for entity [1]
(2026-03-17T12:02:17.47380360) (2026-03-17T12:02:17.47387539) [Msg] Serving world controls on [/world/mrsim/control], [/world/mrsim/control/state] and [/world/mrsim/playback/control]
(2026-03-17T12:02:17.47537573) (2026-03-17T12:02:17.47544083) [Msg] Serving GUI information on [/world/mrsim/gui/info]
(2026-03-17T12:02:17.47777593) (2026-03-17T12:02:17.47834502) [Msg] World [mrsim] initialized with [1ms] physics profile.
(2026-03-17T12:02:17.48196771) (2026-03-17T12:02:17.48200748) [Msg] Serving world SDF generation service on [/world/mrsim/generate_world_sdf]
(2026-03-17T12:02:17.48338823) (2026-03-17T12:02:17.48344615) [Msg] Serving world names on [/gazebo/worlds]
(2026-03-17T12:02:17.48479923) (2026-03-17T12:02:17.48483996) [Msg] Resource path add service on [/gazebo/resource_paths/add].
(2026-03-17T12:02:17.48550409) (2026-03-17T12:02:17.48554246) [Msg] Resource path get service on [/gazebo/resource_paths/get].
(2026-03-17T12:02:17.48643360) (2026-03-17T12:02:17.48647232) [Msg] Resource path resolve service on [/gazebo/resource_paths/resolve].
(2026-03-17T12:02:17.49070971) (2026-03-17T12:02:17.49075524) [Msg] Resource paths published on [/gazebo/resource_paths].
(2026-03-17T12:02:17.49213849) (2026-03-17T12:02:17.49220048) [Msg] Server control service on [/server_control].
(2026-03-17T12:02:18.635901313) (2026-03-17T12:02:18.635913660) [Msg] Found no publishers on /stats, adding root stats topic
(2026-03-17T12:02:18.636123307) (2026-03-17T12:02:18.636129906) [Msg] Found no publishers on /clock, adding root clock topic
(2026-03-17T12:02:18.636309558) (2026-03-17T12:02:18.636315558) [Dbg] [SimulationRunner.cc:501] Creating PostUpdate worker threads: 4
(2026-03-17T12:02:18.636337672) (2026-03-17T12:02:18.636342274) [Dbg] [SimulationRunner.cc:512] Creating postupdate worker thread (0)
(2026-03-17T12:02:18.636408105) (2026-03-17T12:02:18.636414317) [Dbg] [SimulationRunner.cc:512] Creating postupdate worker thread (1)
(2026-03-17T12:02:18.636454296) (2026-03-17T12:02:18.636459993) [Dbg] [SimulationRunner.cc:512] Creating postupdate worker thread (2)
(2026-03-17T12:02:18.640639725) (2026-03-17T12:02:18.640647724) [Dbg] [SimulationFeatures.cc:71] Simulation timestep set to: 0.005
(2026-03-17T12:02:18.641071233) (2026-03-17T12:02:18.641078653) [Dbg] [Sensors.cc:610] Initialization needed
(2026-03-17T12:02:18.641151741) (2026-03-17T12:02:18.641160648) [Dbg] [Sensors.cc:270] Initializing render context
(2026-03-17T12:02:18.641291858) (2026-03-17T12:02:18.641298194) [Msg] Loading plugin [ignition-rendering-ogre2]
(2026-03-17T12:02:18.641728862) (2026-03-17T12:02:18.641735250) [Msg] Serving scene information on [/world/mrsim/scene/info]
(2026-03-17T12:02:18.641791000) (2026-03-17T12:02:18.641795797) [Msg] Serving graph information on [/world/mrsim/scene/graph]
(2026-03-17T12:02:18.641898613) (2026-03-17T12:02:18.641902512) [Msg] Serving full state on [/world/mrsim/state]
(2026-03-17T12:02:18.641944739) (2026-03-17T12:02:18.641949570) [Msg] Serving full state (async) on [/world/mrsim/state_async]
(2026-03-17T12:02:18.642101489) (2026-03-17T12:02:18.642106938) [Msg] Publishing scene information on [/world/mrsim/scene/info]
(2026-03-17T12:02:18.642235302) (2026-03-17T12:02:18.642239551) [Msg] Publishing entity deletions on [/world/mrsim/scene/deletion]
(2026-03-17T12:02:18.642281251) (2026-03-17T12:02:18.642285603) [Msg] Publishing state changes on [/world/mrsim/state]
(2026-03-17T12:02:18.642333427) (2026-03-17T12:02:18.642339175) [Msg] Publishing pose messages on [/world/mrsim/pose/info]
(2026-03-17T12:02:18.642449585) (2026-03-17T12:02:18.642455880) [Msg] Publishing dynamic pose messages on [/world/mrsim/dynamic_pose/info]
(2026-03-17T12:02:18.642670107) (2026-03-17T12:02:18.642674524) [Dbg] [EntityComponentManager.cc:1623] Updated state thread iterators: 8 threads processing around 6 entities each.
(2026-03-17T12:02:18.792749079) (2026-03-17T12:02:18.792755076) [Dbg] [RenderUtil.cc:2591] Create scene [scene]
((2026-03-17T12:02:18.8167105892026-03-17T12:02:18.816725414) () (2026-03-17T12:02:18.816741497) 2026-03-17T12:02:18.816735908) [Dbg] [Sensors.cc:284] Rendering Thread initialized
[Dbg] [Sensors.cc:610] Initialization needed
(2026-03-17T12:02:19.626837979) (2026-03-17T12:02:19.626845150) [Dbg] [CameraSensor.cc:394] Camera images for [qr4::base::camera] advertised on [/camera]
(2026-03-17T12:02:19.626975269) (2026-03-17T12:02:19.626981191) [Dbg] [CameraSensor.cc:705] Camera info for [qr4::base::camera] advertised on [/camera_info]
(2026-03-17T12:02:19.627317187) (2026-03-17T12:02:19.627322274) [Wrn] [Ogre2Camera.cc:390] Ogre2Camera::SetVisibilityMask: Mask bits c0000000 are set but will be ignored as they conflict with the reserved bits used internally by the ogre2 backend.
(2026-03-17T12:02:19.627543486) (2026-03-17T12:02:19.627550156) [Msg] Loading plugin [ignition-rendering-ogre2]
(2026-03-17T12:02:19.687520278) (2026-03-17T12:02:19.687527458) [Dbg] [CameraSensor.cc:518] Enabling camera sensor: 'qr4::base::camera' data generation.
(2026-03-17T12:02:50.678019574) (2026-03-17T12:02:50.678027882) [Dbg] [SignalHandler.cc:141] Received signal[2].
(2026-03-17T12:02:50.678051210) (2026-03-17T12:02:50.678054796) [Dbg] [ServerPrivate.cc:110] Server received signal[2]
(2026-03-17T12:02:50.678068911) (2026-03-17T12:02:50.678072265) [Dbg] [Sensors.cc:439] SensorsPrivate::Stop
(2026-03-17T12:02:50.685908265) (2026-03-17T12:02:50.685919274) [Dbg] [Sensors.cc:425] SensorsPrivate::RenderThread stopped
(2026-03-17T12:02:50.690443464) (2026-03-17T12:02:50.690457986) [Dbg] [gz.cc:410] Shutting down ign-gazebo-server
(((2026-03-17T12:02:50.6938549912026-03-17T12:02:50.6938549912026-03-17T12:02:50.6938396812026-03-17T12:02:50.693858461) (2026-03-17T12:02:50.6938742532026-03-17T12:02:50.693874253) ) ) ((2026-03-17T12:02:50.693890657[Dbg] [SimulationRunner.cc:528] (2026-03-17T12:02:50.693890657[Dbg] [SimulationRunner.cc:528] 2026-03-17T12:02:50.693895294) ) Exiting postupdate worker thread (0)
[Dbg] [SimulationRunner.cc:528] [Dbg] [SimulationRunner.cc:528] [Dbg] [SimulationRunner.cc:528] Exiting postupdate worker thread (2)
Exiting postupdate worker thread (1)
(2026-03-17T12:02:50.724995046) (2026-03-17T12:02:50.725003122) [Dbg] [Sensors.cc:439] SensorsPrivate::Stop
