(2026-03-17T14:55:43.293988879) (2026-03-17T14:55:43.293997197) [Msg] Ignition Gazebo Server v6.17.1
(2026-03-17T14:55:43.296162218) (2026-03-17T14:55:43.296172158) [Msg] Loading SDF world file[/home/user/ros2_ws/install/mrsim_gazebo_sim/share/mrsim_gazebo_sim/worlds/example.world].
(2026-03-17T14:55:43.504908575) (2026-03-17T14:55:43.504919622) [Msg] Serving entity system service on [/entity/system/add]
(2026-03-17T14:55:43.524364344) (2026-03-17T14:55:43.524372609) [Dbg] [SystemManager.cc:73] Loaded system [ignition::gazebo::systems::ShaderParam] for entity [9]
(2026-03-17T14:55:43.527046419) (2026-03-17T14:55:43.527056171) [Dbg] [SystemManager.cc:73] Loaded system [mrsim_gazebo_sim::SetPegPosePlugin] for entity [10]
(2026-03-17T14:55:43.559121669) (2026-03-17T14:55:43.559132704) [Dbg] [SystemManager.cc:73] Loaded system [mrsim_gazebo_sim::MrsimDroneIgnPlugin] for entity [14]
(2026-03-17T14:55:43.560947516) (2026-03-17T14:55:43.560956623) [Dbg] [MulticopterMotorModel.cc:373] Listening to topic: qr4/gazebo/command/motor_speed
(2026-03-17T14:55:43.561396403) (2026-03-17T14:55:43.561403174) [Dbg] [SystemManager.cc:73] Loaded system [ignition::gazebo::systems::MulticopterMotorModel] for entity [14]
(2026-03-17T14:55:43.561768368) (2026-03-17T14:55:43.561776667) [Dbg] [MulticopterMotorModel.cc:373] Listening to topic: qr4/gazebo/command/motor_speed
(2026-03-17T14:55:43.562168290) (2026-03-17T14:55:43.562175045) [Dbg] [SystemManager.cc:73] Loaded system [ignition::gazebo::systems::MulticopterMotorModel] for entity [14]
(2026-03-17T14:55:43.562515954) (2026-03-17T14:55:43.562523358) [Dbg] [MulticopterMotorModel.cc:373] Listening to topic: qr4/gazebo/command/motor_speed
(2026-03-17T14:55:43.562927095) (2026-03-17T14:55:43.562933947) [Dbg] [SystemManager.cc:73] Loaded system [ignition::gazebo::systems::MulticopterMotorModel] for entity [14]
(2026-03-17T14:55:43.563276304) (2026-03-17T14:55:43.563283729) [Dbg] [MulticopterMotorModel.cc:373] Listening to topic: qr4/gazebo/command/motor_speed
(2026-03-17T14:55:43.563371150) (2026-03-17T14:55:43.563377869) [Dbg] [SystemManager.cc:73] Loaded system [ignition::gazebo::systems::MulticopterMotorModel] for entity [14]
(2026-03-17T14:55:43.565138456) (2026-03-17T14:55:43.565147679) [Msg] OdometryPublisher publishing odometry on [/model/qr4/odometry]
(2026-03-17T14:55:43.565329354) (2026-03-17T14:55:43.565336222) [Msg] OdometryPublisher publishing odometry with covariance on [/model/qr4/odometry_with_covariance]
(2026-03-17T14:55:43.565492245) (2026-03-17T14:55:43.565498935) [Msg] OdometryPublisher publishing Pose_V (TF) on [/model/qr4/pose]
(2026-03-17T14:55:43.565530932) (2026-03-17T14:55:43.565536969) [Dbg] [SystemManager.cc:73] Loaded system [ignition::gazebo::systems::OdometryPublisher] for entity [14]
(2026-03-17T14:55:43.586588307) (2026-03-17T14:55:43.586600777) [Dbg] [Sensors.cc:506] Configuring Sensors system
(2026-03-17T14:55:43.586725572) (2026-03-17T14:55:43.586731875) [Dbg] [Sensors.cc:431] SensorsPrivate::Run
(2026-03-17T14:55:43.586857681) (2026-03-17T14:55:43.586868079) 2026-03-17T14:55:43.586876188) (2026-03-17T14:55:43.586886178) [Dbg] [Sensors.cc:411] SensorsPrivate::RenderThread started
Loaded system [ignition::gazebo::systems::Sensors] for entity [14(2026-03-17T14:55:43.586935829) (2026-03-17T14:55:43.586943310) 14]
[Dbg] [Sensors.cc:258] Waiting for init
(2026-03-17T14:55:43.587457081) (2026-03-17T14:55:43.587464603) [Msg] Loaded level [3]
(2026-03-17T14:55:43.587494619) (2026-03-17T14:55:43.587500646) [Msg] No systems loaded from SDF, loading defaults
(2026-03-17T14:55:43.587709020) (2026-03-17T14:55:43.587715754) [Dbg] [ServerConfig.cc:1043] Loaded (3) plugins from file [/home/user/.ignition/gazebo/6/server.config]
(2026-03-17T14:55:43.615369458) (2026-03-17T14:55:43.615381912) [Dbg] [Physics.cc:804] Loaded [ignition::physics::dartsim::Plugin] from library [/usr/lib/x86_64-linux-gnu/ign-physics-5/engine-plugins/libignition-physics-dartsim-plugin.so]
(2026-03-17T14:55:43.615464957) (2026-03-17T14:55:43.615470598) [Dbg] [SystemManager.cc:73] Loaded system [gz::sim::systems::Physics] for entity [1]
(2026-03-17T14:55:43.618119383) (2026-03-17T14:55:43.618129376) [Msg] Create service on [/world/mrsim/create]
(2026-03-17T14:55:43.618261148) (2026-03-17T14:55:43.618267962) [Msg] Remove service on [/world/mrsim/remove]
(2026-03-17T14:55:43.618446263) (2026-03-17T14:55:43.618452839) [Msg] Pose service on [/world/mrsim/set_pose]
(2026-03-17T14:55:43.618548859) (2026-03-17T14:55:43.618554608) [Msg] Pose service on [/world/mrsim/set_pose_vector]
(2026-03-17T14:55:43.618788696) (2026-03-17T14:55:43.618796908) [Msg] Light configuration service on [/world/mrsim/light_config]
(2026-03-17T14:55:43.619353581) (2026-03-17T14:55:43.619361150) [Msg] Physics service on [/world/mrsim/set_physics]
(2026-03-17T14:55:43.619541446) (2026-03-17T14:55:43.619548081) [Msg] SphericalCoordinates service on [/world/mrsim/set_spherical_coordinates]
(2026-03-17T14:55:43.619708121) (2026-03-17T14:55:43.619714181) [Msg] Enable collision service on [/world/mrsim/enable_collision]
(2026-03-17T14:55:43.619846823) (2026-03-17T14:55:43.619852976) [Msg] Disable collision service on [/world/mrsim/disable_collision]
(2026-03-17T14:55:43.620096762) (2026-03-17T14:55:43.620103470) [Msg] Material service on [/world/mrsim/visual_config]
(2026-03-17T14:55:43.620264860) (2026-03-17T14:55:43.620270707) [Msg] Material service on [/world/mrsim/wheel_slip]
(2026-03-17T14:55:43.620305268) (2026-03-17T14:55:43.620310768) [Dbg] [SystemManager.cc:73] Loaded system [gz::sim::systems::UserCommands] for entity [1]
(2026-03-17T14:55:43.623073935) (2026-03-17T14:55:43.623085167) [Dbg] [SystemManager.cc:73] Loaded system [gz::sim::systems::SceneBroadcaster] for entity [1]
(2026-03-17T14:55:43.624048114) (2026-03-17T14:55:43.624058015) [Msg] Serving world controls on [/world/mrsim/control], [/world/mrsim/control/state] and [/world/mrsim/playback/control]
(2026-03-17T14:55:43.624397110) (2026-03-17T14:55:43.624404644) [Msg] Serving GUI information on [/world/mrsim/gui/info]
(2026-03-17T14:55:43.624437729) (2026-03-17T14:55:43.624443362) [Msg] World [mrsim] initialized with [1ms] physics profile.
(2026-03-17T14:55:43.624655327) (2026-03-17T14:55:43.624662791) [Msg] Serving world SDF generation service on [/world/mrsim/generate_world_sdf]
(2026-03-17T14:55:43.625388994) (2026-03-17T14:55:43.625396627) [Msg] Serving world names on [/gazebo/worlds]
(2026-03-17T14:55:43.625463779) (2026-03-17T14:55:43.625470164) [Msg] Resource path add service on [/gazebo/resource_paths/add].
(2026-03-17T14:55:43.726199862) (2026-03-17T14:55:43.726210080) [Msg] Resource path get service on [/gazebo/resource_paths/get].
(2026-03-17T14:55:43.726335336) (2026-03-17T14:55:43.726341405) [Msg] Resource path resolve service on [/gazebo/resource_paths/resolve].
(2026-03-17T14:55:43.726478732) (2026-03-17T14:55:43.726539716) [Msg] Resource paths published on [/gazebo/resource_paths].
(2026-03-17T14:55:43.726739235) (2026-03-17T14:55:43.726747195) [Msg] Server control service on [/server_control].
(2026-03-17T14:55:45.191923124) (2026-03-17T14:55:45.191939337) [Msg] Found no publishers on /stats, adding root stats topic
(2026-03-17T14:55:45.192136857) (2026-03-17T14:55:45.192143759) [Msg] Found no publishers on /clock, adding root clock topic
(2026-03-17T14:55:45.192322909) (2026-03-17T14:55:45.192329394) [Dbg] [SimulationRunner.cc:501] Creating PostUpdate worker threads: 4
(2026-03-17T14:55:45.192355870) (2026-03-17T14:55:45.192361703) [Dbg] [SimulationRunner.cc:512] Creating postupdate worker thread (0)
(2026-03-17T14:55:45.192458089) (2026-03-17T14:55:45.192464443) [Dbg] [SimulationRunner.cc:512] Creating postupdate worker thread (1)
(2026-03-17T14:55:45.192508147) (2026-03-17T14:55:45.192514378) [Dbg] [SimulationRunner.cc:512] Creating postupdate worker thread (2)
(2026-03-17T14:55:45.197812984) (2026-03-17T14:55:45.197822214) [Dbg] [SimulationFeatures.cc:71] Simulation timestep set to: 0.005
(2026-03-17T14:55:45.198308832) (2026-03-17T14:55:45.198314614) [Dbg] [Sensors.cc:610] Initialization needed
(2026-03-17T14:55:45.198351057) (2026-03-17T14:55:45.198358953) [Dbg] [Sensors.cc:270] Initializing render context
(2026-03-17T14:55:45.198491033) (2026-03-17T14:55:45.198496549) [Msg] Loading plugin [ignition-rendering-ogre2]
(2026-03-17T14:55:45.198919835) (2026-03-17T14:55:45.198926149) [Msg] Serving scene information on [/world/mrsim/scene/info]
(2026-03-17T14:55:45.199021466) (2026-03-17T14:55:45.199026561) [Msg] Serving graph information on [/world/mrsim/scene/graph]
(2026-03-17T14:55:45.199157796) (2026-03-17T14:55:45.199164006) [Msg] Serving full state on [/world/mrsim/state]
(2026-03-17T14:55:45.199238515) (2026-03-17T14:55:45.199244300) [Msg] Serving full state (async) on [/world/mrsim/state_async]
(2026-03-17T14:55:45.199469745) (2026-03-17T14:55:45.199474516) [Msg] Publishing scene information on [/world/mrsim/scene/info]
(2026-03-17T14:55:45.199544236) (2026-03-17T14:55:45.199550233) [Msg] Publishing entity deletions on [/world/mrsim/scene/deletion]
(2026-03-17T14:55:45.199622143) (2026-03-17T14:55:45.199628164) [Msg] Publishing state changes on [/world/mrsim/state]
(2026-03-17T14:55:45.199751525) (2026-03-17T14:55:45.199778444) [Msg] Publishing pose messages on [/world/mrsim/pose/info]
(2026-03-17T14:55:45.199829014) (2026-03-17T14:55:45.199835454) [Msg] Publishing dynamic pose messages on [/world/mrsim/dynamic_pose/info]
(2026-03-17T14:55:45.200114542) (2026-03-17T14:55:45.200120982) [Dbg] [EntityComponentManager.cc:1623] Updated state thread iterators: 8 threads processing around 6 entities each.
(2026-03-17T14:55:45.368754035) (2026-03-17T14:55:45.368759617) [Dbg] [RenderUtil.cc:2591] Create scene [scene]
((2026-03-17T14:55:45.394546134) (2026-03-17T14:55:45.394551467) (2026-03-17T14:55:45.394563983) 2026-03-17T14:55:45.394557794) [Dbg] [Sensors.cc:284] [Dbg] [Sensors.cc:610] Initialization needed
[Dbg] [Sensors.cc:284] [Dbg] [Sensors.cc:610] Rendering Thread initialized
(2026-03-17T14:55:46.207515792) (2026-03-17T14:55:46.207527352) [Dbg] [CameraSensor.cc:394] Camera images for [qr4::base::camera] advertised on [/camera]
(2026-03-17T14:55:46.207665939) (2026-03-17T14:55:46.207671732) [Dbg] [CameraSensor.cc:705] Camera info for [qr4::base::camera] advertised on [/camera_info]
(2026-03-17T14:55:46.207997718) (2026-03-17T14:55:46.208002803) [Wrn] [Ogre2Camera.cc:390] Ogre2Camera::SetVisibilityMask: Mask bits c0000000 are set but will be ignored as they conflict with the reserved bits used internally by the ogre2 backend.
(2026-03-17T14:55:46.208169770) (2026-03-17T14:55:46.208173474) [Msg] Loading plugin [ignition-rendering-ogre2]
(2026-03-17T14:55:46.286910587) (2026-03-17T14:55:46.286921277) [Dbg] [CameraSensor.cc:518] Enabling camera sensor: 'qr4::base::camera' data generation.
(2026-03-17T14:56:05.785101158) (2026-03-17T14:56:05.785110766) [Dbg] [SignalHandler.cc:141] Received signal[2].
(2026-03-17T14:56:05.785131999) (2026-03-17T14:56:05.785135520) [Dbg] [ServerPrivate.cc:110] Server received signal[2]
(2026-03-17T14:56:05.785152460) (2026-03-17T14:56:05.785155822) [Dbg] [Sensors.cc:439] SensorsPrivate::Stop
(2026-03-17T14:56:05.785435074) (2026-03-17T14:56:05.785441267) [Dbg] [Sensors.cc:425] SensorsPrivate::RenderThread stopped
(2026-03-17T14:56:05.788661782) (2026-03-17T14:56:05.788690158) [Dbg] [gz.cc:410] Shutting down ign-gazebo-server
((2026-03-17T14:56:05.792393199) (2026-03-17T14:56:05.792407350) 2026-03-17T14:56:05.792395686) [Dbg] [SimulationRunner.cc:528] ([Dbg] [SimulationRunner.cc:528] (2026-03-17T14:56:05.7924334742026-03-17T14:56:05.792433221) (2026-03-17T14:56:05.792446527) Exiting postupdate worker thread (Exiting postupdate worker thread ([Dbg] [SimulationRunner.cc:528] 1)0)
Exiting postupdate worker thread (2)
(2026-03-17T14:56:05.816753928) (2026-03-17T14:56:05.816772401) [Dbg] [Sensors.cc:439] SensorsPrivate::Stop
