(2026-03-16T16:46:24.861252037) (2026-03-16T16:46:24.861259675) [Msg] Ignition Gazebo Server v6.17.1
(2026-03-16T16:46:24.863565993) (2026-03-16T16:46:24.863576349) [Msg] Loading SDF world file[/home/user/ros2_ws/install/mrsim_gazebo_sim/share/mrsim_gazebo_sim/worlds/example.world].
(2026-03-16T16:46:25.108184965) (2026-03-16T16:46:25.108193969) [Msg] Serving entity system service on [/entity/system/add]
(2026-03-16T16:46:25.147521761) (2026-03-16T16:46:25.147532718) [Dbg] [SystemManager.cc:73] Loaded system [ignition::gazebo::systems::ShaderParam] for entity [9]
(2026-03-16T16:46:25.151456393) (2026-03-16T16:46:25.151473198) [Dbg] [SystemManager.cc:73] Loaded system [mrsim_gazebo_sim::SetPegPosePlugin] for entity [10]
(2026-03-16T16:46:25.185534270) (2026-03-16T16:46:25.185546716) [Dbg] [SystemManager.cc:73] Loaded system [mrsim_gazebo_sim::MrsimDroneIgnPlugin] for entity [14]
(2026-03-16T16:46:25.187797012) (2026-03-16T16:46:25.187807147) [Dbg] [MulticopterMotorModel.cc:373] Listening to topic: qr4/gazebo/command/motor_speed
(2026-03-16T16:46:25.187972314) (2026-03-16T16:46:25.187978670) [Dbg] [SystemManager.cc:73] Loaded system [ignition::gazebo::systems::MulticopterMotorModel] for entity [14]
(2026-03-16T16:46:25.188466399) (2026-03-16T16:46:25.188473490) [Dbg] [MulticopterMotorModel.cc:373] Listening to topic: qr4/gazebo/command/motor_speed
(2026-03-16T16:46:25.188585632) (2026-03-16T16:46:25.188592425) [Dbg] [SystemManager.cc:73] Loaded system [ignition::gazebo::systems::MulticopterMotorModel] for entity [14]
(2026-03-16T16:46:25.188966291) (2026-03-16T16:46:25.188973609) [Dbg] [MulticopterMotorModel.cc:373] Listening to topic: qr4/gazebo/command/motor_speed
(2026-03-16T16:46:25.189072444) (2026-03-16T16:46:25.189079082) [Dbg] [SystemManager.cc:73] Loaded system [ignition::gazebo::systems::MulticopterMotorModel] for entity [14]
(2026-03-16T16:46:25.189407066) (2026-03-16T16:46:25.189414148) [Dbg] [MulticopterMotorModel.cc:373] Listening to topic: qr4/gazebo/command/motor_speed
(2026-03-16T16:46:25.189480943) (2026-03-16T16:46:25.189523860) [Dbg] [SystemManager.cc:73] Loaded system [ignition::gazebo::systems::MulticopterMotorModel] for entity [14]
(2026-03-16T16:46:25.191885002) (2026-03-16T16:46:25.191895755) [Msg] OdometryPublisher publishing odometry on [/model/qr4/odometry]
(2026-03-16T16:46:25.191993020) (2026-03-16T16:46:25.191999831) [Msg] OdometryPublisher publishing odometry with covariance on [/model/qr4/odometry_with_covariance]
(2026-03-16T16:46:25.192122572) (2026-03-16T16:46:25.192128695) [Msg] OdometryPublisher publishing Pose_V (TF) on [/model/qr4/pose]
(2026-03-16T16:46:25.192190670) (2026-03-16T16:46:25.192196727) [Dbg] [SystemManager.cc:73] Loaded system [ignition::gazebo::systems::OdometryPublisher] for entity [14]
(2026-03-16T16:46:25.214052454) (2026-03-16T16:46:25.214063845) [Dbg] [Sensors.cc:506] Configuring Sensors system
(2026-03-16T16:46:25.214188047) (2026-03-16T16:46:25.214194335) [Dbg] [Sensors.cc:431] SensorsPrivate::Run
(2026-03-16T16:46:25.214314860) (2026-03-16T16:46:25.214321177) [Dbg] [SystemManager.cc:73] Loaded system [ignition::gazebo::systems::Sensors] for entity [14](
2026-03-16T16:46:25.2143560452026-03-16T16:46:25.214356045) (2026-03-16T16:46:25.214377019) [Dbg] [Sensors.cc:411] SensorsPrivate::RenderThread started
(2026-03-16T16:46:25.214394832) (2026-03-16T16:46:25.214398353) [Dbg] [Sensors.cc:258] Waiting for init
(2026-03-16T16:46:25.214866961) (2026-03-16T16:46:25.214874245) [Msg] Loaded level [3]
(2026-03-16T16:46:25.214903565) (2026-03-16T16:46:25.214909462) [Msg] No systems loaded from SDF, loading defaults
(2026-03-16T16:46:25.215113573) (2026-03-16T16:46:25.215120192) [Dbg] [ServerConfig.cc:1043] Loaded (3) plugins from file [/home/user/.ignition/gazebo/6/server.config]
(2026-03-16T16:46:25.246337266) (2026-03-16T16:46:25.246349074) [Dbg] [Physics.cc:804] Loaded [ignition::physics::dartsim::Plugin] from library [/usr/lib/x86_64-linux-gnu/ign-physics-5/engine-plugins/libignition-physics-dartsim-plugin.so]
(2026-03-16T16:46:25.246419587) (2026-03-16T16:46:25.246425784) [Dbg] [SystemManager.cc:73] Loaded system [gz::sim::systems::Physics] for entity [1]
(2026-03-16T16:46:25.249623783) (2026-03-16T16:46:25.249635494) [Msg] Create service on [/world/mrsim/create]
(2026-03-16T16:46:25.249767601) (2026-03-16T16:46:25.249805019) [Msg] Remove service on [/world/mrsim/remove]
(2026-03-16T16:46:25.249905615) (2026-03-16T16:46:25.249912047) [Msg] Pose service on [/world/mrsim/set_pose]
(2026-03-16T16:46:25.250086721) (2026-03-16T16:46:25.250093389) [Msg] Pose service on [/world/mrsim/set_pose_vector]
(2026-03-16T16:46:25.250318890) (2026-03-16T16:46:25.250325828) [Msg] Light configuration service on [/world/mrsim/light_config]
(2026-03-16T16:46:25.250656754) (2026-03-16T16:46:25.250663444) [Msg] Physics service on [/world/mrsim/set_physics]
(2026-03-16T16:46:25.250835809) (2026-03-16T16:46:25.250842203) [Msg] SphericalCoordinates service on [/world/mrsim/set_spherical_coordinates]
(2026-03-16T16:46:25.250972795) (2026-03-16T16:46:25.250979327) [Msg] Enable collision service on [/world/mrsim/enable_collision]
(2026-03-16T16:46:25.251094142) (2026-03-16T16:46:25.251100911) [Msg] Disable collision service on [/world/mrsim/disable_collision]
(2026-03-16T16:46:25.251319007) (2026-03-16T16:46:25.251325847) [Msg] Material service on [/world/mrsim/visual_config]
(2026-03-16T16:46:25.251458022) (2026-03-16T16:46:25.251464617) [Msg] Material service on [/world/mrsim/wheel_slip]
(2026-03-16T16:46:25.251533423) (2026-03-16T16:46:25.251539711) [Dbg] [SystemManager.cc:73] Loaded system [gz::sim::systems::UserCommands] for entity [1]
(2026-03-16T16:46:25.254360797) (2026-03-16T16:46:25.254370351) [Dbg] [SystemManager.cc:73] Loaded system [gz::sim::systems::SceneBroadcaster] for entity [1]
(2026-03-16T16:46:25.254800346) (2026-03-16T16:46:25.254807271) [Msg] Serving world controls on [/world/mrsim/control], [/world/mrsim/control/state] and [/world/mrsim/playback/control]
(2026-03-16T16:46:25.254944052) (2026-03-16T16:46:25.254950603) [Msg] Serving GUI information on [/world/mrsim/gui/info]
(2026-03-16T16:46:25.255009273) (2026-03-16T16:46:25.255014746) [Msg] World [mrsim] initialized with [1ms] physics profile.
(2026-03-16T16:46:25.255150573) (2026-03-16T16:46:25.255157066) [Msg] Serving world SDF generation service on [/world/mrsim/generate_world_sdf]
(2026-03-16T16:46:25.255291944) (2026-03-16T16:46:25.255298038) [Msg] Serving world names on [/gazebo/worlds]
(2026-03-16T16:46:25.255382794) (2026-03-16T16:46:25.255388347) [Msg] Resource path add service on [/gazebo/resource_paths/add].
(2026-03-16T16:46:25.255470166) (2026-03-16T16:46:25.255475705) [Msg] Resource path get service on [/gazebo/resource_paths/get].
(2026-03-16T16:46:25.355872052) (2026-03-16T16:46:25.355883918) [Msg] Resource path resolve service on [/gazebo/resource_paths/resolve].
(2026-03-16T16:46:25.356152116) (2026-03-16T16:46:25.356159280) [Msg] Resource paths published on [/gazebo/resource_paths].
(2026-03-16T16:46:25.356389222) (2026-03-16T16:46:25.356395812) [Msg] Server control service on [/server_control].
(2026-03-16T16:46:26.759232915) (2026-03-16T16:46:26.759241213) [Msg] Found no publishers on /stats, adding root stats topic
(2026-03-16T16:46:26.759439751) (2026-03-16T16:46:26.759446435) [Msg] Found no publishers on /clock, adding root clock topic
(2026-03-16T16:46:26.759631445) (2026-03-16T16:46:26.759635676) [Dbg] [SimulationRunner.cc:501] Creating PostUpdate worker threads: 4
(2026-03-16T16:46:26.759656222) (2026-03-16T16:46:26.759659705) [Dbg] [SimulationRunner.cc:512] Creating postupdate worker thread (0)
(2026-03-16T16:46:26.759759627) (2026-03-16T16:46:26.759764947) [Dbg] [SimulationRunner.cc:512] Creating postupdate worker thread (1)
(2026-03-16T16:46:26.759810771) (2026-03-16T16:46:26.759814420) [Dbg] [SimulationRunner.cc:512] Creating postupdate worker thread (2)
(2026-03-16T16:46:26.765344026) (2026-03-16T16:46:26.765354681) [Dbg] [SimulationFeatures.cc:71] Simulation timestep set to: 0.005
(2026-03-16T16:46:26.765925224) (2026-03-16T16:46:26.765931854) [Dbg] [Sensors.cc:610] Initialization needed
(2026-03-16T16:46:26.765969812) (2026-03-16T16:46:26.765989003) [Dbg] [Sensors.cc:270] Initializing render context
(2026-03-16T16:46:26.766103621) (2026-03-16T16:46:26.766108633) [Msg] Loading plugin [ignition-rendering-ogre2]
(2026-03-16T16:46:26.766730553) (2026-03-16T16:46:26.766738019) [Msg] Serving scene information on [/world/mrsim/scene/info]
(2026-03-16T16:46:26.766816812) (2026-03-16T16:46:26.766823788) [Msg] Serving graph information on [/world/mrsim/scene/graph]
(2026-03-16T16:46:26.766970138) (2026-03-16T16:46:26.766976932) [Msg] Serving full state on [/world/mrsim/state]
(2026-03-16T16:46:26.767039715) (2026-03-16T16:46:26.767045708) [Msg] Serving full state (async) on [/world/mrsim/state_async]
(2026-03-16T16:46:26.767133627) (2026-03-16T16:46:26.767139969) [Msg] Publishing scene information on [/world/mrsim/scene/info]
(2026-03-16T16:46:26.767221405) (2026-03-16T16:46:26.767227247) [Msg] Publishing entity deletions on [/world/mrsim/scene/deletion]
(2026-03-16T16:46:26.767276532) (2026-03-16T16:46:26.767282167) [Msg] Publishing state changes on [/world/mrsim/state]
(2026-03-16T16:46:26.767361882) (2026-03-16T16:46:26.767367516) [Msg] Publishing pose messages on [/world/mrsim/pose/info]
(2026-03-16T16:46:26.767435094) (2026-03-16T16:46:26.767440665) [Msg] Publishing dynamic pose messages on [/world/mrsim/dynamic_pose/info]
(2026-03-16T16:46:26.767691572) (2026-03-16T16:46:26.767698100) [Dbg] [EntityComponentManager.cc:1623] Updated state thread iterators: 8 threads processing around 6 entities each.
(2026-03-16T16:46:26.902211723) (2026-03-16T16:46:26.902217757) [Dbg] [RenderUtil.cc:2591] Create scene [scene]
((2026-03-16T16:46:26.926786478) () (2026-03-16T16:46:26.926800920) ) [Dbg] [Sensors.cc:284] [Dbg] [Sensors.cc:610] [Dbg] [Sensors.cc:284] [Dbg] [Sensors.cc:610] Rendering Thread initialized


(2026-03-16T16:46:27.749323163) (2026-03-16T16:46:27.749333961) [Dbg] [CameraSensor.cc:394] Camera images for [qr4::base::camera] advertised on [/camera]
(2026-03-16T16:46:27.749491034) (2026-03-16T16:46:27.749497651) [Dbg] [CameraSensor.cc:705] Camera info for [qr4::base::camera] advertised on [/camera_info]
(2026-03-16T16:46:27.749802335) (2026-03-16T16:46:27.749806788) [Wrn] [Ogre2Camera.cc:390] Ogre2Camera::SetVisibilityMask: Mask bits c0000000 are set but will be ignored as they conflict with the reserved bits used internally by the ogre2 backend.
(2026-03-16T16:46:27.749964772) (2026-03-16T16:46:27.749968475) [Msg] Loading plugin [ignition-rendering-ogre2]
(2026-03-16T16:46:27.811677956) (2026-03-16T16:46:27.811689570) [Dbg] [CameraSensor.cc:518] Enabling camera sensor: 'qr4::base::camera' data generation.
(2026-03-16T16:46:49.417132022) (2026-03-16T16:46:49.417147641) [Dbg] [SignalHandler.cc:141] Received signal[2].
(2026-03-16T16:46:49.417188615) (2026-03-16T16:46:49.417194538) [Dbg] [ServerPrivate.cc:110] Server received signal[2]
(2026-03-16T16:46:49.417219189) (2026-03-16T16:46:49.417222753) [Dbg] [Sensors.cc:439] SensorsPrivate::Stop
(2026-03-16T16:46:49.420813255) (2026-03-16T16:46:49.420819515) [Dbg] [Sensors.cc:425] SensorsPrivate::RenderThread stopped
(2026-03-16T16:46:49.421400238) (2026-03-16T16:46:49.421409831) [Dbg] [gz.cc:410] Shutting down ign-gazebo-server
((2026-03-16T16:46:49.4235067662026-03-16T16:46:49.423508771) 2026-03-16T16:46:49.423508771) (2026-03-16T16:46:49.423517368(2026-03-16T16:46:49.4235259902026-03-16T16:46:49.423525990[Dbg] [SimulationRunner.cc:528] ) () (Exiting postupdate worker thread () (2026-03-16T16:46:49.423556985) Exiting postupdate worker thread ([Dbg] [SimulationRunner.cc:528] Exiting postupdate worker thread ([Dbg] [SimulationRunner.cc:528] [Dbg] [SimulationRunner.cc:528] Exiting postupdate worker thread (0)

Exiting postupdate worker thread (1)
2)
(2026-03-16T16:46:49.442103422) (2026-03-16T16:46:49.442110225) [Dbg] [Sensors.cc:439] SensorsPrivate::Stop
