(2026-03-17T14:36:49.550332492) (2026-03-17T14:36:49.550337383) [Msg] Ignition Gazebo Server v6.17.1
(2026-03-17T14:36:49.551688724) (2026-03-17T14:36:49.551697122) [Msg] Loading SDF world file[/home/user/ros2_ws/install/mrsim_gazebo_sim/share/mrsim_gazebo_sim/worlds/example.world].
(2026-03-17T14:36:49.757045959) (2026-03-17T14:36:49.757054232) [Msg] Serving entity system service on [/entity/system/add]
(2026-03-17T14:36:49.777590231) (2026-03-17T14:36:49.777598091) [Dbg] [SystemManager.cc:73] Loaded system [ignition::gazebo::systems::ShaderParam] for entity [9]
(2026-03-17T14:36:49.780018712) (2026-03-17T14:36:49.780026189) [Dbg] [SystemManager.cc:73] Loaded system [mrsim_gazebo_sim::SetPegPosePlugin] for entity [10]
(2026-03-17T14:36:49.808809495) (2026-03-17T14:36:49.808816429) [Dbg] [SystemManager.cc:73] Loaded system [mrsim_gazebo_sim::MrsimDroneIgnPlugin] for entity [14]
(2026-03-17T14:36:49.809946419) (2026-03-17T14:36:49.809952664) [Dbg] [MulticopterMotorModel.cc:373] Listening to topic: qr4/gazebo/command/motor_speed
(2026-03-17T14:36:49.810047140) (2026-03-17T14:36:49.810051130) [Dbg] [SystemManager.cc:73] Loaded system [ignition::gazebo::systems::MulticopterMotorModel] for entity [14]
(2026-03-17T14:36:49.810294402) (2026-03-17T14:36:49.810298734) [Dbg] [MulticopterMotorModel.cc:373] Listening to topic: qr4/gazebo/command/motor_speed
(2026-03-17T14:36:49.810350582) (2026-03-17T14:36:49.810354572) [Dbg] [SystemManager.cc:73] Loaded system [ignition::gazebo::systems::MulticopterMotorModel] for entity [14]
(2026-03-17T14:36:49.810552569) (2026-03-17T14:36:49.810556667) [Dbg] [MulticopterMotorModel.cc:373] Listening to topic: qr4/gazebo/command/motor_speed
(2026-03-17T14:36:49.810597923) (2026-03-17T14:36:49.810601821) [Dbg] [SystemManager.cc:73] Loaded system [ignition::gazebo::systems::MulticopterMotorModel] for entity [14]
(2026-03-17T14:36:49.810792915) (2026-03-17T14:36:49.810796964) [Dbg] [MulticopterMotorModel.cc:373] Listening to topic: qr4/gazebo/command/motor_speed
(2026-03-17T14:36:49.810837720) (2026-03-17T14:36:49.810841481) [Dbg] [SystemManager.cc:73] Loaded system [ignition::gazebo::systems::MulticopterMotorModel] for entity [14]
(2026-03-17T14:36:49.811958673) (2026-03-17T14:36:49.811964555) [Msg] OdometryPublisher publishing odometry on [/model/qr4/odometry]
(2026-03-17T14:36:49.812028796) (2026-03-17T14:36:49.812033823) [Msg] OdometryPublisher publishing odometry with covariance on [/model/qr4/odometry_with_covariance]
(2026-03-17T14:36:49.812093314) (2026-03-17T14:36:49.812097133) [Msg] OdometryPublisher publishing Pose_V (TF) on [/model/qr4/pose]
(2026-03-17T14:36:49.812115876) (2026-03-17T14:36:49.812119284) [Dbg] [SystemManager.cc:73] Loaded system [ignition::gazebo::systems::OdometryPublisher] for entity [14]
(2026-03-17T14:36:49.825273521) (2026-03-17T14:36:49.825280689) [Dbg] [Sensors.cc:506] Configuring Sensors system
(2026-03-17T14:36:49.825365377) (2026-03-17T14:36:49.825368992) [Dbg] [Sensors.cc:431] SensorsPrivate::Run
(() (2026-03-17T14:36:49.825473512) ) (2026-03-17T14:36:49.825485870) [Dbg] [Sensors.cc:411] [Dbg] [Sensors.cc:411] [Dbg] [SystemManager.cc:73] Loaded system [SensorsPrivate::RenderThread startedignition::gazebo::systems::SensorsSensorsPrivate::RenderThread startedignition::gazebo::systems::Sensors] for entity [1414(]2026-03-17T14:36:49.8255458092026-03-17T14:36:49.825545809
) (2026-03-17T14:36:49.825557439) [Dbg] [Sensors.cc:258] Waiting for init
(2026-03-17T14:36:49.825907754) (2026-03-17T14:36:49.825912444) [Msg] Loaded level [3]
(2026-03-17T14:36:49.825930131) (2026-03-17T14:36:49.825933553) [Msg] No systems loaded from SDF, loading defaults
(2026-03-17T14:36:49.826083388) (2026-03-17T14:36:49.826088141) [Dbg] [ServerConfig.cc:1043] Loaded (3) plugins from file [/home/user/.ignition/gazebo/6/server.config]
(2026-03-17T14:36:49.845616237) (2026-03-17T14:36:49.845624310) [Dbg] [Physics.cc:804] Loaded [ignition::physics::dartsim::Plugin] from library [/usr/lib/x86_64-linux-gnu/ign-physics-5/engine-plugins/libignition-physics-dartsim-plugin.so]
(2026-03-17T14:36:49.845669370) (2026-03-17T14:36:49.845682158) [Dbg] [SystemManager.cc:73] Loaded system [gz::sim::systems::Physics] for entity [1]
(2026-03-17T14:36:49.847411232) (2026-03-17T14:36:49.847421501) [Msg] Create service on [/world/mrsim/create]
(2026-03-17T14:36:49.847539849) (2026-03-17T14:36:49.847545678) [Msg] Remove service on [/world/mrsim/remove]
(2026-03-17T14:36:49.847649910) (2026-03-17T14:36:49.847655488) [Msg] Pose service on [/world/mrsim/set_pose]
(2026-03-17T14:36:49.847714271) (2026-03-17T14:36:49.847720311) [Msg] Pose service on [/world/mrsim/set_pose_vector]
(2026-03-17T14:36:49.847858752) (2026-03-17T14:36:49.847863178) [Msg] Light configuration service on [/world/mrsim/light_config]
(2026-03-17T14:36:49.847980368) (2026-03-17T14:36:49.847984380) [Msg] Physics service on [/world/mrsim/set_physics]
(2026-03-17T14:36:49.848047177) (2026-03-17T14:36:49.848051062) [Msg] SphericalCoordinates service on [/world/mrsim/set_spherical_coordinates]
(2026-03-17T14:36:49.848085373) (2026-03-17T14:36:49.848089057) [Msg] Enable collision service on [/world/mrsim/enable_collision]
(2026-03-17T14:36:49.848121595) (2026-03-17T14:36:49.848125249) [Msg] Disable collision service on [/world/mrsim/disable_collision]
(2026-03-17T14:36:49.848224671) (2026-03-17T14:36:49.848228669) [Msg] Material service on [/world/mrsim/visual_config]
(2026-03-17T14:36:49.848293282) (2026-03-17T14:36:49.848297212) [Msg] Material service on [/world/mrsim/wheel_slip]
(2026-03-17T14:36:49.848320723) (2026-03-17T14:36:49.848324210) [Dbg] [SystemManager.cc:73] Loaded system [gz::sim::systems::UserCommands] for entity [1]
(2026-03-17T14:36:49.849533028) (2026-03-17T14:36:49.849538851) [Dbg] [SystemManager.cc:73] Loaded system [gz::sim::systems::SceneBroadcaster] for entity [1]
(2026-03-17T14:36:49.849739811) (2026-03-17T14:36:49.849744217) [Msg] Serving world controls on [/world/mrsim/control], [/world/mrsim/control/state] and [/world/mrsim/playback/control]
(2026-03-17T14:36:49.849810965) (2026-03-17T14:36:49.849814879) [Msg] Serving GUI information on [/world/mrsim/gui/info]
(2026-03-17T14:36:49.849832401) (2026-03-17T14:36:49.849835849) [Msg] World [mrsim] initialized with [1ms] physics profile.
(2026-03-17T14:36:49.849915685) (2026-03-17T14:36:49.849919575) [Msg] Serving world SDF generation service on [/world/mrsim/generate_world_sdf]
(2026-03-17T14:36:49.849976778) (2026-03-17T14:36:49.849980764) [Msg] Serving world names on [/gazebo/worlds]
(2026-03-17T14:36:49.850013383) (2026-03-17T14:36:49.850017112) [Msg] Resource path add service on [/gazebo/resource_paths/add].
(2026-03-17T14:36:49.850058934) (2026-03-17T14:36:49.850062573) [Msg] Resource path get service on [/gazebo/resource_paths/get].
(2026-03-17T14:36:49.850095032) (2026-03-17T14:36:49.850098693) [Msg] Resource path resolve service on [/gazebo/resource_paths/resolve].
(2026-03-17T14:36:49.850139036) (2026-03-17T14:36:49.850142647) [Msg] Resource paths published on [/gazebo/resource_paths].
(2026-03-17T14:36:49.850201267) (2026-03-17T14:36:49.850205160) [Msg] Server control service on [/server_control].
(2026-03-17T14:36:51.448961932) (2026-03-17T14:36:51.448972964) [Msg] Found no publishers on /stats, adding root stats topic
(2026-03-17T14:36:51.449166829) (2026-03-17T14:36:51.449173658) [Msg] Found no publishers on /clock, adding root clock topic
(2026-03-17T14:36:51.449346239) (2026-03-17T14:36:51.449352663) [Dbg] [SimulationRunner.cc:501] Creating PostUpdate worker threads: 4
(2026-03-17T14:36:51.449380637) (2026-03-17T14:36:51.449385917) [Dbg] [SimulationRunner.cc:512] Creating postupdate worker thread (0)
(2026-03-17T14:36:51.449474791) (2026-03-17T14:36:51.449481002) [Dbg] [SimulationRunner.cc:512] Creating postupdate worker thread (1)
(2026-03-17T14:36:51.449533615) (2026-03-17T14:36:51.449539705) [Dbg] [SimulationRunner.cc:512] Creating postupdate worker thread (2)
(2026-03-17T14:36:51.453828384) (2026-03-17T14:36:51.453835653) [Dbg] [SimulationFeatures.cc:71] Simulation timestep set to: 0.005
(2026-03-17T14:36:51.454211724) (2026-03-17T14:36:51.454218242) [Dbg] [Sensors.cc:610] Initialization needed
(2026-03-17T14:36:51.454254159) (2026-03-17T14:36:51.454259469) [Dbg] [Sensors.cc:270] Initializing render context
(2026-03-17T14:36:51.454344986) (2026-03-17T14:36:51.454348796) [Msg] Loading plugin [ignition-rendering-ogre2]
(2026-03-17T14:36:51.455050553) (2026-03-17T14:36:51.455059287) [Msg] Serving scene information on [/world/mrsim/scene/info]
(2026-03-17T14:36:51.455137320) (2026-03-17T14:36:51.455143096) [Msg] Serving graph information on [/world/mrsim/scene/graph]
(2026-03-17T14:36:51.455264927) (2026-03-17T14:36:51.455269170) [Msg] Serving full state on [/world/mrsim/state]
(2026-03-17T14:36:51.455310953) (2026-03-17T14:36:51.455314673) [Msg] Serving full state (async) on [/world/mrsim/state_async]
(2026-03-17T14:36:51.455367732) (2026-03-17T14:36:51.455372000) [Msg] Publishing scene information on [/world/mrsim/scene/info]
(2026-03-17T14:36:51.455438573) (2026-03-17T14:36:51.455442536) [Msg] Publishing entity deletions on [/world/mrsim/scene/deletion]
(2026-03-17T14:36:51.455476717) (2026-03-17T14:36:51.455480388) [Msg] Publishing state changes on [/world/mrsim/state]
(2026-03-17T14:36:51.455530912) (2026-03-17T14:36:51.455536280) [Msg] Publishing pose messages on [/world/mrsim/pose/info]
(2026-03-17T14:36:51.455593414) (2026-03-17T14:36:51.455597197) [Msg] Publishing dynamic pose messages on [/world/mrsim/dynamic_pose/info]
(2026-03-17T14:36:51.455768896) (2026-03-17T14:36:51.455773085) [Dbg] [EntityComponentManager.cc:1623] Updated state thread iterators: 8 threads processing around 6 entities each.
(2026-03-17T14:36:51.604902557) (2026-03-17T14:36:51.604908730) [Dbg] [RenderUtil.cc:2591] Create scene [scene]
((2026-03-17T14:36:51.629911574) (2026-03-17T14:36:51.629935079) (2026-03-17T14:36:51.629944214) ) [Dbg] [Sensors.cc:284] Rendering Thread initialized
Initialization needed

(2026-03-17T14:36:52.448495912) (2026-03-17T14:36:52.448505362) [Dbg] [CameraSensor.cc:394] Camera images for [qr4::base::camera] advertised on [/camera]
(2026-03-17T14:36:52.448623471) (2026-03-17T14:36:52.448627763) [Dbg] [CameraSensor.cc:705] Camera info for [qr4::base::camera] advertised on [/camera_info]
(2026-03-17T14:36:52.448932751) (2026-03-17T14:36:52.448938929) [Wrn] [Ogre2Camera.cc:390] Ogre2Camera::SetVisibilityMask: Mask bits c0000000 are set but will be ignored as they conflict with the reserved bits used internally by the ogre2 backend.
(2026-03-17T14:36:52.449126796) (2026-03-17T14:36:52.449130701) [Msg] Loading plugin [ignition-rendering-ogre2]
(2026-03-17T14:36:52.522564892) (2026-03-17T14:36:52.522576154) [Dbg] [CameraSensor.cc:518] Enabling camera sensor: 'qr4::base::camera' data generation.
(2026-03-17T14:36:58.693181503) (2026-03-17T14:36:58.693189458) [Dbg] [SignalHandler.cc:141] Received signal[2].
(2026-03-17T14:36:58.693209706) (2026-03-17T14:36:58.693213416) [Dbg] [ServerPrivate.cc:110] Server received signal[2]
(2026-03-17T14:36:58.693230340) (2026-03-17T14:36:58.693233938) [Dbg] [Sensors.cc:439] SensorsPrivate::Stop
(2026-03-17T14:36:58.693501589) (2026-03-17T14:36:58.693507570) [Dbg] [Sensors.cc:425] SensorsPrivate::RenderThread stopped
(2026-03-17T14:36:58.696638088) (2026-03-17T14:36:58.696645136) [Dbg] [gz.cc:410] Shutting down ign-gazebo-server
(() (2026-03-17T14:36:58.699011514(2026-03-17T14:36:58.6990115142026-03-17T14:36:58.699016899) ) () (2026-03-17T14:36:58.699036563) ) Exiting postupdate worker thread (2)

[Dbg] [SimulationRunner.cc:528] Exiting postupdate worker thread (Exiting postupdate worker thread ()
Exiting postupdate worker thread (Exiting postupdate worker thread (0)
(2026-03-17T14:36:58.719039289) (2026-03-17T14:36:58.719046451) [Dbg] [Sensors.cc:439] SensorsPrivate::Stop
