(2026-03-17T15:56:41.748944291) (2026-03-17T15:56:41.748953422) [Msg] Ignition Gazebo Server v6.17.1
(2026-03-17T15:56:41.751623100) (2026-03-17T15:56:41.751634731) [Msg] Loading SDF world file[/home/user/ros2_ws/install/mrsim_gazebo_sim/share/mrsim_gazebo_sim/worlds/example.world].
(2026-03-17T15:56:42.10359219) (2026-03-17T15:56:42.10369485) [Msg] Serving entity system service on [/entity/system/add]
(2026-03-17T15:56:42.33478432) (2026-03-17T15:56:42.33491674) [Dbg] [SystemManager.cc:73] Loaded system [ignition::gazebo::systems::ShaderParam] for entity [9]
(2026-03-17T15:56:42.38065268) (2026-03-17T15:56:42.38077046) [Dbg] [SystemManager.cc:73] Loaded system [mrsim_gazebo_sim::SetPegPosePlugin] for entity [10]
(2026-03-17T15:56:42.83309415) (2026-03-17T15:56:42.83319372) [Dbg] [SystemManager.cc:73] Loaded system [mrsim_gazebo_sim::MrsimDroneIgnPlugin] for entity [14]
(2026-03-17T15:56:42.85029253) (2026-03-17T15:56:42.85040009) [Dbg] [MulticopterMotorModel.cc:373] Listening to topic: qr4/gazebo/command/motor_speed
(2026-03-17T15:56:42.85228492) (2026-03-17T15:56:42.85236265) [Dbg] [SystemManager.cc:73] Loaded system [ignition::gazebo::systems::MulticopterMotorModel] for entity [14]
(2026-03-17T15:56:42.85679101) (2026-03-17T15:56:42.85687993) [Dbg] [MulticopterMotorModel.cc:373] Listening to topic: qr4/gazebo/command/motor_speed
(2026-03-17T15:56:42.85865226) (2026-03-17T15:56:42.85873418) [Dbg] [SystemManager.cc:73] Loaded system [ignition::gazebo::systems::MulticopterMotorModel] for entity [14]
(2026-03-17T15:56:42.86333737) (2026-03-17T15:56:42.86344362) [Dbg] [MulticopterMotorModel.cc:373] Listening to topic: qr4/gazebo/command/motor_speed
(2026-03-17T15:56:42.86483300) (2026-03-17T15:56:42.86492205) [Dbg] [SystemManager.cc:73] Loaded system [ignition::gazebo::systems::MulticopterMotorModel] for entity [14]
(2026-03-17T15:56:42.87014136) (2026-03-17T15:56:42.87022995) [Dbg] [MulticopterMotorModel.cc:373] Listening to topic: qr4/gazebo/command/motor_speed
(2026-03-17T15:56:42.87156659) (2026-03-17T15:56:42.87165332) [Dbg] [SystemManager.cc:73] Loaded system [ignition::gazebo::systems::MulticopterMotorModel] for entity [14]
(2026-03-17T15:56:42.89395738) (2026-03-17T15:56:42.89421285) [Msg] OdometryPublisher publishing odometry on [/model/qr4/odometry]
(2026-03-17T15:56:42.89575825) (2026-03-17T15:56:42.89585860) [Msg] OdometryPublisher publishing odometry with covariance on [/model/qr4/odometry_with_covariance]
(2026-03-17T15:56:42.89716898) (2026-03-17T15:56:42.89724927) [Msg] OdometryPublisher publishing Pose_V (TF) on [/model/qr4/pose]
(2026-03-17T15:56:42.89762333) (2026-03-17T15:56:42.89769507) [Dbg] [SystemManager.cc:73] Loaded system [ignition::gazebo::systems::OdometryPublisher] for entity [14]
(2026-03-17T15:56:42.104163966) (2026-03-17T15:56:42.104173565) [Dbg] [Sensors.cc:506] Configuring Sensors system
(2026-03-17T15:56:42.104272640) (2026-03-17T15:56:42.104277746) [Dbg] [Sensors.cc:431] SensorsPrivate::Run
(2026-03-17T15:56:42.104408327) (2026-03-17T15:56:42.104415955) [Dbg] [SystemManager.cc:73] (Loaded system [(Loaded system [ignition::gazebo::systems::Sensors] for entity [14]
2026-03-17T15:56:42.104498848) [Dbg] [Sensors.cc:411] SensorsPrivate::RenderThread started
(2026-03-17T15:56:42.104532100) (2026-03-17T15:56:42.104539098) [Dbg] [Sensors.cc:258] Waiting for init
(2026-03-17T15:56:42.104994321) (2026-03-17T15:56:42.105000483) [Msg] Loaded level [3]
(2026-03-17T15:56:42.105026526) (2026-03-17T15:56:42.105032208) [Msg] No systems loaded from SDF, loading defaults
(2026-03-17T15:56:42.105327182) (2026-03-17T15:56:42.105336358) [Dbg] [ServerConfig.cc:1043] Loaded (3) plugins from file [/home/user/.ignition/gazebo/6/server.config]
(2026-03-17T15:56:42.130712349) (2026-03-17T15:56:42.130723511) [Dbg] [Physics.cc:804] Loaded [ignition::physics::dartsim::Plugin] from library [/usr/lib/x86_64-linux-gnu/ign-physics-5/engine-plugins/libignition-physics-dartsim-plugin.so]
(2026-03-17T15:56:42.130780867) (2026-03-17T15:56:42.130785576) [Dbg] [SystemManager.cc:73] Loaded system [gz::sim::systems::Physics] for entity [1]
(2026-03-17T15:56:42.134180248) (2026-03-17T15:56:42.134192786) [Msg] Create service on [/world/mrsim/create]
(2026-03-17T15:56:42.134353148) (2026-03-17T15:56:42.134360309) [Msg] Remove service on [/world/mrsim/remove]
(2026-03-17T15:56:42.134481337) (2026-03-17T15:56:42.134489593) [Msg] Pose service on [/world/mrsim/set_pose]
(2026-03-17T15:56:42.134568051) (2026-03-17T15:56:42.134576002) [Msg] Pose service on [/world/mrsim/set_pose_vector]
(2026-03-17T15:56:42.134753865) (2026-03-17T15:56:42.134762002) [Msg] Light configuration service on [/world/mrsim/light_config]
(2026-03-17T15:56:42.134971604) (2026-03-17T15:56:42.134978799) [Msg] Physics service on [/world/mrsim/set_physics]
(2026-03-17T15:56:42.135112307) (2026-03-17T15:56:42.135120865) [Msg] SphericalCoordinates service on [/world/mrsim/set_spherical_coordinates]
(2026-03-17T15:56:42.135193954) (2026-03-17T15:56:42.135202140) [Msg] Enable collision service on [/world/mrsim/enable_collision]
(2026-03-17T15:56:42.135271928) (2026-03-17T15:56:42.135279947) [Msg] Disable collision service on [/world/mrsim/disable_collision]
(2026-03-17T15:56:42.135475247) (2026-03-17T15:56:42.135482314) [Msg] Material service on [/world/mrsim/visual_config]
(2026-03-17T15:56:42.135603456) (2026-03-17T15:56:42.135610310) [Msg] Material service on [/world/mrsim/wheel_slip]
(2026-03-17T15:56:42.135656644) (2026-03-17T15:56:42.135664734) [Dbg] [SystemManager.cc:73] Loaded system [gz::sim::systems::UserCommands] for entity [1]
(2026-03-17T15:56:42.137903733) (2026-03-17T15:56:42.137912234) [Dbg] [SystemManager.cc:73] Loaded system [gz::sim::systems::SceneBroadcaster] for entity [1]
(2026-03-17T15:56:42.138249420) (2026-03-17T15:56:42.138256338) [Msg] Serving world controls on [/world/mrsim/control], [/world/mrsim/control/state] and [/world/mrsim/playback/control]
(2026-03-17T15:56:42.138359962) (2026-03-17T15:56:42.138366263) [Msg] Serving GUI information on [/world/mrsim/gui/info]
(2026-03-17T15:56:42.138391462) (2026-03-17T15:56:42.138396264) [Msg] World [mrsim] initialized with [1ms] physics profile.
(2026-03-17T15:56:42.138512853) (2026-03-17T15:56:42.138519810) [Msg] Serving world SDF generation service on [/world/mrsim/generate_world_sdf]
(2026-03-17T15:56:42.138608575) (2026-03-17T15:56:42.138614713) [Msg] Serving world names on [/gazebo/worlds]
(2026-03-17T15:56:42.138670084) (2026-03-17T15:56:42.138676203) [Msg] Resource path add service on [/gazebo/resource_paths/add].
(2026-03-17T15:56:42.138729851) (2026-03-17T15:56:42.138736454) [Msg] Resource path get service on [/gazebo/resource_paths/get].
(2026-03-17T15:56:42.138789432) (2026-03-17T15:56:42.138795921) [Msg] Resource path resolve service on [/gazebo/resource_paths/resolve].
(2026-03-17T15:56:42.138875497) (2026-03-17T15:56:42.138880892) [Msg] Resource paths published on [/gazebo/resource_paths].
(2026-03-17T15:56:42.138986675) (2026-03-17T15:56:42.138993233) [Msg] Server control service on [/server_control].
(2026-03-17T15:56:43.641910914) (2026-03-17T15:56:43.641923719) [Msg] Found no publishers on /stats, adding root stats topic
(2026-03-17T15:56:43.642172245) (2026-03-17T15:56:43.642181735) [Msg] Found no publishers on /clock, adding root clock topic
(2026-03-17T15:56:43.642871933) (2026-03-17T15:56:43.642887262) [Dbg] [SimulationRunner.cc:501] Creating PostUpdate worker threads: 4
(2026-03-17T15:56:43.642940558) (2026-03-17T15:56:43.642952934) [Dbg] [SimulationRunner.cc:512] Creating postupdate worker thread (0)
(2026-03-17T15:56:43.643083516) (2026-03-17T15:56:43.643093155) [Dbg] [SimulationRunner.cc:512] Creating postupdate worker thread (1)
(2026-03-17T15:56:43.643172351) (2026-03-17T15:56:43.643181943) [Dbg] [SimulationRunner.cc:512] Creating postupdate worker thread (2)
(2026-03-17T15:56:43.650329201) (2026-03-17T15:56:43.650341242) [Dbg] [SimulationFeatures.cc:71] Simulation timestep set to: 0.005
(2026-03-17T15:56:43.650898737) (2026-03-17T15:56:43.650909481) [Dbg] [Sensors.cc:610] Initialization needed
(2026-03-17T15:56:43.650971207) (2026-03-17T15:56:43.650985745) [Dbg] [Sensors.cc:270] Initializing render context
(2026-03-17T15:56:43.651165459) (2026-03-17T15:56:43.651174695) [Msg] Loading plugin [ignition-rendering-ogre2]
(2026-03-17T15:56:43.651953217) (2026-03-17T15:56:43.651967538) [Msg] Serving scene information on [/world/mrsim/scene/info]
(2026-03-17T15:56:43.652128117) (2026-03-17T15:56:43.652183643) [Msg] Serving graph information on [/world/mrsim/scene/graph]
(2026-03-17T15:56:43.652544771) (2026-03-17T15:56:43.652630481) [Msg] Serving full state on [/world/mrsim/state]
(2026-03-17T15:56:43.652740640) (2026-03-17T15:56:43.652794605) [Msg] Serving full state (async) on [/world/mrsim/state_async]
(2026-03-17T15:56:43.652894591) (2026-03-17T15:56:43.652978232) [Msg] Publishing scene information on [/world/mrsim/scene/info]
(2026-03-17T15:56:43.653152532) (2026-03-17T15:56:43.653159345) [Msg] Publishing entity deletions on [/world/mrsim/scene/deletion]
(2026-03-17T15:56:43.653223610) (2026-03-17T15:56:43.653260654) [Msg] Publishing state changes on [/world/mrsim/state]
(2026-03-17T15:56:43.653391106) (2026-03-17T15:56:43.653427183) [Msg] Publishing pose messages on [/world/mrsim/pose/info]
(2026-03-17T15:56:43.653497835) (2026-03-17T15:56:43.653505396) [Msg] Publishing dynamic pose messages on [/world/mrsim/dynamic_pose/info]
(2026-03-17T15:56:43.653857520) (2026-03-17T15:56:43.653863962) [Dbg] [EntityComponentManager.cc:1623] Updated state thread iterators: 8 threads processing around 6 entities each.
(2026-03-17T15:56:43.856832244) (2026-03-17T15:56:43.856839581) [Dbg] [RenderUtil.cc:2591] Create scene [scene]
((2026-03-17T15:56:43.889156176) (2026-03-17T15:56:43.8891679572026-03-17T15:56:43.889167957) 2026-03-17T15:56:43.889187837) (2026-03-17T15:56:43.889199557) ) Initialization needed
(2026-03-17T15:56:44.958548468) (2026-03-17T15:56:44.958560612) [Dbg] [CameraSensor.cc:394] Camera images for [qr4::base::camera] advertised on [/camera]
(2026-03-17T15:56:44.958720725) (2026-03-17T15:56:44.958729408) [Dbg] [CameraSensor.cc:705] Camera info for [qr4::base::camera] advertised on [/camera_info]
(2026-03-17T15:56:44.959090157) (2026-03-17T15:56:44.959096012) [Wrn] [Ogre2Camera.cc:390] Ogre2Camera::SetVisibilityMask: Mask bits c0000000 are set but will be ignored as they conflict with the reserved bits used internally by the ogre2 backend.
(2026-03-17T15:56:44.959287682) (2026-03-17T15:56:44.959292515) [Msg] Loading plugin [ignition-rendering-ogre2]
(2026-03-17T15:56:45.31054200) (2026-03-17T15:56:45.31077389) [Dbg] [CameraSensor.cc:518] Enabling camera sensor: 'qr4::base::camera' data generation.
(2026-03-17T15:57:10.202808967) (2026-03-17T15:57:10.202828928) [Dbg] [SignalHandler.cc:141] Received signal[2].
(2026-03-17T15:57:10.202862016) (2026-03-17T15:57:10.202867139) [Dbg] [ServerPrivate.cc:110] Server received signal[2]
(2026-03-17T15:57:10.202904571) (2026-03-17T15:57:10.202909572) [Dbg] [Sensors.cc:439] SensorsPrivate::Stop
(2026-03-17T15:57:10.207069467) (2026-03-17T15:57:10.207083009) [Dbg] [Sensors.cc:425] SensorsPrivate::RenderThread stopped
(2026-03-17T15:57:10.209518490) (2026-03-17T15:57:10.209527666) [Dbg] [gz.cc:410] Shutting down ign-gazebo-server
((2026-03-17T15:57:10.2123846292026-03-17T15:57:10.212384629() (2026-03-17T15:57:10.212426602) [Dbg] [SimulationRunner.cc:528] Exiting postupdate worker thread (2)
2026-03-17T15:57:10.212381323) (2026-03-17T15:57:10.212505329) [Dbg] [SimulationRunner.cc:528] ) (2026-03-17T15:57:10.212527722Exiting postupdate worker thread () ) [Dbg] [SimulationRunner.cc:528] 1Exiting postupdate worker thread ([Dbg] [SimulationRunner.cc:528] 1)
)
(2026-03-17T15:57:10.241876731) (2026-03-17T15:57:10.241891888) [Dbg] [Sensors.cc:439] SensorsPrivate::Stop
