(2026-03-17T16:26:27.907006210) (2026-03-17T16:26:27.907014585) [Msg] Ignition Gazebo Server v6.17.1
(2026-03-17T16:26:27.908840534) (2026-03-17T16:26:27.908848394) [Msg] Loading SDF world file[/home/user/ros2_ws/install/mrsim_gazebo_sim/share/mrsim_gazebo_sim/worlds/example.world].
(2026-03-17T16:26:28.133601577) (2026-03-17T16:26:28.133617619) [Msg] Serving entity system service on [/entity/system/add]
(2026-03-17T16:26:28.158040218) (2026-03-17T16:26:28.158049596) [Dbg] [SystemManager.cc:73] Loaded system [ignition::gazebo::systems::ShaderParam] for entity [9]
(2026-03-17T16:26:28.161111147) (2026-03-17T16:26:28.161120262) [Dbg] [SystemManager.cc:73] Loaded system [mrsim_gazebo_sim::SetPegPosePlugin] for entity [10]
(2026-03-17T16:26:28.190482793) (2026-03-17T16:26:28.190494884) [Dbg] [SystemManager.cc:73] Loaded system [mrsim_gazebo_sim::MrsimDroneIgnPlugin] for entity [14]
(2026-03-17T16:26:28.192026113) (2026-03-17T16:26:28.192034424) [Dbg] [MulticopterMotorModel.cc:373] Listening to topic: qr4/gazebo/command/motor_speed
(2026-03-17T16:26:28.192146892) (2026-03-17T16:26:28.192152380) [Dbg] [SystemManager.cc:73] Loaded system [ignition::gazebo::systems::MulticopterMotorModel] for entity [14]
(2026-03-17T16:26:28.192478527) (2026-03-17T16:26:28.192484315) [Dbg] [MulticopterMotorModel.cc:373] Listening to topic: qr4/gazebo/command/motor_speed
(2026-03-17T16:26:28.192563639) (2026-03-17T16:26:28.192568735) [Dbg] [SystemManager.cc:73] Loaded system [ignition::gazebo::systems::MulticopterMotorModel] for entity [14]
(2026-03-17T16:26:28.192837500) (2026-03-17T16:26:28.192843137) [Dbg] [MulticopterMotorModel.cc:373] Listening to topic: qr4/gazebo/command/motor_speed
(2026-03-17T16:26:28.192906266) (2026-03-17T16:26:28.192911471) [Dbg] [SystemManager.cc:73] Loaded system [ignition::gazebo::systems::MulticopterMotorModel] for entity [14]
(2026-03-17T16:26:28.193163725) (2026-03-17T16:26:28.193168932) [Dbg] [MulticopterMotorModel.cc:373] Listening to topic: qr4/gazebo/command/motor_speed
(2026-03-17T16:26:28.193227211) (2026-03-17T16:26:28.193233374) [Dbg] [SystemManager.cc:73] Loaded system [ignition::gazebo::systems::MulticopterMotorModel] for entity [14]
(2026-03-17T16:26:28.194420459) (2026-03-17T16:26:28.194427407) [Msg] OdometryPublisher publishing odometry on [/model/qr4/odometry]
(2026-03-17T16:26:28.194524030) (2026-03-17T16:26:28.194530957) [Msg] OdometryPublisher publishing odometry with covariance on [/model/qr4/odometry_with_covariance]
(2026-03-17T16:26:28.194598051) (2026-03-17T16:26:28.194603673) [Msg] OdometryPublisher publishing Pose_V (TF) on [/model/qr4/pose]
(2026-03-17T16:26:28.194625901) (2026-03-17T16:26:28.194630319) [Dbg] [SystemManager.cc:73] Loaded system [ignition::gazebo::systems::OdometryPublisher] for entity [14]
(2026-03-17T16:26:28.210400913) (2026-03-17T16:26:28.210414799) [Dbg] [Sensors.cc:506] Configuring Sensors system
(2026-03-17T16:26:28.210579299) (2026-03-17T16:26:28.210587236) [Dbg] [Sensors.cc:431] SensorsPrivate::Run
(2026-03-17T16:26:28.210770503) (2026-03-17T16:26:28.210779283) [Dbg] [SystemManager.cc:73] Loaded system [ignition::gazebo::systems::Sensors] for entity [14]
(2026-03-17T16:26:28.211510536) (2026-03-17T16:26:28.211519002) [Msg] Loaded level [3]
(2026-03-17T16:26:28.211548727) (2026-03-17T16:26:28.211553530) [Msg] No systems loaded from SDF, loading defaults
(2026-03-17T16:26:28.211788407) (2026-03-17T16:26:28.211793854) [Dbg] [ServerConfig.cc:1043] Loaded (3) plugins from file [/home/user/.ignition/gazebo/6/server.config]
(2026-03-17T16:26:28.212381837) (2026-03-17T16:26:28.212396215) [Dbg] [Sensors.cc:411] SensorsPrivate::RenderThread started
(2026-03-17T16:26:28.212437491) (2026-03-17T16:26:28.212445841) [Dbg] [Sensors.cc:258] Waiting for init
(2026-03-17T16:26:28.238219499) (2026-03-17T16:26:28.238233802) [Dbg] [Physics.cc:804] Loaded [ignition::physics::dartsim::Plugin] from library [/usr/lib/x86_64-linux-gnu/ign-physics-5/engine-plugins/libignition-physics-dartsim-plugin.so]
(2026-03-17T16:26:28.238317382) (2026-03-17T16:26:28.238324933) [Dbg] [SystemManager.cc:73] Loaded system [gz::sim::systems::Physics] for entity [1]
(2026-03-17T16:26:28.241963216) (2026-03-17T16:26:28.241975881) [Msg] Create service on [/world/mrsim/create]
(2026-03-17T16:26:28.242249233) (2026-03-17T16:26:28.242259437) [Msg] Remove service on [/world/mrsim/remove]
(2026-03-17T16:26:28.242451308) (2026-03-17T16:26:28.242460241) [Msg] Pose service on [/world/mrsim/set_pose]
(2026-03-17T16:26:28.242563691) (2026-03-17T16:26:28.242572537) [Msg] Pose service on [/world/mrsim/set_pose_vector]
(2026-03-17T16:26:28.242721294) (2026-03-17T16:26:28.242730400) [Msg] Light configuration service on [/world/mrsim/light_config]
(2026-03-17T16:26:28.242901797) (2026-03-17T16:26:28.242910573) [Msg] Physics service on [/world/mrsim/set_physics]
(2026-03-17T16:26:28.243011953) (2026-03-17T16:26:28.243020991) [Msg] SphericalCoordinates service on [/world/mrsim/set_spherical_coordinates]
(2026-03-17T16:26:28.243081020) (2026-03-17T16:26:28.243089836) [Msg] Enable collision service on [/world/mrsim/enable_collision]
(2026-03-17T16:26:28.243147185) (2026-03-17T16:26:28.243155826) [Msg] Disable collision service on [/world/mrsim/disable_collision]
(2026-03-17T16:26:28.243300066) (2026-03-17T16:26:28.243309105) [Msg] Material service on [/world/mrsim/visual_config]
(2026-03-17T16:26:28.243415688) (2026-03-17T16:26:28.243423749) [Msg] Material service on [/world/mrsim/wheel_slip]
(2026-03-17T16:26:28.243461070) (2026-03-17T16:26:28.243465689) [Dbg] [SystemManager.cc:73] Loaded system [gz::sim::systems::UserCommands] for entity [1]
(2026-03-17T16:26:28.245284481) (2026-03-17T16:26:28.245293456) [Dbg] [SystemManager.cc:73] Loaded system [gz::sim::systems::SceneBroadcaster] for entity [1]
(2026-03-17T16:26:28.245619995) (2026-03-17T16:26:28.245626229) [Msg] Serving world controls on [/world/mrsim/control], [/world/mrsim/control/state] and [/world/mrsim/playback/control]
(2026-03-17T16:26:28.245724104) (2026-03-17T16:26:28.245730698) [Msg] Serving GUI information on [/world/mrsim/gui/info]
(2026-03-17T16:26:28.245754545) (2026-03-17T16:26:28.245759176) [Msg] World [mrsim] initialized with [1ms] physics profile.
(2026-03-17T16:26:28.245873891) (2026-03-17T16:26:28.245880219) [Msg] Serving world SDF generation service on [/world/mrsim/generate_world_sdf]
(2026-03-17T16:26:28.245963268) (2026-03-17T16:26:28.245969476) [Msg] Serving world names on [/gazebo/worlds]
(2026-03-17T16:26:28.246022048) (2026-03-17T16:26:28.246028058) [Msg] Resource path add service on [/gazebo/resource_paths/add].
(2026-03-17T16:26:28.246081177) (2026-03-17T16:26:28.246087975) [Msg] Resource path get service on [/gazebo/resource_paths/get].
(2026-03-17T16:26:28.246137996) (2026-03-17T16:26:28.246144349) [Msg] Resource path resolve service on [/gazebo/resource_paths/resolve].
(2026-03-17T16:26:28.246207896) (2026-03-17T16:26:28.246212880) [Msg] Resource paths published on [/gazebo/resource_paths].
(2026-03-17T16:26:28.246302739) (2026-03-17T16:26:28.246310215) [Msg] Server control service on [/server_control].
(2026-03-17T16:26:29.803837543) (2026-03-17T16:26:29.803854092) [Msg] Found no publishers on /stats, adding root stats topic
(2026-03-17T16:26:29.804087993) (2026-03-17T16:26:29.804097394) [Msg] Found no publishers on /clock, adding root clock topic
(2026-03-17T16:26:29.804556742) (2026-03-17T16:26:29.804566509) [Dbg] [SimulationRunner.cc:501] Creating PostUpdate worker threads: 4
(2026-03-17T16:26:29.804602752) (2026-03-17T16:26:29.804610856) [Dbg] [SimulationRunner.cc:512] Creating postupdate worker thread (0)
(2026-03-17T16:26:29.804710701) (2026-03-17T16:26:29.804719105) [Dbg] [SimulationRunner.cc:512] Creating postupdate worker thread (1)
(2026-03-17T16:26:29.804771988) (2026-03-17T16:26:29.804779957) [Dbg] [SimulationRunner.cc:512] Creating postupdate worker thread (2)
(2026-03-17T16:26:29.809539831) (2026-03-17T16:26:29.809548256) [Dbg] [SimulationFeatures.cc:71] Simulation timestep set to: 0.005
(2026-03-17T16:26:29.810007510) (2026-03-17T16:26:29.810018011) [Dbg] [Sensors.cc:610] Initialization needed
(2026-03-17T16:26:29.810067007) (2026-03-17T16:26:29.810073297) [Dbg] [Sensors.cc:270] Initializing render context
(2026-03-17T16:26:29.810184855) (2026-03-17T16:26:29.810189917) [Msg] Loading plugin [ignition-rendering-ogre2]
(2026-03-17T16:26:29.810714834) (2026-03-17T16:26:29.810723763) [Msg] Serving scene information on [/world/mrsim/scene/info]
(2026-03-17T16:26:29.810822942) (2026-03-17T16:26:29.810829389) [Msg] Serving graph information on [/world/mrsim/scene/graph]
(2026-03-17T16:26:29.810987836) (2026-03-17T16:26:29.810994431) [Msg] Serving full state on [/world/mrsim/state]
(2026-03-17T16:26:29.811075064) (2026-03-17T16:26:29.811080220) [Msg] Serving full state (async) on [/world/mrsim/state_async]
(2026-03-17T16:26:29.811191820) (2026-03-17T16:26:29.811197569) [Msg] Publishing scene information on [/world/mrsim/scene/info]
(2026-03-17T16:26:29.811300259) (2026-03-17T16:26:29.811306089) [Msg] Publishing entity deletions on [/world/mrsim/scene/deletion]
(2026-03-17T16:26:29.811379126) (2026-03-17T16:26:29.811384821) [Msg] Publishing state changes on [/world/mrsim/state]
(2026-03-17T16:26:29.811494968) (2026-03-17T16:26:29.811523257) [Msg] Publishing pose messages on [/world/mrsim/pose/info]
(2026-03-17T16:26:29.811627152) (2026-03-17T16:26:29.811636792) [Msg] Publishing dynamic pose messages on [/world/mrsim/dynamic_pose/info]
(2026-03-17T16:26:29.811935579) (2026-03-17T16:26:29.811942423) [Dbg] [EntityComponentManager.cc:1623] Updated state thread iterators: 8 threads processing around 6 entities each.
(2026-03-17T16:26:29.989384928) (2026-03-17T16:26:29.989391975) [Dbg] [RenderUtil.cc:2591] Create scene [scene]
((2026-03-17T16:26:30.19576802) ) ) ) (2026-03-17T16:26:30.19608014(2026-03-17T16:26:30.19615334) ) [Dbg] [Sensors.cc:284] [Dbg] [Sensors.cc:610] Initialization neededRendering Thread initialized

(2026-03-17T16:26:31.38551499) (2026-03-17T16:26:31.38564717) [Dbg] [CameraSensor.cc:394] Camera images for [qr4::base::camera] advertised on [/camera]
(2026-03-17T16:26:31.38724969) (2026-03-17T16:26:31.38734044) [Dbg] [CameraSensor.cc:705] Camera info for [qr4::base::camera] advertised on [/camera_info]
(2026-03-17T16:26:31.39093009) (2026-03-17T16:26:31.39099314) [Wrn] [Ogre2Camera.cc:390] Ogre2Camera::SetVisibilityMask: Mask bits c0000000 are set but will be ignored as they conflict with the reserved bits used internally by the ogre2 backend.
(2026-03-17T16:26:31.39298834) (2026-03-17T16:26:31.39304068) [Msg] Loading plugin [ignition-rendering-ogre2]
(2026-03-17T16:26:31.125454168) (2026-03-17T16:26:31.125467061) [Dbg] [CameraSensor.cc:518] Enabling camera sensor: 'qr4::base::camera' data generation.
(2026-03-17T16:26:39.830331319) (2026-03-17T16:26:39.830344147) [Dbg] [SignalHandler.cc:141] Received signal[2].
(2026-03-17T16:26:39.830375754) (2026-03-17T16:26:39.830381408) [Dbg] [ServerPrivate.cc:110] Server received signal[2]
(2026-03-17T16:26:39.830405714) (2026-03-17T16:26:39.830411349) [Dbg] [Sensors.cc:439] SensorsPrivate::Stop
(2026-03-17T16:26:39.837563835) (2026-03-17T16:26:39.837584262) [Dbg] [Sensors.cc:425] SensorsPrivate::RenderThread stopped
(2026-03-17T16:26:39.838385554) (2026-03-17T16:26:39.838399410) [Dbg] [gz.cc:410] Shutting down ign-gazebo-server
(((2026-03-17T16:26:39.842877201) (2026-03-17T16:26:39.842889406) 2026-03-17T16:26:39.842881148) ([Dbg] [SimulationRunner.cc:528] ) Exiting postupdate worker thread (2026-03-17T16:26:39.8428826922026-03-17T16:26:39.842882692) (2026-03-17T16:26:39.842944390) [Dbg] [SimulationRunner.cc:528] Exiting postupdate worker thread (2)
Exiting postupdate worker thread ()
)
(2026-03-17T16:26:39.869627451) (2026-03-17T16:26:39.869640431) [Dbg] [Sensors.cc:439] SensorsPrivate::Stop
