(2026-03-16T14:54:58.183550223) (2026-03-16T14:54:58.183555767) [Msg] Ignition Gazebo Server v6.17.1
(2026-03-16T14:54:58.185226164) (2026-03-16T14:54:58.185235102) [Msg] Loading SDF world file[/home/user/ros2_ws/install/mrsim_gazebo_sim/share/mrsim_gazebo_sim/worlds/example.world].
(2026-03-16T14:54:58.397277784) (2026-03-16T14:54:58.397288160) [Msg] Serving entity system service on [/entity/system/add]
(2026-03-16T14:54:58.423851551) (2026-03-16T14:54:58.423859205) [Dbg] [SystemManager.cc:73] Loaded system [ignition::gazebo::systems::ShaderParam] for entity [9]
(2026-03-16T14:54:58.427315289) (2026-03-16T14:54:58.427322529) [Dbg] [SystemManager.cc:73] Loaded system [mrsim_gazebo_sim::SetPegPosePlugin] for entity [10]
(2026-03-16T14:54:58.459006133) (2026-03-16T14:54:58.459017460) [Dbg] [SystemManager.cc:73] Loaded system [mrsim_gazebo_sim::MrsimDroneIgnPlugin] for entity [14]
(2026-03-16T14:54:58.461297222) (2026-03-16T14:54:58.461308558) [Dbg] [MulticopterMotorModel.cc:373] Listening to topic: qr4/gazebo/command/motor_speed
(2026-03-16T14:54:58.461457094) (2026-03-16T14:54:58.461462938) [Dbg] [SystemManager.cc:73] Loaded system [ignition::gazebo::systems::MulticopterMotorModel] for entity [14]
(2026-03-16T14:54:58.461835589) (2026-03-16T14:54:58.461841659) [Dbg] [MulticopterMotorModel.cc:373] Listening to topic: qr4/gazebo/command/motor_speed
(2026-03-16T14:54:58.461924766) (2026-03-16T14:54:58.461930924) [Dbg] [SystemManager.cc:73] Loaded system [ignition::gazebo::systems::MulticopterMotorModel] for entity [14]
(2026-03-16T14:54:58.462265427) (2026-03-16T14:54:58.462272585) [Dbg] [MulticopterMotorModel.cc:373] Listening to topic: qr4/gazebo/command/motor_speed
(2026-03-16T14:54:58.462344875) (2026-03-16T14:54:58.462351313) [Dbg] [SystemManager.cc:73] Loaded system [ignition::gazebo::systems::MulticopterMotorModel] for entity [14]
(2026-03-16T14:54:58.462659131) (2026-03-16T14:54:58.462665480) [Dbg] [MulticopterMotorModel.cc:373] Listening to topic: qr4/gazebo/command/motor_speed
(2026-03-16T14:54:58.462729518) (2026-03-16T14:54:58.462735282) [Dbg] [SystemManager.cc:73] Loaded system [ignition::gazebo::systems::MulticopterMotorModel] for entity [14]
(2026-03-16T14:54:58.464285672) (2026-03-16T14:54:58.464293321) [Msg] OdometryPublisher publishing odometry on [/model/qr4/odometry]
(2026-03-16T14:54:58.464383644) (2026-03-16T14:54:58.464389921) [Msg] OdometryPublisher publishing odometry with covariance on [/model/qr4/odometry_with_covariance]
(2026-03-16T14:54:58.464467772) (2026-03-16T14:54:58.464473258) [Msg] OdometryPublisher publishing Pose_V (TF) on [/model/qr4/pose]
(2026-03-16T14:54:58.464500884) (2026-03-16T14:54:58.464505502) [Dbg] [SystemManager.cc:73] Loaded system [ignition::gazebo::systems::OdometryPublisher] for entity [14]
(2026-03-16T14:54:58.480577305) (2026-03-16T14:54:58.480590891) [Dbg] [Sensors.cc:506] Configuring Sensors system
(2026-03-16T14:54:58.480730887) (2026-03-16T14:54:58.480737167) [Dbg] [Sensors.cc:431] SensorsPrivate::Run
((2026-03-16T14:54:58.4808687472026-03-16T14:54:58.480877040) ) (2026-03-16T14:54:58.480885545) (2026-03-16T14:54:58.480894795) ) [Dbg] [Sensors.cc:411] [Dbg] [Sensors.cc:411] [Dbg] [SystemManager.cc:73] Loaded system [ignition::gazebo::systems::Sensors] for entity [14]
SensorsPrivate::RenderThread started
(2026-03-16T14:54:58.480958311) (2026-03-16T14:54:58.480963778) [Dbg] [Sensors.cc:258] Waiting for init
(2026-03-16T14:54:58.481960634) (2026-03-16T14:54:58.481971481) [Msg] Loaded level [3]
(2026-03-16T14:54:58.482010384) (2026-03-16T14:54:58.482016161) [Msg] No systems loaded from SDF, loading defaults
(2026-03-16T14:54:58.482611278) (2026-03-16T14:54:58.482618058) [Dbg] [ServerConfig.cc:1043] Loaded (3) plugins from file [/home/user/.ignition/gazebo/6/server.config]
(2026-03-16T14:54:58.523559942) (2026-03-16T14:54:58.523571347) [Dbg] [Physics.cc:804] Loaded [ignition::physics::dartsim::Plugin] from library [/usr/lib/x86_64-linux-gnu/ign-physics-5/engine-plugins/libignition-physics-dartsim-plugin.so]
(2026-03-16T14:54:58.523627873) (2026-03-16T14:54:58.523631461) [Dbg] [SystemManager.cc:73] Loaded system [gz::sim::systems::Physics] for entity [1]
(2026-03-16T14:54:58.525928182) (2026-03-16T14:54:58.525935385) [Msg] Create service on [/world/mrsim/create]
(2026-03-16T14:54:58.526059377) (2026-03-16T14:54:58.526063662) [Msg] Remove service on [/world/mrsim/remove]
(2026-03-16T14:54:58.526161580) (2026-03-16T14:54:58.526165729) [Msg] Pose service on [/world/mrsim/set_pose]
(2026-03-16T14:54:58.526235495) (2026-03-16T14:54:58.526239648) [Msg] Pose service on [/world/mrsim/set_pose_vector]
(2026-03-16T14:54:58.526364345) (2026-03-16T14:54:58.526368366) [Msg] Light configuration service on [/world/mrsim/light_config]
(2026-03-16T14:54:58.526529849) (2026-03-16T14:54:58.526534206) [Msg] Physics service on [/world/mrsim/set_physics]
(2026-03-16T14:54:58.526655445) (2026-03-16T14:54:58.526659604) [Msg] SphericalCoordinates service on [/world/mrsim/set_spherical_coordinates]
(2026-03-16T14:54:58.526745233) (2026-03-16T14:54:58.526749223) [Msg] Enable collision service on [/world/mrsim/enable_collision]
(2026-03-16T14:54:58.526853981) (2026-03-16T14:54:58.526858134) [Msg] Disable collision service on [/world/mrsim/disable_collision]
(2026-03-16T14:54:58.527027598) (2026-03-16T14:54:58.527031806) [Msg] Material service on [/world/mrsim/visual_config]
(2026-03-16T14:54:58.527161206) (2026-03-16T14:54:58.527167702) [Msg] Material service on [/world/mrsim/wheel_slip]
(2026-03-16T14:54:58.527205259) (2026-03-16T14:54:58.527210520) [Dbg] [SystemManager.cc:73] Loaded system [gz::sim::systems::UserCommands] for entity [1]
(2026-03-16T14:54:58.530408452) (2026-03-16T14:54:58.530419893) [Dbg] [SystemManager.cc:73] Loaded system [gz::sim::systems::SceneBroadcaster] for entity [1]
(2026-03-16T14:54:58.530965946) (2026-03-16T14:54:58.530973638) [Msg] Serving world controls on [/world/mrsim/control], [/world/mrsim/control/state] and [/world/mrsim/playback/control]
(2026-03-16T14:54:58.531163512) (2026-03-16T14:54:58.531170420) [Msg] Serving GUI information on [/world/mrsim/gui/info]
(2026-03-16T14:54:58.531201486) (2026-03-16T14:54:58.531207389) [Msg] World [mrsim] initialized with [1ms] physics profile.
(2026-03-16T14:54:58.531426155) (2026-03-16T14:54:58.531432834) [Msg] Serving world SDF generation service on [/world/mrsim/generate_world_sdf]
(2026-03-16T14:54:58.531761233) (2026-03-16T14:54:58.531768463) [Msg] Serving world names on [/gazebo/worlds]
(2026-03-16T14:54:58.632156830) (2026-03-16T14:54:58.632175506) [Msg] Resource path add service on [/gazebo/resource_paths/add].
(2026-03-16T14:54:58.632361427) (2026-03-16T14:54:58.632367566) [Msg] Resource path get service on [/gazebo/resource_paths/get].
(2026-03-16T14:54:58.632466090) (2026-03-16T14:54:58.632472954) [Msg] Resource path resolve service on [/gazebo/resource_paths/resolve].
(2026-03-16T14:54:58.632554742) (2026-03-16T14:54:58.632560344) [Msg] Resource paths published on [/gazebo/resource_paths].
(2026-03-16T14:54:58.632748480) (2026-03-16T14:54:58.632754807) [Msg] Server control service on [/server_control].
(2026-03-16T14:55:00.81820140) (2026-03-16T14:55:00.81849989) [Msg] Found no publishers on /stats, adding root stats topic
(2026-03-16T14:55:00.82321499) (2026-03-16T14:55:00.82328315) [Msg] Found no publishers on /clock, adding root clock topic
(2026-03-16T14:55:00.82533532) (2026-03-16T14:55:00.82539818) [Dbg] [SimulationRunner.cc:501] Creating PostUpdate worker threads: 4
(2026-03-16T14:55:00.82567825) (2026-03-16T14:55:00.82573664) [Dbg] [SimulationRunner.cc:512] Creating postupdate worker thread (0)
(2026-03-16T14:55:00.82674223) (2026-03-16T14:55:00.82681286) [Dbg] [SimulationRunner.cc:512] Creating postupdate worker thread (1)
(2026-03-16T14:55:00.82739462) (2026-03-16T14:55:00.82744794) [Dbg] [SimulationRunner.cc:512] Creating postupdate worker thread (2)
(2026-03-16T14:55:00.94189981) (2026-03-16T14:55:00.94198692) [Dbg] [SimulationFeatures.cc:71] Simulation timestep set to: 0.005
(2026-03-16T14:55:00.94848220) (2026-03-16T14:55:00.94860887) [Dbg] [Sensors.cc:610] Initialization needed
(2026-03-16T14:55:00.94891506) (2026-03-16T14:55:00.94896232) [Dbg] [Sensors.cc:270] Initializing render context
(2026-03-16T14:55:00.94991480) (2026-03-16T14:55:00.94995255) [Msg] Loading plugin [ignition-rendering-ogre2]
(2026-03-16T14:55:00.96144697) (2026-03-16T14:55:00.96154930) [Msg] Serving scene information on [/world/mrsim/scene/info]
(2026-03-16T14:55:00.96241734) (2026-03-16T14:55:00.96246902) [Msg] Serving graph information on [/world/mrsim/scene/graph]
(2026-03-16T14:55:00.96381908) (2026-03-16T14:55:00.96388274) [Msg] Serving full state on [/world/mrsim/state]
(2026-03-16T14:55:00.96447366) (2026-03-16T14:55:00.96452831) [Msg] Serving full state (async) on [/world/mrsim/state_async]
(2026-03-16T14:55:00.96535969) (2026-03-16T14:55:00.96541863) [Msg] Publishing scene information on [/world/mrsim/scene/info]
(2026-03-16T14:55:00.96639293) (2026-03-16T14:55:00.96644686) [Msg] Publishing entity deletions on [/world/mrsim/scene/deletion]
(2026-03-16T14:55:00.96729943) (2026-03-16T14:55:00.96736404) [Msg] Publishing state changes on [/world/mrsim/state]
(2026-03-16T14:55:00.96825259) (2026-03-16T14:55:00.96829616) [Msg] Publishing pose messages on [/world/mrsim/pose/info]
(2026-03-16T14:55:00.96880749) (2026-03-16T14:55:00.96884634) [Msg] Publishing dynamic pose messages on [/world/mrsim/dynamic_pose/info]
(2026-03-16T14:55:00.97410074) (2026-03-16T14:55:00.97417568) [Dbg] [EntityComponentManager.cc:1623] Updated state thread iterators: 8 threads processing around 6 entities each.
(2026-03-16T14:55:00.266845115) (2026-03-16T14:55:00.266851937) [Dbg] [RenderUtil.cc:2591] Create scene [scene]
(2026-03-16T14:55:00.293145159) (2026-03-16T14:55:00.293152589) [Dbg] [Sensors.cc:284] Rendering Thread initialized
(2026-03-16T14:55:00.293225384) (2026-03-16T14:55:00.293231677) [Dbg] [Sensors.cc:610] Initialization needed
(2026-03-16T14:55:01.252527458) (2026-03-16T14:55:01.252539007) [Dbg] [CameraSensor.cc:394] Camera images for [qr4::base::camera] advertised on [/camera]
(2026-03-16T14:55:01.253676468) (2026-03-16T14:55:01.253684151) [Dbg] [CameraSensor.cc:705] Camera info for [qr4::base::camera] advertised on [/camera_info]
(2026-03-16T14:55:01.255347326) (2026-03-16T14:55:01.255357490) [Wrn] [Ogre2Camera.cc:390] Ogre2Camera::SetVisibilityMask: Mask bits c0000000 are set but will be ignored as they conflict with the reserved bits used internally by the ogre2 backend.
(2026-03-16T14:55:01.256937616) (2026-03-16T14:55:01.256943857) [Msg] Loading plugin [ignition-rendering-ogre2]
(2026-03-16T14:55:01.398079730) (2026-03-16T14:55:01.398091996) [Dbg] [CameraSensor.cc:518] Enabling camera sensor: 'qr4::base::camera' data generation.
(2026-03-16T14:55:05.31545853) (2026-03-16T14:55:05.31554601) [Dbg] [SignalHandler.cc:141] Received signal[2].
(2026-03-16T14:55:05.31578786) (2026-03-16T14:55:05.31582360) [Dbg] [ServerPrivate.cc:110] Server received signal[2]
(2026-03-16T14:55:05.31604022) (2026-03-16T14:55:05.31607461) [Dbg] [Sensors.cc:439] SensorsPrivate::Stop
(2026-03-16T14:55:05.32099008) (2026-03-16T14:55:05.32108088) [Dbg] [Sensors.cc:425] SensorsPrivate::RenderThread stopped
(2026-03-16T14:55:05.33198023) (2026-03-16T14:55:05.33204811) [Dbg] [gz.cc:410] Shutting down ign-gazebo-server
(((2026-03-16T14:55:05.37098467) ) ) 2026-03-16T14:55:05.37114074) (((2026-03-16T14:55:05.37128632) 2026-03-16T14:55:05.37132828) [Dbg] [SimulationRunner.cc:528] ) (2026-03-16T14:55:05.37154811Exiting postupdate worker thread (2026-03-16T14:55:05.37154811Exiting postupdate worker thread () Exiting postupdate worker thread (2)
)))Exiting postupdate worker thread (0)
(2026-03-16T14:55:05.65102580) (2026-03-16T14:55:05.65111486) [Dbg] [Sensors.cc:439] SensorsPrivate::Stop
