(2026-03-13T16:33:51.590883286) (2026-03-13T16:33:51.590894465) [Msg] Ignition Gazebo Server v6.17.1
(2026-03-13T16:33:51.593497511) (2026-03-13T16:33:51.593509199) [Msg] Loading SDF world file[/home/user/ros2_ws/install/mrsim_gazebo_sim/share/mrsim_gazebo_sim/worlds/example.world].
(2026-03-13T16:33:51.883352224) (2026-03-13T16:33:51.883367789) [Msg] Serving entity system service on [/entity/system/add]
(2026-03-13T16:33:51.927366508) (2026-03-13T16:33:51.927379652) [Dbg] [SystemManager.cc:73] Loaded system [ignition::gazebo::systems::ShaderParam] for entity [9]
(2026-03-13T16:33:51.932188866) (2026-03-13T16:33:51.932202104) [Dbg] [SystemManager.cc:73] Loaded system [mrsim_gazebo_sim::SetPegPosePlugin] for entity [10]
(2026-03-13T16:33:51.976781253) (2026-03-13T16:33:51.976801892) [Dbg] [SystemManager.cc:73] Loaded system [mrsim_gazebo_sim::MrsimDroneIgnPlugin] for entity [14]
(2026-03-13T16:33:51.979220963) (2026-03-13T16:33:51.979232541) [Dbg] [MulticopterMotorModel.cc:373] Listening to topic: qr4/gazebo/command/motor_speed
(2026-03-13T16:33:51.979426329) (2026-03-13T16:33:51.979435547) [Dbg] [SystemManager.cc:73] Loaded system [ignition::gazebo::systems::MulticopterMotorModel] for entity [14]
(2026-03-13T16:33:51.979984802) (2026-03-13T16:33:51.979995145) [Dbg] [MulticopterMotorModel.cc:373] Listening to topic: qr4/gazebo/command/motor_speed
(2026-03-13T16:33:51.980268083) (2026-03-13T16:33:51.980302408) [Dbg] [SystemManager.cc:73] Loaded system [ignition::gazebo::systems::MulticopterMotorModel] for entity [14]
(2026-03-13T16:33:51.980948548) (2026-03-13T16:33:51.980957675) [Dbg] [MulticopterMotorModel.cc:373] Listening to topic: qr4/gazebo/command/motor_speed
(2026-03-13T16:33:51.981082593) (2026-03-13T16:33:51.981090768) [Dbg] [SystemManager.cc:73] Loaded system [ignition::gazebo::systems::MulticopterMotorModel] for entity [14]
(2026-03-13T16:33:51.981694610) (2026-03-13T16:33:51.981702767) [Dbg] [MulticopterMotorModel.cc:373] Listening to topic: qr4/gazebo/command/motor_speed
(2026-03-13T16:33:51.982071372) (2026-03-13T16:33:51.982080024) [Dbg] [SystemManager.cc:73] Loaded system [ignition::gazebo::systems::MulticopterMotorModel] for entity [14]
(2026-03-13T16:33:51.984543550) (2026-03-13T16:33:51.984560924) [Msg] OdometryPublisher publishing odometry on [/model/qr4/odometry]
(2026-03-13T16:33:51.984721168) (2026-03-13T16:33:51.984728975) [Msg] OdometryPublisher publishing odometry with covariance on [/model/qr4/odometry_with_covariance]
(2026-03-13T16:33:51.985050632) (2026-03-13T16:33:51.985075510) [Msg] OdometryPublisher publishing Pose_V (TF) on [/model/qr4/pose]
(2026-03-13T16:33:51.985202780) (2026-03-13T16:33:51.985215299) [Dbg] [SystemManager.cc:73] Loaded system [ignition::gazebo::systems::OdometryPublisher] for entity [14]
(2026-03-13T16:33:52.10113613) (2026-03-13T16:33:52.10127506) [Dbg] [Sensors.cc:506] Configuring Sensors system
(2026-03-13T16:33:52.10289481) (2026-03-13T16:33:52.10297350) [Dbg] [Sensors.cc:431] SensorsPrivate::Run
(2026-03-13T16:33:52.10452653) (2026-03-13T16:33:52.10461370) [Dbg] [SystemManager.cc:73] Loaded system [2026-03-13T16:33:52.10477092) ignition::gazebo::systems::Sensors(] for entity [2026-03-13T16:33:52.10550068142026-03-13T16:33:52.1055006814) ]
[Dbg] [Sensors.cc:411] SensorsPrivate::RenderThread started
(2026-03-13T16:33:52.10614249) (2026-03-13T16:33:52.10621969) [Dbg] [Sensors.cc:258] Waiting for init
(2026-03-13T16:33:52.11392218) (2026-03-13T16:33:52.11405368) [Msg] Loaded level [3]
(2026-03-13T16:33:52.11447416) (2026-03-13T16:33:52.11455792) [Msg] No systems loaded from SDF, loading defaults
(2026-03-13T16:33:52.11884602) (2026-03-13T16:33:52.11891913) [Dbg] [ServerConfig.cc:1043] Loaded (3) plugins from file [/home/user/.ignition/gazebo/6/server.config]
(2026-03-13T16:33:52.34739555) (2026-03-13T16:33:52.34748384) [Dbg] [Physics.cc:804] Loaded [ignition::physics::dartsim::Plugin] from library [/usr/lib/x86_64-linux-gnu/ign-physics-5/engine-plugins/libignition-physics-dartsim-plugin.so]
(2026-03-13T16:33:52.34803152) (2026-03-13T16:33:52.34807652) [Dbg] [SystemManager.cc:73] Loaded system [gz::sim::systems::Physics] for entity [1]
(2026-03-13T16:33:52.36918856) (2026-03-13T16:33:52.36930652) [Msg] Create service on [/world/mrsim/create]
(2026-03-13T16:33:52.37040558) (2026-03-13T16:33:52.37048820) [Msg] Remove service on [/world/mrsim/remove]
(2026-03-13T16:33:52.37147880) (2026-03-13T16:33:52.37155997) [Msg] Pose service on [/world/mrsim/set_pose]
(2026-03-13T16:33:52.37226695) (2026-03-13T16:33:52.37235032) [Msg] Pose service on [/world/mrsim/set_pose_vector]
(2026-03-13T16:33:52.37368499) (2026-03-13T16:33:52.37376599) [Msg] Light configuration service on [/world/mrsim/light_config]
(2026-03-13T16:33:52.37553412) (2026-03-13T16:33:52.37561665) [Msg] Physics service on [/world/mrsim/set_physics]
(2026-03-13T16:33:52.37661788) (2026-03-13T16:33:52.37669978) [Msg] SphericalCoordinates service on [/world/mrsim/set_spherical_coordinates]
(2026-03-13T16:33:52.37733601) (2026-03-13T16:33:52.37741777) [Msg] Enable collision service on [/world/mrsim/enable_collision]
(2026-03-13T16:33:52.37803202) (2026-03-13T16:33:52.37811056) [Msg] Disable collision service on [/world/mrsim/disable_collision]
(2026-03-13T16:33:52.37953938) (2026-03-13T16:33:52.37962041) [Msg] Material service on [/world/mrsim/visual_config]
(2026-03-13T16:33:52.38060065) (2026-03-13T16:33:52.38068142) [Msg] Material service on [/world/mrsim/wheel_slip]
(2026-03-13T16:33:52.38106292) (2026-03-13T16:33:52.38110818) [Dbg] [SystemManager.cc:73] Loaded system [gz::sim::systems::UserCommands] for entity [1]
(2026-03-13T16:33:52.39864334) (2026-03-13T16:33:52.39875842) [Dbg] [SystemManager.cc:73] Loaded system [gz::sim::systems::SceneBroadcaster] for entity [1]
(2026-03-13T16:33:52.40264535) (2026-03-13T16:33:52.40274285) [Msg] Serving world controls on [/world/mrsim/control], [/world/mrsim/control/state] and [/world/mrsim/playback/control]
(2026-03-13T16:33:52.40455708) (2026-03-13T16:33:52.40464818) [Msg] Serving GUI information on [/world/mrsim/gui/info]
(2026-03-13T16:33:52.40491258) (2026-03-13T16:33:52.40495774) [Msg] World [mrsim] initialized with [1ms] physics profile.
(2026-03-13T16:33:52.40637069) (2026-03-13T16:33:52.40645458) [Msg] Serving world SDF generation service on [/world/mrsim/generate_world_sdf]
(2026-03-13T16:33:52.40768862) (2026-03-13T16:33:52.40777242) [Msg] Serving world names on [/gazebo/worlds]
(2026-03-13T16:33:52.40860906) (2026-03-13T16:33:52.40869416) [Msg] Resource path add service on [/gazebo/resource_paths/add].
(2026-03-13T16:33:52.40949000) (2026-03-13T16:33:52.40956780) [Msg] Resource path get service on [/gazebo/resource_paths/get].
(2026-03-13T16:33:52.41060172) (2026-03-13T16:33:52.41068845) [Msg] Resource path resolve service on [/gazebo/resource_paths/resolve].
(2026-03-13T16:33:52.41234605) (2026-03-13T16:33:52.41242259) [Msg] Resource paths published on [/gazebo/resource_paths].
(2026-03-13T16:33:52.141647376) (2026-03-13T16:33:52.141663021) [Msg] Server control service on [/server_control].
(2026-03-13T16:33:53.487556161) (2026-03-13T16:33:53.487571922) [Msg] Found no publishers on /stats, adding root stats topic
(2026-03-13T16:33:53.487788508) (2026-03-13T16:33:53.487797588) [Msg] Found no publishers on /clock, adding root clock topic
(2026-03-13T16:33:53.488011704) (2026-03-13T16:33:53.488022108) [Dbg] [SimulationRunner.cc:501] Creating PostUpdate worker threads: 4
(2026-03-13T16:33:53.488050396) (2026-03-13T16:33:53.488055918) [Dbg] [SimulationRunner.cc:512] Creating postupdate worker thread (0)
(2026-03-13T16:33:53.488148747) (2026-03-13T16:33:53.488157036) [Dbg] [SimulationRunner.cc:512] Creating postupdate worker thread (1)
(2026-03-13T16:33:53.488209032) (2026-03-13T16:33:53.488218040) [Dbg] [SimulationRunner.cc:512] Creating postupdate worker thread (2)
(2026-03-13T16:33:53.492785605) (2026-03-13T16:33:53.492793694) [Dbg] [SimulationFeatures.cc:71] Simulation timestep set to: 0.005
(2026-03-13T16:33:53.493482136) (2026-03-13T16:33:53.493490307) [Dbg] [Sensors.cc:610] Initialization needed
(2026-03-13T16:33:53.493530406) (2026-03-13T16:33:53.493537705) [Dbg] [Sensors.cc:270] Initializing render context
(2026-03-13T16:33:53.493644299) (2026-03-13T16:33:53.493649006) [Msg] Loading plugin [ignition-rendering-ogre2]
(2026-03-13T16:33:53.494101591) (2026-03-13T16:33:53.494111958) [Msg] Serving scene information on [/world/mrsim/scene/info]
(2026-03-13T16:33:53.494197092) (2026-03-13T16:33:53.494205180) [Msg] Serving graph information on [/world/mrsim/scene/graph]
(2026-03-13T16:33:53.494351104) (2026-03-13T16:33:53.494359774) [Msg] Serving full state on [/world/mrsim/state]
(2026-03-13T16:33:53.494426604) (2026-03-13T16:33:53.494433323) [Msg] Serving full state (async) on [/world/mrsim/state_async]
(2026-03-13T16:33:53.494517777) (2026-03-13T16:33:53.494522855) [Msg] Publishing scene information on [/world/mrsim/scene/info]
(2026-03-13T16:33:53.494615456) (2026-03-13T16:33:53.494620909) [Msg] Publishing entity deletions on [/world/mrsim/scene/deletion]
(2026-03-13T16:33:53.494668708) (2026-03-13T16:33:53.494674310) [Msg] Publishing state changes on [/world/mrsim/state]
(2026-03-13T16:33:53.494731500) (2026-03-13T16:33:53.494736594) [Msg] Publishing pose messages on [/world/mrsim/pose/info]
(2026-03-13T16:33:53.494797213) (2026-03-13T16:33:53.494803883) [Msg] Publishing dynamic pose messages on [/world/mrsim/dynamic_pose/info]
(2026-03-13T16:33:53.495048951) (2026-03-13T16:33:53.495054700) [Dbg] [EntityComponentManager.cc:1623] Updated state thread iterators: 8 threads processing around 6 entities each.
(2026-03-13T16:33:53.663502068) (2026-03-13T16:33:53.663509212) [Dbg] [RenderUtil.cc:2591] Create scene [scene]
(2026-03-13T16:33:53.704574195) (2026-03-13T16:33:53.704588341) 2026-03-13T16:33:53.704607374) (2026-03-13T16:33:53.704632882) [Dbg] [Sensors.cc:284] Rendering Thread initialized
[Dbg] [Sensors.cc:610] Initialization needed
[Dbg] [Sensors.cc:610] 
(2026-03-13T16:33:54.746639708) (2026-03-13T16:33:54.746650066) [Dbg] [CameraSensor.cc:394] Camera images for [qr4::base::camera] advertised on [/camera]
(2026-03-13T16:33:54.746835765) (2026-03-13T16:33:54.746861827) [Dbg] [CameraSensor.cc:705] Camera info for [qr4::base::camera] advertised on [/camera_info]
(2026-03-13T16:33:54.747269677) (2026-03-13T16:33:54.747275956) [Wrn] [Ogre2Camera.cc:390] Ogre2Camera::SetVisibilityMask: Mask bits c0000000 are set but will be ignored as they conflict with the reserved bits used internally by the ogre2 backend.
(2026-03-13T16:33:54.747497712) (2026-03-13T16:33:54.747503515) [Msg] Loading plugin [ignition-rendering-ogre2]
(2026-03-13T16:33:54.831314893) (2026-03-13T16:33:54.831323460) [Dbg] [CameraSensor.cc:518] Enabling camera sensor: 'qr4::base::camera' data generation.
(2026-03-13T16:34:07.141570554) (2026-03-13T16:34:07.141596345) [Dbg] [SignalHandler.cc:141] Received signal[2].
(2026-03-13T16:34:07.141656274) (2026-03-13T16:34:07.141669073) [Dbg] [ServerPrivate.cc:110] Server received signal[2]
(2026-03-13T16:34:07.141718755) (2026-03-13T16:34:07.141731771) [Dbg] [Sensors.cc:439] SensorsPrivate::Stop
(2026-03-13T16:34:07.147445518) (2026-03-13T16:34:07.147463966) [Dbg] [Sensors.cc:425] SensorsPrivate::RenderThread stopped
(2026-03-13T16:34:07.148496398) (2026-03-13T16:34:07.148520760) [Dbg] [gz.cc:410] Shutting down ign-gazebo-server
(((2026-03-13T16:34:07.1527604392026-03-13T16:34:07.1527575462026-03-13T16:34:07.1527604392026-03-13T16:34:07.152757546) (2026-03-13T16:34:07.152794009) ) ([Dbg] [SimulationRunner.cc:528] 2026-03-13T16:34:07.152817440) Exiting postupdate worker thread (2026-03-13T16:34:07.152766114) 2026-03-13T16:34:07.152873161) )[Dbg] [SimulationRunner.cc:528] )[Dbg] [SimulationRunner.cc:528] [Dbg] [SimulationRunner.cc:528] Exiting postupdate worker thread ()[Dbg] [SimulationRunner.cc:528] Exiting postupdate worker thread (2)

1)
(2026-03-13T16:34:07.185424737) (2026-03-13T16:34:07.185456727) [Dbg] [Sensors.cc:439] SensorsPrivate::Stop
